[0.016s][warning][gc] -XX:+PrintGCDetails is deprecated. Will use -Xlog:gc* instead.
[0.052s][info   ][gc,init] Initializing The Z Garbage Collector
[0.052s][info   ][gc,init] Version: 21.0.7+8-LTS-245 (release)
[0.052s][info   ][gc,init] Using legacy single-generation mode
[0.053s][info   ][gc,init] NUMA Support: Disabled
[0.053s][info   ][gc,init] CPUs: 8 total, 8 available
[0.054s][info   ][gc,init] Memory: 16300M
[0.054s][info   ][gc,init] Large Page Support: Disabled
[0.056s][info   ][gc,init] GC Workers: 2 (dynamic)
[0.058s][info   ][gc,init] Address Space Type: Contiguous/Unrestricted/Complete
[0.058s][info   ][gc,init] Address Space Size: 8192M x 3 = 24576M
[0.059s][info   ][gc,init] Min Capacity: 512M
[0.059s][info   ][gc,init] Initial Capacity: 512M
[0.060s][info   ][gc,init] Max Capacity: 512M
[0.060s][info   ][gc,init] Medium Page Size: 16M
[0.060s][info   ][gc,init] Pre-touch: Disabled
[0.060s][info   ][gc,init] Uncommit: Implicitly Disabled (-Xms equals -Xmx)
[0.133s][info   ][gc,init] Runtime Workers: 5
[0.134s][info   ][gc     ] Using The Z Garbage Collector
[0.135s][info   ][gc,metaspace] CDS archive(s) not mapped
[0.135s][info   ][gc,metaspace] Compressed class space mapped at: 0x0000000080000000-0x00000000c0000000, reserved size: 1073741824
[0.135s][info   ][gc,metaspace] Narrow klass base: 0x0000000000000000, Narrow klass shift: 0, Narrow klass range: 0xc0000000
[10.570s][info   ][gc,stats    ] === Garbage Collection Statistics =======================================================================================================================
[10.571s][info   ][gc,stats    ]                                                              Last 10s              Last 10m              Last 10h                Total
[10.571s][info   ][gc,stats    ]                                                              Avg / Max             Avg / Max             Avg / Max             Avg / Max
[10.571s][info   ][gc,stats    ]   Collector: Garbage Collection Cycle                      0.000 / 0.000         0.000 / 0.000         0.000 / 0.000         0.000 / 0.000       ms
[10.571s][info   ][gc,stats    ]  Contention: Mark Segment Reset Contention                     0 / 0                 0 / 0                 0 / 0                 0 / 0           ops/s
[10.572s][info   ][gc,stats    ]  Contention: Mark SeqNum Reset Contention                      0 / 0                 0 / 0                 0 / 0                 0 / 0           ops/s
[10.572s][info   ][gc,stats    ]    Critical: Allocation Stall                                  0 / 0                 0 / 0                 0 / 0                 0 / 0           ops/s
[10.572s][info   ][gc,stats    ]    Critical: Allocation Stall                              0.000 / 0.000         0.000 / 0.000         0.000 / 0.000         0.000 / 0.000       ms
[10.572s][info   ][gc,stats    ]    Critical: GC Locker Stall                                   0 / 0                 0 / 0                 0 / 0                 0 / 0           ops/s
[10.572s][info   ][gc,stats    ]    Critical: GC Locker Stall                               0.000 / 0.000         0.000 / 0.000         0.000 / 0.000         0.000 / 0.000       ms
[10.572s][info   ][gc,stats    ]    Critical: Relocation Stall                                  0 / 0                 0 / 0                 0 / 0                 0 / 0           ops/s
[10.573s][info   ][gc,stats    ]    Critical: Relocation Stall                              0.000 / 0.000         0.000 / 0.000         0.000 / 0.000         0.000 / 0.000       ms
[10.573s][info   ][gc,stats    ]      Memory: Allocation Rate                                   3 / 32                3 / 32                3 / 32                3 / 32          MB/s
[10.573s][info   ][gc,stats    ]      Memory: Defragment                                        0 / 0                 0 / 0                 0 / 0                 0 / 0           ops/s
[10.573s][info   ][gc,stats    ]      Memory: Out Of Memory                                     0 / 0                 0 / 0                 0 / 0                 0 / 0           ops/s
[10.573s][info   ][gc,stats    ]      Memory: Page Cache Flush                                  0 / 0                 0 / 0                 0 / 0                 0 / 0           MB/s
[10.573s][info   ][gc,stats    ]      Memory: Page Cache Hit L1                                 0 / 0                 0 / 0                 0 / 0                 0 / 0           ops/s
[10.574s][info   ][gc,stats    ]      Memory: Page Cache Hit L2                                 0 / 0                 0 / 0                 0 / 0                 0 / 0           ops/s
[10.574s][info   ][gc,stats    ]      Memory: Page Cache Hit L3                                 1 / 9                 1 / 9                 1 / 9                 1 / 9           ops/s
[10.574s][info   ][gc,stats    ]      Memory: Page Cache Miss                                   0 / 1                 0 / 1                 0 / 1                 0 / 1           ops/s
[10.574s][info   ][gc,stats    ]      Memory: Uncommit                                          0 / 0                 0 / 0                 0 / 0                 0 / 0           MB/s
[10.574s][info   ][gc,stats    ]      Memory: Undo Object Allocation Failed                     0 / 0                 0 / 0                 0 / 0                 0 / 0           ops/s
[10.575s][info   ][gc,stats    ]      Memory: Undo Object Allocation Succeeded                  0 / 0                 0 / 0                 0 / 0                 0 / 0           ops/s
[10.575s][info   ][gc,stats    ]      Memory: Undo Page Allocation                              0 / 0                 0 / 0                 0 / 0                 0 / 0           ops/s
[10.575s][info   ][gc,stats    ]       Phase: Concurrent Mark                               0.000 / 0.000         0.000 / 0.000         0.000 / 0.000         0.000 / 0.000       ms
[10.575s][info   ][gc,stats    ]       Phase: Concurrent Mark Continue                      0.000 / 0.000         0.000 / 0.000         0.000 / 0.000         0.000 / 0.000       ms
[10.575s][info   ][gc,stats    ]       Phase: Concurrent Mark Free                          0.000 / 0.000         0.000 / 0.000         0.000 / 0.000         0.000 / 0.000       ms
[10.576s][info   ][gc,stats    ]       Phase: Concurrent Process Non-Strong References      0.000 / 0.000         0.000 / 0.000         0.000 / 0.000         0.000 / 0.000       ms
[10.576s][info   ][gc,stats    ]       Phase: Concurrent Relocate                           0.000 / 0.000         0.000 / 0.000         0.000 / 0.000         0.000 / 0.000       ms
[10.576s][info   ][gc,stats    ]       Phase: Concurrent Reset Relocation Set               0.000 / 0.000         0.000 / 0.000         0.000 / 0.000         0.000 / 0.000       ms
[10.576s][info   ][gc,stats    ]       Phase: Concurrent Select Relocation Set              0.000 / 0.000         0.000 / 0.000         0.000 / 0.000         0.000 / 0.000       ms
[10.576s][info   ][gc,stats    ]       Phase: Pause Mark End                                0.000 / 0.000         0.000 / 0.000         0.000 / 0.000         0.000 / 0.000       ms
[10.577s][info   ][gc,stats    ]       Phase: Pause Mark Start                              0.000 / 0.000         0.000 / 0.000         0.000 / 0.000         0.000 / 0.000       ms
[10.577s][info   ][gc,stats    ]       Phase: Pause Relocate Start                          0.000 / 0.000         0.000 / 0.000         0.000 / 0.000         0.000 / 0.000       ms
[10.577s][info   ][gc,stats    ]    Subphase: Concurrent Classes Purge                      0.000 / 0.000         0.000 / 0.000         0.000 / 0.000         0.000 / 0.000       ms
[10.577s][info   ][gc,stats    ]    Subphase: Concurrent Classes Unlink                     0.000 / 0.000         0.000 / 0.000         0.000 / 0.000         0.000 / 0.000       ms
[10.577s][info   ][gc,stats    ]    Subphase: Concurrent Mark                               0.000 / 0.000         0.000 / 0.000         0.000 / 0.000         0.000 / 0.000       ms
[10.577s][info   ][gc,stats    ]    Subphase: Concurrent Mark Try Flush                     0.000 / 0.000         0.000 / 0.000         0.000 / 0.000         0.000 / 0.000       ms
[10.578s][info   ][gc,stats    ]    Subphase: Concurrent Mark Try Terminate                 0.000 / 0.000         0.000 / 0.000         0.000 / 0.000         0.000 / 0.000       ms
[10.578s][info   ][gc,stats    ]    Subphase: Concurrent References Enqueue                 0.000 / 0.000         0.000 / 0.000         0.000 / 0.000         0.000 / 0.000       ms
[10.578s][info   ][gc,stats    ]    Subphase: Concurrent References Process                 0.000 / 0.000         0.000 / 0.000         0.000 / 0.000         0.000 / 0.000       ms
[10.578s][info   ][gc,stats    ]    Subphase: Concurrent Roots ClassLoaderDataGraph         0.000 / 0.000         0.000 / 0.000         0.000 / 0.000         0.000 / 0.000       ms
[10.579s][info   ][gc,stats    ]    Subphase: Concurrent Roots CodeCache                    0.000 / 0.000         0.000 / 0.000         0.000 / 0.000         0.000 / 0.000       ms
[10.579s][info   ][gc,stats    ]    Subphase: Concurrent Roots JavaThreads                  0.000 / 0.000         0.000 / 0.000         0.000 / 0.000         0.000 / 0.000       ms
[10.579s][info   ][gc,stats    ]    Subphase: Concurrent Roots OopStorageSet                0.000 / 0.000         0.000 / 0.000         0.000 / 0.000         0.000 / 0.000       ms
[10.579s][info   ][gc,stats    ]    Subphase: Concurrent Weak Roots OopStorageSet           0.000 / 0.000         0.000 / 0.000         0.000 / 0.000         0.000 / 0.000       ms
[10.579s][info   ][gc,stats    ]    Subphase: Pause Mark Try Complete                       0.000 / 0.000         0.000 / 0.000         0.000 / 0.000         0.000 / 0.000       ms
[10.580s][info   ][gc,stats    ]      System: Java Threads                                      0 / 0                 0 / 0                 0 / 0                 0 / 0           threads
[10.580s][info   ][gc,stats    ] =========================================================================================================================================================
[16.165s][info   ][gc,start    ] GC(0) Garbage Collection (Warmup)
[16.165s][info   ][gc,task     ] GC(0) Using 2 workers
[16.181s][info   ][gc,phases   ] GC(0) Pause Mark Start 0.036ms
[16.212s][info   ][gc,phases   ] GC(0) Concurrent Mark 29.741ms
[16.212s][info   ][gc,phases   ] GC(0) Pause Mark End 0.168ms
[16.213s][info   ][gc,phases   ] GC(0) Concurrent Mark Free 0.002ms
[16.217s][info   ][gc,phases   ] GC(0) Concurrent Process Non-Strong References 3.597ms
[16.217s][info   ][gc,phases   ] GC(0) Concurrent Reset Relocation Set 0.001ms
[16.227s][info   ][gc,phases   ] GC(0) Concurrent Select Relocation Set 10.057ms
[16.227s][info   ][gc,phases   ] GC(0) Pause Relocate Start 0.026ms
[16.237s][info   ][gc,phases   ] GC(0) Concurrent Relocate 9.454ms
[16.237s][info   ][gc,load     ] GC(0) Load: 0.00/0.00/0.00
[16.237s][info   ][gc,mmu      ] GC(0) MMU: 2ms/91.6%, 5ms/96.6%, 10ms/98.3%, 20ms/99.0%, 50ms/99.5%, 100ms/99.8%
[16.237s][info   ][gc,marking  ] GC(0) Mark: 2 stripe(s), 2 proactive flush(es), 2 terminate flush(es), 1 completion(s), 0 continuation(s) 
[16.237s][info   ][gc,marking  ] GC(0) Mark Stack Usage: 32M
[16.237s][info   ][gc,nmethod  ] GC(0) NMethods: 1340 registered, 142 unregistered
[16.237s][info   ][gc,metaspace] GC(0) Metaspace: 15M used, 15M committed, 1088M reserved
[16.237s][info   ][gc,ref      ] GC(0) Soft: 408 encountered, 0 discovered, 0 enqueued
[16.238s][info   ][gc,ref      ] GC(0) Weak: 1309 encountered, 605 discovered, 300 enqueued
[16.238s][info   ][gc,ref      ] GC(0) Final: 0 encountered, 0 discovered, 0 enqueued
[16.238s][info   ][gc,ref      ] GC(0) Phantom: 575 encountered, 482 discovered, 151 enqueued
[16.238s][info   ][gc,reloc    ] GC(0) Small Pages: 18 / 36M, Empty: 0M, Relocated: 5M, In-Place: 0
[16.238s][info   ][gc,reloc    ] GC(0) Medium Pages: 1 / 16M, Empty: 0M, Relocated: 0M, In-Place: 0
[16.238s][info   ][gc,reloc    ] GC(0) Large Pages: 0 / 0M, Empty: 0M, Relocated: 0M, In-Place: 0
[16.238s][info   ][gc,reloc    ] GC(0) Forwarding Usage: 1M
[16.238s][info   ][gc,heap     ] GC(0) Min Capacity: 512M(100%)
[16.238s][info   ][gc,heap     ] GC(0) Max Capacity: 512M(100%)
[16.238s][info   ][gc,heap     ] GC(0) Soft Max Capacity: 512M(100%)
[16.238s][info   ][gc,heap     ] GC(0)                Mark Start          Mark End        Relocate Start      Relocate End           High               Low         
[16.238s][info   ][gc,heap     ] GC(0)  Capacity:      512M (100%)        512M (100%)        512M (100%)        512M (100%)        512M (100%)        512M (100%)   
[16.239s][info   ][gc,heap     ] GC(0)      Free:      460M (90%)         454M (89%)         450M (88%)         468M (91%)         468M (91%)         444M (87%)    
[16.239s][info   ][gc,heap     ] GC(0)      Used:       52M (10%)          58M (11%)          62M (12%)          44M (9%)           68M (13%)          44M (9%)     
[16.239s][info   ][gc,heap     ] GC(0)      Live:         -                11M (2%)           11M (2%)           11M (2%)             -                  -          
[16.239s][info   ][gc,heap     ] GC(0) Allocated:         -                 6M (1%)           10M (2%)           13M (3%)             -                  -          
[16.239s][info   ][gc,heap     ] GC(0)   Garbage:         -                40M (8%)           40M (8%)           18M (4%)             -                  -          
[16.239s][info   ][gc,heap     ] GC(0) Reclaimed:         -                  -                 0M (0%)           21M (4%)             -                  -          
[16.239s][info   ][gc          ] GC(0) Garbage Collection (Warmup) 52M(10%)->44M(9%)
[20.031s][info   ][gc,start    ] GC(1) Garbage Collection (Metadata GC Threshold)
[20.032s][info   ][gc,task     ] GC(1) Using 2 workers
[20.032s][info   ][gc,phases   ] GC(1) Pause Mark Start 0.031ms
[20.136s][info   ][gc,phases   ] GC(1) Concurrent Mark 103.311ms
[20.137s][info   ][gc,phases   ] GC(1) Pause Mark End 0.021ms
[20.137s][info   ][gc,phases   ] GC(1) Concurrent Mark Free 0.002ms
[20.145s][info   ][gc,phases   ] GC(1) Concurrent Process Non-Strong References 8.202ms
[20.146s][info   ][gc,phases   ] GC(1) Concurrent Reset Relocation Set 0.003ms
[20.151s][info   ][gc,phases   ] GC(1) Concurrent Select Relocation Set 5.653ms
[20.152s][info   ][gc,phases   ] GC(1) Pause Relocate Start 0.021ms
[20.164s][info   ][gc,phases   ] GC(1) Concurrent Relocate 12.503ms
[20.165s][info   ][gc,load     ] GC(1) Load: 0.00/0.00/0.00
[20.165s][info   ][gc,mmu      ] GC(1) MMU: 2ms/91.6%, 5ms/96.6%, 10ms/98.3%, 20ms/99.0%, 50ms/99.5%, 100ms/99.8%
[20.165s][info   ][gc,marking  ] GC(1) Mark: 2 stripe(s), 2 proactive flush(es), 1 terminate flush(es), 0 completion(s), 0 continuation(s) 
[20.165s][info   ][gc,marking  ] GC(1) Mark Stack Usage: 32M
[20.165s][info   ][gc,nmethod  ] GC(1) NMethods: 2537 registered, 175 unregistered
[20.165s][info   ][gc,metaspace] GC(1) Metaspace: 26M used, 26M committed, 1088M reserved
[20.165s][info   ][gc,ref      ] GC(1) Soft: 1173 encountered, 0 discovered, 0 enqueued
[20.165s][info   ][gc,ref      ] GC(1) Weak: 2573 encountered, 656 discovered, 546 enqueued
[20.165s][info   ][gc,ref      ] GC(1) Final: 0 encountered, 0 discovered, 0 enqueued
[20.165s][info   ][gc,ref      ] GC(1) Phantom: 876 encountered, 844 discovered, 429 enqueued
[20.165s][info   ][gc,reloc    ] GC(1) Small Pages: 36 / 72M, Empty: 2M, Relocated: 5M, In-Place: 0
[20.165s][info   ][gc,reloc    ] GC(1) Medium Pages: 1 / 16M, Empty: 0M, Relocated: 0M, In-Place: 0
[20.165s][info   ][gc,reloc    ] GC(1) Large Pages: 0 / 0M, Empty: 0M, Relocated: 0M, In-Place: 0
[20.165s][info   ][gc,reloc    ] GC(1) Forwarding Usage: 1M
[20.165s][info   ][gc,heap     ] GC(1) Min Capacity: 512M(100%)
[20.165s][info   ][gc,heap     ] GC(1) Max Capacity: 512M(100%)
[20.165s][info   ][gc,heap     ] GC(1) Soft Max Capacity: 512M(100%)
[20.165s][info   ][gc,heap     ] GC(1)                Mark Start          Mark End        Relocate Start      Relocate End           High               Low         
[20.166s][info   ][gc,heap     ] GC(1)  Capacity:      512M (100%)        512M (100%)        512M (100%)        512M (100%)        512M (100%)        512M (100%)   
[20.166s][info   ][gc,heap     ] GC(1)      Free:      424M (83%)         418M (82%)         416M (81%)         466M (91%)         466M (91%)         410M (80%)    
[20.166s][info   ][gc,heap     ] GC(1)      Used:       88M (17%)          94M (18%)          96M (19%)          46M (9%)          102M (20%)          46M (9%)     
[20.166s][info   ][gc,heap     ] GC(1)      Live:         -                15M (3%)           15M (3%)           15M (3%)             -                  -          
[20.166s][info   ][gc,heap     ] GC(1) Allocated:         -                 6M (1%)           10M (2%)           11M (2%)             -                  -          
[20.166s][info   ][gc,heap     ] GC(1)   Garbage:         -                72M (14%)          70M (14%)          19M (4%)             -                  -          
[20.166s][info   ][gc,heap     ] GC(1) Reclaimed:         -                  -                 2M (0%)           53M (11%)            -                  -          
[20.166s][info   ][gc          ] GC(1) Garbage Collection (Metadata GC Threshold) 88M(17%)->46M(9%)
[20.568s][info   ][gc,stats    ] === Garbage Collection Statistics =======================================================================================================================
[20.568s][info   ][gc,stats    ]                                                              Last 10s              Last 10m              Last 10h                Total
[20.568s][info   ][gc,stats    ]                                                              Avg / Max             Avg / Max             Avg / Max             Avg / Max
[20.568s][info   ][gc,stats    ]   Collector: Garbage Collection Cycle                    102.616 / 133.344     102.616 / 133.344     102.616 / 133.344     102.616 / 133.344     ms
[20.568s][info   ][gc,stats    ]  Contention: Mark Segment Reset Contention                     0 / 0                 0 / 0                 0 / 0                 0 / 0           ops/s
[20.569s][info   ][gc,stats    ]  Contention: Mark SeqNum Reset Contention                      0 / 0                 0 / 0                 0 / 0                 0 / 0           ops/s
[20.569s][info   ][gc,stats    ]    Critical: Allocation Stall                                  0 / 0                 0 / 0                 0 / 0                 0 / 0           ops/s
[20.569s][info   ][gc,stats    ]    Critical: Allocation Stall                              0.000 / 0.000         0.000 / 0.000         0.000 / 0.000         0.000 / 0.000       ms
[20.569s][info   ][gc,stats    ]    Critical: GC Locker Stall                                   0 / 0                 0 / 0                 0 / 0                 0 / 0           ops/s
[20.569s][info   ][gc,stats    ]    Critical: GC Locker Stall                               0.000 / 0.000         0.000 / 0.000         0.000 / 0.000         0.000 / 0.000       ms
[20.569s][info   ][gc,stats    ]    Critical: Relocation Stall                                  0 / 0                 0 / 0                 0 / 0                 0 / 0           ops/s
[20.569s][info   ][gc,stats    ]    Critical: Relocation Stall                              0.000 / 0.000         0.000 / 0.000         0.000 / 0.000         0.000 / 0.000       ms
[20.569s][info   ][gc,stats    ]      Memory: Allocation Rate                                   9 / 34                6 / 34                6 / 34                6 / 34          MB/s
[20.569s][info   ][gc,stats    ]      Memory: Defragment                                        0 / 0                 0 / 0                 0 / 0                 0 / 0           ops/s
[20.569s][info   ][gc,stats    ]      Memory: Out Of Memory                                     0 / 0                 0 / 0                 0 / 0                 0 / 0           ops/s
[20.569s][info   ][gc,stats    ]      Memory: Page Cache Flush                                  0 / 0                 0 / 0                 0 / 0                 0 / 0           MB/s
[20.569s][info   ][gc,stats    ]      Memory: Page Cache Hit L1                                 2 / 10                1 / 10                1 / 10                1 / 10          ops/s
[20.569s][info   ][gc,stats    ]      Memory: Page Cache Hit L2                                 0 / 0                 0 / 0                 0 / 0                 0 / 0           ops/s
[20.570s][info   ][gc,stats    ]      Memory: Page Cache Hit L3                                 3 / 13                2 / 13                2 / 13                2 / 13          ops/s
[20.570s][info   ][gc,stats    ]      Memory: Page Cache Miss                                   0 / 0                 0 / 1                 0 / 1                 0 / 1           ops/s
[20.570s][info   ][gc,stats    ]      Memory: Uncommit                                          0 / 0                 0 / 0                 0 / 0                 0 / 0           MB/s
[20.570s][info   ][gc,stats    ]      Memory: Undo Object Allocation Failed                     0 / 0                 0 / 0                 0 / 0                 0 / 0           ops/s
[20.570s][info   ][gc,stats    ]      Memory: Undo Object Allocation Succeeded                  0 / 1                 0 / 1                 0 / 1                 0 / 1           ops/s
[20.570s][info   ][gc,stats    ]      Memory: Undo Page Allocation                              0 / 0                 0 / 0                 0 / 0                 0 / 0           ops/s
[20.570s][info   ][gc,stats    ]       Phase: Concurrent Mark                              66.526 / 103.311      66.526 / 103.311      66.526 / 103.311      66.526 / 103.311     ms
[20.570s][info   ][gc,stats    ]       Phase: Concurrent Mark Continue                      0.000 / 0.000         0.000 / 0.000         0.000 / 0.000         0.000 / 0.000       ms
[20.570s][info   ][gc,stats    ]       Phase: Concurrent Mark Free                          0.002 / 0.002         0.002 / 0.002         0.002 / 0.002         0.002 / 0.002       ms
[20.570s][info   ][gc,stats    ]       Phase: Concurrent Process Non-Strong References      5.899 / 8.202         5.899 / 8.202         5.899 / 8.202         5.899 / 8.202       ms
[20.570s][info   ][gc,stats    ]       Phase: Concurrent Relocate                          10.979 / 12.503       10.979 / 12.503       10.979 / 12.503       10.979 / 12.503      ms
[20.570s][info   ][gc,stats    ]       Phase: Concurrent Reset Relocation Set               0.002 / 0.003         0.002 / 0.003         0.002 / 0.003         0.002 / 0.003       ms
[20.571s][info   ][gc,stats    ]       Phase: Concurrent Select Relocation Set              7.855 / 10.057        7.855 / 10.057        7.855 / 10.057        7.855 / 10.057      ms
[20.571s][info   ][gc,stats    ]       Phase: Pause Mark End                                0.094 / 0.168         0.094 / 0.168         0.094 / 0.168         0.094 / 0.168       ms
[20.571s][info   ][gc,stats    ]       Phase: Pause Mark Start                              0.033 / 0.036         0.033 / 0.036         0.033 / 0.036         0.033 / 0.036       ms
[20.571s][info   ][gc,stats    ]       Phase: Pause Relocate Start                          0.023 / 0.026         0.023 / 0.026         0.023 / 0.026         0.023 / 0.026       ms
[20.571s][info   ][gc,stats    ]    Subphase: Concurrent Classes Purge                      0.272 / 0.392         0.272 / 0.392         0.272 / 0.392         0.272 / 0.392       ms
[20.571s][info   ][gc,stats    ]    Subphase: Concurrent Classes Unlink                     3.935 / 5.737         3.935 / 5.737         3.935 / 5.737         3.935 / 5.737       ms
[20.571s][info   ][gc,stats    ]    Subphase: Concurrent Mark                              61.032 / 98.824       61.032 / 98.824       61.032 / 98.824       61.032 / 98.824      ms
[20.571s][info   ][gc,stats    ]    Subphase: Concurrent Mark Try Flush                     0.197 / 0.350         0.197 / 0.350         0.197 / 0.350         0.197 / 0.350       ms
[20.571s][info   ][gc,stats    ]    Subphase: Concurrent Mark Try Terminate                 1.835 / 6.516         1.835 / 6.516         1.835 / 6.516         1.835 / 6.516       ms
[20.571s][info   ][gc,stats    ]    Subphase: Concurrent References Enqueue                 0.011 / 0.012         0.011 / 0.012         0.011 / 0.012         0.011 / 0.012       ms
[20.571s][info   ][gc,stats    ]    Subphase: Concurrent References Process                 0.269 / 0.276         0.269 / 0.276         0.269 / 0.276         0.269 / 0.276       ms
[20.571s][info   ][gc,stats    ]    Subphase: Concurrent Roots ClassLoaderDataGraph         0.538 / 1.503         0.538 / 1.503         0.538 / 1.503         0.538 / 1.503       ms
[20.571s][info   ][gc,stats    ]    Subphase: Concurrent Roots CodeCache                    0.000 / 0.000         0.000 / 0.000         0.000 / 0.000         0.000 / 0.000       ms
[20.571s][info   ][gc,stats    ]    Subphase: Concurrent Roots JavaThreads                  2.048 / 3.662         2.048 / 3.662         2.048 / 3.662         2.048 / 3.662       ms
[20.571s][info   ][gc,stats    ]    Subphase: Concurrent Roots OopStorageSet                0.227 / 0.370         0.227 / 0.370         0.227 / 0.370         0.227 / 0.370       ms
[20.571s][info   ][gc,stats    ]    Subphase: Concurrent Weak Roots OopStorageSet           1.121 / 1.792         1.121 / 1.792         1.121 / 1.792         1.121 / 1.792       ms
[20.571s][info   ][gc,stats    ]    Subphase: Pause Mark Try Complete                       0.004 / 0.006         0.004 / 0.006         0.004 / 0.006         0.004 / 0.006       ms
[20.571s][info   ][gc,stats    ]      System: Java Threads                                     18 / 19               18 / 19               18 / 19               18 / 19          threads
[20.571s][info   ][gc,stats    ] =========================================================================================================================================================
[22.066s][info   ][gc,start    ] GC(2) Garbage Collection (Warmup)
[22.066s][info   ][gc,task     ] GC(2) Using 2 workers
[22.066s][info   ][gc,phases   ] GC(2) Pause Mark Start 0.011ms
[22.128s][info   ][gc,phases   ] GC(2) Concurrent Mark 61.534ms
[22.128s][info   ][gc,phases   ] GC(2) Pause Mark End 0.020ms
[22.129s][info   ][gc,phases   ] GC(2) Concurrent Mark Free 0.002ms
[22.135s][info   ][gc,phases   ] GC(2) Concurrent Process Non-Strong References 6.735ms
[22.136s][info   ][gc,phases   ] GC(2) Concurrent Reset Relocation Set 0.006ms
[22.141s][info   ][gc,phases   ] GC(2) Concurrent Select Relocation Set 5.015ms
[22.141s][info   ][gc,phases   ] GC(2) Pause Relocate Start 0.011ms
[22.155s][info   ][gc,phases   ] GC(2) Concurrent Relocate 13.655ms
[22.155s][info   ][gc,load     ] GC(2) Load: 0.00/0.00/0.00
[22.155s][info   ][gc,mmu      ] GC(2) MMU: 2ms/91.6%, 5ms/96.6%, 10ms/98.3%, 20ms/99.0%, 50ms/99.5%, 100ms/99.8%
[22.155s][info   ][gc,marking  ] GC(2) Mark: 2 stripe(s), 2 proactive flush(es), 1 terminate flush(es), 0 completion(s), 0 continuation(s) 
[22.155s][info   ][gc,marking  ] GC(2) Mark Stack Usage: 32M
[22.155s][info   ][gc,nmethod  ] GC(2) NMethods: 3233 registered, 11 unregistered
[22.155s][info   ][gc,metaspace] GC(2) Metaspace: 35M used, 36M committed, 1088M reserved
[22.156s][info   ][gc,ref      ] GC(2) Soft: 5060 encountered, 0 discovered, 0 enqueued
[22.156s][info   ][gc,ref      ] GC(2) Weak: 2632 encountered, 1836 discovered, 336 enqueued
[22.156s][info   ][gc,ref      ] GC(2) Final: 0 encountered, 0 discovered, 0 enqueued
[22.156s][info   ][gc,ref      ] GC(2) Phantom: 638 encountered, 345 discovered, 164 enqueued
[22.156s][info   ][gc,reloc    ] GC(2) Small Pages: 45 / 90M, Empty: 2M, Relocated: 6M, In-Place: 0
[22.156s][info   ][gc,reloc    ] GC(2) Medium Pages: 1 / 16M, Empty: 0M, Relocated: 0M, In-Place: 0
[22.156s][info   ][gc,reloc    ] GC(2) Large Pages: 0 / 0M, Empty: 0M, Relocated: 0M, In-Place: 0
[22.156s][info   ][gc,reloc    ] GC(2) Forwarding Usage: 2M
[22.156s][info   ][gc,heap     ] GC(2) Min Capacity: 512M(100%)
[22.156s][info   ][gc,heap     ] GC(2) Max Capacity: 512M(100%)
[22.156s][info   ][gc,heap     ] GC(2) Soft Max Capacity: 512M(100%)
[22.156s][info   ][gc,heap     ] GC(2)                Mark Start          Mark End        Relocate Start      Relocate End           High               Low         
[22.156s][info   ][gc,heap     ] GC(2)  Capacity:      512M (100%)        512M (100%)        512M (100%)        512M (100%)        512M (100%)        512M (100%)   
[22.156s][info   ][gc,heap     ] GC(2)      Free:      406M (79%)         398M (78%)         398M (78%)         458M (89%)         458M (89%)         392M (77%)    
[22.156s][info   ][gc,heap     ] GC(2)      Used:      106M (21%)         114M (22%)         114M (22%)          54M (11%)         120M (23%)          54M (11%)    
[22.157s][info   ][gc,heap     ] GC(2)      Live:         -                20M (4%)           20M (4%)           20M (4%)             -                  -          
[22.157s][info   ][gc,heap     ] GC(2) Allocated:         -                 8M (2%)           10M (2%)           15M (3%)             -                  -          
[22.157s][info   ][gc,heap     ] GC(2)   Garbage:         -                85M (17%)          83M (16%)          18M (4%)             -                  -          
[22.157s][info   ][gc,heap     ] GC(2) Reclaimed:         -                  -                 2M (0%)           67M (13%)            -                  -          
[22.157s][info   ][gc          ] GC(2) Garbage Collection (Warmup) 106M(21%)->54M(11%)
[28.063s][info   ][gc,start    ] GC(3) Garbage Collection (Warmup)
[28.063s][info   ][gc,task     ] GC(3) Using 2 workers
[28.064s][info   ][gc,phases   ] GC(3) Pause Mark Start 0.019ms
[28.186s][info   ][gc,phases   ] GC(3) Concurrent Mark 122.219ms
[28.186s][info   ][gc,phases   ] GC(3) Pause Mark End 0.027ms
[28.186s][info   ][gc,phases   ] GC(3) Concurrent Mark Free 0.002ms
[28.200s][info   ][gc,phases   ] GC(3) Concurrent Process Non-Strong References 13.053ms
[28.200s][info   ][gc,phases   ] GC(3) Concurrent Reset Relocation Set 0.008ms
[28.209s][info   ][gc,phases   ] GC(3) Concurrent Select Relocation Set 8.956ms
[28.209s][info   ][gc,phases   ] GC(3) Pause Relocate Start 0.013ms
[28.225s][info   ][gc,phases   ] GC(3) Concurrent Relocate 15.837ms
[28.225s][info   ][gc,load     ] GC(3) Load: 0.00/0.00/0.00
[28.225s][info   ][gc,mmu      ] GC(3) MMU: 2ms/91.6%, 5ms/96.6%, 10ms/98.3%, 20ms/99.0%, 50ms/99.5%, 100ms/99.8%
[28.226s][info   ][gc,marking  ] GC(3) Mark: 2 stripe(s), 3 proactive flush(es), 1 terminate flush(es), 0 completion(s), 0 continuation(s) 
[28.226s][info   ][gc,marking  ] GC(3) Mark Stack Usage: 32M
[28.226s][info   ][gc,nmethod  ] GC(3) NMethods: 4431 registered, 33 unregistered
[28.226s][info   ][gc,metaspace] GC(3) Metaspace: 42M used, 43M committed, 1088M reserved
[28.226s][info   ][gc,ref      ] GC(3) Soft: 8128 encountered, 0 discovered, 0 enqueued
[28.226s][info   ][gc,ref      ] GC(3) Weak: 2794 encountered, 340 discovered, 227 enqueued
[28.226s][info   ][gc,ref      ] GC(3) Final: 0 encountered, 0 discovered, 0 enqueued
[28.226s][info   ][gc,ref      ] GC(3) Phantom: 598 encountered, 471 discovered, 122 enqueued
[28.226s][info   ][gc,reloc    ] GC(3) Small Pages: 69 / 138M, Empty: 6M, Relocated: 10M, In-Place: 0
[28.226s][info   ][gc,reloc    ] GC(3) Medium Pages: 1 / 16M, Empty: 0M, Relocated: 0M, In-Place: 0
[28.226s][info   ][gc,reloc    ] GC(3) Large Pages: 0 / 0M, Empty: 0M, Relocated: 0M, In-Place: 0
[28.226s][info   ][gc,reloc    ] GC(3) Forwarding Usage: 4M
[28.226s][info   ][gc,heap     ] GC(3) Min Capacity: 512M(100%)
[28.226s][info   ][gc,heap     ] GC(3) Max Capacity: 512M(100%)
[28.226s][info   ][gc,heap     ] GC(3) Soft Max Capacity: 512M(100%)
[28.226s][info   ][gc,heap     ] GC(3)                Mark Start          Mark End        Relocate Start      Relocate End           High               Low         
[28.227s][info   ][gc,heap     ] GC(3)  Capacity:      512M (100%)        512M (100%)        512M (100%)        512M (100%)        512M (100%)        512M (100%)   
[28.227s][info   ][gc,heap     ] GC(3)      Free:      358M (70%)         354M (69%)         356M (70%)         458M (89%)         458M (89%)         350M (68%)    
[28.227s][info   ][gc,heap     ] GC(3)      Used:      154M (30%)         158M (31%)         156M (30%)          54M (11%)         162M (32%)          54M (11%)    
[28.227s][info   ][gc,heap     ] GC(3)      Live:         -                27M (5%)           27M (5%)           27M (5%)             -                  -          
[28.227s][info   ][gc,heap     ] GC(3) Allocated:         -                 4M (1%)            8M (2%)            7M (2%)             -                  -          
[28.227s][info   ][gc,heap     ] GC(3)   Garbage:         -               126M (25%)         120M (23%)          18M (4%)             -                  -          
[28.227s][info   ][gc,heap     ] GC(3) Reclaimed:         -                  -                 6M (1%)          107M (21%)            -                  -          
[28.227s][info   ][gc          ] GC(3) Garbage Collection (Warmup) 154M(30%)->54M(11%)
[30.561s][info   ][gc,stats    ] === Garbage Collection Statistics =======================================================================================================================
[30.561s][info   ][gc,stats    ]                                                              Last 10s              Last 10m              Last 10h                Total
[30.561s][info   ][gc,stats    ]                                                              Avg / Max             Avg / Max             Avg / Max             Avg / Max
[30.561s][info   ][gc,stats    ]   Collector: Garbage Collection Cycle                    125.713 / 162.215     114.164 / 162.215     114.164 / 162.215     114.164 / 162.215     ms
[30.561s][info   ][gc,stats    ]  Contention: Mark Segment Reset Contention                     0 / 1                 0 / 1                 0 / 1                 0 / 1           ops/s
[30.561s][info   ][gc,stats    ]  Contention: Mark SeqNum Reset Contention                      0 / 0                 0 / 0                 0 / 0                 0 / 0           ops/s
[30.561s][info   ][gc,stats    ]    Critical: Allocation Stall                                  0 / 0                 0 / 0                 0 / 0                 0 / 0           ops/s
[30.562s][info   ][gc,stats    ]    Critical: Allocation Stall                              0.000 / 0.000         0.000 / 0.000         0.000 / 0.000         0.000 / 0.000       ms
[30.562s][info   ][gc,stats    ]    Critical: GC Locker Stall                                   0 / 0                 0 / 0                 0 / 0                 0 / 0           ops/s
[30.562s][info   ][gc,stats    ]    Critical: GC Locker Stall                               0.000 / 0.000         0.000 / 0.000         0.000 / 0.000         0.000 / 0.000       ms
[30.562s][info   ][gc,stats    ]    Critical: Relocation Stall                                  0 / 0                 0 / 0                 0 / 0                 0 / 0           ops/s
[30.562s][info   ][gc,stats    ]    Critical: Relocation Stall                              0.000 / 0.000         0.000 / 0.000         0.000 / 0.000         0.000 / 0.000       ms
[30.562s][info   ][gc,stats    ]      Memory: Allocation Rate                                  20 / 42               11 / 42               11 / 42               11 / 42          MB/s
[30.563s][info   ][gc,stats    ]      Memory: Defragment                                        0 / 0                 0 / 0                 0 / 0                 0 / 0           ops/s
[30.563s][info   ][gc,stats    ]      Memory: Out Of Memory                                     0 / 0                 0 / 0                 0 / 0                 0 / 0           ops/s
[30.563s][info   ][gc,stats    ]      Memory: Page Cache Flush                                  0 / 0                 0 / 0                 0 / 0                 0 / 0           MB/s
[30.563s][info   ][gc,stats    ]      Memory: Page Cache Hit L1                                 8 / 16                3 / 16                3 / 16                3 / 16          ops/s
[30.563s][info   ][gc,stats    ]      Memory: Page Cache Hit L2                                 0 / 0                 0 / 0                 0 / 0                 0 / 0           ops/s
[30.563s][info   ][gc,stats    ]      Memory: Page Cache Hit L3                                 3 / 9                 2 / 13                2 / 13                2 / 13          ops/s
[30.563s][info   ][gc,stats    ]      Memory: Page Cache Miss                                   0 / 0                 0 / 1                 0 / 1                 0 / 1           ops/s
[30.564s][info   ][gc,stats    ]      Memory: Uncommit                                          0 / 0                 0 / 0                 0 / 0                 0 / 0           MB/s
[30.564s][info   ][gc,stats    ]      Memory: Undo Object Allocation Failed                     0 / 0                 0 / 0                 0 / 0                 0 / 0           ops/s
[30.564s][info   ][gc,stats    ]      Memory: Undo Object Allocation Succeeded                  0 / 1                 0 / 1                 0 / 1                 0 / 1           ops/s
[30.564s][info   ][gc,stats    ]      Memory: Undo Page Allocation                              0 / 0                 0 / 0                 0 / 0                 0 / 0           ops/s
[30.564s][info   ][gc,stats    ]       Phase: Concurrent Mark                              91.876 / 122.219      79.201 / 122.219      79.201 / 122.219      79.201 / 122.219     ms
[30.564s][info   ][gc,stats    ]       Phase: Concurrent Mark Continue                      0.000 / 0.000         0.000 / 0.000         0.000 / 0.000         0.000 / 0.000       ms
[30.564s][info   ][gc,stats    ]       Phase: Concurrent Mark Free                          0.002 / 0.002         0.002 / 0.002         0.002 / 0.002         0.002 / 0.002       ms
[30.565s][info   ][gc,stats    ]       Phase: Concurrent Process Non-Strong References      9.894 / 13.053        7.897 / 13.053        7.897 / 13.053        7.897 / 13.053      ms
[30.565s][info   ][gc,stats    ]       Phase: Concurrent Relocate                          14.746 / 15.837       12.862 / 15.837       12.862 / 15.837       12.862 / 15.837      ms
[30.565s][info   ][gc,stats    ]       Phase: Concurrent Reset Relocation Set               0.007 / 0.008         0.005 / 0.008         0.005 / 0.008         0.005 / 0.008       ms
[30.565s][info   ][gc,stats    ]       Phase: Concurrent Select Relocation Set              6.986 / 8.956         7.420 / 10.057        7.420 / 10.057        7.420 / 10.057      ms
[30.565s][info   ][gc,stats    ]       Phase: Pause Mark End                                0.024 / 0.027         0.059 / 0.168         0.059 / 0.168         0.059 / 0.168       ms
[30.565s][info   ][gc,stats    ]       Phase: Pause Mark Start                              0.015 / 0.019         0.024 / 0.036         0.024 / 0.036         0.024 / 0.036       ms
[30.565s][info   ][gc,stats    ]       Phase: Pause Relocate Start                          0.012 / 0.013         0.018 / 0.026         0.018 / 0.026         0.018 / 0.026       ms
[30.565s][info   ][gc,stats    ]    Subphase: Concurrent Classes Purge                      0.112 / 0.147         0.192 / 0.392         0.192 / 0.392         0.192 / 0.392       ms
[30.565s][info   ][gc,stats    ]    Subphase: Concurrent Classes Unlink                     7.221 / 9.985         5.578 / 9.985         5.578 / 9.985         5.578 / 9.985       ms
[30.565s][info   ][gc,stats    ]    Subphase: Concurrent Mark                              86.351 / 119.886      73.691 / 119.886      73.691 / 119.886      73.691 / 119.886     ms
[30.566s][info   ][gc,stats    ]    Subphase: Concurrent Mark Try Flush                     0.121 / 0.154         0.159 / 0.350         0.159 / 0.350         0.159 / 0.350       ms
[30.566s][info   ][gc,stats    ]    Subphase: Concurrent Mark Try Terminate                 3.459 / 15.112        2.647 / 15.112        2.647 / 15.112        2.647 / 15.112      ms
[30.566s][info   ][gc,stats    ]    Subphase: Concurrent References Enqueue                 0.012 / 0.012         0.012 / 0.012         0.012 / 0.012         0.012 / 0.012       ms
[30.566s][info   ][gc,stats    ]    Subphase: Concurrent References Process                 0.264 / 0.291         0.266 / 0.291         0.266 / 0.291         0.266 / 0.291       ms
[30.566s][info   ][gc,stats    ]    Subphase: Concurrent Roots ClassLoaderDataGraph         0.351 / 0.774         0.445 / 1.503         0.445 / 1.503         0.445 / 1.503       ms
[30.567s][info   ][gc,stats    ]    Subphase: Concurrent Roots CodeCache                    0.000 / 0.000         0.000 / 0.000         0.000 / 0.000         0.000 / 0.000       ms
[30.567s][info   ][gc,stats    ]    Subphase: Concurrent Roots JavaThreads                  1.255 / 1.411         1.652 / 3.662         1.652 / 3.662         1.652 / 3.662       ms
[30.567s][info   ][gc,stats    ]    Subphase: Concurrent Roots OopStorageSet                0.099 / 0.158         0.163 / 0.370         0.163 / 0.370         0.163 / 0.370       ms
[30.567s][info   ][gc,stats    ]    Subphase: Concurrent Weak Roots OopStorageSet           1.964 / 2.299         1.542 / 2.299         1.542 / 2.299         1.542 / 2.299       ms
[30.567s][info   ][gc,stats    ]    Subphase: Pause Mark Try Complete                       0.000 / 0.000         0.004 / 0.006         0.004 / 0.006         0.004 / 0.006       ms
[30.567s][info   ][gc,stats    ]      System: Java Threads                                     18 / 19               18 / 19               18 / 19               18 / 19          threads
[30.567s][info   ][gc,stats    ] =========================================================================================================================================================
[40.563s][info   ][gc,stats    ] === Garbage Collection Statistics =======================================================================================================================
[40.563s][info   ][gc,stats    ]                                                              Last 10s              Last 10m              Last 10h                Total
[40.563s][info   ][gc,stats    ]                                                              Avg / Max             Avg / Max             Avg / Max             Avg / Max
[40.564s][info   ][gc,stats    ]   Collector: Garbage Collection Cycle                      0.000 / 0.000       114.164 / 162.215     114.164 / 162.215     114.164 / 162.215     ms
[40.564s][info   ][gc,stats    ]  Contention: Mark Segment Reset Contention                     0 / 0                 0 / 1                 0 / 1                 0 / 1           ops/s
[40.564s][info   ][gc,stats    ]  Contention: Mark SeqNum Reset Contention                      0 / 0                 0 / 0                 0 / 0                 0 / 0           ops/s
[40.564s][info   ][gc,stats    ]    Critical: Allocation Stall                                  0 / 0                 0 / 0                 0 / 0                 0 / 0           ops/s
[40.564s][info   ][gc,stats    ]    Critical: Allocation Stall                              0.000 / 0.000         0.000 / 0.000         0.000 / 0.000         0.000 / 0.000       ms
[40.564s][info   ][gc,stats    ]    Critical: GC Locker Stall                                   0 / 0                 0 / 0                 0 / 0                 0 / 0           ops/s
[40.564s][info   ][gc,stats    ]    Critical: GC Locker Stall                               0.000 / 0.000         0.000 / 0.000         0.000 / 0.000         0.000 / 0.000       ms
[40.564s][info   ][gc,stats    ]    Critical: Relocation Stall                                  0 / 0                 0 / 0                 0 / 0                 0 / 0           ops/s
[40.564s][info   ][gc,stats    ]    Critical: Relocation Stall                              0.000 / 0.000         0.000 / 0.000         0.000 / 0.000         0.000 / 0.000       ms
[40.564s][info   ][gc,stats    ]      Memory: Allocation Rate                                  15 / 22               12 / 42               12 / 42               12 / 42          MB/s
[40.564s][info   ][gc,stats    ]      Memory: Defragment                                        0 / 0                 0 / 0                 0 / 0                 0 / 0           ops/s
[40.564s][info   ][gc,stats    ]      Memory: Out Of Memory                                     0 / 0                 0 / 0                 0 / 0                 0 / 0           ops/s
[40.564s][info   ][gc,stats    ]      Memory: Page Cache Flush                                  0 / 0                 0 / 0                 0 / 0                 0 / 0           MB/s
[40.564s][info   ][gc,stats    ]      Memory: Page Cache Hit L1                                 3 / 11                3 / 16                3 / 16                3 / 16          ops/s
[40.564s][info   ][gc,stats    ]      Memory: Page Cache Hit L2                                 0 / 0                 0 / 0                 0 / 0                 0 / 0           ops/s
[40.564s][info   ][gc,stats    ]      Memory: Page Cache Hit L3                                 4 / 9                 2 / 13                2 / 13                2 / 13          ops/s
[40.565s][info   ][gc,stats    ]      Memory: Page Cache Miss                                   0 / 0                 0 / 1                 0 / 1                 0 / 1           ops/s
[40.565s][info   ][gc,stats    ]      Memory: Uncommit                                          0 / 0                 0 / 0                 0 / 0                 0 / 0           MB/s
[40.565s][info   ][gc,stats    ]      Memory: Undo Object Allocation Failed                     0 / 0                 0 / 0                 0 / 0                 0 / 0           ops/s
[40.565s][info   ][gc,stats    ]      Memory: Undo Object Allocation Succeeded                  0 / 0                 0 / 1                 0 / 1                 0 / 1           ops/s
[40.565s][info   ][gc,stats    ]      Memory: Undo Page Allocation                              0 / 0                 0 / 0                 0 / 0                 0 / 0           ops/s
[40.565s][info   ][gc,stats    ]       Phase: Concurrent Mark                               0.000 / 0.000        79.201 / 122.219      79.201 / 122.219      79.201 / 122.219     ms
[40.565s][info   ][gc,stats    ]       Phase: Concurrent Mark Continue                      0.000 / 0.000         0.000 / 0.000         0.000 / 0.000         0.000 / 0.000       ms
[40.565s][info   ][gc,stats    ]       Phase: Concurrent Mark Free                          0.000 / 0.000         0.002 / 0.002         0.002 / 0.002         0.002 / 0.002       ms
[40.565s][info   ][gc,stats    ]       Phase: Concurrent Process Non-Strong References      0.000 / 0.000         7.897 / 13.053        7.897 / 13.053        7.897 / 13.053      ms
[40.565s][info   ][gc,stats    ]       Phase: Concurrent Relocate                           0.000 / 0.000        12.862 / 15.837       12.862 / 15.837       12.862 / 15.837      ms
[40.565s][info   ][gc,stats    ]       Phase: Concurrent Reset Relocation Set               0.000 / 0.000         0.005 / 0.008         0.005 / 0.008         0.005 / 0.008       ms
[40.565s][info   ][gc,stats    ]       Phase: Concurrent Select Relocation Set              0.000 / 0.000         7.420 / 10.057        7.420 / 10.057        7.420 / 10.057      ms
[40.565s][info   ][gc,stats    ]       Phase: Pause Mark End                                0.000 / 0.000         0.059 / 0.168         0.059 / 0.168         0.059 / 0.168       ms
[40.565s][info   ][gc,stats    ]       Phase: Pause Mark Start                              0.000 / 0.000         0.024 / 0.036         0.024 / 0.036         0.024 / 0.036       ms
[40.565s][info   ][gc,stats    ]       Phase: Pause Relocate Start                          0.000 / 0.000         0.018 / 0.026         0.018 / 0.026         0.018 / 0.026       ms
[40.566s][info   ][gc,stats    ]    Subphase: Concurrent Classes Purge                      0.000 / 0.000         0.192 / 0.392         0.192 / 0.392         0.192 / 0.392       ms
[40.566s][info   ][gc,stats    ]    Subphase: Concurrent Classes Unlink                     0.000 / 0.000         5.578 / 9.985         5.578 / 9.985         5.578 / 9.985       ms
[40.566s][info   ][gc,stats    ]    Subphase: Concurrent Mark                               0.000 / 0.000        73.691 / 119.886      73.691 / 119.886      73.691 / 119.886     ms
[40.566s][info   ][gc,stats    ]    Subphase: Concurrent Mark Try Flush                     0.000 / 0.000         0.159 / 0.350         0.159 / 0.350         0.159 / 0.350       ms
[40.566s][info   ][gc,stats    ]    Subphase: Concurrent Mark Try Terminate                 0.000 / 0.000         2.647 / 15.112        2.647 / 15.112        2.647 / 15.112      ms
[40.566s][info   ][gc,stats    ]    Subphase: Concurrent References Enqueue                 0.000 / 0.000         0.012 / 0.012         0.012 / 0.012         0.012 / 0.012       ms
[40.566s][info   ][gc,stats    ]    Subphase: Concurrent References Process                 0.000 / 0.000         0.266 / 0.291         0.266 / 0.291         0.266 / 0.291       ms
[40.566s][info   ][gc,stats    ]    Subphase: Concurrent Roots ClassLoaderDataGraph         0.000 / 0.000         0.445 / 1.503         0.445 / 1.503         0.445 / 1.503       ms
[40.566s][info   ][gc,stats    ]    Subphase: Concurrent Roots CodeCache                    0.000 / 0.000         0.000 / 0.000         0.000 / 0.000         0.000 / 0.000       ms
[40.566s][info   ][gc,stats    ]    Subphase: Concurrent Roots JavaThreads                  0.000 / 0.000         1.652 / 3.662         1.652 / 3.662         1.652 / 3.662       ms
[40.566s][info   ][gc,stats    ]    Subphase: Concurrent Roots OopStorageSet                0.000 / 0.000         0.163 / 0.370         0.163 / 0.370         0.163 / 0.370       ms
[40.566s][info   ][gc,stats    ]    Subphase: Concurrent Weak Roots OopStorageSet           0.000 / 0.000         1.542 / 2.299         1.542 / 2.299         1.542 / 2.299       ms
[40.566s][info   ][gc,stats    ]    Subphase: Pause Mark Try Complete                       0.000 / 0.000         0.004 / 0.006         0.004 / 0.006         0.004 / 0.006       ms
[40.566s][info   ][gc,stats    ]      System: Java Threads                                      0 / 0                18 / 19               18 / 19               18 / 19          threads
[40.566s][info   ][gc,stats    ] =========================================================================================================================================================
[40.968s][info   ][gc,start    ] GC(4) Garbage Collection (Proactive)
[40.969s][info   ][gc,task     ] GC(4) Using 2 workers
[40.969s][info   ][gc,phases   ] GC(4) Pause Mark Start 0.013ms
[41.199s][info   ][gc,phases   ] GC(4) Concurrent Mark 229.303ms
[41.199s][info   ][gc,phases   ] GC(4) Pause Mark End 0.022ms
[41.199s][info   ][gc,phases   ] GC(4) Concurrent Mark Free 0.002ms
[41.220s][info   ][gc,phases   ] GC(4) Concurrent Process Non-Strong References 20.440ms
[41.220s][info   ][gc,phases   ] GC(4) Concurrent Reset Relocation Set 0.016ms
[41.235s][info   ][gc,phases   ] GC(4) Concurrent Select Relocation Set 15.302ms
[41.236s][info   ][gc,phases   ] GC(4) Pause Relocate Start 0.013ms
[41.265s][info   ][gc,phases   ] GC(4) Concurrent Relocate 29.012ms
[41.265s][info   ][gc,load     ] GC(4) Load: 0.00/0.00/0.00
[41.265s][info   ][gc,mmu      ] GC(4) MMU: 2ms/91.6%, 5ms/96.6%, 10ms/98.3%, 20ms/99.0%, 50ms/99.5%, 100ms/99.8%
[41.265s][info   ][gc,marking  ] GC(4) Mark: 2 stripe(s), 3 proactive flush(es), 1 terminate flush(es), 0 completion(s), 0 continuation(s) 
[41.265s][info   ][gc,marking  ] GC(4) Mark Stack Usage: 32M
[41.265s][info   ][gc,nmethod  ] GC(4) NMethods: 5447 registered, 617 unregistered
[41.266s][info   ][gc,metaspace] GC(4) Metaspace: 68M used, 69M committed, 1088M reserved
[41.266s][info   ][gc,ref      ] GC(4) Soft: 14343 encountered, 0 discovered, 0 enqueued
[41.266s][info   ][gc,ref      ] GC(4) Weak: 5721 encountered, 1809 discovered, 1059 enqueued
[41.266s][info   ][gc,ref      ] GC(4) Final: 0 encountered, 0 discovered, 0 enqueued
[41.266s][info   ][gc,ref      ] GC(4) Phantom: 1299 encountered, 1061 discovered, 798 enqueued
[41.266s][info   ][gc,reloc    ] GC(4) Small Pages: 118 / 236M, Empty: 0M, Relocated: 17M, In-Place: 0
[41.266s][info   ][gc,reloc    ] GC(4) Medium Pages: 1 / 16M, Empty: 0M, Relocated: 0M, In-Place: 0
[41.266s][info   ][gc,reloc    ] GC(4) Large Pages: 0 / 0M, Empty: 0M, Relocated: 0M, In-Place: 0
[41.266s][info   ][gc,reloc    ] GC(4) Forwarding Usage: 6M
[41.266s][info   ][gc,heap     ] GC(4) Min Capacity: 512M(100%)
[41.266s][info   ][gc,heap     ] GC(4) Max Capacity: 512M(100%)
[41.266s][info   ][gc,heap     ] GC(4) Soft Max Capacity: 512M(100%)
[41.266s][info   ][gc,heap     ] GC(4)                Mark Start          Mark End        Relocate Start      Relocate End           High               Low         
[41.266s][info   ][gc,heap     ] GC(4)  Capacity:      512M (100%)        512M (100%)        512M (100%)        512M (100%)        512M (100%)        512M (100%)   
[41.266s][info   ][gc,heap     ] GC(4)      Free:      260M (51%)         256M (50%)         252M (49%)         440M (86%)         442M (86%)         248M (48%)    
[41.266s][info   ][gc,heap     ] GC(4)      Used:      252M (49%)         256M (50%)         260M (51%)          72M (14%)         264M (52%)          70M (14%)    
[41.267s][info   ][gc,heap     ] GC(4)      Live:         -                42M (8%)           42M (8%)           42M (8%)             -                  -          
[41.267s][info   ][gc,heap     ] GC(4) Allocated:         -                 4M (1%)            8M (2%)            9M (2%)             -                  -          
[41.267s][info   ][gc,heap     ] GC(4)   Garbage:         -               209M (41%)         209M (41%)          20M (4%)             -                  -          
[41.267s][info   ][gc,heap     ] GC(4) Reclaimed:         -                  -                 0M (0%)          189M (37%)            -                  -          
[41.267s][info   ][gc          ] GC(4) Garbage Collection (Proactive) 252M(49%)->72M(14%)
[50.561s][info   ][gc,stats    ] === Garbage Collection Statistics =======================================================================================================================
[50.561s][info   ][gc,stats    ]                                                              Last 10s              Last 10m              Last 10h                Total
[50.562s][info   ][gc,stats    ]                                                              Avg / Max             Avg / Max             Avg / Max             Avg / Max
[50.562s][info   ][gc,stats    ]   Collector: Garbage Collection Cycle                    296.686 / 296.686     150.669 / 296.686     150.669 / 296.686     150.669 / 296.686     ms
[50.562s][info   ][gc,stats    ]  Contention: Mark Segment Reset Contention                     0 / 1                 0 / 1                 0 / 1                 0 / 1           ops/s
[50.562s][info   ][gc,stats    ]  Contention: Mark SeqNum Reset Contention                      0 / 0                 0 / 0                 0 / 0                 0 / 0           ops/s
[50.562s][info   ][gc,stats    ]    Critical: Allocation Stall                                  0 / 0                 0 / 0                 0 / 0                 0 / 0           ops/s
[50.562s][info   ][gc,stats    ]    Critical: Allocation Stall                              0.000 / 0.000         0.000 / 0.000         0.000 / 0.000         0.000 / 0.000       ms
[50.562s][info   ][gc,stats    ]    Critical: GC Locker Stall                                   0 / 0                 0 / 0                 0 / 0                 0 / 0           ops/s
[50.563s][info   ][gc,stats    ]    Critical: GC Locker Stall                               0.000 / 0.000         0.000 / 0.000         0.000 / 0.000         0.000 / 0.000       ms
[50.563s][info   ][gc,stats    ]    Critical: Relocation Stall                                  0 / 0                 0 / 0                 0 / 0                 0 / 0           ops/s
[50.563s][info   ][gc,stats    ]    Critical: Relocation Stall                              0.000 / 0.000         0.000 / 0.000         0.000 / 0.000         0.000 / 0.000       ms
[50.563s][info   ][gc,stats    ]      Memory: Allocation Rate                                  17 / 50               13 / 50               13 / 50               13 / 50          MB/s
[50.564s][info   ][gc,stats    ]      Memory: Defragment                                        0 / 0                 0 / 0                 0 / 0                 0 / 0           ops/s
[50.564s][info   ][gc,stats    ]      Memory: Out Of Memory                                     0 / 0                 0 / 0                 0 / 0                 0 / 0           ops/s
[50.564s][info   ][gc,stats    ]      Memory: Page Cache Flush                                  0 / 0                 0 / 0                 0 / 0                 0 / 0           MB/s
[50.564s][info   ][gc,stats    ]      Memory: Page Cache Hit L1                                 7 / 25                4 / 25                4 / 25                4 / 25          ops/s
[50.564s][info   ][gc,stats    ]      Memory: Page Cache Hit L2                                 0 / 0                 0 / 0                 0 / 0                 0 / 0           ops/s
[50.564s][info   ][gc,stats    ]      Memory: Page Cache Hit L3                                 1 / 11                2 / 13                2 / 13                2 / 13          ops/s
[50.564s][info   ][gc,stats    ]      Memory: Page Cache Miss                                   0 / 0                 0 / 1                 0 / 1                 0 / 1           ops/s
[50.564s][info   ][gc,stats    ]      Memory: Uncommit                                          0 / 0                 0 / 0                 0 / 0                 0 / 0           MB/s
[50.564s][info   ][gc,stats    ]      Memory: Undo Object Allocation Failed                     0 / 0                 0 / 0                 0 / 0                 0 / 0           ops/s
[50.564s][info   ][gc,stats    ]      Memory: Undo Object Allocation Succeeded                  0 / 0                 0 / 1                 0 / 1                 0 / 1           ops/s
[50.564s][info   ][gc,stats    ]      Memory: Undo Page Allocation                              0 / 0                 0 / 0                 0 / 0                 0 / 0           ops/s
[50.565s][info   ][gc,stats    ]       Phase: Concurrent Mark                             229.303 / 229.303     109.221 / 229.303     109.221 / 229.303     109.221 / 229.303     ms
[50.565s][info   ][gc,stats    ]       Phase: Concurrent Mark Continue                      0.000 / 0.000         0.000 / 0.000         0.000 / 0.000         0.000 / 0.000       ms
[50.565s][info   ][gc,stats    ]       Phase: Concurrent Mark Free                          0.002 / 0.002         0.002 / 0.002         0.002 / 0.002         0.002 / 0.002       ms
[50.565s][info   ][gc,stats    ]       Phase: Concurrent Process Non-Strong References     20.440 / 20.440       10.405 / 20.440       10.405 / 20.440       10.405 / 20.440      ms
[50.565s][info   ][gc,stats    ]       Phase: Concurrent Relocate                          29.012 / 29.012       16.092 / 29.012       16.092 / 29.012       16.092 / 29.012      ms
[50.565s][info   ][gc,stats    ]       Phase: Concurrent Reset Relocation Set               0.016 / 0.016         0.007 / 0.016         0.007 / 0.016         0.007 / 0.016       ms
[50.565s][info   ][gc,stats    ]       Phase: Concurrent Select Relocation Set             15.302 / 15.302        8.997 / 15.302        8.997 / 15.302        8.997 / 15.302      ms
[50.566s][info   ][gc,stats    ]       Phase: Pause Mark End                                0.022 / 0.022         0.051 / 0.168         0.051 / 0.168         0.051 / 0.168       ms
[50.566s][info   ][gc,stats    ]       Phase: Pause Mark Start                              0.013 / 0.013         0.022 / 0.036         0.022 / 0.036         0.022 / 0.036       ms
[50.566s][info   ][gc,stats    ]       Phase: Pause Relocate Start                          0.013 / 0.013         0.017 / 0.026         0.017 / 0.026         0.017 / 0.026       ms
[50.566s][info   ][gc,stats    ]    Subphase: Concurrent Classes Purge                      2.028 / 2.028         0.559 / 2.028         0.559 / 2.028         0.559 / 2.028       ms
[50.566s][info   ][gc,stats    ]    Subphase: Concurrent Classes Unlink                    13.444 / 13.444        7.151 / 13.444        7.151 / 13.444        7.151 / 13.444      ms
[50.566s][info   ][gc,stats    ]    Subphase: Concurrent Mark                             215.029 / 219.752     101.959 / 219.752     101.959 / 219.752     101.959 / 219.752     ms
[50.566s][info   ][gc,stats    ]    Subphase: Concurrent Mark Try Flush                     0.416 / 0.917         0.216 / 0.917         0.216 / 0.917         0.216 / 0.917       ms
[50.566s][info   ][gc,stats    ]    Subphase: Concurrent Mark Try Terminate                 5.275 / 14.904        3.111 / 15.112        3.111 / 15.112        3.111 / 15.112      ms
[50.566s][info   ][gc,stats    ]    Subphase: Concurrent References Enqueue                 0.012 / 0.012         0.012 / 0.012         0.012 / 0.012         0.012 / 0.012       ms
[50.566s][info   ][gc,stats    ]    Subphase: Concurrent References Process                 0.508 / 0.508         0.314 / 0.508         0.314 / 0.508         0.314 / 0.508       ms
[50.567s][info   ][gc,stats    ]    Subphase: Concurrent Roots ClassLoaderDataGraph         0.400 / 0.763         0.436 / 1.503         0.436 / 1.503         0.436 / 1.503       ms
[50.567s][info   ][gc,stats    ]    Subphase: Concurrent Roots CodeCache                    0.000 / 0.000         0.000 / 0.000         0.000 / 0.000         0.000 / 0.000       ms
[50.567s][info   ][gc,stats    ]    Subphase: Concurrent Roots JavaThreads                  5.638 / 9.174         2.449 / 9.174         2.449 / 9.174         2.449 / 9.174       ms
[50.567s][info   ][gc,stats    ]    Subphase: Concurrent Roots OopStorageSet                0.112 / 0.127         0.153 / 0.370         0.153 / 0.370         0.153 / 0.370       ms
[50.567s][info   ][gc,stats    ]    Subphase: Concurrent Weak Roots OopStorageSet           3.856 / 3.872         2.005 / 3.872         2.005 / 3.872         2.005 / 3.872       ms
[50.567s][info   ][gc,stats    ]    Subphase: Pause Mark Try Complete                       0.000 / 0.000         0.004 / 0.006         0.004 / 0.006         0.004 / 0.006       ms
[50.567s][info   ][gc,stats    ]      System: Java Threads                                     20 / 20               18 / 20               18 / 20               18 / 20          threads
[50.567s][info   ][gc,stats    ] =========================================================================================================================================================
[55.764s][info   ][gc,start    ] GC(5) Garbage Collection (Allocation Rate)
[55.764s][info   ][gc,task     ] GC(5) Using 2 workers
[55.764s][info   ][gc,phases   ] GC(5) Pause Mark Start 0.014ms
[56.010s][info   ][gc,phases   ] GC(5) Concurrent Mark 245.598ms
[56.011s][info   ][gc,phases   ] GC(5) Pause Mark End 0.030ms
[56.012s][info   ][gc,phases   ] GC(5) Concurrent Mark Free 0.004ms
[56.038s][info   ][gc,phases   ] GC(5) Concurrent Process Non-Strong References 26.127ms
[56.038s][info   ][gc,phases   ] GC(5) Concurrent Reset Relocation Set 0.028ms
[56.043s][info   ][gc,phases   ] GC(5) Concurrent Select Relocation Set 4.863ms
[56.044s][info   ][gc,phases   ] GC(5) Pause Relocate Start 0.035ms
[56.077s][info   ][gc,phases   ] GC(5) Concurrent Relocate 32.634ms
[56.077s][info   ][gc,load     ] GC(5) Load: 0.00/0.00/0.00
[56.077s][info   ][gc,mmu      ] GC(5) MMU: 2ms/91.6%, 5ms/96.6%, 10ms/98.3%, 20ms/99.0%, 50ms/99.5%, 100ms/99.8%
[56.077s][info   ][gc,marking  ] GC(5) Mark: 2 stripe(s), 2 proactive flush(es), 1 terminate flush(es), 0 completion(s), 0 continuation(s) 
[56.077s][info   ][gc,marking  ] GC(5) Mark Stack Usage: 32M
[56.077s][info   ][gc,nmethod  ] GC(5) NMethods: 6682 registered, 1154 unregistered
[56.077s][info   ][gc,metaspace] GC(5) Metaspace: 94M used, 95M committed, 1152M reserved
[56.078s][info   ][gc,ref      ] GC(5) Soft: 18150 encountered, 0 discovered, 0 enqueued
[56.078s][info   ][gc,ref      ] GC(5) Weak: 7871 encountered, 2168 discovered, 1018 enqueued
[56.078s][info   ][gc,ref      ] GC(5) Final: 0 encountered, 0 discovered, 0 enqueued
[56.078s][info   ][gc,ref      ] GC(5) Phantom: 1248 encountered, 996 discovered, 742 enqueued
[56.078s][info   ][gc,reloc    ] GC(5) Small Pages: 195 / 390M, Empty: 14M, Relocated: 15M, In-Place: 0
[56.078s][info   ][gc,reloc    ] GC(5) Medium Pages: 2 / 32M, Empty: 0M, Relocated: 2M, In-Place: 0
[56.078s][info   ][gc,reloc    ] GC(5) Large Pages: 0 / 0M, Empty: 0M, Relocated: 0M, In-Place: 0
[56.078s][info   ][gc,reloc    ] GC(5) Forwarding Usage: 6M
[56.078s][info   ][gc,heap     ] GC(5) Min Capacity: 512M(100%)
[56.078s][info   ][gc,heap     ] GC(5) Max Capacity: 512M(100%)
[56.078s][info   ][gc,heap     ] GC(5) Soft Max Capacity: 512M(100%)
[56.078s][info   ][gc,heap     ] GC(5)                Mark Start          Mark End        Relocate Start      Relocate End           High               Low         
[56.078s][info   ][gc,heap     ] GC(5)  Capacity:      512M (100%)        512M (100%)        512M (100%)        512M (100%)        512M (100%)        512M (100%)   
[56.078s][info   ][gc,heap     ] GC(5)      Free:       90M (18%)          72M (14%)          82M (16%)         412M (80%)         412M (80%)          64M (12%)    
[56.078s][info   ][gc,heap     ] GC(5)      Used:      422M (82%)         440M (86%)         430M (84%)         100M (20%)         448M (88%)         100M (20%)    
[56.078s][info   ][gc,heap     ] GC(5)      Live:         -                56M (11%)          56M (11%)          56M (11%)            -                  -          
[56.079s][info   ][gc,heap     ] GC(5) Allocated:         -                18M (4%)           22M (4%)           23M (5%)             -                  -          
[56.079s][info   ][gc,heap     ] GC(5)   Garbage:         -               365M (71%)         351M (69%)          19M (4%)             -                  -          
[56.079s][info   ][gc,heap     ] GC(5) Reclaimed:         -                  -                14M (3%)          345M (68%)            -                  -          
[56.079s][info   ][gc          ] GC(5) Garbage Collection (Allocation Rate) 422M(82%)->100M(20%)
[60.559s][info   ][gc,stats    ] === Garbage Collection Statistics =======================================================================================================================
[60.559s][info   ][gc,stats    ]                                                              Last 10s              Last 10m              Last 10h                Total
[60.559s][info   ][gc,stats    ]                                                              Avg / Max             Avg / Max             Avg / Max             Avg / Max
[60.559s][info   ][gc,stats    ]   Collector: Garbage Collection Cycle                    313.176 / 313.176     177.753 / 313.176     177.753 / 313.176     177.753 / 313.176     ms
[60.559s][info   ][gc,stats    ]  Contention: Mark Segment Reset Contention                     0 / 0                 0 / 1                 0 / 1                 0 / 1           ops/s
[60.560s][info   ][gc,stats    ]  Contention: Mark SeqNum Reset Contention                      0 / 0                 0 / 0                 0 / 0                 0 / 0           ops/s
[60.560s][info   ][gc,stats    ]    Critical: Allocation Stall                                  0 / 0                 0 / 0                 0 / 0                 0 / 0           ops/s
[60.560s][info   ][gc,stats    ]    Critical: Allocation Stall                              0.000 / 0.000         0.000 / 0.000         0.000 / 0.000         0.000 / 0.000       ms
[60.560s][info   ][gc,stats    ]    Critical: GC Locker Stall                                   0 / 0                 0 / 0                 0 / 0                 0 / 0           ops/s
[60.560s][info   ][gc,stats    ]    Critical: GC Locker Stall                               0.000 / 0.000         0.000 / 0.000         0.000 / 0.000         0.000 / 0.000       ms
[60.560s][info   ][gc,stats    ]    Critical: Relocation Stall                                  0 / 0                 0 / 0                 0 / 0                 0 / 0           ops/s
[60.561s][info   ][gc,stats    ]    Critical: Relocation Stall                              0.000 / 0.000         0.000 / 0.000         0.000 / 0.000         0.000 / 0.000       ms
[60.561s][info   ][gc,stats    ]      Memory: Allocation Rate                                  34 / 68               16 / 68               16 / 68               16 / 68          MB/s
[60.561s][info   ][gc,stats    ]      Memory: Defragment                                        0 / 0                 0 / 0                 0 / 0                 0 / 0           ops/s
[60.561s][info   ][gc,stats    ]      Memory: Out Of Memory                                     0 / 0                 0 / 0                 0 / 0                 0 / 0           ops/s
[60.561s][info   ][gc,stats    ]      Memory: Page Cache Flush                                  0 / 0                 0 / 0                 0 / 0                 0 / 0           MB/s
[60.561s][info   ][gc,stats    ]      Memory: Page Cache Hit L1                                 9 / 28                5 / 28                5 / 28                5 / 28          ops/s
[60.561s][info   ][gc,stats    ]      Memory: Page Cache Hit L2                                 0 / 0                 0 / 0                 0 / 0                 0 / 0           ops/s
[60.561s][info   ][gc,stats    ]      Memory: Page Cache Hit L3                                 8 / 26                3 / 26                3 / 26                3 / 26          ops/s
[60.562s][info   ][gc,stats    ]      Memory: Page Cache Miss                                   0 / 0                 0 / 1                 0 / 1                 0 / 1           ops/s
[60.562s][info   ][gc,stats    ]      Memory: Uncommit                                          0 / 0                 0 / 0                 0 / 0                 0 / 0           MB/s
[60.562s][info   ][gc,stats    ]      Memory: Undo Object Allocation Failed                     0 / 0                 0 / 0                 0 / 0                 0 / 0           ops/s
[60.562s][info   ][gc,stats    ]      Memory: Undo Object Allocation Succeeded                  0 / 1                 0 / 1                 0 / 1                 0 / 1           ops/s
[60.562s][info   ][gc,stats    ]      Memory: Undo Page Allocation                              0 / 0                 0 / 0                 0 / 0                 0 / 0           ops/s
[60.562s][info   ][gc,stats    ]       Phase: Concurrent Mark                             245.598 / 245.598     131.951 / 245.598     131.951 / 245.598     131.951 / 245.598     ms
[60.562s][info   ][gc,stats    ]       Phase: Concurrent Mark Continue                      0.000 / 0.000         0.000 / 0.000         0.000 / 0.000         0.000 / 0.000       ms
[60.563s][info   ][gc,stats    ]       Phase: Concurrent Mark Free                          0.004 / 0.004         0.002 / 0.004         0.002 / 0.004         0.002 / 0.004       ms
[60.563s][info   ][gc,stats    ]       Phase: Concurrent Process Non-Strong References     26.127 / 26.127       13.026 / 26.127       13.026 / 26.127       13.026 / 26.127      ms
[60.563s][info   ][gc,stats    ]       Phase: Concurrent Relocate                          32.634 / 32.634       18.849 / 32.634       18.849 / 32.634       18.849 / 32.634      ms
[60.563s][info   ][gc,stats    ]       Phase: Concurrent Reset Relocation Set               0.028 / 0.028         0.010 / 0.028         0.010 / 0.028         0.010 / 0.028       ms
[60.563s][info   ][gc,stats    ]       Phase: Concurrent Select Relocation Set              4.863 / 4.863         8.308 / 15.302        8.308 / 15.302        8.308 / 15.302      ms
[60.563s][info   ][gc,stats    ]       Phase: Pause Mark End                                0.030 / 0.030         0.048 / 0.168         0.048 / 0.168         0.048 / 0.168       ms
[60.563s][info   ][gc,stats    ]       Phase: Pause Mark Start                              0.014 / 0.014         0.021 / 0.036         0.021 / 0.036         0.021 / 0.036       ms
[60.564s][info   ][gc,stats    ]       Phase: Pause Relocate Start                          0.035 / 0.035         0.020 / 0.035         0.020 / 0.035         0.020 / 0.035       ms
[60.564s][info   ][gc,stats    ]    Subphase: Concurrent Classes Purge                      2.443 / 2.443         0.873 / 2.443         0.873 / 2.443         0.873 / 2.443       ms
[60.564s][info   ][gc,stats    ]    Subphase: Concurrent Classes Unlink                    16.360 / 16.360        8.686 / 16.360        8.686 / 16.360        8.686 / 16.360      ms
[60.564s][info   ][gc,stats    ]    Subphase: Concurrent Mark                             232.758 / 238.706     123.759 / 238.706     123.759 / 238.706     123.759 / 238.706     ms
[60.564s][info   ][gc,stats    ]    Subphase: Concurrent Mark Try Flush                     0.084 / 0.114         0.197 / 0.917         0.197 / 0.917         0.197 / 0.917       ms
[60.564s][info   ][gc,stats    ]    Subphase: Concurrent Mark Try Terminate                 4.309 / 12.875        3.290 / 15.112        3.290 / 15.112        3.290 / 15.112      ms
[60.564s][info   ][gc,stats    ]    Subphase: Concurrent References Enqueue                 0.009 / 0.009         0.011 / 0.012         0.011 / 0.012         0.011 / 0.012       ms
[60.564s][info   ][gc,stats    ]    Subphase: Concurrent References Process                 0.658 / 0.658         0.372 / 0.658         0.372 / 0.658         0.372 / 0.658       ms
[60.564s][info   ][gc,stats    ]    Subphase: Concurrent Roots ClassLoaderDataGraph         0.563 / 0.994         0.457 / 1.503         0.457 / 1.503         0.457 / 1.503       ms
[60.565s][info   ][gc,stats    ]    Subphase: Concurrent Roots CodeCache                    0.000 / 0.000         0.000 / 0.000         0.000 / 0.000         0.000 / 0.000       ms
[60.565s][info   ][gc,stats    ]    Subphase: Concurrent Roots JavaThreads                  4.731 / 6.379         2.829 / 9.174         2.829 / 9.174         2.829 / 9.174       ms
[60.565s][info   ][gc,stats    ]    Subphase: Concurrent Roots OopStorageSet                0.146 / 0.160         0.151 / 0.370         0.151 / 0.370         0.151 / 0.370       ms
[60.565s][info   ][gc,stats    ]    Subphase: Concurrent Weak Roots OopStorageSet           6.358 / 6.358         2.730 / 6.358         2.730 / 6.358         2.730 / 6.358       ms
[60.565s][info   ][gc,stats    ]    Subphase: Pause Mark Try Complete                       0.000 / 0.000         0.004 / 0.006         0.004 / 0.006         0.004 / 0.006       ms
[60.565s][info   ][gc,stats    ]      System: Java Threads                                     26 / 26               19 / 26               19 / 26               19 / 26          threads
[60.565s][info   ][gc,stats    ] =========================================================================================================================================================
[70.556s][info   ][gc,stats    ] === Garbage Collection Statistics =======================================================================================================================
[70.556s][info   ][gc,stats    ]                                                              Last 10s              Last 10m              Last 10h                Total
[70.556s][info   ][gc,stats    ]                                                              Avg / Max             Avg / Max             Avg / Max             Avg / Max
[70.556s][info   ][gc,stats    ]   Collector: Garbage Collection Cycle                      0.000 / 0.000       177.753 / 313.176     177.753 / 313.176     177.753 / 313.176     ms
[70.557s][info   ][gc,stats    ]  Contention: Mark Segment Reset Contention                     0 / 0                 0 / 1                 0 / 1                 0 / 1           ops/s
[70.557s][info   ][gc,stats    ]  Contention: Mark SeqNum Reset Contention                      0 / 0                 0 / 0                 0 / 0                 0 / 0           ops/s
[70.557s][info   ][gc,stats    ]    Critical: Allocation Stall                                  0 / 0                 0 / 0                 0 / 0                 0 / 0           ops/s
[70.557s][info   ][gc,stats    ]    Critical: Allocation Stall                              0.000 / 0.000         0.000 / 0.000         0.000 / 0.000         0.000 / 0.000       ms
[70.557s][info   ][gc,stats    ]    Critical: GC Locker Stall                                   0 / 0                 0 / 0                 0 / 0                 0 / 0           ops/s
[70.557s][info   ][gc,stats    ]    Critical: GC Locker Stall                               0.000 / 0.000         0.000 / 0.000         0.000 / 0.000         0.000 / 0.000       ms
[70.558s][info   ][gc,stats    ]    Critical: Relocation Stall                                  0 / 0                 0 / 0                 0 / 0                 0 / 0           ops/s
[70.558s][info   ][gc,stats    ]    Critical: Relocation Stall                              0.000 / 0.000         0.000 / 0.000         0.000 / 0.000         0.000 / 0.000       ms
[70.558s][info   ][gc,stats    ]      Memory: Allocation Rate                                  17 / 34               16 / 68               16 / 68               16 / 68          MB/s
[70.558s][info   ][gc,stats    ]      Memory: Defragment                                        0 / 0                 0 / 0                 0 / 0                 0 / 0           ops/s
[70.558s][info   ][gc,stats    ]      Memory: Out Of Memory                                     0 / 0                 0 / 0                 0 / 0                 0 / 0           ops/s
[70.558s][info   ][gc,stats    ]      Memory: Page Cache Flush                                  0 / 0                 0 / 0                 0 / 0                 0 / 0           MB/s
[70.558s][info   ][gc,stats    ]      Memory: Page Cache Hit L1                                 8 / 17                5 / 28                5 / 28                5 / 28          ops/s
[70.559s][info   ][gc,stats    ]      Memory: Page Cache Hit L2                                 0 / 0                 0 / 0                 0 / 0                 0 / 0           ops/s
[70.559s][info   ][gc,stats    ]      Memory: Page Cache Hit L3                                 0 / 0                 2 / 26                2 / 26                2 / 26          ops/s
[70.559s][info   ][gc,stats    ]      Memory: Page Cache Miss                                   0 / 0                 0 / 1                 0 / 1                 0 / 1           ops/s
[70.559s][info   ][gc,stats    ]      Memory: Uncommit                                          0 / 0                 0 / 0                 0 / 0                 0 / 0           MB/s
[70.559s][info   ][gc,stats    ]      Memory: Undo Object Allocation Failed                     0 / 0                 0 / 0                 0 / 0                 0 / 0           ops/s
[70.560s][info   ][gc,stats    ]      Memory: Undo Object Allocation Succeeded                  0 / 0                 0 / 1                 0 / 1                 0 / 1           ops/s
[70.560s][info   ][gc,stats    ]      Memory: Undo Page Allocation                              0 / 0                 0 / 0                 0 / 0                 0 / 0           ops/s
[70.560s][info   ][gc,stats    ]       Phase: Concurrent Mark                               0.000 / 0.000       131.951 / 245.598     131.951 / 245.598     131.951 / 245.598     ms
[70.560s][info   ][gc,stats    ]       Phase: Concurrent Mark Continue                      0.000 / 0.000         0.000 / 0.000         0.000 / 0.000         0.000 / 0.000       ms
[70.560s][info   ][gc,stats    ]       Phase: Concurrent Mark Free                          0.000 / 0.000         0.002 / 0.004         0.002 / 0.004         0.002 / 0.004       ms
[70.560s][info   ][gc,stats    ]       Phase: Concurrent Process Non-Strong References      0.000 / 0.000        13.026 / 26.127       13.026 / 26.127       13.026 / 26.127      ms
[70.561s][info   ][gc,stats    ]       Phase: Concurrent Relocate                           0.000 / 0.000        18.849 / 32.634       18.849 / 32.634       18.849 / 32.634      ms
[70.561s][info   ][gc,stats    ]       Phase: Concurrent Reset Relocation Set               0.000 / 0.000         0.010 / 0.028         0.010 / 0.028         0.010 / 0.028       ms
[70.561s][info   ][gc,stats    ]       Phase: Concurrent Select Relocation Set              0.000 / 0.000         8.308 / 15.302        8.308 / 15.302        8.308 / 15.302      ms
[70.561s][info   ][gc,stats    ]       Phase: Pause Mark End                                0.000 / 0.000         0.048 / 0.168         0.048 / 0.168         0.048 / 0.168       ms
[70.561s][info   ][gc,stats    ]       Phase: Pause Mark Start                              0.000 / 0.000         0.021 / 0.036         0.021 / 0.036         0.021 / 0.036       ms
[70.562s][info   ][gc,stats    ]       Phase: Pause Relocate Start                          0.000 / 0.000         0.020 / 0.035         0.020 / 0.035         0.020 / 0.035       ms
[70.562s][info   ][gc,stats    ]    Subphase: Concurrent Classes Purge                      0.000 / 0.000         0.873 / 2.443         0.873 / 2.443         0.873 / 2.443       ms
[70.562s][info   ][gc,stats    ]    Subphase: Concurrent Classes Unlink                     0.000 / 0.000         8.686 / 16.360        8.686 / 16.360        8.686 / 16.360      ms
[70.562s][info   ][gc,stats    ]    Subphase: Concurrent Mark                               0.000 / 0.000       123.759 / 238.706     123.759 / 238.706     123.759 / 238.706     ms
[70.562s][info   ][gc,stats    ]    Subphase: Concurrent Mark Try Flush                     0.000 / 0.000         0.197 / 0.917         0.197 / 0.917         0.197 / 0.917       ms
[70.563s][info   ][gc,stats    ]    Subphase: Concurrent Mark Try Terminate                 0.000 / 0.000         3.290 / 15.112        3.290 / 15.112        3.290 / 15.112      ms
[70.563s][info   ][gc,stats    ]    Subphase: Concurrent References Enqueue                 0.000 / 0.000         0.011 / 0.012         0.011 / 0.012         0.011 / 0.012       ms
[70.563s][info   ][gc,stats    ]    Subphase: Concurrent References Process                 0.000 / 0.000         0.372 / 0.658         0.372 / 0.658         0.372 / 0.658       ms
[70.563s][info   ][gc,stats    ]    Subphase: Concurrent Roots ClassLoaderDataGraph         0.000 / 0.000         0.457 / 1.503         0.457 / 1.503         0.457 / 1.503       ms
[70.563s][info   ][gc,stats    ]    Subphase: Concurrent Roots CodeCache                    0.000 / 0.000         0.000 / 0.000         0.000 / 0.000         0.000 / 0.000       ms
[70.563s][info   ][gc,stats    ]    Subphase: Concurrent Roots JavaThreads                  0.000 / 0.000         2.829 / 9.174         2.829 / 9.174         2.829 / 9.174       ms
[70.564s][info   ][gc,stats    ]    Subphase: Concurrent Roots OopStorageSet                0.000 / 0.000         0.151 / 0.370         0.151 / 0.370         0.151 / 0.370       ms
[70.564s][info   ][gc,stats    ]    Subphase: Concurrent Weak Roots OopStorageSet           0.000 / 0.000         2.730 / 6.358         2.730 / 6.358         2.730 / 6.358       ms
[70.564s][info   ][gc,stats    ]    Subphase: Pause Mark Try Complete                       0.000 / 0.000         0.004 / 0.006         0.004 / 0.006         0.004 / 0.006       ms
[70.564s][info   ][gc,stats    ]      System: Java Threads                                      0 / 0                19 / 26               19 / 26               19 / 26          threads
[70.564s][info   ][gc,stats    ] =========================================================================================================================================================
[78.959s][info   ][gc,start    ] GC(6) Garbage Collection (Proactive)
[78.959s][info   ][gc,task     ] GC(6) Using 2 workers
[78.960s][info   ][gc,phases   ] GC(6) Pause Mark Start 0.076ms
[79.269s][info   ][gc,phases   ] GC(6) Concurrent Mark 309.076ms
[79.269s][info   ][gc,phases   ] GC(6) Pause Mark End 0.048ms
[79.270s][info   ][gc,phases   ] GC(6) Concurrent Mark Free 0.002ms
[79.294s][info   ][gc,phases   ] GC(6) Concurrent Process Non-Strong References 24.049ms
[79.294s][info   ][gc,phases   ] GC(6) Concurrent Reset Relocation Set 0.040ms
[79.306s][info   ][gc,phases   ] GC(6) Concurrent Select Relocation Set 11.894ms
[79.306s][info   ][gc,phases   ] GC(6) Pause Relocate Start 0.035ms
[79.338s][info   ][gc,phases   ] GC(6) Concurrent Relocate 31.368ms
[79.338s][info   ][gc,load     ] GC(6) Load: 0.00/0.00/0.00
[79.338s][info   ][gc,mmu      ] GC(6) MMU: 2ms/91.6%, 5ms/96.6%, 10ms/98.3%, 20ms/99.0%, 50ms/99.5%, 100ms/99.8%
[79.338s][info   ][gc,marking  ] GC(6) Mark: 2 stripe(s), 2 proactive flush(es), 1 terminate flush(es), 0 completion(s), 0 continuation(s) 
[79.338s][info   ][gc,marking  ] GC(6) Mark Stack Usage: 32M
[79.338s][info   ][gc,nmethod  ] GC(6) NMethods: 6868 registered, 2009 unregistered
[79.339s][info   ][gc,metaspace] GC(6) Metaspace: 111M used, 112M committed, 1152M reserved
[79.339s][info   ][gc,ref      ] GC(6) Soft: 22677 encountered, 0 discovered, 0 enqueued
[79.339s][info   ][gc,ref      ] GC(6) Weak: 11273 encountered, 2137 discovered, 1658 enqueued
[79.339s][info   ][gc,ref      ] GC(6) Final: 2 encountered, 0 discovered, 0 enqueued
[79.339s][info   ][gc,ref      ] GC(6) Phantom: 1382 encountered, 1158 discovered, 874 enqueued
[79.339s][info   ][gc,reloc    ] GC(6) Small Pages: 194 / 388M, Empty: 0M, Relocated: 18M, In-Place: 0
[79.339s][info   ][gc,reloc    ] GC(6) Medium Pages: 1 / 16M, Empty: 0M, Relocated: 0M, In-Place: 0
[79.339s][info   ][gc,reloc    ] GC(6) Large Pages: 0 / 0M, Empty: 0M, Relocated: 0M, In-Place: 0
[79.339s][info   ][gc,reloc    ] GC(6) Forwarding Usage: 7M
[79.339s][info   ][gc,heap     ] GC(6) Min Capacity: 512M(100%)
[79.339s][info   ][gc,heap     ] GC(6) Max Capacity: 512M(100%)
[79.339s][info   ][gc,heap     ] GC(6) Soft Max Capacity: 512M(100%)
[79.339s][info   ][gc,heap     ] GC(6)                Mark Start          Mark End        Relocate Start      Relocate End           High               Low         
[79.340s][info   ][gc,heap     ] GC(6)  Capacity:      512M (100%)        512M (100%)        512M (100%)        512M (100%)        512M (100%)        512M (100%)   
[79.340s][info   ][gc,heap     ] GC(6)      Free:      108M (21%)         102M (20%)          98M (19%)         408M (80%)         408M (80%)          94M (18%)    
[79.340s][info   ][gc,heap     ] GC(6)      Used:      404M (79%)         410M (80%)         414M (81%)         104M (20%)         418M (82%)         104M (20%)    
[79.340s][info   ][gc,heap     ] GC(6)      Live:         -                68M (13%)          68M (13%)          68M (13%)            -                  -          
[79.340s][info   ][gc,heap     ] GC(6) Allocated:         -                 6M (1%)           10M (2%)           11M (2%)             -                  -          
[79.340s][info   ][gc,heap     ] GC(6)   Garbage:         -               335M (65%)         335M (65%)          23M (5%)             -                  -          
[79.340s][info   ][gc,heap     ] GC(6) Reclaimed:         -                  -                 0M (0%)          311M (61%)            -                  -          
[79.340s][info   ][gc          ] GC(6) Garbage Collection (Proactive) 404M(79%)->104M(20%)
[80.559s][info   ][gc,stats    ] === Garbage Collection Statistics =======================================================================================================================
[80.559s][info   ][gc,stats    ]                                                              Last 10s              Last 10m              Last 10h                Total
[80.559s][info   ][gc,stats    ]                                                              Avg / Max             Avg / Max             Avg / Max             Avg / Max
[80.559s][info   ][gc,stats    ]   Collector: Garbage Collection Cycle                    378.910 / 378.910     206.490 / 378.910     206.490 / 378.910     206.490 / 378.910     ms
[80.559s][info   ][gc,stats    ]  Contention: Mark Segment Reset Contention                     0 / 0                 0 / 1                 0 / 1                 0 / 1           ops/s
[80.560s][info   ][gc,stats    ]  Contention: Mark SeqNum Reset Contention                      0 / 0                 0 / 0                 0 / 0                 0 / 0           ops/s
[80.560s][info   ][gc,stats    ]    Critical: Allocation Stall                                  0 / 0                 0 / 0                 0 / 0                 0 / 0           ops/s
[80.560s][info   ][gc,stats    ]    Critical: Allocation Stall                              0.000 / 0.000         0.000 / 0.000         0.000 / 0.000         0.000 / 0.000       ms
[80.560s][info   ][gc,stats    ]    Critical: GC Locker Stall                                   0 / 0                 0 / 0                 0 / 0                 0 / 0           ops/s
[80.560s][info   ][gc,stats    ]    Critical: GC Locker Stall                               0.000 / 0.000         0.000 / 0.000         0.000 / 0.000         0.000 / 0.000       ms
[80.560s][info   ][gc,stats    ]    Critical: Relocation Stall                                  0 / 0                 0 / 0                 0 / 0                 0 / 0           ops/s
[80.560s][info   ][gc,stats    ]    Critical: Relocation Stall                              0.000 / 0.000         0.000 / 0.000         0.000 / 0.000         0.000 / 0.000       ms
[80.561s][info   ][gc,stats    ]      Memory: Allocation Rate                                   2 / 12               14 / 68               14 / 68               14 / 68          MB/s
[80.561s][info   ][gc,stats    ]      Memory: Defragment                                        0 / 0                 0 / 0                 0 / 0                 0 / 0           ops/s
[80.561s][info   ][gc,stats    ]      Memory: Out Of Memory                                     0 / 0                 0 / 0                 0 / 0                 0 / 0           ops/s
[80.561s][info   ][gc,stats    ]      Memory: Page Cache Flush                                  0 / 0                 0 / 0                 0 / 0                 0 / 0           MB/s
[80.561s][info   ][gc,stats    ]      Memory: Page Cache Hit L1                                 2 / 16                5 / 28                5 / 28                5 / 28          ops/s
[80.561s][info   ][gc,stats    ]      Memory: Page Cache Hit L2                                 0 / 0                 0 / 0                 0 / 0                 0 / 0           ops/s
[80.561s][info   ][gc,stats    ]      Memory: Page Cache Hit L3                                 0 / 0                 2 / 26                2 / 26                2 / 26          ops/s
[80.562s][info   ][gc,stats    ]      Memory: Page Cache Miss                                   0 / 0                 0 / 1                 0 / 1                 0 / 1           ops/s
[80.562s][info   ][gc,stats    ]      Memory: Uncommit                                          0 / 0                 0 / 0                 0 / 0                 0 / 0           MB/s
[80.562s][info   ][gc,stats    ]      Memory: Undo Object Allocation Failed                     0 / 0                 0 / 0                 0 / 0                 0 / 0           ops/s
[80.562s][info   ][gc,stats    ]      Memory: Undo Object Allocation Succeeded                  0 / 0                 0 / 1                 0 / 1                 0 / 1           ops/s
[80.562s][info   ][gc,stats    ]      Memory: Undo Page Allocation                              0 / 0                 0 / 0                 0 / 0                 0 / 0           ops/s
[80.562s][info   ][gc,stats    ]       Phase: Concurrent Mark                             309.076 / 309.076     157.254 / 309.076     157.254 / 309.076     157.254 / 309.076     ms
[80.563s][info   ][gc,stats    ]       Phase: Concurrent Mark Continue                      0.000 / 0.000         0.000 / 0.000         0.000 / 0.000         0.000 / 0.000       ms
[80.563s][info   ][gc,stats    ]       Phase: Concurrent Mark Free                          0.002 / 0.002         0.002 / 0.004         0.002 / 0.004         0.002 / 0.004       ms
[80.563s][info   ][gc,stats    ]       Phase: Concurrent Process Non-Strong References     24.049 / 24.049       14.600 / 26.127       14.600 / 26.127       14.600 / 26.127      ms
[80.563s][info   ][gc,stats    ]       Phase: Concurrent Relocate                          31.368 / 31.368       20.638 / 32.634       20.638 / 32.634       20.638 / 32.634      ms
[80.563s][info   ][gc,stats    ]       Phase: Concurrent Reset Relocation Set               0.040 / 0.040         0.015 / 0.040         0.015 / 0.040         0.015 / 0.040       ms
[80.563s][info   ][gc,stats    ]       Phase: Concurrent Select Relocation Set             11.894 / 11.894        8.820 / 15.302        8.820 / 15.302        8.820 / 15.302      ms
[80.564s][info   ][gc,stats    ]       Phase: Pause Mark End                                0.048 / 0.048         0.048 / 0.168         0.048 / 0.168         0.048 / 0.168       ms
[80.564s][info   ][gc,stats    ]       Phase: Pause Mark Start                              0.076 / 0.076         0.029 / 0.076         0.029 / 0.076         0.029 / 0.076       ms
[80.564s][info   ][gc,stats    ]       Phase: Pause Relocate Start                          0.035 / 0.035         0.022 / 0.035         0.022 / 0.035         0.022 / 0.035       ms
[80.564s][info   ][gc,stats    ]    Subphase: Concurrent Classes Purge                      2.199 / 2.199         1.063 / 2.443         1.063 / 2.443         1.063 / 2.443       ms
[80.565s][info   ][gc,stats    ]    Subphase: Concurrent Classes Unlink                    15.649 / 15.649        9.681 / 16.360        9.681 / 16.360        9.681 / 16.360      ms
[80.565s][info   ][gc,stats    ]    Subphase: Concurrent Mark                             291.777 / 296.314     147.761 / 296.314     147.761 / 296.314     147.761 / 296.314     ms
[80.565s][info   ][gc,stats    ]    Subphase: Concurrent Mark Try Flush                     0.148 / 0.169         0.191 / 0.917         0.191 / 0.917         0.191 / 0.917       ms
[80.565s][info   ][gc,stats    ]    Subphase: Concurrent Mark Try Terminate                 4.341 / 12.887        3.427 / 15.112        3.427 / 15.112        3.427 / 15.112      ms
[80.565s][info   ][gc,stats    ]    Subphase: Concurrent References Enqueue                 0.011 / 0.011         0.011 / 0.012         0.011 / 0.012         0.011 / 0.012       ms
[80.565s][info   ][gc,stats    ]    Subphase: Concurrent References Process                 0.606 / 0.606         0.405 / 0.658         0.405 / 0.658         0.405 / 0.658       ms
[80.566s][info   ][gc,stats    ]    Subphase: Concurrent Roots ClassLoaderDataGraph         0.608 / 1.156         0.479 / 1.503         0.479 / 1.503         0.479 / 1.503       ms
[80.566s][info   ][gc,stats    ]    Subphase: Concurrent Roots CodeCache                    0.000 / 0.000         0.000 / 0.000         0.000 / 0.000         0.000 / 0.000       ms
[80.566s][info   ][gc,stats    ]    Subphase: Concurrent Roots JavaThreads                 11.445 / 12.237        4.060 / 12.237        4.060 / 12.237        4.060 / 12.237      ms
[80.566s][info   ][gc,stats    ]    Subphase: Concurrent Roots OopStorageSet                0.167 / 0.231         0.154 / 0.370         0.154 / 0.370         0.154 / 0.370       ms
[80.566s][info   ][gc,stats    ]    Subphase: Concurrent Weak Roots OopStorageSet           5.160 / 5.175         3.078 / 6.358         3.078 / 6.358         3.078 / 6.358       ms
[80.566s][info   ][gc,stats    ]    Subphase: Pause Mark Try Complete                       0.000 / 0.000         0.004 / 0.006         0.004 / 0.006         0.004 / 0.006       ms
[80.566s][info   ][gc,stats    ]      System: Java Threads                                     43 / 43               23 / 43               23 / 43               23 / 43          threads
[80.566s][info   ][gc,stats    ] =========================================================================================================================================================
[90.561s][info   ][gc,stats    ] === Garbage Collection Statistics =======================================================================================================================
[90.561s][info   ][gc,stats    ]                                                              Last 10s              Last 10m              Last 10h                Total
[90.561s][info   ][gc,stats    ]                                                              Avg / Max             Avg / Max             Avg / Max             Avg / Max
[90.562s][info   ][gc,stats    ]   Collector: Garbage Collection Cycle                      0.000 / 0.000       206.490 / 378.910     206.490 / 378.910     206.490 / 378.910     ms
[90.562s][info   ][gc,stats    ]  Contention: Mark Segment Reset Contention                     0 / 0                 0 / 1                 0 / 1                 0 / 1           ops/s
[90.562s][info   ][gc,stats    ]  Contention: Mark SeqNum Reset Contention                      0 / 0                 0 / 0                 0 / 0                 0 / 0           ops/s
[90.562s][info   ][gc,stats    ]    Critical: Allocation Stall                                  0 / 0                 0 / 0                 0 / 0                 0 / 0           ops/s
[90.562s][info   ][gc,stats    ]    Critical: Allocation Stall                              0.000 / 0.000         0.000 / 0.000         0.000 / 0.000         0.000 / 0.000       ms
[90.563s][info   ][gc,stats    ]    Critical: GC Locker Stall                                   0 / 0                 0 / 0                 0 / 0                 0 / 0           ops/s
[90.563s][info   ][gc,stats    ]    Critical: GC Locker Stall                               0.000 / 0.000         0.000 / 0.000         0.000 / 0.000         0.000 / 0.000       ms
[90.563s][info   ][gc,stats    ]    Critical: Relocation Stall                                  0 / 0                 0 / 0                 0 / 0                 0 / 0           ops/s
[90.563s][info   ][gc,stats    ]    Critical: Relocation Stall                              0.000 / 0.000         0.000 / 0.000         0.000 / 0.000         0.000 / 0.000       ms
[90.563s][info   ][gc,stats    ]      Memory: Allocation Rate                                   0 / 2                13 / 68               13 / 68               13 / 68          MB/s
[90.563s][info   ][gc,stats    ]      Memory: Defragment                                        0 / 0                 0 / 0                 0 / 0                 0 / 0           ops/s
[90.564s][info   ][gc,stats    ]      Memory: Out Of Memory                                     0 / 0                 0 / 0                 0 / 0                 0 / 0           ops/s
[90.564s][info   ][gc,stats    ]      Memory: Page Cache Flush                                  0 / 0                 0 / 0                 0 / 0                 0 / 0           MB/s
[90.564s][info   ][gc,stats    ]      Memory: Page Cache Hit L1                                 0 / 1                 4 / 28                4 / 28                4 / 28          ops/s
[90.564s][info   ][gc,stats    ]      Memory: Page Cache Hit L2                                 0 / 0                 0 / 0                 0 / 0                 0 / 0           ops/s
[90.564s][info   ][gc,stats    ]      Memory: Page Cache Hit L3                                 0 / 0                 2 / 26                2 / 26                2 / 26          ops/s
[90.564s][info   ][gc,stats    ]      Memory: Page Cache Miss                                   0 / 0                 0 / 1                 0 / 1                 0 / 1           ops/s
[90.564s][info   ][gc,stats    ]      Memory: Uncommit                                          0 / 0                 0 / 0                 0 / 0                 0 / 0           MB/s
[90.565s][info   ][gc,stats    ]      Memory: Undo Object Allocation Failed                     0 / 0                 0 / 0                 0 / 0                 0 / 0           ops/s
[90.565s][info   ][gc,stats    ]      Memory: Undo Object Allocation Succeeded                  0 / 0                 0 / 1                 0 / 1                 0 / 1           ops/s
[90.565s][info   ][gc,stats    ]      Memory: Undo Page Allocation                              0 / 0                 0 / 0                 0 / 0                 0 / 0           ops/s
[90.565s][info   ][gc,stats    ]       Phase: Concurrent Mark                               0.000 / 0.000       157.254 / 309.076     157.254 / 309.076     157.254 / 309.076     ms
[90.565s][info   ][gc,stats    ]       Phase: Concurrent Mark Continue                      0.000 / 0.000         0.000 / 0.000         0.000 / 0.000         0.000 / 0.000       ms
[90.565s][info   ][gc,stats    ]       Phase: Concurrent Mark Free                          0.000 / 0.000         0.002 / 0.004         0.002 / 0.004         0.002 / 0.004       ms
[90.566s][info   ][gc,stats    ]       Phase: Concurrent Process Non-Strong References      0.000 / 0.000        14.600 / 26.127       14.600 / 26.127       14.600 / 26.127      ms
[90.566s][info   ][gc,stats    ]       Phase: Concurrent Relocate                           0.000 / 0.000        20.638 / 32.634       20.638 / 32.634       20.638 / 32.634      ms
[90.566s][info   ][gc,stats    ]       Phase: Concurrent Reset Relocation Set               0.000 / 0.000         0.015 / 0.040         0.015 / 0.040         0.015 / 0.040       ms
[90.566s][info   ][gc,stats    ]       Phase: Concurrent Select Relocation Set              0.000 / 0.000         8.820 / 15.302        8.820 / 15.302        8.820 / 15.302      ms
[90.566s][info   ][gc,stats    ]       Phase: Pause Mark End                                0.000 / 0.000         0.048 / 0.168         0.048 / 0.168         0.048 / 0.168       ms
[90.567s][info   ][gc,stats    ]       Phase: Pause Mark Start                              0.000 / 0.000         0.029 / 0.076         0.029 / 0.076         0.029 / 0.076       ms
[90.567s][info   ][gc,stats    ]       Phase: Pause Relocate Start                          0.000 / 0.000         0.022 / 0.035         0.022 / 0.035         0.022 / 0.035       ms
[90.567s][info   ][gc,stats    ]    Subphase: Concurrent Classes Purge                      0.000 / 0.000         1.063 / 2.443         1.063 / 2.443         1.063 / 2.443       ms
[90.567s][info   ][gc,stats    ]    Subphase: Concurrent Classes Unlink                     0.000 / 0.000         9.681 / 16.360        9.681 / 16.360        9.681 / 16.360      ms
[90.567s][info   ][gc,stats    ]    Subphase: Concurrent Mark                               0.000 / 0.000       147.761 / 296.314     147.761 / 296.314     147.761 / 296.314     ms
[90.568s][info   ][gc,stats    ]    Subphase: Concurrent Mark Try Flush                     0.000 / 0.000         0.191 / 0.917         0.191 / 0.917         0.191 / 0.917       ms
[90.568s][info   ][gc,stats    ]    Subphase: Concurrent Mark Try Terminate                 0.000 / 0.000         3.427 / 15.112        3.427 / 15.112        3.427 / 15.112      ms
[90.568s][info   ][gc,stats    ]    Subphase: Concurrent References Enqueue                 0.000 / 0.000         0.011 / 0.012         0.011 / 0.012         0.011 / 0.012       ms
[90.568s][info   ][gc,stats    ]    Subphase: Concurrent References Process                 0.000 / 0.000         0.405 / 0.658         0.405 / 0.658         0.405 / 0.658       ms
[90.568s][info   ][gc,stats    ]    Subphase: Concurrent Roots ClassLoaderDataGraph         0.000 / 0.000         0.479 / 1.503         0.479 / 1.503         0.479 / 1.503       ms
[90.568s][info   ][gc,stats    ]    Subphase: Concurrent Roots CodeCache                    0.000 / 0.000         0.000 / 0.000         0.000 / 0.000         0.000 / 0.000       ms
[90.569s][info   ][gc,stats    ]    Subphase: Concurrent Roots JavaThreads                  0.000 / 0.000         4.060 / 12.237        4.060 / 12.237        4.060 / 12.237      ms
[90.569s][info   ][gc,stats    ]    Subphase: Concurrent Roots OopStorageSet                0.000 / 0.000         0.154 / 0.370         0.154 / 0.370         0.154 / 0.370       ms
[90.569s][info   ][gc,stats    ]    Subphase: Concurrent Weak Roots OopStorageSet           0.000 / 0.000         3.078 / 6.358         3.078 / 6.358         3.078 / 6.358       ms
[90.569s][info   ][gc,stats    ]    Subphase: Pause Mark Try Complete                       0.000 / 0.000         0.004 / 0.006         0.004 / 0.006         0.004 / 0.006       ms
[90.569s][info   ][gc,stats    ]      System: Java Threads                                      0 / 0                23 / 43               23 / 43               23 / 43          threads
[90.570s][info   ][gc,stats    ] =========================================================================================================================================================
[100.559s][info   ][gc,stats    ] === Garbage Collection Statistics =======================================================================================================================
[100.559s][info   ][gc,stats    ]                                                              Last 10s              Last 10m              Last 10h                Total
[100.559s][info   ][gc,stats    ]                                                              Avg / Max             Avg / Max             Avg / Max             Avg / Max
[100.560s][info   ][gc,stats    ]   Collector: Garbage Collection Cycle                      0.000 / 0.000       206.490 / 378.910     206.490 / 378.910     206.490 / 378.910     ms
[100.560s][info   ][gc,stats    ]  Contention: Mark Segment Reset Contention                     0 / 0                 0 / 1                 0 / 1                 0 / 1           ops/s
[100.560s][info   ][gc,stats    ]  Contention: Mark SeqNum Reset Contention                      0 / 0                 0 / 0                 0 / 0                 0 / 0           ops/s
[100.560s][info   ][gc,stats    ]    Critical: Allocation Stall                                  0 / 0                 0 / 0                 0 / 0                 0 / 0           ops/s
[100.560s][info   ][gc,stats    ]    Critical: Allocation Stall                              0.000 / 0.000         0.000 / 0.000         0.000 / 0.000         0.000 / 0.000       ms
[100.560s][info   ][gc,stats    ]    Critical: GC Locker Stall                                   0 / 0                 0 / 0                 0 / 0                 0 / 0           ops/s
[100.560s][info   ][gc,stats    ]    Critical: GC Locker Stall                               0.000 / 0.000         0.000 / 0.000         0.000 / 0.000         0.000 / 0.000       ms
[100.560s][info   ][gc,stats    ]    Critical: Relocation Stall                                  0 / 0                 0 / 0                 0 / 0                 0 / 0           ops/s
[100.561s][info   ][gc,stats    ]    Critical: Relocation Stall                              0.000 / 0.000         0.000 / 0.000         0.000 / 0.000         0.000 / 0.000       ms
[100.561s][info   ][gc,stats    ]      Memory: Allocation Rate                                   0 / 0                12 / 68               12 / 68               12 / 68          MB/s
[100.561s][info   ][gc,stats    ]      Memory: Defragment                                        0 / 0                 0 / 0                 0 / 0                 0 / 0           ops/s
[100.561s][info   ][gc,stats    ]      Memory: Out Of Memory                                     0 / 0                 0 / 0                 0 / 0                 0 / 0           ops/s
[100.561s][info   ][gc,stats    ]      Memory: Page Cache Flush                                  0 / 0                 0 / 0                 0 / 0                 0 / 0           MB/s
[100.562s][info   ][gc,stats    ]      Memory: Page Cache Hit L1                                 0 / 0                 4 / 28                4 / 28                4 / 28          ops/s
[100.562s][info   ][gc,stats    ]      Memory: Page Cache Hit L2                                 0 / 0                 0 / 0                 0 / 0                 0 / 0           ops/s
[100.562s][info   ][gc,stats    ]      Memory: Page Cache Hit L3                                 0 / 0                 2 / 26                2 / 26                2 / 26          ops/s
[100.562s][info   ][gc,stats    ]      Memory: Page Cache Miss                                   0 / 0                 0 / 1                 0 / 1                 0 / 1           ops/s
[100.562s][info   ][gc,stats    ]      Memory: Uncommit                                          0 / 0                 0 / 0                 0 / 0                 0 / 0           MB/s
[100.562s][info   ][gc,stats    ]      Memory: Undo Object Allocation Failed                     0 / 0                 0 / 0                 0 / 0                 0 / 0           ops/s
[100.562s][info   ][gc,stats    ]      Memory: Undo Object Allocation Succeeded                  0 / 0                 0 / 1                 0 / 1                 0 / 1           ops/s
[100.563s][info   ][gc,stats    ]      Memory: Undo Page Allocation                              0 / 0                 0 / 0                 0 / 0                 0 / 0           ops/s
[100.563s][info   ][gc,stats    ]       Phase: Concurrent Mark                               0.000 / 0.000       157.254 / 309.076     157.254 / 309.076     157.254 / 309.076     ms
[100.563s][info   ][gc,stats    ]       Phase: Concurrent Mark Continue                      0.000 / 0.000         0.000 / 0.000         0.000 / 0.000         0.000 / 0.000       ms
[100.563s][info   ][gc,stats    ]       Phase: Concurrent Mark Free                          0.000 / 0.000         0.002 / 0.004         0.002 / 0.004         0.002 / 0.004       ms
[100.563s][info   ][gc,stats    ]       Phase: Concurrent Process Non-Strong References      0.000 / 0.000        14.600 / 26.127       14.600 / 26.127       14.600 / 26.127      ms
[100.563s][info   ][gc,stats    ]       Phase: Concurrent Relocate                           0.000 / 0.000        20.638 / 32.634       20.638 / 32.634       20.638 / 32.634      ms
[100.564s][info   ][gc,stats    ]       Phase: Concurrent Reset Relocation Set               0.000 / 0.000         0.015 / 0.040         0.015 / 0.040         0.015 / 0.040       ms
[100.564s][info   ][gc,stats    ]       Phase: Concurrent Select Relocation Set              0.000 / 0.000         8.820 / 15.302        8.820 / 15.302        8.820 / 15.302      ms
[100.564s][info   ][gc,stats    ]       Phase: Pause Mark End                                0.000 / 0.000         0.048 / 0.168         0.048 / 0.168         0.048 / 0.168       ms
[100.564s][info   ][gc,stats    ]       Phase: Pause Mark Start                              0.000 / 0.000         0.029 / 0.076         0.029 / 0.076         0.029 / 0.076       ms
[100.564s][info   ][gc,stats    ]       Phase: Pause Relocate Start                          0.000 / 0.000         0.022 / 0.035         0.022 / 0.035         0.022 / 0.035       ms
[100.564s][info   ][gc,stats    ]    Subphase: Concurrent Classes Purge                      0.000 / 0.000         1.063 / 2.443         1.063 / 2.443         1.063 / 2.443       ms
[100.565s][info   ][gc,stats    ]    Subphase: Concurrent Classes Unlink                     0.000 / 0.000         9.681 / 16.360        9.681 / 16.360        9.681 / 16.360      ms
[100.565s][info   ][gc,stats    ]    Subphase: Concurrent Mark                               0.000 / 0.000       147.761 / 296.314     147.761 / 296.314     147.761 / 296.314     ms
[100.565s][info   ][gc,stats    ]    Subphase: Concurrent Mark Try Flush                     0.000 / 0.000         0.191 / 0.917         0.191 / 0.917         0.191 / 0.917       ms
[100.565s][info   ][gc,stats    ]    Subphase: Concurrent Mark Try Terminate                 0.000 / 0.000         3.427 / 15.112        3.427 / 15.112        3.427 / 15.112      ms
[100.565s][info   ][gc,stats    ]    Subphase: Concurrent References Enqueue                 0.000 / 0.000         0.011 / 0.012         0.011 / 0.012         0.011 / 0.012       ms
[100.566s][info   ][gc,stats    ]    Subphase: Concurrent References Process                 0.000 / 0.000         0.405 / 0.658         0.405 / 0.658         0.405 / 0.658       ms
[100.566s][info   ][gc,stats    ]    Subphase: Concurrent Roots ClassLoaderDataGraph         0.000 / 0.000         0.479 / 1.503         0.479 / 1.503         0.479 / 1.503       ms
[100.566s][info   ][gc,stats    ]    Subphase: Concurrent Roots CodeCache                    0.000 / 0.000         0.000 / 0.000         0.000 / 0.000         0.000 / 0.000       ms
[100.566s][info   ][gc,stats    ]    Subphase: Concurrent Roots JavaThreads                  0.000 / 0.000         4.060 / 12.237        4.060 / 12.237        4.060 / 12.237      ms
[100.566s][info   ][gc,stats    ]    Subphase: Concurrent Roots OopStorageSet                0.000 / 0.000         0.154 / 0.370         0.154 / 0.370         0.154 / 0.370       ms
[100.566s][info   ][gc,stats    ]    Subphase: Concurrent Weak Roots OopStorageSet           0.000 / 0.000         3.078 / 6.358         3.078 / 6.358         3.078 / 6.358       ms
[100.566s][info   ][gc,stats    ]    Subphase: Pause Mark Try Complete                       0.000 / 0.000         0.004 / 0.006         0.004 / 0.006         0.004 / 0.006       ms
[100.566s][info   ][gc,stats    ]      System: Java Threads                                      0 / 0                23 / 43               23 / 43               23 / 43          threads
[100.567s][info   ][gc,stats    ] =========================================================================================================================================================
[110.570s][info   ][gc,stats    ] === Garbage Collection Statistics =======================================================================================================================
[110.571s][info   ][gc,stats    ]                                                              Last 10s              Last 10m              Last 10h                Total
[110.571s][info   ][gc,stats    ]                                                              Avg / Max             Avg / Max             Avg / Max             Avg / Max
[110.571s][info   ][gc,stats    ]   Collector: Garbage Collection Cycle                      0.000 / 0.000       206.490 / 378.910     206.490 / 378.910     206.490 / 378.910     ms
[110.571s][info   ][gc,stats    ]  Contention: Mark Segment Reset Contention                     0 / 0                 0 / 1                 0 / 1                 0 / 1           ops/s
[110.571s][info   ][gc,stats    ]  Contention: Mark SeqNum Reset Contention                      0 / 0                 0 / 0                 0 / 0                 0 / 0           ops/s
[110.571s][info   ][gc,stats    ]    Critical: Allocation Stall                                  0 / 0                 0 / 0                 0 / 0                 0 / 0           ops/s
[110.572s][info   ][gc,stats    ]    Critical: Allocation Stall                              0.000 / 0.000         0.000 / 0.000         0.000 / 0.000         0.000 / 0.000       ms
[110.572s][info   ][gc,stats    ]    Critical: GC Locker Stall                                   0 / 0                 0 / 0                 0 / 0                 0 / 0           ops/s
[110.572s][info   ][gc,stats    ]    Critical: GC Locker Stall                               0.000 / 0.000         0.000 / 0.000         0.000 / 0.000         0.000 / 0.000       ms
[110.572s][info   ][gc,stats    ]    Critical: Relocation Stall                                  0 / 0                 0 / 0                 0 / 0                 0 / 0           ops/s
[110.572s][info   ][gc,stats    ]    Critical: Relocation Stall                              0.000 / 0.000         0.000 / 0.000         0.000 / 0.000         0.000 / 0.000       ms
[110.573s][info   ][gc,stats    ]      Memory: Allocation Rate                                   0 / 0                10 / 68               10 / 68               10 / 68          MB/s
[110.573s][info   ][gc,stats    ]      Memory: Defragment                                        0 / 0                 0 / 0                 0 / 0                 0 / 0           ops/s
[110.573s][info   ][gc,stats    ]      Memory: Out Of Memory                                     0 / 0                 0 / 0                 0 / 0                 0 / 0           ops/s
[110.573s][info   ][gc,stats    ]      Memory: Page Cache Flush                                  0 / 0                 0 / 0                 0 / 0                 0 / 0           MB/s
[110.573s][info   ][gc,stats    ]      Memory: Page Cache Hit L1                                 0 / 0                 3 / 28                3 / 28                3 / 28          ops/s
[110.573s][info   ][gc,stats    ]      Memory: Page Cache Hit L2                                 0 / 0                 0 / 0                 0 / 0                 0 / 0           ops/s
[110.574s][info   ][gc,stats    ]      Memory: Page Cache Hit L3                                 0 / 0                 1 / 26                1 / 26                1 / 26          ops/s
[110.574s][info   ][gc,stats    ]      Memory: Page Cache Miss                                   0 / 0                 0 / 1                 0 / 1                 0 / 1           ops/s
[110.574s][info   ][gc,stats    ]      Memory: Uncommit                                          0 / 0                 0 / 0                 0 / 0                 0 / 0           MB/s
[110.574s][info   ][gc,stats    ]      Memory: Undo Object Allocation Failed                     0 / 0                 0 / 0                 0 / 0                 0 / 0           ops/s
[110.574s][info   ][gc,stats    ]      Memory: Undo Object Allocation Succeeded                  0 / 0                 0 / 1                 0 / 1                 0 / 1           ops/s
[110.574s][info   ][gc,stats    ]      Memory: Undo Page Allocation                              0 / 0                 0 / 0                 0 / 0                 0 / 0           ops/s
[110.574s][info   ][gc,stats    ]       Phase: Concurrent Mark                               0.000 / 0.000       157.254 / 309.076     157.254 / 309.076     157.254 / 309.076     ms
[110.575s][info   ][gc,stats    ]       Phase: Concurrent Mark Continue                      0.000 / 0.000         0.000 / 0.000         0.000 / 0.000         0.000 / 0.000       ms
[110.575s][info   ][gc,stats    ]       Phase: Concurrent Mark Free                          0.000 / 0.000         0.002 / 0.004         0.002 / 0.004         0.002 / 0.004       ms
[110.575s][info   ][gc,stats    ]       Phase: Concurrent Process Non-Strong References      0.000 / 0.000        14.600 / 26.127       14.600 / 26.127       14.600 / 26.127      ms
[110.575s][info   ][gc,stats    ]       Phase: Concurrent Relocate                           0.000 / 0.000        20.638 / 32.634       20.638 / 32.634       20.638 / 32.634      ms
[110.575s][info   ][gc,stats    ]       Phase: Concurrent Reset Relocation Set               0.000 / 0.000         0.015 / 0.040         0.015 / 0.040         0.015 / 0.040       ms
[110.576s][info   ][gc,stats    ]       Phase: Concurrent Select Relocation Set              0.000 / 0.000         8.820 / 15.302        8.820 / 15.302        8.820 / 15.302      ms
[110.576s][info   ][gc,stats    ]       Phase: Pause Mark End                                0.000 / 0.000         0.048 / 0.168         0.048 / 0.168         0.048 / 0.168       ms
[110.576s][info   ][gc,stats    ]       Phase: Pause Mark Start                              0.000 / 0.000         0.029 / 0.076         0.029 / 0.076         0.029 / 0.076       ms
[110.576s][info   ][gc,stats    ]       Phase: Pause Relocate Start                          0.000 / 0.000         0.022 / 0.035         0.022 / 0.035         0.022 / 0.035       ms
[110.576s][info   ][gc,stats    ]    Subphase: Concurrent Classes Purge                      0.000 / 0.000         1.063 / 2.443         1.063 / 2.443         1.063 / 2.443       ms
[110.576s][info   ][gc,stats    ]    Subphase: Concurrent Classes Unlink                     0.000 / 0.000         9.681 / 16.360        9.681 / 16.360        9.681 / 16.360      ms
[110.577s][info   ][gc,stats    ]    Subphase: Concurrent Mark                               0.000 / 0.000       147.761 / 296.314     147.761 / 296.314     147.761 / 296.314     ms
[110.577s][info   ][gc,stats    ]    Subphase: Concurrent Mark Try Flush                     0.000 / 0.000         0.191 / 0.917         0.191 / 0.917         0.191 / 0.917       ms
[110.577s][info   ][gc,stats    ]    Subphase: Concurrent Mark Try Terminate                 0.000 / 0.000         3.427 / 15.112        3.427 / 15.112        3.427 / 15.112      ms
[110.577s][info   ][gc,stats    ]    Subphase: Concurrent References Enqueue                 0.000 / 0.000         0.011 / 0.012         0.011 / 0.012         0.011 / 0.012       ms
[110.577s][info   ][gc,stats    ]    Subphase: Concurrent References Process                 0.000 / 0.000         0.405 / 0.658         0.405 / 0.658         0.405 / 0.658       ms
[110.578s][info   ][gc,stats    ]    Subphase: Concurrent Roots ClassLoaderDataGraph         0.000 / 0.000         0.479 / 1.503         0.479 / 1.503         0.479 / 1.503       ms
[110.578s][info   ][gc,stats    ]    Subphase: Concurrent Roots CodeCache                    0.000 / 0.000         0.000 / 0.000         0.000 / 0.000         0.000 / 0.000       ms
[110.578s][info   ][gc,stats    ]    Subphase: Concurrent Roots JavaThreads                  0.000 / 0.000         4.060 / 12.237        4.060 / 12.237        4.060 / 12.237      ms
[110.578s][info   ][gc,stats    ]    Subphase: Concurrent Roots OopStorageSet                0.000 / 0.000         0.154 / 0.370         0.154 / 0.370         0.154 / 0.370       ms
[110.578s][info   ][gc,stats    ]    Subphase: Concurrent Weak Roots OopStorageSet           0.000 / 0.000         3.078 / 6.358         3.078 / 6.358         3.078 / 6.358       ms
[110.578s][info   ][gc,stats    ]    Subphase: Pause Mark Try Complete                       0.000 / 0.000         0.004 / 0.006         0.004 / 0.006         0.004 / 0.006       ms
[110.579s][info   ][gc,stats    ]      System: Java Threads                                      0 / 0                23 / 43               23 / 43               23 / 43          threads
[110.579s][info   ][gc,stats    ] =========================================================================================================================================================
[120.563s][info   ][gc,stats    ] === Garbage Collection Statistics =======================================================================================================================
[120.563s][info   ][gc,stats    ]                                                              Last 10s              Last 10m              Last 10h                Total
[120.563s][info   ][gc,stats    ]                                                              Avg / Max             Avg / Max             Avg / Max             Avg / Max
[120.563s][info   ][gc,stats    ]   Collector: Garbage Collection Cycle                      0.000 / 0.000       206.490 / 378.910     206.490 / 378.910     206.490 / 378.910     ms
[120.563s][info   ][gc,stats    ]  Contention: Mark Segment Reset Contention                     0 / 0                 0 / 1                 0 / 1                 0 / 1           ops/s
[120.563s][info   ][gc,stats    ]  Contention: Mark SeqNum Reset Contention                      0 / 0                 0 / 0                 0 / 0                 0 / 0           ops/s
[120.563s][info   ][gc,stats    ]    Critical: Allocation Stall                                  0 / 0                 0 / 0                 0 / 0                 0 / 0           ops/s
[120.563s][info   ][gc,stats    ]    Critical: Allocation Stall                              0.000 / 0.000         0.000 / 0.000         0.000 / 0.000         0.000 / 0.000       ms
[120.563s][info   ][gc,stats    ]    Critical: GC Locker Stall                                   0 / 0                 0 / 0                 0 / 0                 0 / 0           ops/s
[120.564s][info   ][gc,stats    ]    Critical: GC Locker Stall                               0.000 / 0.000         0.000 / 0.000         0.000 / 0.000         0.000 / 0.000       ms
[120.564s][info   ][gc,stats    ]    Critical: Relocation Stall                                  0 / 0                 0 / 0                 0 / 0                 0 / 0           ops/s
[120.564s][info   ][gc,stats    ]    Critical: Relocation Stall                              0.000 / 0.000         0.000 / 0.000         0.000 / 0.000         0.000 / 0.000       ms
[120.564s][info   ][gc,stats    ]      Memory: Allocation Rate                                   0 / 2                10 / 68               10 / 68               10 / 68          MB/s
[120.564s][info   ][gc,stats    ]      Memory: Defragment                                        0 / 0                 0 / 0                 0 / 0                 0 / 0           ops/s
[120.564s][info   ][gc,stats    ]      Memory: Out Of Memory                                     0 / 0                 0 / 0                 0 / 0                 0 / 0           ops/s
[120.564s][info   ][gc,stats    ]      Memory: Page Cache Flush                                  0 / 0                 0 / 0                 0 / 0                 0 / 0           MB/s
[120.564s][info   ][gc,stats    ]      Memory: Page Cache Hit L1                                 0 / 1                 3 / 28                3 / 28                3 / 28          ops/s
[120.564s][info   ][gc,stats    ]      Memory: Page Cache Hit L2                                 0 / 0                 0 / 0                 0 / 0                 0 / 0           ops/s
[120.564s][info   ][gc,stats    ]      Memory: Page Cache Hit L3                                 0 / 0                 1 / 26                1 / 26                1 / 26          ops/s
[120.564s][info   ][gc,stats    ]      Memory: Page Cache Miss                                   0 / 0                 0 / 1                 0 / 1                 0 / 1           ops/s
[120.564s][info   ][gc,stats    ]      Memory: Uncommit                                          0 / 0                 0 / 0                 0 / 0                 0 / 0           MB/s
[120.564s][info   ][gc,stats    ]      Memory: Undo Object Allocation Failed                     0 / 0                 0 / 0                 0 / 0                 0 / 0           ops/s
[120.564s][info   ][gc,stats    ]      Memory: Undo Object Allocation Succeeded                  0 / 0                 0 / 1                 0 / 1                 0 / 1           ops/s
[120.564s][info   ][gc,stats    ]      Memory: Undo Page Allocation                              0 / 0                 0 / 0                 0 / 0                 0 / 0           ops/s
[120.564s][info   ][gc,stats    ]       Phase: Concurrent Mark                               0.000 / 0.000       157.254 / 309.076     157.254 / 309.076     157.254 / 309.076     ms
[120.564s][info   ][gc,stats    ]       Phase: Concurrent Mark Continue                      0.000 / 0.000         0.000 / 0.000         0.000 / 0.000         0.000 / 0.000       ms
[120.565s][info   ][gc,stats    ]       Phase: Concurrent Mark Free                          0.000 / 0.000         0.002 / 0.004         0.002 / 0.004         0.002 / 0.004       ms
[120.565s][info   ][gc,stats    ]       Phase: Concurrent Process Non-Strong References      0.000 / 0.000        14.600 / 26.127       14.600 / 26.127       14.600 / 26.127      ms
[120.565s][info   ][gc,stats    ]       Phase: Concurrent Relocate                           0.000 / 0.000        20.638 / 32.634       20.638 / 32.634       20.638 / 32.634      ms
[120.565s][info   ][gc,stats    ]       Phase: Concurrent Reset Relocation Set               0.000 / 0.000         0.015 / 0.040         0.015 / 0.040         0.015 / 0.040       ms
[120.565s][info   ][gc,stats    ]       Phase: Concurrent Select Relocation Set              0.000 / 0.000         8.820 / 15.302        8.820 / 15.302        8.820 / 15.302      ms
[120.565s][info   ][gc,stats    ]       Phase: Pause Mark End                                0.000 / 0.000         0.048 / 0.168         0.048 / 0.168         0.048 / 0.168       ms
[120.565s][info   ][gc,stats    ]       Phase: Pause Mark Start                              0.000 / 0.000         0.029 / 0.076         0.029 / 0.076         0.029 / 0.076       ms
[120.565s][info   ][gc,stats    ]       Phase: Pause Relocate Start                          0.000 / 0.000         0.022 / 0.035         0.022 / 0.035         0.022 / 0.035       ms
[120.565s][info   ][gc,stats    ]    Subphase: Concurrent Classes Purge                      0.000 / 0.000         1.063 / 2.443         1.063 / 2.443         1.063 / 2.443       ms
[120.566s][info   ][gc,stats    ]    Subphase: Concurrent Classes Unlink                     0.000 / 0.000         9.681 / 16.360        9.681 / 16.360        9.681 / 16.360      ms
[120.566s][info   ][gc,stats    ]    Subphase: Concurrent Mark                               0.000 / 0.000       147.761 / 296.314     147.761 / 296.314     147.761 / 296.314     ms
[120.566s][info   ][gc,stats    ]    Subphase: Concurrent Mark Try Flush                     0.000 / 0.000         0.191 / 0.917         0.191 / 0.917         0.191 / 0.917       ms
[120.566s][info   ][gc,stats    ]    Subphase: Concurrent Mark Try Terminate                 0.000 / 0.000         3.427 / 15.112        3.427 / 15.112        3.427 / 15.112      ms
[120.566s][info   ][gc,stats    ]    Subphase: Concurrent References Enqueue                 0.000 / 0.000         0.011 / 0.012         0.011 / 0.012         0.011 / 0.012       ms
[120.566s][info   ][gc,stats    ]    Subphase: Concurrent References Process                 0.000 / 0.000         0.405 / 0.658         0.405 / 0.658         0.405 / 0.658       ms
[120.566s][info   ][gc,stats    ]    Subphase: Concurrent Roots ClassLoaderDataGraph         0.000 / 0.000         0.479 / 1.503         0.479 / 1.503         0.479 / 1.503       ms
[120.566s][info   ][gc,stats    ]    Subphase: Concurrent Roots CodeCache                    0.000 / 0.000         0.000 / 0.000         0.000 / 0.000         0.000 / 0.000       ms
[120.566s][info   ][gc,stats    ]    Subphase: Concurrent Roots JavaThreads                  0.000 / 0.000         4.060 / 12.237        4.060 / 12.237        4.060 / 12.237      ms
[120.566s][info   ][gc,stats    ]    Subphase: Concurrent Roots OopStorageSet                0.000 / 0.000         0.154 / 0.370         0.154 / 0.370         0.154 / 0.370       ms
[120.566s][info   ][gc,stats    ]    Subphase: Concurrent Weak Roots OopStorageSet           0.000 / 0.000         3.078 / 6.358         3.078 / 6.358         3.078 / 6.358       ms
[120.566s][info   ][gc,stats    ]    Subphase: Pause Mark Try Complete                       0.000 / 0.000         0.004 / 0.006         0.004 / 0.006         0.004 / 0.006       ms
[120.566s][info   ][gc,stats    ]      System: Java Threads                                      0 / 0                23 / 43               23 / 43               23 / 43          threads
[120.566s][info   ][gc,stats    ] =========================================================================================================================================================
[130.556s][info   ][gc,stats    ] === Garbage Collection Statistics =======================================================================================================================
[130.557s][info   ][gc,stats    ]                                                              Last 10s              Last 10m              Last 10h                Total
[130.557s][info   ][gc,stats    ]                                                              Avg / Max             Avg / Max             Avg / Max             Avg / Max
[130.557s][info   ][gc,stats    ]   Collector: Garbage Collection Cycle                      0.000 / 0.000       206.490 / 378.910     206.490 / 378.910     206.490 / 378.910     ms
[130.557s][info   ][gc,stats    ]  Contention: Mark Segment Reset Contention                     0 / 0                 0 / 1                 0 / 1                 0 / 1           ops/s
[130.557s][info   ][gc,stats    ]  Contention: Mark SeqNum Reset Contention                      0 / 0                 0 / 0                 0 / 0                 0 / 0           ops/s
[130.557s][info   ][gc,stats    ]    Critical: Allocation Stall                                  0 / 0                 0 / 0                 0 / 0                 0 / 0           ops/s
[130.557s][info   ][gc,stats    ]    Critical: Allocation Stall                              0.000 / 0.000         0.000 / 0.000         0.000 / 0.000         0.000 / 0.000       ms
[130.557s][info   ][gc,stats    ]    Critical: GC Locker Stall                                   0 / 0                 0 / 0                 0 / 0                 0 / 0           ops/s
[130.557s][info   ][gc,stats    ]    Critical: GC Locker Stall                               0.000 / 0.000         0.000 / 0.000         0.000 / 0.000         0.000 / 0.000       ms
[130.557s][info   ][gc,stats    ]    Critical: Relocation Stall                                  0 / 0                 0 / 0                 0 / 0                 0 / 0           ops/s
[130.557s][info   ][gc,stats    ]    Critical: Relocation Stall                              0.000 / 0.000         0.000 / 0.000         0.000 / 0.000         0.000 / 0.000       ms
[130.557s][info   ][gc,stats    ]      Memory: Allocation Rate                                   0 / 0                 9 / 68                9 / 68                9 / 68          MB/s
[130.557s][info   ][gc,stats    ]      Memory: Defragment                                        0 / 0                 0 / 0                 0 / 0                 0 / 0           ops/s
[130.557s][info   ][gc,stats    ]      Memory: Out Of Memory                                     0 / 0                 0 / 0                 0 / 0                 0 / 0           ops/s
[130.557s][info   ][gc,stats    ]      Memory: Page Cache Flush                                  0 / 0                 0 / 0                 0 / 0                 0 / 0           MB/s
[130.557s][info   ][gc,stats    ]      Memory: Page Cache Hit L1                                 0 / 0                 3 / 28                3 / 28                3 / 28          ops/s
[130.557s][info   ][gc,stats    ]      Memory: Page Cache Hit L2                                 0 / 0                 0 / 0                 0 / 0                 0 / 0           ops/s
[130.557s][info   ][gc,stats    ]      Memory: Page Cache Hit L3                                 0 / 0                 1 / 26                1 / 26                1 / 26          ops/s
[130.557s][info   ][gc,stats    ]      Memory: Page Cache Miss                                   0 / 0                 0 / 1                 0 / 1                 0 / 1           ops/s
[130.557s][info   ][gc,stats    ]      Memory: Uncommit                                          0 / 0                 0 / 0                 0 / 0                 0 / 0           MB/s
[130.557s][info   ][gc,stats    ]      Memory: Undo Object Allocation Failed                     0 / 0                 0 / 0                 0 / 0                 0 / 0           ops/s
[130.557s][info   ][gc,stats    ]      Memory: Undo Object Allocation Succeeded                  0 / 0                 0 / 1                 0 / 1                 0 / 1           ops/s
[130.557s][info   ][gc,stats    ]      Memory: Undo Page Allocation                              0 / 0                 0 / 0                 0 / 0                 0 / 0           ops/s
[130.557s][info   ][gc,stats    ]       Phase: Concurrent Mark                               0.000 / 0.000       157.254 / 309.076     157.254 / 309.076     157.254 / 309.076     ms
[130.558s][info   ][gc,stats    ]       Phase: Concurrent Mark Continue                      0.000 / 0.000         0.000 / 0.000         0.000 / 0.000         0.000 / 0.000       ms
[130.558s][info   ][gc,stats    ]       Phase: Concurrent Mark Free                          0.000 / 0.000         0.002 / 0.004         0.002 / 0.004         0.002 / 0.004       ms
[130.558s][info   ][gc,stats    ]       Phase: Concurrent Process Non-Strong References      0.000 / 0.000        14.600 / 26.127       14.600 / 26.127       14.600 / 26.127      ms
[130.558s][info   ][gc,stats    ]       Phase: Concurrent Relocate                           0.000 / 0.000        20.638 / 32.634       20.638 / 32.634       20.638 / 32.634      ms
[130.558s][info   ][gc,stats    ]       Phase: Concurrent Reset Relocation Set               0.000 / 0.000         0.015 / 0.040         0.015 / 0.040         0.015 / 0.040       ms
[130.558s][info   ][gc,stats    ]       Phase: Concurrent Select Relocation Set              0.000 / 0.000         8.820 / 15.302        8.820 / 15.302        8.820 / 15.302      ms
[130.558s][info   ][gc,stats    ]       Phase: Pause Mark End                                0.000 / 0.000         0.048 / 0.168         0.048 / 0.168         0.048 / 0.168       ms
[130.558s][info   ][gc,stats    ]       Phase: Pause Mark Start                              0.000 / 0.000         0.029 / 0.076         0.029 / 0.076         0.029 / 0.076       ms
[130.558s][info   ][gc,stats    ]       Phase: Pause Relocate Start                          0.000 / 0.000         0.022 / 0.035         0.022 / 0.035         0.022 / 0.035       ms
[130.558s][info   ][gc,stats    ]    Subphase: Concurrent Classes Purge                      0.000 / 0.000         1.063 / 2.443         1.063 / 2.443         1.063 / 2.443       ms
[130.558s][info   ][gc,stats    ]    Subphase: Concurrent Classes Unlink                     0.000 / 0.000         9.681 / 16.360        9.681 / 16.360        9.681 / 16.360      ms
[130.558s][info   ][gc,stats    ]    Subphase: Concurrent Mark                               0.000 / 0.000       147.761 / 296.314     147.761 / 296.314     147.761 / 296.314     ms
[130.558s][info   ][gc,stats    ]    Subphase: Concurrent Mark Try Flush                     0.000 / 0.000         0.191 / 0.917         0.191 / 0.917         0.191 / 0.917       ms
[130.558s][info   ][gc,stats    ]    Subphase: Concurrent Mark Try Terminate                 0.000 / 0.000         3.427 / 15.112        3.427 / 15.112        3.427 / 15.112      ms
[130.558s][info   ][gc,stats    ]    Subphase: Concurrent References Enqueue                 0.000 / 0.000         0.011 / 0.012         0.011 / 0.012         0.011 / 0.012       ms
[130.558s][info   ][gc,stats    ]    Subphase: Concurrent References Process                 0.000 / 0.000         0.405 / 0.658         0.405 / 0.658         0.405 / 0.658       ms
[130.559s][info   ][gc,stats    ]    Subphase: Concurrent Roots ClassLoaderDataGraph         0.000 / 0.000         0.479 / 1.503         0.479 / 1.503         0.479 / 1.503       ms
[130.559s][info   ][gc,stats    ]    Subphase: Concurrent Roots CodeCache                    0.000 / 0.000         0.000 / 0.000         0.000 / 0.000         0.000 / 0.000       ms
[130.559s][info   ][gc,stats    ]    Subphase: Concurrent Roots JavaThreads                  0.000 / 0.000         4.060 / 12.237        4.060 / 12.237        4.060 / 12.237      ms
[130.559s][info   ][gc,stats    ]    Subphase: Concurrent Roots OopStorageSet                0.000 / 0.000         0.154 / 0.370         0.154 / 0.370         0.154 / 0.370       ms
[130.559s][info   ][gc,stats    ]    Subphase: Concurrent Weak Roots OopStorageSet           0.000 / 0.000         3.078 / 6.358         3.078 / 6.358         3.078 / 6.358       ms
[130.559s][info   ][gc,stats    ]    Subphase: Pause Mark Try Complete                       0.000 / 0.000         0.004 / 0.006         0.004 / 0.006         0.004 / 0.006       ms
[130.559s][info   ][gc,stats    ]      System: Java Threads                                      0 / 0                23 / 43               23 / 43               23 / 43          threads
[130.559s][info   ][gc,stats    ] =========================================================================================================================================================
[132.656s][info   ][gc,start    ] GC(7) Garbage Collection (Proactive)
[132.656s][info   ][gc,task     ] GC(7) Using 2 workers
[132.657s][info   ][gc,phases   ] GC(7) Pause Mark Start 0.026ms
[132.902s][info   ][gc,phases   ] GC(7) Concurrent Mark 244.431ms
[132.902s][info   ][gc,phases   ] GC(7) Pause Mark End 0.038ms
[132.902s][info   ][gc,phases   ] GC(7) Concurrent Mark Free 0.001ms
[132.954s][info   ][gc,phases   ] GC(7) Concurrent Process Non-Strong References 51.987ms
[132.954s][info   ][gc,phases   ] GC(7) Concurrent Reset Relocation Set 0.040ms
[132.962s][info   ][gc,phases   ] GC(7) Concurrent Select Relocation Set 7.405ms
[132.962s][info   ][gc,phases   ] GC(7) Pause Relocate Start 0.043ms
[132.981s][info   ][gc,phases   ] GC(7) Concurrent Relocate 13.563ms
[132.982s][info   ][gc,load     ] GC(7) Load: 0.00/0.00/0.00
[132.982s][info   ][gc,mmu      ] GC(7) MMU: 2ms/91.6%, 5ms/96.6%, 10ms/98.3%, 20ms/99.0%, 50ms/99.5%, 100ms/99.8%
[132.982s][info   ][gc,marking  ] GC(7) Mark: 2 stripe(s), 2 proactive flush(es), 1 terminate flush(es), 0 completion(s), 0 continuation(s) 
[132.982s][info   ][gc,marking  ] GC(7) Mark Stack Usage: 32M
[132.982s][info   ][gc,nmethod  ] GC(7) NMethods: 7318 registered, 2017 unregistered
[132.982s][info   ][gc,metaspace] GC(7) Metaspace: 117M used, 118M committed, 1152M reserved
[132.982s][info   ][gc,ref      ] GC(7) Soft: 22912 encountered, 0 discovered, 0 enqueued
[132.982s][info   ][gc,ref      ] GC(7) Weak: 10778 encountered, 1959 discovered, 813 enqueued
[132.982s][info   ][gc,ref      ] GC(7) Final: 2 encountered, 0 discovered, 0 enqueued
[132.982s][info   ][gc,ref      ] GC(7) Phantom: 655 encountered, 405 discovered, 138 enqueued
[132.982s][info   ][gc,reloc    ] GC(7) Small Pages: 62 / 124M, Empty: 0M, Relocated: 6M, In-Place: 0
[132.982s][info   ][gc,reloc    ] GC(7) Medium Pages: 2 / 32M, Empty: 16M, Relocated: 0M, In-Place: 0
[132.982s][info   ][gc,reloc    ] GC(7) Large Pages: 0 / 0M, Empty: 0M, Relocated: 0M, In-Place: 0
[132.982s][info   ][gc,reloc    ] GC(7) Forwarding Usage: 2M
[132.982s][info   ][gc,heap     ] GC(7) Min Capacity: 512M(100%)
[132.982s][info   ][gc,heap     ] GC(7) Max Capacity: 512M(100%)
[132.982s][info   ][gc,heap     ] GC(7) Soft Max Capacity: 512M(100%)
[132.982s][info   ][gc,heap     ] GC(7)                Mark Start          Mark End        Relocate Start      Relocate End           High               Low         
[132.982s][info   ][gc,heap     ] GC(7)  Capacity:      512M (100%)        512M (100%)        512M (100%)        512M (100%)        512M (100%)        512M (100%)   
[132.983s][info   ][gc,heap     ] GC(7)      Free:      356M (70%)         340M (66%)         354M (69%)         400M (78%)         400M (78%)         338M (66%)    
[132.983s][info   ][gc,heap     ] GC(7)      Used:      156M (30%)         172M (34%)         158M (31%)         112M (22%)         174M (34%)         112M (22%)    
[132.983s][info   ][gc,heap     ] GC(7)      Live:         -                71M (14%)          71M (14%)          71M (14%)            -                  -          
[132.983s][info   ][gc,heap     ] GC(7) Allocated:         -                16M (3%)           18M (4%)           17M (4%)             -                  -          
[132.983s][info   ][gc,heap     ] GC(7)   Garbage:         -                84M (17%)          68M (13%)          23M (4%)             -                  -          
[132.983s][info   ][gc,heap     ] GC(7) Reclaimed:         -                  -                16M (3%)           61M (12%)            -                  -          
[132.983s][info   ][gc          ] GC(7) Garbage Collection (Proactive) 156M(30%)->112M(22%)
[137.254s][info   ][gc,start    ] GC(8) Garbage Collection (CodeCache GC Threshold)
[137.254s][info   ][gc,task     ] GC(8) Using 2 workers
[137.270s][info   ][gc,phases   ] GC(8) Pause Mark Start 0.036ms
[138.644s][info   ][gc,phases   ] GC(8) Concurrent Mark 1368.752ms
[138.655s][info   ][gc,phases   ] GC(8) Pause Mark End 0.174ms
[138.668s][info   ][gc,phases   ] GC(8) Concurrent Mark Free 0.004ms
[138.921s][info   ][gc,phases   ] GC(8) Concurrent Process Non-Strong References 253.593ms
[138.922s][info   ][gc,phases   ] GC(8) Concurrent Reset Relocation Set 0.008ms
[138.926s][info   ][gc,phases   ] GC(8) Concurrent Select Relocation Set 4.282ms
[138.961s][info   ][gc,phases   ] GC(8) Pause Relocate Start 0.033ms
[138.972s][info   ][gc,phases   ] GC(8) Concurrent Relocate 8.395ms
[138.972s][info   ][gc,load     ] GC(8) Load: 0.00/0.00/0.00
[138.972s][info   ][gc,mmu      ] GC(8) MMU: 2ms/91.3%, 5ms/96.5%, 10ms/98.3%, 20ms/99.0%, 50ms/99.5%, 100ms/99.8%
[138.972s][info   ][gc,marking  ] GC(8) Mark: 2 stripe(s), 10 proactive flush(es), 3 terminate flush(es), 1 completion(s), 0 continuation(s) 
[138.972s][info   ][gc,marking  ] GC(8) Mark Stack Usage: 32M
[138.972s][info   ][gc,nmethod  ] GC(8) NMethods: 7624 registered, 2768 unregistered
[138.972s][info   ][gc,metaspace] GC(8) Metaspace: 123M used, 124M committed, 1152M reserved
[138.972s][info   ][gc,ref      ] GC(8) Soft: 23267 encountered, 0 discovered, 0 enqueued
[138.972s][info   ][gc,ref      ] GC(8) Weak: 12001 encountered, 2315 discovered, 932 enqueued
[138.972s][info   ][gc,ref      ] GC(8) Final: 35 encountered, 0 discovered, 0 enqueued
[138.973s][info   ][gc,ref      ] GC(8) Phantom: 1309 encountered, 1081 discovered, 747 enqueued
[138.973s][info   ][gc,reloc    ] GC(8) Small Pages: 80 / 160M, Empty: 0M, Relocated: 6M, In-Place: 0
[138.973s][info   ][gc,reloc    ] GC(8) Medium Pages: 1 / 16M, Empty: 0M, Relocated: 0M, In-Place: 0
[138.973s][info   ][gc,reloc    ] GC(8) Large Pages: 0 / 0M, Empty: 0M, Relocated: 0M, In-Place: 0
[138.973s][info   ][gc,reloc    ] GC(8) Forwarding Usage: 1M
[138.973s][info   ][gc,heap     ] GC(8) Min Capacity: 512M(100%)
[138.973s][info   ][gc,heap     ] GC(8) Max Capacity: 512M(100%)
[138.973s][info   ][gc,heap     ] GC(8) Soft Max Capacity: 512M(100%)
[138.973s][info   ][gc,heap     ] GC(8)                Mark Start          Mark End        Relocate Start      Relocate End           High               Low         
[138.973s][info   ][gc,heap     ] GC(8)  Capacity:      512M (100%)        512M (100%)        512M (100%)        512M (100%)        512M (100%)        512M (100%)   
[138.973s][info   ][gc,heap     ] GC(8)      Free:      336M (66%)         302M (59%)         298M (58%)         374M (73%)         374M (73%)         294M (57%)    
[138.973s][info   ][gc,heap     ] GC(8)      Used:      176M (34%)         210M (41%)         214M (42%)         138M (27%)         218M (43%)         138M (27%)    
[138.973s][info   ][gc,heap     ] GC(8)      Live:         -                76M (15%)          76M (15%)          76M (15%)            -                  -          
[138.973s][info   ][gc,heap     ] GC(8) Allocated:         -                34M (7%)           38M (7%)           37M (7%)             -                  -          
[138.973s][info   ][gc,heap     ] GC(8)   Garbage:         -                99M (19%)          99M (19%)          23M (5%)             -                  -          
[138.973s][info   ][gc,heap     ] GC(8) Reclaimed:         -                  -                 0M (0%)           75M (15%)            -                  -          
[138.973s][info   ][gc          ] GC(8) Garbage Collection (CodeCache GC Threshold) 176M(34%)->138M(27%)
[140.556s][info   ][gc,stats    ] === Garbage Collection Statistics =======================================================================================================================
[140.556s][info   ][gc,stats    ]                                                              Last 10s              Last 10m              Last 10h                Total
[140.556s][info   ][gc,stats    ]                                                              Avg / Max             Avg / Max             Avg / Max             Avg / Max
[140.556s][info   ][gc,stats    ]   Collector: Garbage Collection Cycle                   1021.600 / 1717.876    387.625 / 1717.876    387.625 / 1717.876    387.625 / 1717.876    ms
[140.557s][info   ][gc,stats    ]  Contention: Mark Segment Reset Contention                     0 / 0                 0 / 1                 0 / 1                 0 / 1           ops/s
[140.557s][info   ][gc,stats    ]  Contention: Mark SeqNum Reset Contention                      0 / 0                 0 / 0                 0 / 0                 0 / 0           ops/s
[140.557s][info   ][gc,stats    ]    Critical: Allocation Stall                                  0 / 0                 0 / 0                 0 / 0                 0 / 0           ops/s
[140.557s][info   ][gc,stats    ]    Critical: Allocation Stall                              0.000 / 0.000         0.000 / 0.000         0.000 / 0.000         0.000 / 0.000       ms
[140.557s][info   ][gc,stats    ]    Critical: GC Locker Stall                                   0 / 0                 0 / 0                 0 / 0                 0 / 0           ops/s
[140.557s][info   ][gc,stats    ]    Critical: GC Locker Stall                               0.000 / 0.000         0.000 / 0.000         0.000 / 0.000         0.000 / 0.000       ms
[140.557s][info   ][gc,stats    ]    Critical: Relocation Stall                                  0 / 0                 0 / 0                 0 / 0                 0 / 0           ops/s
[140.557s][info   ][gc,stats    ]    Critical: Relocation Stall                              0.000 / 0.000         0.000 / 0.000         0.000 / 0.000         0.000 / 0.000       ms
[140.557s][info   ][gc,stats    ]      Memory: Allocation Rate                                  18 / 32                9 / 68                9 / 68                9 / 68          MB/s
[140.557s][info   ][gc,stats    ]      Memory: Defragment                                        0 / 0                 0 / 0                 0 / 0                 0 / 0           ops/s
[140.557s][info   ][gc,stats    ]      Memory: Out Of Memory                                     0 / 0                 0 / 0                 0 / 0                 0 / 0           ops/s
[140.557s][info   ][gc,stats    ]      Memory: Page Cache Flush                                  0 / 0                 0 / 0                 0 / 0                 0 / 0           MB/s
[140.557s][info   ][gc,stats    ]      Memory: Page Cache Hit L1                                 9 / 18                3 / 28                3 / 28                3 / 28          ops/s
[140.557s][info   ][gc,stats    ]      Memory: Page Cache Hit L2                                 0 / 0                 0 / 0                 0 / 0                 0 / 0           ops/s
[140.558s][info   ][gc,stats    ]      Memory: Page Cache Hit L3                                 0 / 0                 1 / 26                1 / 26                1 / 26          ops/s
[140.558s][info   ][gc,stats    ]      Memory: Page Cache Miss                                   0 / 0                 0 / 1                 0 / 1                 0 / 1           ops/s
[140.558s][info   ][gc,stats    ]      Memory: Uncommit                                          0 / 0                 0 / 0                 0 / 0                 0 / 0           MB/s
[140.558s][info   ][gc,stats    ]      Memory: Undo Object Allocation Failed                     0 / 0                 0 / 0                 0 / 0                 0 / 0           ops/s
[140.558s][info   ][gc,stats    ]      Memory: Undo Object Allocation Succeeded                  0 / 2                 0 / 2                 0 / 2                 0 / 2           ops/s
[140.558s][info   ][gc,stats    ]      Memory: Undo Page Allocation                              0 / 0                 0 / 0                 0 / 0                 0 / 0           ops/s
[140.562s][info   ][gc,stats    ]       Phase: Concurrent Mark                             806.592 / 1368.752    301.552 / 1368.752    301.552 / 1368.752    301.552 / 1368.752    ms
[140.562s][info   ][gc,stats    ]       Phase: Concurrent Mark Continue                      0.000 / 0.000         0.000 / 0.000         0.000 / 0.000         0.000 / 0.000       ms
[140.562s][info   ][gc,stats    ]       Phase: Concurrent Mark Free                          0.003 / 0.004         0.002 / 0.004         0.002 / 0.004         0.002 / 0.004       ms
[140.562s][info   ][gc,stats    ]       Phase: Concurrent Process Non-Strong References    152.790 / 253.593      45.309 / 253.593      45.309 / 253.593      45.309 / 253.593     ms
[140.562s][info   ][gc,stats    ]       Phase: Concurrent Relocate                          10.979 / 13.563       18.491 / 32.634       18.491 / 32.634       18.491 / 32.634      ms
[140.562s][info   ][gc,stats    ]       Phase: Concurrent Reset Relocation Set               0.024 / 0.040         0.017 / 0.040         0.017 / 0.040         0.017 / 0.040       ms
[140.562s][info   ][gc,stats    ]       Phase: Concurrent Select Relocation Set              5.844 / 7.405         8.159 / 15.302        8.159 / 15.302        8.159 / 15.302      ms
[140.562s][info   ][gc,stats    ]       Phase: Pause Mark End                                0.106 / 0.174         0.061 / 0.174         0.061 / 0.174         0.061 / 0.174       ms
[140.562s][info   ][gc,stats    ]       Phase: Pause Mark Start                              0.031 / 0.036         0.029 / 0.076         0.029 / 0.076         0.029 / 0.076       ms
[140.563s][info   ][gc,stats    ]       Phase: Pause Relocate Start                          0.038 / 0.043         0.025 / 0.043         0.025 / 0.043         0.025 / 0.043       ms
[140.563s][info   ][gc,stats    ]    Subphase: Concurrent Classes Purge                      6.083 / 12.009        2.178 / 12.009        2.178 / 12.009        2.178 / 12.009      ms
[140.563s][info   ][gc,stats    ]    Subphase: Concurrent Classes Unlink                   112.193 / 180.471      32.461 / 180.471      32.461 / 180.471      32.461 / 180.471     ms
[140.563s][info   ][gc,stats    ]    Subphase: Concurrent Mark                             558.616 / 892.399     239.062 / 892.399     239.062 / 892.399     239.062 / 892.399     ms
[140.563s][info   ][gc,stats    ]    Subphase: Concurrent Mark Try Flush                    40.984 / 80.111       16.508 / 80.111       16.508 / 80.111       16.508 / 80.111      ms
[140.563s][info   ][gc,stats    ]    Subphase: Concurrent Mark Try Terminate                 2.228 / 80.114        2.298 / 80.114        2.298 / 80.114        2.298 / 80.114      ms
[140.563s][info   ][gc,stats    ]    Subphase: Concurrent References Enqueue                 0.013 / 0.016         0.012 / 0.016         0.012 / 0.016         0.012 / 0.016       ms
[140.563s][info   ][gc,stats    ]    Subphase: Concurrent References Process                 0.584 / 0.733         0.445 / 0.733         0.445 / 0.733         0.445 / 0.733       ms
[140.563s][info   ][gc,stats    ]    Subphase: Concurrent Roots ClassLoaderDataGraph         0.456 / 0.852         0.474 / 1.503         0.474 / 1.503         0.474 / 1.503       ms
[140.563s][info   ][gc,stats    ]    Subphase: Concurrent Roots CodeCache                    0.000 / 0.000         0.000 / 0.000         0.000 / 0.000         0.000 / 0.000       ms
[140.563s][info   ][gc,stats    ]    Subphase: Concurrent Roots JavaThreads                228.364 / 475.340      53.905 / 475.340      53.905 / 475.340      53.905 / 475.340     ms
[140.563s][info   ][gc,stats    ]    Subphase: Concurrent Roots OopStorageSet                0.097 / 0.122         0.141 / 0.370         0.141 / 0.370         0.141 / 0.370       ms
[140.563s][info   ][gc,stats    ]    Subphase: Concurrent Weak Roots OopStorageSet           5.623 / 5.926         3.643 / 6.358         3.643 / 6.358         3.643 / 6.358       ms
[140.563s][info   ][gc,stats    ]    Subphase: Pause Mark Try Complete                       0.054 / 0.074         0.029 / 0.074         0.029 / 0.074         0.029 / 0.074       ms
[140.564s][info   ][gc,stats    ]      System: Java Threads                                     47 / 52               28 / 52               28 / 52               28 / 52          threads
[140.564s][info   ][gc,stats    ] =========================================================================================================================================================
[148.555s][info   ][gc,start    ] GC(9) Garbage Collection (Allocation Rate)
[148.555s][info   ][gc,task     ] GC(9) Using 1 workers
[148.569s][info   ][gc,phases   ] GC(9) Pause Mark Start 0.028ms
[150.066s][info   ][gc,phases   ] GC(9) Concurrent Mark 1491.398ms
[150.077s][info   ][gc,phases   ] GC(9) Pause Mark End 0.333ms
[150.081s][info   ][gc,phases   ] GC(9) Concurrent Mark Free 0.003ms
[150.407s][info   ][gc,phases   ] GC(9) Concurrent Process Non-Strong References 325.052ms
[150.407s][info   ][gc,phases   ] GC(9) Concurrent Reset Relocation Set 0.014ms
[150.411s][info   ][gc,phases   ] GC(9) Concurrent Select Relocation Set 4.528ms
[150.460s][info   ][gc,phases   ] GC(9) Pause Relocate Start 0.040ms
[150.477s][info   ][gc,phases   ] GC(9) Concurrent Relocate 15.151ms
[150.478s][info   ][gc,load     ] GC(9) Load: 0.00/0.00/0.00
[150.478s][info   ][gc,mmu      ] GC(9) MMU: 2ms/83.4%, 5ms/93.4%, 10ms/96.7%, 20ms/98.3%, 50ms/99.3%, 100ms/99.7%
[150.478s][info   ][gc,marking  ] GC(9) Mark: 1 stripe(s), 10 proactive flush(es), 3 terminate flush(es), 1 completion(s), 0 continuation(s) 
[150.478s][info   ][gc,marking  ] GC(9) Mark Stack Usage: 32M
[150.478s][info   ][gc,nmethod  ] GC(9) NMethods: 11480 registered, 151 unregistered
[150.478s][info   ][gc,metaspace] GC(9) Metaspace: 123M used, 125M committed, 1152M reserved
[150.478s][info   ][gc,ref      ] GC(9) Soft: 23286 encountered, 0 discovered, 0 enqueued
[150.478s][info   ][gc,ref      ] GC(9) Weak: 14359 encountered, 4043 discovered, 2656 enqueued
[150.478s][info   ][gc,ref      ] GC(9) Final: 35 encountered, 0 discovered, 0 enqueued
[150.478s][info   ][gc,ref      ] GC(9) Phantom: 612 encountered, 543 discovered, 0 enqueued
[150.478s][info   ][gc,reloc    ] GC(9) Small Pages: 150 / 300M, Empty: 0M, Relocated: 4M, In-Place: 0
[150.478s][info   ][gc,reloc    ] GC(9) Medium Pages: 1 / 16M, Empty: 0M, Relocated: 0M, In-Place: 0
[150.478s][info   ][gc,reloc    ] GC(9) Large Pages: 0 / 0M, Empty: 0M, Relocated: 0M, In-Place: 0
[150.478s][info   ][gc,reloc    ] GC(9) Forwarding Usage: 0M
[150.478s][info   ][gc,heap     ] GC(9) Min Capacity: 512M(100%)
[150.478s][info   ][gc,heap     ] GC(9) Max Capacity: 512M(100%)
[150.479s][info   ][gc,heap     ] GC(9) Soft Max Capacity: 512M(100%)
[150.479s][info   ][gc,heap     ] GC(9)                Mark Start          Mark End        Relocate Start      Relocate End           High               Low         
[150.479s][info   ][gc,heap     ] GC(9)  Capacity:      512M (100%)        512M (100%)        512M (100%)        512M (100%)        512M (100%)        512M (100%)   
[150.479s][info   ][gc,heap     ] GC(9)      Free:      196M (38%)         154M (30%)         144M (28%)         352M (69%)         352M (69%)         142M (28%)    
[150.479s][info   ][gc,heap     ] GC(9)      Used:      316M (62%)         358M (70%)         368M (72%)         160M (31%)         370M (72%)         160M (31%)    
[150.479s][info   ][gc,heap     ] GC(9)      Live:         -                80M (16%)          80M (16%)          80M (16%)            -                  -          
[150.479s][info   ][gc,heap     ] GC(9) Allocated:         -                42M (8%)           52M (10%)          53M (11%)            -                  -          
[150.479s][info   ][gc,heap     ] GC(9)   Garbage:         -               235M (46%)         235M (46%)          25M (5%)             -                  -          
[150.479s][info   ][gc,heap     ] GC(9) Reclaimed:         -                  -                 0M (0%)          209M (41%)            -                  -          
[150.479s][info   ][gc          ] GC(9) Garbage Collection (Allocation Rate) 316M(62%)->160M(31%)
[150.556s][info   ][gc,stats    ] === Garbage Collection Statistics =======================================================================================================================
[150.556s][info   ][gc,stats    ]                                                              Last 10s              Last 10m              Last 10h                Total
[150.556s][info   ][gc,stats    ]                                                              Avg / Max             Avg / Max             Avg / Max             Avg / Max
[150.556s][info   ][gc,stats    ]   Collector: Garbage Collection Cycle                   1922.433 / 1922.433    541.106 / 1922.433    541.106 / 1922.433    541.106 / 1922.433    ms
[150.556s][info   ][gc,stats    ]  Contention: Mark Segment Reset Contention                     0 / 0                 0 / 1                 0 / 1                 0 / 1           ops/s
[150.556s][info   ][gc,stats    ]  Contention: Mark SeqNum Reset Contention                      0 / 0                 0 / 0                 0 / 0                 0 / 0           ops/s
[150.556s][info   ][gc,stats    ]    Critical: Allocation Stall                                  0 / 0                 0 / 0                 0 / 0                 0 / 0           ops/s
[150.557s][info   ][gc,stats    ]    Critical: Allocation Stall                              0.000 / 0.000         0.000 / 0.000         0.000 / 0.000         0.000 / 0.000       ms
[150.557s][info   ][gc,stats    ]    Critical: GC Locker Stall                                   0 / 0                 0 / 0                 0 / 0                 0 / 0           ops/s
[150.557s][info   ][gc,stats    ]    Critical: GC Locker Stall                               0.000 / 0.000         0.000 / 0.000         0.000 / 0.000         0.000 / 0.000       ms
[150.557s][info   ][gc,stats    ]    Critical: Relocation Stall                                  0 / 0                 0 / 0                 0 / 0                 0 / 0           ops/s
[150.557s][info   ][gc,stats    ]    Critical: Relocation Stall                              0.000 / 0.000         0.000 / 0.000         0.000 / 0.000         0.000 / 0.000       ms
[150.557s][info   ][gc,stats    ]      Memory: Allocation Rate                                  21 / 34               10 / 68               10 / 68               10 / 68          MB/s
[150.557s][info   ][gc,stats    ]      Memory: Defragment                                        0 / 0                 0 / 0                 0 / 0                 0 / 0           ops/s
[150.557s][info   ][gc,stats    ]      Memory: Out Of Memory                                     0 / 0                 0 / 0                 0 / 0                 0 / 0           ops/s
[150.557s][info   ][gc,stats    ]      Memory: Page Cache Flush                                  0 / 0                 0 / 0                 0 / 0                 0 / 0           MB/s
[150.557s][info   ][gc,stats    ]      Memory: Page Cache Hit L1                                10 / 17                4 / 28                4 / 28                4 / 28          ops/s
[150.557s][info   ][gc,stats    ]      Memory: Page Cache Hit L2                                 0 / 0                 0 / 0                 0 / 0                 0 / 0           ops/s
[150.557s][info   ][gc,stats    ]      Memory: Page Cache Hit L3                                 0 / 0                 1 / 26                1 / 26                1 / 26          ops/s
[150.557s][info   ][gc,stats    ]      Memory: Page Cache Miss                                   0 / 0                 0 / 1                 0 / 1                 0 / 1           ops/s
[150.557s][info   ][gc,stats    ]      Memory: Uncommit                                          0 / 0                 0 / 0                 0 / 0                 0 / 0           MB/s
[150.557s][info   ][gc,stats    ]      Memory: Undo Object Allocation Failed                     0 / 0                 0 / 0                 0 / 0                 0 / 0           ops/s
[150.558s][info   ][gc,stats    ]      Memory: Undo Object Allocation Succeeded                  4 / 43                0 / 43                0 / 43                0 / 43          ops/s
[150.558s][info   ][gc,stats    ]      Memory: Undo Page Allocation                              0 / 0                 0 / 0                 0 / 0                 0 / 0           ops/s
[150.558s][info   ][gc,stats    ]       Phase: Concurrent Mark                            1491.398 / 1491.398    420.536 / 1491.398    420.536 / 1491.398    420.536 / 1491.398    ms
[150.558s][info   ][gc,stats    ]       Phase: Concurrent Mark Continue                      0.000 / 0.000         0.000 / 0.000         0.000 / 0.000         0.000 / 0.000       ms
[150.558s][info   ][gc,stats    ]       Phase: Concurrent Mark Free                          0.003 / 0.003         0.002 / 0.004         0.002 / 0.004         0.002 / 0.004       ms
[150.558s][info   ][gc,stats    ]       Phase: Concurrent Process Non-Strong References    325.052 / 325.052      73.283 / 325.052      73.283 / 325.052      73.283 / 325.052     ms
[150.558s][info   ][gc,stats    ]       Phase: Concurrent Relocate                          15.151 / 15.151       18.157 / 32.634       18.157 / 32.634       18.157 / 32.634      ms
[150.558s][info   ][gc,stats    ]       Phase: Concurrent Reset Relocation Set               0.014 / 0.014         0.016 / 0.040         0.016 / 0.040         0.016 / 0.040       ms
[150.558s][info   ][gc,stats    ]       Phase: Concurrent Select Relocation Set              4.528 / 4.528         7.796 / 15.302        7.796 / 15.302        7.796 / 15.302      ms
[150.558s][info   ][gc,stats    ]       Phase: Pause Mark End                                0.333 / 0.333         0.088 / 0.333         0.088 / 0.333         0.088 / 0.333       ms
[150.558s][info   ][gc,stats    ]       Phase: Pause Mark Start                              0.028 / 0.028         0.029 / 0.076         0.029 / 0.076         0.029 / 0.076       ms
[150.558s][info   ][gc,stats    ]       Phase: Pause Relocate Start                          0.040 / 0.040         0.027 / 0.043         0.027 / 0.043         0.027 / 0.043       ms
[150.559s][info   ][gc,stats    ]    Subphase: Concurrent Classes Purge                      0.660 / 0.660         2.026 / 12.009        2.026 / 12.009        2.026 / 12.009      ms
[150.559s][info   ][gc,stats    ]    Subphase: Concurrent Classes Unlink                   280.653 / 280.653      57.280 / 280.653      57.280 / 280.653      57.280 / 280.653     ms
[150.559s][info   ][gc,stats    ]    Subphase: Concurrent Mark                            1105.349 / 1105.349    284.656 / 1105.349    284.656 / 1105.349    284.656 / 1105.349    ms
[150.559s][info   ][gc,stats    ]    Subphase: Concurrent Mark Try Flush                    50.104 / 83.502       24.749 / 83.502       24.749 / 83.502       24.749 / 83.502      ms
[150.559s][info   ][gc,stats    ]    Subphase: Concurrent Mark Try Terminate                41.990 / 83.507        2.694 / 83.507        2.694 / 83.507        2.694 / 83.507      ms
[150.559s][info   ][gc,stats    ]    Subphase: Concurrent References Enqueue                 0.015 / 0.015         0.012 / 0.016         0.012 / 0.016         0.012 / 0.016       ms
[150.559s][info   ][gc,stats    ]    Subphase: Concurrent References Process                 1.351 / 1.351         0.535 / 1.351         0.535 / 1.351         0.535 / 1.351       ms
[150.559s][info   ][gc,stats    ]    Subphase: Concurrent Roots ClassLoaderDataGraph         0.783 / 0.783         0.490 / 1.503         0.490 / 1.503         0.490 / 1.503       ms
[150.559s][info   ][gc,stats    ]    Subphase: Concurrent Roots CodeCache                    0.000 / 0.000         0.000 / 0.000         0.000 / 0.000         0.000 / 0.000       ms
[150.559s][info   ][gc,stats    ]    Subphase: Concurrent Roots JavaThreads                384.924 / 384.924      71.327 / 475.340      71.327 / 475.340      71.327 / 475.340     ms
[150.559s][info   ][gc,stats    ]    Subphase: Concurrent Roots OopStorageSet                0.179 / 0.179         0.143 / 0.370         0.143 / 0.370         0.143 / 0.370       ms
[150.559s][info   ][gc,stats    ]    Subphase: Concurrent Weak Roots OopStorageSet           9.700 / 9.700         3.962 / 9.700         3.962 / 9.700         3.962 / 9.700       ms
[150.560s][info   ][gc,stats    ]    Subphase: Pause Mark Try Complete                       0.195 / 0.195         0.062 / 0.195         0.062 / 0.195         0.062 / 0.195       ms
[150.560s][info   ][gc,stats    ]      System: Java Threads                                     69 / 71               32 / 71               32 / 71               32 / 71          threads
[150.560s][info   ][gc,stats    ] =========================================================================================================================================================
[153.656s][info   ][gc,start    ] GC(10) Garbage Collection (Allocation Rate)
[153.656s][info   ][gc,task     ] GC(10) Using 1 workers
[153.669s][info   ][gc,phases   ] GC(10) Pause Mark Start 0.036ms
[154.922s][info   ][gc,phases   ] GC(10) Concurrent Mark 1251.228ms
[154.936s][info   ][gc,phases   ] GC(10) Pause Mark End 0.143ms
[154.943s][info   ][gc,phases   ] GC(10) Concurrent Mark Free 0.002ms
[155.311s][info   ][gc,phases   ] GC(10) Concurrent Process Non-Strong References 368.019ms
[155.312s][info   ][gc,phases   ] GC(10) Concurrent Reset Relocation Set 0.025ms
[155.317s][info   ][gc,phases   ] GC(10) Concurrent Select Relocation Set 5.786ms
[155.356s][info   ][gc,phases   ] GC(10) Pause Relocate Start 0.036ms
[155.379s][info   ][gc,phases   ] GC(10) Concurrent Relocate 9.732ms
[155.379s][info   ][gc,load     ] GC(10) Load: 0.00/0.00/0.00
[155.379s][info   ][gc,mmu      ] GC(10) MMU: 2ms/83.4%, 5ms/93.4%, 10ms/96.7%, 20ms/98.3%, 50ms/99.3%, 100ms/99.7%
[155.379s][info   ][gc,marking  ] GC(10) Mark: 1 stripe(s), 10 proactive flush(es), 3 terminate flush(es), 1 completion(s), 0 continuation(s) 
[155.380s][info   ][gc,marking  ] GC(10) Mark Stack Usage: 32M
[155.380s][info   ][gc,nmethod  ] GC(10) NMethods: 9991 registered, 2585 unregistered
[155.380s][info   ][gc,metaspace] GC(10) Metaspace: 123M used, 125M committed, 1152M reserved
[155.380s][info   ][gc,ref      ] GC(10) Soft: 23294 encountered, 0 discovered, 0 enqueued
[155.380s][info   ][gc,ref      ] GC(10) Weak: 13448 encountered, 3009 discovered, 1695 enqueued
[155.380s][info   ][gc,ref      ] GC(10) Final: 35 encountered, 0 discovered, 0 enqueued
[155.380s][info   ][gc,ref      ] GC(10) Phantom: 620 encountered, 558 discovered, 0 enqueued
[155.380s][info   ][gc,reloc    ] GC(10) Small Pages: 107 / 214M, Empty: 0M, Relocated: 5M, In-Place: 0
[155.380s][info   ][gc,reloc    ] GC(10) Medium Pages: 1 / 16M, Empty: 0M, Relocated: 0M, In-Place: 0
[155.380s][info   ][gc,reloc    ] GC(10) Large Pages: 0 / 0M, Empty: 0M, Relocated: 0M, In-Place: 0
[155.380s][info   ][gc,reloc    ] GC(10) Forwarding Usage: 1M
[155.380s][info   ][gc,heap     ] GC(10) Min Capacity: 512M(100%)
[155.380s][info   ][gc,heap     ] GC(10) Max Capacity: 512M(100%)
[155.380s][info   ][gc,heap     ] GC(10) Soft Max Capacity: 512M(100%)
[155.380s][info   ][gc,heap     ] GC(10)                Mark Start          Mark End        Relocate Start      Relocate End           High               Low         
[155.380s][info   ][gc,heap     ] GC(10)  Capacity:      512M (100%)        512M (100%)        512M (100%)        512M (100%)        512M (100%)        512M (100%)   
[155.380s][info   ][gc,heap     ] GC(10)      Free:      282M (55%)         238M (46%)         230M (45%)         350M (68%)         350M (68%)         224M (44%)    
[155.380s][info   ][gc,heap     ] GC(10)      Used:      230M (45%)         274M (54%)         282M (55%)         162M (32%)         288M (56%)         162M (32%)    
[155.380s][info   ][gc,heap     ] GC(10)      Live:         -                81M (16%)          81M (16%)          81M (16%)            -                  -          
[155.380s][info   ][gc,heap     ] GC(10) Allocated:         -                44M (9%)           52M (10%)          55M (11%)            -                  -          
[155.380s][info   ][gc,heap     ] GC(10)   Garbage:         -               148M (29%)         148M (29%)          24M (5%)             -                  -          
[155.381s][info   ][gc,heap     ] GC(10) Reclaimed:         -                  -                 0M (0%)          123M (24%)            -                  -          
[155.381s][info   ][gc          ] GC(10) Garbage Collection (Allocation Rate) 230M(45%)->162M(32%)
[160.557s][info   ][gc,stats    ] === Garbage Collection Statistics =======================================================================================================================
[160.557s][info   ][gc,stats    ]                                                              Last 10s              Last 10m              Last 10h                Total
[160.557s][info   ][gc,stats    ]                                                              Avg / Max             Avg / Max             Avg / Max             Avg / Max
[160.557s][info   ][gc,stats    ]   Collector: Garbage Collection Cycle                   1723.232 / 1723.232    648.572 / 1922.433    648.572 / 1922.433    648.572 / 1922.433    ms
[160.557s][info   ][gc,stats    ]  Contention: Mark Segment Reset Contention                     0 / 0                 0 / 1                 0 / 1                 0 / 1           ops/s
[160.558s][info   ][gc,stats    ]  Contention: Mark SeqNum Reset Contention                      0 / 0                 0 / 0                 0 / 0                 0 / 0           ops/s
[160.558s][info   ][gc,stats    ]    Critical: Allocation Stall                                  0 / 0                 0 / 0                 0 / 0                 0 / 0           ops/s
[160.558s][info   ][gc,stats    ]    Critical: Allocation Stall                              0.000 / 0.000         0.000 / 0.000         0.000 / 0.000         0.000 / 0.000       ms
[160.558s][info   ][gc,stats    ]    Critical: GC Locker Stall                                   0 / 0                 0 / 0                 0 / 0                 0 / 0           ops/s
[160.558s][info   ][gc,stats    ]    Critical: GC Locker Stall                               0.000 / 0.000         0.000 / 0.000         0.000 / 0.000         0.000 / 0.000       ms
[160.558s][info   ][gc,stats    ]    Critical: Relocation Stall                                  0 / 0                 0 / 0                 0 / 0                 0 / 0           ops/s
[160.558s][info   ][gc,stats    ]    Critical: Relocation Stall                              0.000 / 0.000         0.000 / 0.000         0.000 / 0.000         0.000 / 0.000       ms
[160.558s][info   ][gc,stats    ]      Memory: Allocation Rate                                  23 / 36               11 / 68               11 / 68               11 / 68          MB/s
[160.558s][info   ][gc,stats    ]      Memory: Defragment                                        0 / 0                 0 / 0                 0 / 0                 0 / 0           ops/s
[160.558s][info   ][gc,stats    ]      Memory: Out Of Memory                                     0 / 0                 0 / 0                 0 / 0                 0 / 0           ops/s
[160.558s][info   ][gc,stats    ]      Memory: Page Cache Flush                                  0 / 0                 0 / 0                 0 / 0                 0 / 0           MB/s
[160.558s][info   ][gc,stats    ]      Memory: Page Cache Hit L1                                11 / 18                4 / 28                4 / 28                4 / 28          ops/s
[160.558s][info   ][gc,stats    ]      Memory: Page Cache Hit L2                                 0 / 0                 0 / 0                 0 / 0                 0 / 0           ops/s
[160.558s][info   ][gc,stats    ]      Memory: Page Cache Hit L3                                 0 / 0                 1 / 26                1 / 26                1 / 26          ops/s
[160.559s][info   ][gc,stats    ]      Memory: Page Cache Miss                                   0 / 0                 0 / 1                 0 / 1                 0 / 1           ops/s
[160.559s][info   ][gc,stats    ]      Memory: Uncommit                                          0 / 0                 0 / 0                 0 / 0                 0 / 0           MB/s
[160.559s][info   ][gc,stats    ]      Memory: Undo Object Allocation Failed                     0 / 0                 0 / 0                 0 / 0                 0 / 0           ops/s
[160.559s][info   ][gc,stats    ]      Memory: Undo Object Allocation Succeeded                  7 / 74                0 / 74                0 / 74                0 / 74          ops/s
[160.559s][info   ][gc,stats    ]      Memory: Undo Page Allocation                              0 / 0                 0 / 0                 0 / 0                 0 / 0           ops/s
[160.559s][info   ][gc,stats    ]       Phase: Concurrent Mark                            1251.228 / 1251.228    496.054 / 1491.398    496.054 / 1491.398    496.054 / 1491.398    ms
[160.559s][info   ][gc,stats    ]       Phase: Concurrent Mark Continue                      0.000 / 0.000         0.000 / 0.000         0.000 / 0.000         0.000 / 0.000       ms
[160.559s][info   ][gc,stats    ]       Phase: Concurrent Mark Free                          0.002 / 0.002         0.002 / 0.004         0.002 / 0.004         0.002 / 0.004       ms
[160.559s][info   ][gc,stats    ]       Phase: Concurrent Process Non-Strong References    368.019 / 368.019     100.078 / 368.019     100.078 / 368.019     100.078 / 368.019     ms
[160.559s][info   ][gc,stats    ]       Phase: Concurrent Relocate                           9.732 / 9.732        17.391 / 32.634       17.391 / 32.634       17.391 / 32.634      ms
[160.559s][info   ][gc,stats    ]       Phase: Concurrent Reset Relocation Set               0.025 / 0.025         0.017 / 0.040         0.017 / 0.040         0.017 / 0.040       ms
[160.559s][info   ][gc,stats    ]       Phase: Concurrent Select Relocation Set              5.786 / 5.786         7.613 / 15.302        7.613 / 15.302        7.613 / 15.302      ms
[160.559s][info   ][gc,stats    ]       Phase: Pause Mark End                                0.143 / 0.143         0.093 / 0.333         0.093 / 0.333         0.093 / 0.333       ms
[160.559s][info   ][gc,stats    ]       Phase: Pause Mark Start                              0.036 / 0.036         0.030 / 0.076         0.030 / 0.076         0.030 / 0.076       ms
[160.560s][info   ][gc,stats    ]       Phase: Pause Relocate Start                          0.036 / 0.036         0.028 / 0.043         0.028 / 0.043         0.028 / 0.043       ms
[160.560s][info   ][gc,stats    ]    Subphase: Concurrent Classes Purge                     13.941 / 13.941        3.109 / 13.941        3.109 / 13.941        3.109 / 13.941      ms
[160.560s][info   ][gc,stats    ]    Subphase: Concurrent Classes Unlink                   316.495 / 316.495      80.845 / 316.495      80.845 / 316.495      80.845 / 316.495     ms
[160.560s][info   ][gc,stats    ]    Subphase: Concurrent Mark                            1014.934 / 1014.934    321.170 / 1105.349    321.170 / 1105.349    321.170 / 1105.349    ms
[160.560s][info   ][gc,stats    ]    Subphase: Concurrent Mark Try Flush                    41.673 / 58.312       28.082 / 83.502       28.082 / 83.502       28.082 / 83.502      ms
[160.560s][info   ][gc,stats    ]    Subphase: Concurrent Mark Try Terminate                38.845 / 58.316        3.051 / 83.507        3.051 / 83.507        3.051 / 83.507      ms
[160.560s][info   ][gc,stats    ]    Subphase: Concurrent References Enqueue                 0.010 / 0.010         0.012 / 0.016         0.012 / 0.016         0.012 / 0.016       ms
[160.560s][info   ][gc,stats    ]    Subphase: Concurrent References Process                 0.936 / 0.936         0.572 / 1.351         0.572 / 1.351         0.572 / 1.351       ms
[160.560s][info   ][gc,stats    ]    Subphase: Concurrent Roots ClassLoaderDataGraph         0.736 / 0.736         0.502 / 1.503         0.502 / 1.503         0.502 / 1.503       ms
[160.560s][info   ][gc,stats    ]    Subphase: Concurrent Roots CodeCache                    0.000 / 0.000         0.000 / 0.000         0.000 / 0.000         0.000 / 0.000       ms
[160.560s][info   ][gc,stats    ]    Subphase: Concurrent Roots JavaThreads                235.188 / 235.188      79.520 / 475.340      79.520 / 475.340      79.520 / 475.340     ms
[160.560s][info   ][gc,stats    ]    Subphase: Concurrent Roots OopStorageSet                0.213 / 0.213         0.147 / 0.370         0.147 / 0.370         0.147 / 0.370       ms
[160.560s][info   ][gc,stats    ]    Subphase: Concurrent Weak Roots OopStorageSet           8.681 / 8.681         4.198 / 9.700         4.198 / 9.700         4.198 / 9.700       ms
[160.560s][info   ][gc,stats    ]    Subphase: Pause Mark Try Complete                       0.018 / 0.018         0.055 / 0.195         0.055 / 0.195         0.055 / 0.195       ms
[160.560s][info   ][gc,stats    ]      System: Java Threads                                     77 / 79               36 / 79               36 / 79               36 / 79          threads
[160.561s][info   ][gc,stats    ] =========================================================================================================================================================
[164.056s][info   ][gc,start    ] GC(11) Garbage Collection (Allocation Rate)
[164.056s][info   ][gc,task     ] GC(11) Using 1 workers
[164.064s][info   ][gc,phases   ] GC(11) Pause Mark Start 0.033ms
[165.327s][info   ][gc,phases   ] GC(11) Concurrent Mark 1254.846ms
[165.334s][info   ][gc,phases   ] GC(11) Pause Mark End 0.172ms
[165.339s][info   ][gc,phases   ] GC(11) Concurrent Mark Free 0.002ms
[167.189s][info   ][gc,phases   ] GC(11) Concurrent Process Non-Strong References 1850.321ms
[167.418s][info   ][gc,phases   ] GC(11) Concurrent Reset Relocation Set 0.015ms
[167.424s][info   ][gc,phases   ] GC(11) Concurrent Select Relocation Set 5.751ms
[167.440s][info   ][gc,phases   ] GC(11) Pause Relocate Start 0.029ms
[167.471s][info   ][gc,phases   ] GC(11) Concurrent Relocate 15.508ms
[167.472s][info   ][gc,load     ] GC(11) Load: 0.00/0.00/0.00
[167.472s][info   ][gc,mmu      ] GC(11) MMU: 2ms/83.4%, 5ms/93.4%, 10ms/96.7%, 20ms/98.3%, 50ms/99.3%, 100ms/99.7%
[167.472s][info   ][gc,marking  ] GC(11) Mark: 1 stripe(s), 10 proactive flush(es), 3 terminate flush(es), 1 completion(s), 0 continuation(s) 
[167.472s][info   ][gc,marking  ] GC(11) Mark Stack Usage: 32M
[167.472s][info   ][gc,nmethod  ] GC(11) NMethods: 11197 registered, 2585 unregistered
[167.472s][info   ][gc,metaspace] GC(11) Metaspace: 123M used, 125M committed, 1152M reserved
[167.472s][info   ][gc,ref      ] GC(11) Soft: 23312 encountered, 0 discovered, 0 enqueued
[167.472s][info   ][gc,ref      ] GC(11) Weak: 15457 encountered, 4307 discovered, 2936 enqueued
[167.472s][info   ][gc,ref      ] GC(11) Final: 35 encountered, 0 discovered, 0 enqueued
[167.472s][info   ][gc,ref      ] GC(11) Phantom: 644 encountered, 576 discovered, 5 enqueued
[167.472s][info   ][gc,reloc    ] GC(11) Small Pages: 164 / 328M, Empty: 0M, Relocated: 8M, In-Place: 0
[167.472s][info   ][gc,reloc    ] GC(11) Medium Pages: 1 / 16M, Empty: 0M, Relocated: 0M, In-Place: 0
[167.472s][info   ][gc,reloc    ] GC(11) Large Pages: 0 / 0M, Empty: 0M, Relocated: 0M, In-Place: 0
[167.472s][info   ][gc,reloc    ] GC(11) Forwarding Usage: 1M
[167.472s][info   ][gc,heap     ] GC(11) Min Capacity: 512M(100%)
[167.473s][info   ][gc,heap     ] GC(11) Max Capacity: 512M(100%)
[167.473s][info   ][gc,heap     ] GC(11) Soft Max Capacity: 512M(100%)
[167.473s][info   ][gc,heap     ] GC(11)                Mark Start          Mark End        Relocate Start      Relocate End           High               Low         
[167.473s][info   ][gc,heap     ] GC(11)  Capacity:      512M (100%)        512M (100%)        512M (100%)        512M (100%)        512M (100%)        512M (100%)   
[167.473s][info   ][gc,heap     ] GC(11)      Free:      168M (33%)         124M (24%)         120M (23%)         348M (68%)         348M (68%)         112M (22%)    
[167.473s][info   ][gc,heap     ] GC(11)      Used:      344M (67%)         388M (76%)         392M (77%)         164M (32%)         400M (78%)         164M (32%)    
[167.473s][info   ][gc,heap     ] GC(11)      Live:         -                85M (17%)          85M (17%)          85M (17%)            -                  -          
[167.473s][info   ][gc,heap     ] GC(11) Allocated:         -                44M (9%)           48M (9%)           55M (11%)            -                  -          
[167.473s][info   ][gc,heap     ] GC(11)   Garbage:         -               258M (51%)         258M (51%)          23M (5%)             -                  -          
[167.473s][info   ][gc,heap     ] GC(11) Reclaimed:         -                  -                 0M (0%)          235M (46%)            -                  -          
[167.473s][info   ][gc          ] GC(11) Garbage Collection (Allocation Rate) 344M(67%)->164M(32%)
[167.656s][info   ][gc,start    ] GC(12) Garbage Collection (Allocation Rate)
[167.656s][info   ][gc,task     ] GC(12) Using 2 workers
[167.666s][info   ][gc,phases   ] GC(12) Pause Mark Start 0.032ms
[168.170s][info   ][gc,phases   ] GC(12) Concurrent Mark 489.841ms
[168.187s][info   ][gc,phases   ] GC(12) Pause Mark End 0.183ms
[168.190s][info   ][gc,phases   ] GC(12) Concurrent Mark Free 0.003ms
[168.390s][info   ][gc,phases   ] GC(12) Concurrent Process Non-Strong References 199.783ms
[168.390s][info   ][gc,phases   ] GC(12) Concurrent Reset Relocation Set 0.030ms
[168.394s][info   ][gc,phases   ] GC(12) Concurrent Select Relocation Set 3.799ms
[168.427s][info   ][gc,phases   ] GC(12) Pause Relocate Start 0.037ms
[168.440s][info   ][gc,phases   ] GC(12) Concurrent Relocate 6.314ms
[168.440s][info   ][gc,load     ] GC(12) Load: 0.00/0.00/0.00
[168.440s][info   ][gc,mmu      ] GC(12) MMU: 2ms/83.4%, 5ms/93.4%, 10ms/96.7%, 20ms/98.3%, 50ms/99.3%, 100ms/99.7%
[168.440s][info   ][gc,marking  ] GC(12) Mark: 2 stripe(s), 2 proactive flush(es), 3 terminate flush(es), 1 completion(s), 0 continuation(s) 
[168.440s][info   ][gc,marking  ] GC(12) Mark Stack Usage: 32M
[168.441s][info   ][gc,nmethod  ] GC(12) NMethods: 8937 registered, 5002 unregistered
[168.441s][info   ][gc,metaspace] GC(12) Metaspace: 123M used, 125M committed, 1152M reserved
[168.441s][info   ][gc,ref      ] GC(12) Soft: 23320 encountered, 0 discovered, 0 enqueued
[168.441s][info   ][gc,ref      ] GC(12) Weak: 13362 encountered, 2549 discovered, 889 enqueued
[168.441s][info   ][gc,ref      ] GC(12) Final: 35 encountered, 0 discovered, 0 enqueued
[168.441s][info   ][gc,ref      ] GC(12) Phantom: 648 encountered, 329 discovered, 1 enqueued
[168.441s][info   ][gc,reloc    ] GC(12) Small Pages: 75 / 150M, Empty: 0M, Relocated: 6M, In-Place: 0
[168.441s][info   ][gc,reloc    ] GC(12) Medium Pages: 1 / 16M, Empty: 0M, Relocated: 0M, In-Place: 0
[168.441s][info   ][gc,reloc    ] GC(12) Large Pages: 0 / 0M, Empty: 0M, Relocated: 0M, In-Place: 0
[168.441s][info   ][gc,reloc    ] GC(12) Forwarding Usage: 1M
[168.441s][info   ][gc,heap     ] GC(12) Min Capacity: 512M(100%)
[168.441s][info   ][gc,heap     ] GC(12) Max Capacity: 512M(100%)
[168.441s][info   ][gc,heap     ] GC(12) Soft Max Capacity: 512M(100%)
[168.441s][info   ][gc,heap     ] GC(12)                Mark Start          Mark End        Relocate Start      Relocate End           High               Low         
[168.441s][info   ][gc,heap     ] GC(12)  Capacity:      512M (100%)        512M (100%)        512M (100%)        512M (100%)        512M (100%)        512M (100%)   
[168.441s][info   ][gc,heap     ] GC(12)      Free:      346M (68%)         320M (62%)         310M (61%)         360M (70%)         360M (70%)         300M (59%)    
[168.441s][info   ][gc,heap     ] GC(12)      Used:      166M (32%)         192M (38%)         202M (39%)         152M (30%)         212M (41%)         152M (30%)    
[168.442s][info   ][gc,heap     ] GC(12)      Live:         -                85M (17%)          85M (17%)          85M (17%)            -                  -          
[168.442s][info   ][gc,heap     ] GC(12) Allocated:         -                26M (5%)           36M (7%)           41M (8%)             -                  -          
[168.442s][info   ][gc,heap     ] GC(12)   Garbage:         -                80M (16%)          80M (16%)          24M (5%)             -                  -          
[168.442s][info   ][gc,heap     ] GC(12) Reclaimed:         -                  -                 0M (0%)           55M (11%)            -                  -          
[168.442s][info   ][gc          ] GC(12) Garbage Collection (Allocation Rate) 166M(32%)->152M(30%)
[170.556s][info   ][gc,stats    ] === Garbage Collection Statistics =======================================================================================================================
[170.556s][info   ][gc,stats    ]                                                              Last 10s              Last 10m              Last 10h                Total
[170.556s][info   ][gc,stats    ]                                                              Avg / Max             Avg / Max             Avg / Max             Avg / Max
[170.557s][info   ][gc,stats    ]   Collector: Garbage Collection Cycle                   2100.046 / 3415.907    871.876 / 3415.907    871.876 / 3415.907    871.876 / 3415.907    ms
[170.557s][info   ][gc,stats    ]  Contention: Mark Segment Reset Contention                     0 / 2                 0 / 2                 0 / 2                 0 / 2           ops/s
[170.557s][info   ][gc,stats    ]  Contention: Mark SeqNum Reset Contention                      0 / 0                 0 / 0                 0 / 0                 0 / 0           ops/s
[170.557s][info   ][gc,stats    ]    Critical: Allocation Stall                                  0 / 0                 0 / 0                 0 / 0                 0 / 0           ops/s
[170.557s][info   ][gc,stats    ]    Critical: Allocation Stall                              0.000 / 0.000         0.000 / 0.000         0.000 / 0.000         0.000 / 0.000       ms
[170.557s][info   ][gc,stats    ]    Critical: GC Locker Stall                                   0 / 0                 0 / 0                 0 / 0                 0 / 0           ops/s
[170.557s][info   ][gc,stats    ]    Critical: GC Locker Stall                               0.000 / 0.000         0.000 / 0.000         0.000 / 0.000         0.000 / 0.000       ms
[170.557s][info   ][gc,stats    ]    Critical: Relocation Stall                                  0 / 0                 0 / 0                 0 / 0                 0 / 0           ops/s
[170.557s][info   ][gc,stats    ]    Critical: Relocation Stall                              0.000 / 0.000         0.000 / 0.000         0.000 / 0.000         0.000 / 0.000       ms
[170.557s][info   ][gc,stats    ]      Memory: Allocation Rate                                  24 / 44               12 / 68               12 / 68               12 / 68          MB/s
[170.557s][info   ][gc,stats    ]      Memory: Defragment                                        0 / 0                 0 / 0                 0 / 0                 0 / 0           ops/s
[170.557s][info   ][gc,stats    ]      Memory: Out Of Memory                                     0 / 0                 0 / 0                 0 / 0                 0 / 0           ops/s
[170.557s][info   ][gc,stats    ]      Memory: Page Cache Flush                                  0 / 0                 0 / 0                 0 / 0                 0 / 0           MB/s
[170.557s][info   ][gc,stats    ]      Memory: Page Cache Hit L1                                12 / 26                5 / 28                5 / 28                5 / 28          ops/s
[170.557s][info   ][gc,stats    ]      Memory: Page Cache Hit L2                                 0 / 0                 0 / 0                 0 / 0                 0 / 0           ops/s
[170.558s][info   ][gc,stats    ]      Memory: Page Cache Hit L3                                 0 / 0                 1 / 26                1 / 26                1 / 26          ops/s
[170.558s][info   ][gc,stats    ]      Memory: Page Cache Miss                                   0 / 0                 0 / 1                 0 / 1                 0 / 1           ops/s
[170.558s][info   ][gc,stats    ]      Memory: Uncommit                                          0 / 0                 0 / 0                 0 / 0                 0 / 0           MB/s
[170.558s][info   ][gc,stats    ]      Memory: Undo Object Allocation Failed                     0 / 0                 0 / 0                 0 / 0                 0 / 0           ops/s
[170.558s][info   ][gc,stats    ]      Memory: Undo Object Allocation Succeeded                  6 / 45                1 / 74                1 / 74                1 / 74          ops/s
[170.558s][info   ][gc,stats    ]      Memory: Undo Page Allocation                              0 / 0                 0 / 0                 0 / 0                 0 / 0           ops/s
[170.558s][info   ][gc,stats    ]       Phase: Concurrent Mark                             872.344 / 1254.846    553.944 / 1491.398    553.944 / 1491.398    553.944 / 1491.398    ms
[170.558s][info   ][gc,stats    ]       Phase: Concurrent Mark Continue                      0.000 / 0.000         0.000 / 0.000         0.000 / 0.000         0.000 / 0.000       ms
[170.558s][info   ][gc,stats    ]       Phase: Concurrent Mark Free                          0.003 / 0.003         0.002 / 0.004         0.002 / 0.004         0.002 / 0.004       ms
[170.558s][info   ][gc,stats    ]       Phase: Concurrent Process Non-Strong References   1025.052 / 1850.321    242.381 / 1850.321    242.381 / 1850.321    242.381 / 1850.321    ms
[170.558s][info   ][gc,stats    ]       Phase: Concurrent Relocate                          10.911 / 15.508       16.394 / 32.634       16.394 / 32.634       16.394 / 32.634      ms
[170.558s][info   ][gc,stats    ]       Phase: Concurrent Reset Relocation Set               0.023 / 0.030         0.018 / 0.040         0.018 / 0.040         0.018 / 0.040       ms
[170.559s][info   ][gc,stats    ]       Phase: Concurrent Select Relocation Set              4.775 / 5.751         7.176 / 15.302        7.176 / 15.302        7.176 / 15.302      ms
[170.559s][info   ][gc,stats    ]       Phase: Pause Mark End                                0.177 / 0.183         0.106 / 0.333         0.106 / 0.333         0.106 / 0.333       ms
[170.559s][info   ][gc,stats    ]       Phase: Pause Mark Start                              0.033 / 0.033         0.030 / 0.076         0.030 / 0.076         0.030 / 0.076       ms
[170.559s][info   ][gc,stats    ]       Phase: Pause Relocate Start                          0.033 / 0.037         0.029 / 0.043         0.029 / 0.043         0.029 / 0.043       ms
[170.559s][info   ][gc,stats    ]    Subphase: Concurrent Classes Purge                      4.345 / 8.672         3.300 / 13.941        3.300 / 13.941        3.300 / 13.941      ms
[170.559s][info   ][gc,stats    ]    Subphase: Concurrent Classes Unlink                   965.347 / 1768.670    216.922 / 1768.670    216.922 / 1768.670    216.922 / 1768.670    ms
[170.559s][info   ][gc,stats    ]    Subphase: Concurrent Mark                             648.320 / 1136.625    363.842 / 1136.625    363.842 / 1136.625    363.842 / 1136.625    ms
[170.559s][info   ][gc,stats    ]    Subphase: Concurrent Mark Try Flush                    51.361 / 148.506      33.071 / 148.506      33.071 / 148.506      33.071 / 148.506     ms
[170.559s][info   ][gc,stats    ]    Subphase: Concurrent Mark Try Terminate                 4.351 / 148.509       3.357 / 148.509       3.357 / 148.509       3.357 / 148.509     ms
[170.559s][info   ][gc,stats    ]    Subphase: Concurrent References Enqueue                 0.012 / 0.013         0.012 / 0.016         0.012 / 0.016         0.012 / 0.016       ms
[170.559s][info   ][gc,stats    ]    Subphase: Concurrent References Process                 0.822 / 1.186         0.610 / 1.351         0.610 / 1.351         0.610 / 1.351       ms
[170.559s][info   ][gc,stats    ]    Subphase: Concurrent Roots ClassLoaderDataGraph         0.565 / 0.807         0.510 / 1.503         0.510 / 1.503         0.510 / 1.503       ms
[170.559s][info   ][gc,stats    ]    Subphase: Concurrent Roots CodeCache                    0.000 / 0.000         0.000 / 0.000         0.000 / 0.000         0.000 / 0.000       ms
[170.560s][info   ][gc,stats    ]    Subphase: Concurrent Roots JavaThreads                 95.053 / 117.026      81.546 / 475.340      81.546 / 475.340      81.546 / 475.340     ms
[170.560s][info   ][gc,stats    ]    Subphase: Concurrent Roots OopStorageSet                0.162 / 0.241         0.148 / 0.370         0.148 / 0.370         0.148 / 0.370       ms
[170.560s][info   ][gc,stats    ]    Subphase: Concurrent Weak Roots OopStorageSet           5.571 / 7.732         4.377 / 9.700         4.377 / 9.700         4.377 / 9.700       ms
[170.560s][info   ][gc,stats    ]    Subphase: Pause Mark Try Complete                       0.048 / 0.077         0.052 / 0.195         0.052 / 0.195         0.052 / 0.195       ms
[170.560s][info   ][gc,stats    ]      System: Java Threads                                     99 / 103              46 / 103              46 / 103              46 / 103         threads
[170.560s][info   ][gc,stats    ] =========================================================================================================================================================
[174.956s][info   ][gc,start    ] GC(13) Garbage Collection (Allocation Rate)
[174.956s][info   ][gc,task     ] GC(13) Using 2 workers
[174.972s][info   ][gc,phases   ] GC(13) Pause Mark Start 0.039ms
[175.624s][info   ][gc,phases   ] GC(13) Concurrent Mark 636.716ms
[175.641s][info   ][gc,phases   ] GC(13) Pause Mark End 0.194ms
[175.642s][info   ][gc,phases   ] GC(13) Concurrent Mark Free 0.003ms
[175.806s][info   ][gc,phases   ] GC(13) Concurrent Process Non-Strong References 163.635ms
[175.806s][info   ][gc,phases   ] GC(13) Concurrent Reset Relocation Set 0.007ms
[175.811s][info   ][gc,phases   ] GC(13) Concurrent Select Relocation Set 4.473ms
[175.835s][info   ][gc,phases   ] GC(13) Pause Relocate Start 0.026ms
[175.853s][info   ][gc,phases   ] GC(13) Concurrent Relocate 8.280ms
[175.853s][info   ][gc,load     ] GC(13) Load: 0.00/0.00/0.00
[175.853s][info   ][gc,mmu      ] GC(13) MMU: 2ms/83.4%, 5ms/93.4%, 10ms/96.7%, 20ms/98.3%, 50ms/99.3%, 100ms/99.7%
[175.853s][info   ][gc,marking  ] GC(13) Mark: 2 stripe(s), 8 proactive flush(es), 3 terminate flush(es), 1 completion(s), 0 continuation(s) 
[175.854s][info   ][gc,marking  ] GC(13) Mark Stack Usage: 32M
[175.854s][info   ][gc,nmethod  ] GC(13) NMethods: 9252 registered, 0 unregistered
[175.854s][info   ][gc,metaspace] GC(13) Metaspace: 123M used, 125M committed, 1152M reserved
[175.854s][info   ][gc,ref      ] GC(13) Soft: 23330 encountered, 0 discovered, 0 enqueued
[175.854s][info   ][gc,ref      ] GC(13) Weak: 16016 encountered, 4559 discovered, 3004 enqueued
[175.854s][info   ][gc,ref      ] GC(13) Final: 35 encountered, 0 discovered, 0 enqueued
[175.854s][info   ][gc,ref      ] GC(13) Phantom: 657 encountered, 338 discovered, 0 enqueued
[175.854s][info   ][gc,reloc    ] GC(13) Small Pages: 169 / 338M, Empty: 0M, Relocated: 8M, In-Place: 0
[175.854s][info   ][gc,reloc    ] GC(13) Medium Pages: 1 / 16M, Empty: 0M, Relocated: 0M, In-Place: 0
[175.854s][info   ][gc,reloc    ] GC(13) Large Pages: 0 / 0M, Empty: 0M, Relocated: 0M, In-Place: 0
[175.854s][info   ][gc,reloc    ] GC(13) Forwarding Usage: 1M
[175.854s][info   ][gc,heap     ] GC(13) Min Capacity: 512M(100%)
[175.854s][info   ][gc,heap     ] GC(13) Max Capacity: 512M(100%)
[175.854s][info   ][gc,heap     ] GC(13) Soft Max Capacity: 512M(100%)
[175.854s][info   ][gc,heap     ] GC(13)                Mark Start          Mark End        Relocate Start      Relocate End           High               Low         
[175.854s][info   ][gc,heap     ] GC(13)  Capacity:      512M (100%)        512M (100%)        512M (100%)        512M (100%)        512M (100%)        512M (100%)   
[175.854s][info   ][gc,heap     ] GC(13)      Free:      158M (31%)         122M (24%)         116M (23%)         350M (68%)         350M (68%)         108M (21%)    
[175.855s][info   ][gc,heap     ] GC(13)      Used:      354M (69%)         390M (76%)         396M (77%)         162M (32%)         404M (79%)         162M (32%)    
[175.855s][info   ][gc,heap     ] GC(13)      Live:         -                88M (17%)          88M (17%)          88M (17%)            -                  -          
[175.855s][info   ][gc,heap     ] GC(13) Allocated:         -                36M (7%)           42M (8%)           47M (9%)             -                  -          
[175.855s][info   ][gc,heap     ] GC(13)   Garbage:         -               265M (52%)         265M (52%)          26M (5%)             -                  -          
[175.855s][info   ][gc,heap     ] GC(13) Reclaimed:         -                  -                 0M (0%)          239M (47%)            -                  -          
[175.855s][info   ][gc          ] GC(13) Garbage Collection (Allocation Rate) 354M(69%)->162M(32%)
[180.556s][info   ][gc,stats    ] === Garbage Collection Statistics =======================================================================================================================
[180.556s][info   ][gc,stats    ]                                                              Last 10s              Last 10m              Last 10h                Total
[180.556s][info   ][gc,stats    ]                                                              Avg / Max             Avg / Max             Avg / Max             Avg / Max
[180.556s][info   ][gc,stats    ]   Collector: Garbage Collection Cycle                    897.410 / 897.410     873.700 / 3415.907    873.700 / 3415.907    873.700 / 3415.907    ms
[180.556s][info   ][gc,stats    ]  Contention: Mark Segment Reset Contention                     0 / 0                 0 / 2                 0 / 2                 0 / 2           ops/s
[180.556s][info   ][gc,stats    ]  Contention: Mark SeqNum Reset Contention                      0 / 1                 0 / 1                 0 / 1                 0 / 1           ops/s
[180.556s][info   ][gc,stats    ]    Critical: Allocation Stall                                  0 / 0                 0 / 0                 0 / 0                 0 / 0           ops/s
[180.556s][info   ][gc,stats    ]    Critical: Allocation Stall                              0.000 / 0.000         0.000 / 0.000         0.000 / 0.000         0.000 / 0.000       ms
[180.556s][info   ][gc,stats    ]    Critical: GC Locker Stall                                   0 / 0                 0 / 0                 0 / 0                 0 / 0           ops/s
[180.556s][info   ][gc,stats    ]    Critical: GC Locker Stall                               0.000 / 0.000         0.000 / 0.000         0.000 / 0.000         0.000 / 0.000       ms
[180.556s][info   ][gc,stats    ]    Critical: Relocation Stall                                  0 / 0                 0 / 0                 0 / 0                 0 / 0           ops/s
[180.557s][info   ][gc,stats    ]    Critical: Relocation Stall                              0.000 / 0.000         0.000 / 0.000         0.000 / 0.000         0.000 / 0.000       ms
[180.557s][info   ][gc,stats    ]      Memory: Allocation Rate                                  33 / 56               13 / 68               13 / 68               13 / 68          MB/s
[180.557s][info   ][gc,stats    ]      Memory: Defragment                                        0 / 0                 0 / 0                 0 / 0                 0 / 0           ops/s
[180.557s][info   ][gc,stats    ]      Memory: Out Of Memory                                     0 / 0                 0 / 0                 0 / 0                 0 / 0           ops/s
[180.557s][info   ][gc,stats    ]      Memory: Page Cache Flush                                  0 / 0                 0 / 0                 0 / 0                 0 / 0           MB/s
[180.557s][info   ][gc,stats    ]      Memory: Page Cache Hit L1                                17 / 28                5 / 28                5 / 28                5 / 28          ops/s
[180.557s][info   ][gc,stats    ]      Memory: Page Cache Hit L2                                 0 / 0                 0 / 0                 0 / 0                 0 / 0           ops/s
[180.557s][info   ][gc,stats    ]      Memory: Page Cache Hit L3                                 0 / 0                 1 / 26                1 / 26                1 / 26          ops/s
[180.557s][info   ][gc,stats    ]      Memory: Page Cache Miss                                   0 / 0                 0 / 1                 0 / 1                 0 / 1           ops/s
[180.557s][info   ][gc,stats    ]      Memory: Uncommit                                          0 / 0                 0 / 0                 0 / 0                 0 / 0           MB/s
[180.557s][info   ][gc,stats    ]      Memory: Undo Object Allocation Failed                     0 / 1                 0 / 1                 0 / 1                 0 / 1           ops/s
[180.557s][info   ][gc,stats    ]      Memory: Undo Object Allocation Succeeded                  4 / 47                1 / 74                1 / 74                1 / 74          ops/s
[180.557s][info   ][gc,stats    ]      Memory: Undo Page Allocation                              0 / 1                 0 / 1                 0 / 1                 0 / 1           ops/s
[180.557s][info   ][gc,stats    ]       Phase: Concurrent Mark                             636.716 / 636.716     559.857 / 1491.398    559.857 / 1491.398    559.857 / 1491.398    ms
[180.558s][info   ][gc,stats    ]       Phase: Concurrent Mark Continue                      0.000 / 0.000         0.000 / 0.000         0.000 / 0.000         0.000 / 0.000       ms
[180.558s][info   ][gc,stats    ]       Phase: Concurrent Mark Free                          0.003 / 0.003         0.002 / 0.004         0.002 / 0.004         0.002 / 0.004       ms
[180.558s][info   ][gc,stats    ]       Phase: Concurrent Process Non-Strong References    163.635 / 163.635     236.757 / 1850.321    236.757 / 1850.321    236.757 / 1850.321    ms
[180.558s][info   ][gc,stats    ]       Phase: Concurrent Relocate                           8.280 / 8.280        15.815 / 32.634       15.815 / 32.634       15.815 / 32.634      ms
[180.558s][info   ][gc,stats    ]       Phase: Concurrent Reset Relocation Set               0.007 / 0.007         0.017 / 0.040         0.017 / 0.040         0.017 / 0.040       ms
[180.558s][info   ][gc,stats    ]       Phase: Concurrent Select Relocation Set              4.473 / 4.473         6.983 / 15.302        6.983 / 15.302        6.983 / 15.302      ms
[180.558s][info   ][gc,stats    ]       Phase: Pause Mark End                                0.194 / 0.194         0.112 / 0.333         0.112 / 0.333         0.112 / 0.333       ms
[180.558s][info   ][gc,stats    ]       Phase: Pause Mark Start                              0.039 / 0.039         0.031 / 0.076         0.031 / 0.076         0.031 / 0.076       ms
[180.558s][info   ][gc,stats    ]       Phase: Pause Relocate Start                          0.026 / 0.026         0.028 / 0.043         0.028 / 0.043         0.028 / 0.043       ms
[180.558s][info   ][gc,stats    ]    Subphase: Concurrent Classes Purge                      0.013 / 0.013         3.065 / 13.941        3.065 / 13.941        3.065 / 13.941      ms
[180.558s][info   ][gc,stats    ]    Subphase: Concurrent Classes Unlink                   111.226 / 111.226     209.373 / 1768.670    209.373 / 1768.670    209.373 / 1768.670    ms
[180.558s][info   ][gc,stats    ]    Subphase: Concurrent Mark                             558.015 / 558.652     379.376 / 1136.625    379.376 / 1136.625    379.376 / 1136.625    ms
[180.558s][info   ][gc,stats    ]    Subphase: Concurrent Mark Try Flush                    30.159 / 52.305       32.733 / 148.506      32.733 / 148.506      32.733 / 148.506     ms
[180.558s][info   ][gc,stats    ]    Subphase: Concurrent Mark Try Terminate                 2.017 / 37.733        2.976 / 148.509       2.976 / 148.509       2.976 / 148.509     ms
[180.558s][info   ][gc,stats    ]    Subphase: Concurrent References Enqueue                 0.009 / 0.009         0.012 / 0.016         0.012 / 0.016         0.012 / 0.016       ms
[180.558s][info   ][gc,stats    ]    Subphase: Concurrent References Process                 0.770 / 0.770         0.622 / 1.351         0.622 / 1.351         0.622 / 1.351       ms
[180.558s][info   ][gc,stats    ]    Subphase: Concurrent Roots ClassLoaderDataGraph         0.787 / 1.261         0.532 / 1.503         0.532 / 1.503         0.532 / 1.503       ms
[180.558s][info   ][gc,stats    ]    Subphase: Concurrent Roots CodeCache                    0.000 / 0.000         0.000 / 0.000         0.000 / 0.000         0.000 / 0.000       ms
[180.559s][info   ][gc,stats    ]    Subphase: Concurrent Roots JavaThreads                 76.731 / 77.127       81.161 / 475.340      81.161 / 475.340      81.161 / 475.340     ms
[180.559s][info   ][gc,stats    ]    Subphase: Concurrent Roots OopStorageSet                0.212 / 0.235         0.154 / 0.370         0.154 / 0.370         0.154 / 0.370       ms
[180.559s][info   ][gc,stats    ]    Subphase: Concurrent Weak Roots OopStorageSet           4.396 / 4.407         4.379 / 9.700         4.379 / 9.700         4.379 / 9.700       ms
[180.559s][info   ][gc,stats    ]    Subphase: Pause Mark Try Complete                       0.052 / 0.053         0.052 / 0.195         0.052 / 0.195         0.052 / 0.195       ms
[180.559s][info   ][gc,stats    ]      System: Java Threads                                    112 / 113              51 / 113              51 / 113              51 / 113         threads
[180.559s][info   ][gc,stats    ] =========================================================================================================================================================
[183.556s][info   ][gc,start    ] GC(14) Garbage Collection (Allocation Rate)
[183.556s][info   ][gc,task     ] GC(14) Using 2 workers
[183.566s][info   ][gc,phases   ] GC(14) Pause Mark Start 0.043ms
[184.349s][info   ][gc,phases   ] GC(14) Concurrent Mark 775.647ms
[184.358s][info   ][gc,phases   ] GC(14) Pause Mark End 0.179ms
[184.366s][info   ][gc,phases   ] GC(14) Concurrent Mark Free 0.002ms
[184.724s][info   ][gc,phases   ] GC(14) Concurrent Process Non-Strong References 357.898ms
[184.724s][info   ][gc,phases   ] GC(14) Concurrent Reset Relocation Set 0.022ms
[184.730s][info   ][gc,phases   ] GC(14) Concurrent Select Relocation Set 5.342ms
[184.764s][info   ][gc,phases   ] GC(14) Pause Relocate Start 0.026ms
[184.785s][info   ][gc,phases   ] GC(14) Concurrent Relocate 10.376ms
[184.785s][info   ][gc,load     ] GC(14) Load: 0.00/0.00/0.00
[184.785s][info   ][gc,mmu      ] GC(14) MMU: 2ms/83.4%, 5ms/93.4%, 10ms/96.7%, 20ms/98.3%, 50ms/99.3%, 100ms/99.7%
[184.785s][info   ][gc,marking  ] GC(14) Mark: 2 stripe(s), 9 proactive flush(es), 3 terminate flush(es), 1 completion(s), 0 continuation(s) 
[184.785s][info   ][gc,marking  ] GC(14) Mark Stack Usage: 32M
[184.786s][info   ][gc,nmethod  ] GC(14) NMethods: 8056 registered, 1434 unregistered
[184.786s][info   ][gc,metaspace] GC(14) Metaspace: 123M used, 125M committed, 1152M reserved
[184.786s][info   ][gc,ref      ] GC(14) Soft: 23344 encountered, 0 discovered, 0 enqueued
[184.786s][info   ][gc,ref      ] GC(14) Weak: 17350 encountered, 5714 discovered, 3815 enqueued
[184.786s][info   ][gc,ref      ] GC(14) Final: 35 encountered, 0 discovered, 0 enqueued
[184.786s][info   ][gc,ref      ] GC(14) Phantom: 671 encountered, 356 discovered, 0 enqueued
[184.786s][info   ][gc,reloc    ] GC(14) Small Pages: 194 / 388M, Empty: 0M, Relocated: 8M, In-Place: 0
[184.786s][info   ][gc,reloc    ] GC(14) Medium Pages: 1 / 16M, Empty: 0M, Relocated: 0M, In-Place: 0
[184.786s][info   ][gc,reloc    ] GC(14) Large Pages: 0 / 0M, Empty: 0M, Relocated: 0M, In-Place: 0
[184.786s][info   ][gc,reloc    ] GC(14) Forwarding Usage: 1M
[184.786s][info   ][gc,heap     ] GC(14) Min Capacity: 512M(100%)
[184.786s][info   ][gc,heap     ] GC(14) Max Capacity: 512M(100%)
[184.786s][info   ][gc,heap     ] GC(14) Soft Max Capacity: 512M(100%)
[184.786s][info   ][gc,heap     ] GC(14)                Mark Start          Mark End        Relocate Start      Relocate End           High               Low         
[184.786s][info   ][gc,heap     ] GC(14)  Capacity:      512M (100%)        512M (100%)        512M (100%)        512M (100%)        512M (100%)        512M (100%)   
[184.786s][info   ][gc,heap     ] GC(14)      Free:      108M (21%)          68M (13%)          58M (11%)         342M (67%)         342M (67%)          54M (11%)    
[184.787s][info   ][gc,heap     ] GC(14)      Used:      404M (79%)         444M (87%)         454M (89%)         170M (33%)         458M (89%)         170M (33%)    
[184.787s][info   ][gc,heap     ] GC(14)      Live:         -                91M (18%)          91M (18%)          91M (18%)            -                  -          
[184.787s][info   ][gc,heap     ] GC(14) Allocated:         -                40M (8%)           50M (10%)          49M (10%)            -                  -          
[184.787s][info   ][gc,heap     ] GC(14)   Garbage:         -               312M (61%)         312M (61%)          29M (6%)             -                  -          
[184.787s][info   ][gc,heap     ] GC(14) Reclaimed:         -                  -                 0M (0%)          283M (55%)            -                  -          
[184.787s][info   ][gc          ] GC(14) Garbage Collection (Allocation Rate) 404M(79%)->170M(33%)
[189.957s][info   ][gc,start    ] GC(15) Garbage Collection (Allocation Rate)
[189.957s][info   ][gc,task     ] GC(15) Using 1 workers
[189.968s][info   ][gc,phases   ] GC(15) Pause Mark Start 0.047ms
[190.557s][info   ][gc,stats    ] === Garbage Collection Statistics =======================================================================================================================
[190.557s][info   ][gc,stats    ]                                                              Last 10s              Last 10m              Last 10h                Total
[190.557s][info   ][gc,stats    ]                                                              Avg / Max             Avg / Max             Avg / Max             Avg / Max
[190.557s][info   ][gc,stats    ]   Collector: Garbage Collection Cycle                   1228.959 / 1228.959    897.384 / 3415.907    897.384 / 3415.907    897.384 / 3415.907    ms
[190.557s][info   ][gc,stats    ]  Contention: Mark Segment Reset Contention                     0 / 0                 0 / 2                 0 / 2                 0 / 2           ops/s
[190.557s][info   ][gc,stats    ]  Contention: Mark SeqNum Reset Contention                      0 / 0                 0 / 1                 0 / 1                 0 / 1           ops/s
[190.557s][info   ][gc,stats    ]    Critical: Allocation Stall                                  0 / 0                 0 / 0                 0 / 0                 0 / 0           ops/s
[190.557s][info   ][gc,stats    ]    Critical: Allocation Stall                              0.000 / 0.000         0.000 / 0.000         0.000 / 0.000         0.000 / 0.000       ms
[190.557s][info   ][gc,stats    ]    Critical: GC Locker Stall                                   0 / 0                 0 / 0                 0 / 0                 0 / 0           ops/s
[190.557s][info   ][gc,stats    ]    Critical: GC Locker Stall                               0.000 / 0.000         0.000 / 0.000         0.000 / 0.000         0.000 / 0.000       ms
[190.557s][info   ][gc,stats    ]    Critical: Relocation Stall                                  0 / 0                 0 / 0                 0 / 0                 0 / 0           ops/s
[190.557s][info   ][gc,stats    ]    Critical: Relocation Stall                              0.000 / 0.000         0.000 / 0.000         0.000 / 0.000         0.000 / 0.000       ms
[190.557s][info   ][gc,stats    ]      Memory: Allocation Rate                                  36 / 60               14 / 68               14 / 68               14 / 68          MB/s
[190.557s][info   ][gc,stats    ]      Memory: Defragment                                        0 / 0                 0 / 0                 0 / 0                 0 / 0           ops/s
[190.557s][info   ][gc,stats    ]      Memory: Out Of Memory                                     0 / 0                 0 / 0                 0 / 0                 0 / 0           ops/s
[190.558s][info   ][gc,stats    ]      Memory: Page Cache Flush                                  0 / 0                 0 / 0                 0 / 0                 0 / 0           MB/s
[190.558s][info   ][gc,stats    ]      Memory: Page Cache Hit L1                                17 / 30                6 / 30                6 / 30                6 / 30          ops/s
[190.558s][info   ][gc,stats    ]      Memory: Page Cache Hit L2                                 0 / 0                 0 / 0                 0 / 0                 0 / 0           ops/s
[190.558s][info   ][gc,stats    ]      Memory: Page Cache Hit L3                                 1 / 9                 1 / 26                1 / 26                1 / 26          ops/s
[190.558s][info   ][gc,stats    ]      Memory: Page Cache Miss                                   0 / 0                 0 / 1                 0 / 1                 0 / 1           ops/s
[190.558s][info   ][gc,stats    ]      Memory: Uncommit                                          0 / 0                 0 / 0                 0 / 0                 0 / 0           MB/s
[190.558s][info   ][gc,stats    ]      Memory: Undo Object Allocation Failed                     0 / 0                 0 / 1                 0 / 1                 0 / 1           ops/s
[190.558s][info   ][gc,stats    ]      Memory: Undo Object Allocation Succeeded                  0 / 6                 1 / 74                1 / 74                1 / 74          ops/s
[190.558s][info   ][gc,stats    ]      Memory: Undo Page Allocation                              0 / 0                 0 / 1                 0 / 1                 0 / 1           ops/s
[190.558s][info   ][gc,stats    ]       Phase: Concurrent Mark                             775.647 / 775.647     574.243 / 1491.398    574.243 / 1491.398    574.243 / 1491.398    ms
[190.558s][info   ][gc,stats    ]       Phase: Concurrent Mark Continue                      0.000 / 0.000         0.000 / 0.000         0.000 / 0.000         0.000 / 0.000       ms
[190.558s][info   ][gc,stats    ]       Phase: Concurrent Mark Free                          0.002 / 0.002         0.002 / 0.004         0.002 / 0.004         0.002 / 0.004       ms
[190.558s][info   ][gc,stats    ]       Phase: Concurrent Process Non-Strong References    357.898 / 357.898     244.833 / 1850.321    244.833 / 1850.321    244.833 / 1850.321    ms
[190.558s][info   ][gc,stats    ]       Phase: Concurrent Relocate                          10.376 / 10.376       15.452 / 32.634       15.452 / 32.634       15.452 / 32.634      ms
[190.558s][info   ][gc,stats    ]       Phase: Concurrent Reset Relocation Set               0.022 / 0.022         0.017 / 0.040         0.017 / 0.040         0.017 / 0.040       ms
[190.558s][info   ][gc,stats    ]       Phase: Concurrent Select Relocation Set              5.342 / 5.342         6.874 / 15.302        6.874 / 15.302        6.874 / 15.302      ms
[190.559s][info   ][gc,stats    ]       Phase: Pause Mark End                                0.179 / 0.179         0.117 / 0.333         0.117 / 0.333         0.117 / 0.333       ms
[190.559s][info   ][gc,stats    ]       Phase: Pause Mark Start                              0.045 / 0.047         0.032 / 0.076         0.032 / 0.076         0.032 / 0.076       ms
[190.559s][info   ][gc,stats    ]       Phase: Pause Relocate Start                          0.026 / 0.026         0.028 / 0.043         0.028 / 0.043         0.028 / 0.043       ms
[190.559s][info   ][gc,stats    ]    Subphase: Concurrent Classes Purge                      5.673 / 5.673         3.239 / 13.941        3.239 / 13.941        3.239 / 13.941      ms
[190.559s][info   ][gc,stats    ]    Subphase: Concurrent Classes Unlink                   289.517 / 289.517     214.716 / 1768.670    214.716 / 1768.670    214.716 / 1768.670    ms
[190.559s][info   ][gc,stats    ]    Subphase: Concurrent Mark                             669.679 / 670.314     400.880 / 1136.625    400.880 / 1136.625    400.880 / 1136.625    ms
[190.559s][info   ][gc,stats    ]    Subphase: Concurrent Mark Try Flush                    38.637 / 84.359       33.444 / 148.506      33.444 / 148.506      33.444 / 148.506     ms
[190.559s][info   ][gc,stats    ]    Subphase: Concurrent Mark Try Terminate                 2.143 / 84.362        2.741 / 148.509       2.741 / 148.509       2.741 / 148.509     ms
[190.559s][info   ][gc,stats    ]    Subphase: Concurrent References Enqueue                 0.013 / 0.013         0.012 / 0.016         0.012 / 0.016         0.012 / 0.016       ms
[190.559s][info   ][gc,stats    ]    Subphase: Concurrent References Process                 0.860 / 0.860         0.638 / 1.351         0.638 / 1.351         0.638 / 1.351       ms
[190.559s][info   ][gc,stats    ]    Subphase: Concurrent Roots ClassLoaderDataGraph         0.481 / 0.680         0.527 / 1.503         0.527 / 1.503         0.527 / 1.503       ms
[190.559s][info   ][gc,stats    ]    Subphase: Concurrent Roots CodeCache                    0.000 / 0.000         0.000 / 0.000         0.000 / 0.000         0.000 / 0.000       ms
[190.559s][info   ][gc,stats    ]    Subphase: Concurrent Roots JavaThreads                113.774 / 131.908      84.655 / 475.340      84.655 / 475.340      84.655 / 475.340     ms
[190.559s][info   ][gc,stats    ]    Subphase: Concurrent Roots OopStorageSet                0.176 / 0.305         0.156 / 0.370         0.156 / 0.370         0.156 / 0.370       ms
[190.559s][info   ][gc,stats    ]    Subphase: Concurrent Weak Roots OopStorageSet           3.711 / 3.712         4.329 / 9.700         4.329 / 9.700         4.329 / 9.700       ms
[190.559s][info   ][gc,stats    ]    Subphase: Pause Mark Try Complete                       0.047 / 0.049         0.051 / 0.195         0.051 / 0.195         0.051 / 0.195       ms
[190.560s][info   ][gc,stats    ]      System: Java Threads                                    128 / 135              57 / 135              57 / 135              57 / 135         threads
[190.560s][info   ][gc,stats    ] =========================================================================================================================================================
[190.895s][info   ][gc,phases   ] GC(15) Concurrent Mark 924.396ms
[190.909s][info   ][gc,phases   ] GC(15) Pause Mark End 0.176ms
[190.910s][info   ][gc,phases   ] GC(15) Concurrent Mark Free 0.002ms
[191.158s][info   ][gc,phases   ] GC(15) Concurrent Process Non-Strong References 247.926ms
[191.159s][info   ][gc,phases   ] GC(15) Concurrent Reset Relocation Set 0.032ms
[191.165s][info   ][gc,phases   ] GC(15) Concurrent Select Relocation Set 6.170ms
[191.189s][info   ][gc,phases   ] GC(15) Pause Relocate Start 0.079ms
[191.213s][info   ][gc,phases   ] GC(15) Concurrent Relocate 19.256ms
[191.213s][info   ][gc,load     ] GC(15) Load: 0.00/0.00/0.00
[191.213s][info   ][gc,mmu      ] GC(15) MMU: 2ms/83.4%, 5ms/93.4%, 10ms/96.7%, 20ms/98.3%, 50ms/99.3%, 100ms/99.7%
[191.214s][info   ][gc,marking  ] GC(15) Mark: 1 stripe(s), 10 proactive flush(es), 3 terminate flush(es), 1 completion(s), 0 continuation(s) 
[191.214s][info   ][gc,marking  ] GC(15) Mark Stack Usage: 32M
[191.214s][info   ][gc,nmethod  ] GC(15) NMethods: 8073 registered, 1434 unregistered
[191.214s][info   ][gc,metaspace] GC(15) Metaspace: 123M used, 125M committed, 1152M reserved
[191.214s][info   ][gc,ref      ] GC(15) Soft: 23355 encountered, 0 discovered, 0 enqueued
[191.214s][info   ][gc,ref      ] GC(15) Weak: 16520 encountered, 4070 discovered, 2800 enqueued
[191.214s][info   ][gc,ref      ] GC(15) Final: 35 encountered, 0 discovered, 0 enqueued
[191.214s][info   ][gc,ref      ] GC(15) Phantom: 682 encountered, 615 discovered, 0 enqueued
[191.214s][info   ][gc,reloc    ] GC(15) Small Pages: 161 / 322M, Empty: 0M, Relocated: 10M, In-Place: 0
[191.214s][info   ][gc,reloc    ] GC(15) Medium Pages: 1 / 16M, Empty: 0M, Relocated: 0M, In-Place: 0
[191.214s][info   ][gc,reloc    ] GC(15) Large Pages: 0 / 0M, Empty: 0M, Relocated: 0M, In-Place: 0
[191.214s][info   ][gc,reloc    ] GC(15) Forwarding Usage: 2M
[191.214s][info   ][gc,heap     ] GC(15) Min Capacity: 512M(100%)
[191.214s][info   ][gc,heap     ] GC(15) Max Capacity: 512M(100%)
[191.214s][info   ][gc,heap     ] GC(15) Soft Max Capacity: 512M(100%)
[191.214s][info   ][gc,heap     ] GC(15)                Mark Start          Mark End        Relocate Start      Relocate End           High               Low         
[191.214s][info   ][gc,heap     ] GC(15)  Capacity:      512M (100%)        512M (100%)        512M (100%)        512M (100%)        512M (100%)        512M (100%)   
[191.215s][info   ][gc,heap     ] GC(15)      Free:      174M (34%)         120M (23%)         112M (22%)         332M (65%)         332M (65%)         110M (21%)    
[191.215s][info   ][gc,heap     ] GC(15)      Used:      338M (66%)         392M (77%)         400M (78%)         180M (35%)         402M (79%)         180M (35%)    
[191.215s][info   ][gc,heap     ] GC(15)      Live:         -                93M (18%)          93M (18%)          93M (18%)            -                  -          
[191.215s][info   ][gc,heap     ] GC(15) Allocated:         -                54M (11%)          62M (12%)          61M (12%)            -                  -          
[191.215s][info   ][gc,heap     ] GC(15)   Garbage:         -               244M (48%)         244M (48%)          25M (5%)             -                  -          
[191.215s][info   ][gc,heap     ] GC(15) Reclaimed:         -                  -                 0M (0%)          219M (43%)            -                  -          
[191.215s][info   ][gc          ] GC(15) Garbage Collection (Allocation Rate) 338M(66%)->180M(35%)
[191.556s][info   ][gc,start    ] GC(16) Garbage Collection (Allocation Rate)
[191.556s][info   ][gc,task     ] GC(16) Using 1 workers
[191.567s][info   ][gc,phases   ] GC(16) Pause Mark Start 0.027ms
[192.190s][info   ][gc,phases   ] GC(16) Concurrent Mark 615.699ms
[192.202s][info   ][gc,phases   ] GC(16) Pause Mark End 0.035ms
[192.202s][info   ][gc,phases   ] GC(16) Concurrent Mark Free 0.001ms
[192.268s][info   ][gc,phases   ] GC(16) Concurrent Process Non-Strong References 66.025ms
[192.268s][info   ][gc,phases   ] GC(16) Concurrent Reset Relocation Set 0.018ms
[192.274s][info   ][gc,phases   ] GC(16) Concurrent Select Relocation Set 5.147ms
[192.274s][info   ][gc,phases   ] GC(16) Pause Relocate Start 0.026ms
[192.281s][info   ][gc,phases   ] GC(16) Concurrent Relocate 6.586ms
[192.281s][info   ][gc,load     ] GC(16) Load: 0.00/0.00/0.00
[192.281s][info   ][gc,mmu      ] GC(16) MMU: 2ms/83.4%, 5ms/93.4%, 10ms/96.7%, 20ms/98.3%, 50ms/99.3%, 100ms/99.7%
[192.281s][info   ][gc,marking  ] GC(16) Mark: 1 stripe(s), 2 proactive flush(es), 3 terminate flush(es), 0 completion(s), 0 continuation(s) 
[192.281s][info   ][gc,marking  ] GC(16) Mark Stack Usage: 32M
[192.281s][info   ][gc,nmethod  ] GC(16) NMethods: 7350 registered, 2176 unregistered
[192.281s][info   ][gc,metaspace] GC(16) Metaspace: 123M used, 125M committed, 1152M reserved
[192.281s][info   ][gc,ref      ] GC(16) Soft: 23356 encountered, 0 discovered, 0 enqueued
[192.281s][info   ][gc,ref      ] GC(16) Weak: 14476 encountered, 2181 discovered, 978 enqueued
[192.281s][info   ][gc,ref      ] GC(16) Final: 35 encountered, 0 discovered, 0 enqueued
[192.281s][info   ][gc,ref      ] GC(16) Phantom: 684 encountered, 616 discovered, 0 enqueued
[192.281s][info   ][gc,reloc    ] GC(16) Small Pages: 87 / 174M, Empty: 0M, Relocated: 6M, In-Place: 0
[192.282s][info   ][gc,reloc    ] GC(16) Medium Pages: 1 / 16M, Empty: 0M, Relocated: 0M, In-Place: 0
[192.282s][info   ][gc,reloc    ] GC(16) Large Pages: 0 / 0M, Empty: 0M, Relocated: 0M, In-Place: 0
[192.282s][info   ][gc,reloc    ] GC(16) Forwarding Usage: 1M
[192.282s][info   ][gc,heap     ] GC(16) Min Capacity: 512M(100%)
[192.282s][info   ][gc,heap     ] GC(16) Max Capacity: 512M(100%)
[192.282s][info   ][gc,heap     ] GC(16) Soft Max Capacity: 512M(100%)
[192.282s][info   ][gc,heap     ] GC(16)                Mark Start          Mark End        Relocate Start      Relocate End           High               Low         
[192.282s][info   ][gc,heap     ] GC(16)  Capacity:      512M (100%)        512M (100%)        512M (100%)        512M (100%)        512M (100%)        512M (100%)   
[192.282s][info   ][gc,heap     ] GC(16)      Free:      322M (63%)         290M (57%)         288M (56%)         362M (71%)         362M (71%)         286M (56%)    
[192.282s][info   ][gc,heap     ] GC(16)      Used:      190M (37%)         222M (43%)         224M (44%)         150M (29%)         226M (44%)         150M (29%)    
[192.282s][info   ][gc,heap     ] GC(16)      Live:         -                90M (18%)          90M (18%)          90M (18%)            -                  -          
[192.282s][info   ][gc,heap     ] GC(16) Allocated:         -                32M (6%)           34M (7%)           33M (7%)             -                  -          
[192.282s][info   ][gc,heap     ] GC(16)   Garbage:         -                99M (19%)          99M (19%)          25M (5%)             -                  -          
[192.282s][info   ][gc,heap     ] GC(16) Reclaimed:         -                  -                 0M (0%)           73M (14%)            -                  -          
[192.282s][info   ][gc          ] GC(16) Garbage Collection (Allocation Rate) 190M(37%)->150M(29%)
[200.557s][info   ][gc,stats    ] === Garbage Collection Statistics =======================================================================================================================
[200.557s][info   ][gc,stats    ]                                                              Last 10s              Last 10m              Last 10h                Total
[200.557s][info   ][gc,stats    ]                                                              Avg / Max             Avg / Max             Avg / Max             Avg / Max
[200.558s][info   ][gc,stats    ]   Collector: Garbage Collection Cycle                    990.766 / 1256.721    908.370 / 3415.907    908.370 / 3415.907    908.370 / 3415.907    ms
[200.558s][info   ][gc,stats    ]  Contention: Mark Segment Reset Contention                     0 / 0                 0 / 2                 0 / 2                 0 / 2           ops/s
[200.558s][info   ][gc,stats    ]  Contention: Mark SeqNum Reset Contention                      0 / 0                 0 / 1                 0 / 1                 0 / 1           ops/s
[200.558s][info   ][gc,stats    ]    Critical: Allocation Stall                                  0 / 0                 0 / 0                 0 / 0                 0 / 0           ops/s
[200.558s][info   ][gc,stats    ]    Critical: Allocation Stall                              0.000 / 0.000         0.000 / 0.000         0.000 / 0.000         0.000 / 0.000       ms
[200.559s][info   ][gc,stats    ]    Critical: GC Locker Stall                                   0 / 0                 0 / 0                 0 / 0                 0 / 0           ops/s
[200.559s][info   ][gc,stats    ]    Critical: GC Locker Stall                               0.000 / 0.000         0.000 / 0.000         0.000 / 0.000         0.000 / 0.000       ms
[200.559s][info   ][gc,stats    ]    Critical: Relocation Stall                                  0 / 0                 0 / 0                 0 / 0                 0 / 0           ops/s
[200.559s][info   ][gc,stats    ]    Critical: Relocation Stall                              0.000 / 0.000         0.000 / 0.000         0.000 / 0.000         0.000 / 0.000       ms
[200.559s][info   ][gc,stats    ]      Memory: Allocation Rate                                   6 / 34               14 / 68               14 / 68               14 / 68          MB/s
[200.559s][info   ][gc,stats    ]      Memory: Defragment                                        0 / 0                 0 / 0                 0 / 0                 0 / 0           ops/s
[200.559s][info   ][gc,stats    ]      Memory: Out Of Memory                                     0 / 0                 0 / 0                 0 / 0                 0 / 0           ops/s
[200.560s][info   ][gc,stats    ]      Memory: Page Cache Flush                                  0 / 0                 0 / 0                 0 / 0                 0 / 0           MB/s
[200.560s][info   ][gc,stats    ]      Memory: Page Cache Hit L1                                 4 / 21                6 / 30                6 / 30                6 / 30          ops/s
[200.560s][info   ][gc,stats    ]      Memory: Page Cache Hit L2                                 0 / 0                 0 / 0                 0 / 0                 0 / 0           ops/s
[200.560s][info   ][gc,stats    ]      Memory: Page Cache Hit L3                                 0 / 0                 1 / 26                1 / 26                1 / 26          ops/s
[200.560s][info   ][gc,stats    ]      Memory: Page Cache Miss                                   0 / 0                 0 / 1                 0 / 1                 0 / 1           ops/s
[200.560s][info   ][gc,stats    ]      Memory: Uncommit                                          0 / 0                 0 / 0                 0 / 0                 0 / 0           MB/s
[200.560s][info   ][gc,stats    ]      Memory: Undo Object Allocation Failed                     0 / 0                 0 / 1                 0 / 1                 0 / 1           ops/s
[200.560s][info   ][gc,stats    ]      Memory: Undo Object Allocation Succeeded                  0 / 5                 1 / 74                1 / 74                1 / 74          ops/s
[200.560s][info   ][gc,stats    ]      Memory: Undo Page Allocation                              0 / 0                 0 / 1                 0 / 1                 0 / 1           ops/s
[200.560s][info   ][gc,stats    ]       Phase: Concurrent Mark                             770.047 / 924.396     597.279 / 1491.398    597.279 / 1491.398    597.279 / 1491.398    ms
[200.561s][info   ][gc,stats    ]       Phase: Concurrent Mark Continue                      0.000 / 0.000         0.000 / 0.000         0.000 / 0.000         0.000 / 0.000       ms
[200.561s][info   ][gc,stats    ]       Phase: Concurrent Mark Free                          0.001 / 0.002         0.002 / 0.004         0.002 / 0.004         0.002 / 0.004       ms
[200.561s][info   ][gc,stats    ]       Phase: Concurrent Process Non-Strong References    156.975 / 247.926     234.496 / 1850.321    234.496 / 1850.321    234.496 / 1850.321    ms
[200.561s][info   ][gc,stats    ]       Phase: Concurrent Relocate                          12.921 / 19.256       15.154 / 32.634       15.154 / 32.634       15.154 / 32.634      ms
[200.561s][info   ][gc,stats    ]       Phase: Concurrent Reset Relocation Set               0.025 / 0.032         0.018 / 0.040         0.018 / 0.040         0.018 / 0.040       ms
[200.561s][info   ][gc,stats    ]       Phase: Concurrent Select Relocation Set              5.659 / 6.170         6.731 / 15.302        6.731 / 15.302        6.731 / 15.302      ms
[200.561s][info   ][gc,stats    ]       Phase: Pause Mark End                                0.105 / 0.176         0.115 / 0.333         0.115 / 0.333         0.115 / 0.333       ms
[200.561s][info   ][gc,stats    ]       Phase: Pause Mark Start                              0.027 / 0.027         0.032 / 0.076         0.032 / 0.076         0.032 / 0.076       ms
[200.561s][info   ][gc,stats    ]       Phase: Pause Relocate Start                          0.053 / 0.079         0.031 / 0.079         0.031 / 0.079         0.031 / 0.079       ms
[200.561s][info   ][gc,stats    ]    Subphase: Concurrent Classes Purge                      1.180 / 2.339         2.997 / 13.941        2.997 / 13.941        2.997 / 13.941      ms
[200.561s][info   ][gc,stats    ]    Subphase: Concurrent Classes Unlink                   134.971 / 215.141     205.334 / 1768.670    205.334 / 1768.670    205.334 / 1768.670    ms
[200.562s][info   ][gc,stats    ]    Subphase: Concurrent Mark                             644.012 / 791.364     417.648 / 1136.625    417.648 / 1136.625    417.648 / 1136.625    ms
[200.562s][info   ][gc,stats    ]    Subphase: Concurrent Mark Try Flush                    25.912 / 44.423       32.420 / 148.506      32.420 / 148.506      32.420 / 148.506     ms
[200.562s][info   ][gc,stats    ]    Subphase: Concurrent Mark Try Terminate                16.058 / 26.206        2.844 / 148.509       2.844 / 148.509       2.844 / 148.509     ms
[200.562s][info   ][gc,stats    ]    Subphase: Concurrent References Enqueue                 0.011 / 0.012         0.012 / 0.016         0.012 / 0.016         0.012 / 0.016       ms
[200.562s][info   ][gc,stats    ]    Subphase: Concurrent References Process                 0.985 / 1.299         0.678 / 1.351         0.678 / 1.351         0.678 / 1.351       ms
[200.562s][info   ][gc,stats    ]    Subphase: Concurrent Roots ClassLoaderDataGraph         0.674 / 0.674         0.532 / 1.503         0.532 / 1.503         0.532 / 1.503       ms
[200.562s][info   ][gc,stats    ]    Subphase: Concurrent Roots CodeCache                    0.000 / 0.000         0.000 / 0.000         0.000 / 0.000         0.000 / 0.000       ms
[200.562s][info   ][gc,stats    ]    Subphase: Concurrent Roots JavaThreads                118.040 / 118.040      85.807 / 475.340      85.807 / 475.340      85.807 / 475.340     ms
[200.562s][info   ][gc,stats    ]    Subphase: Concurrent Roots OopStorageSet                0.178 / 0.178         0.157 / 0.370         0.157 / 0.370         0.157 / 0.370       ms
[200.562s][info   ][gc,stats    ]    Subphase: Concurrent Weak Roots OopStorageSet           7.236 / 7.758         4.530 / 9.700         4.530 / 9.700         4.530 / 9.700       ms
[200.562s][info   ][gc,stats    ]    Subphase: Pause Mark Try Complete                       0.072 / 0.072         0.053 / 0.195         0.053 / 0.195         0.053 / 0.195       ms
[200.562s][info   ][gc,stats    ]      System: Java Threads                                    136 / 137              65 / 137              65 / 137              65 / 137         threads
[200.562s][info   ][gc,stats    ] =========================================================================================================================================================
[210.556s][info   ][gc,stats    ] === Garbage Collection Statistics =======================================================================================================================
[210.557s][info   ][gc,stats    ]                                                              Last 10s              Last 10m              Last 10h                Total
[210.557s][info   ][gc,stats    ]                                                              Avg / Max             Avg / Max             Avg / Max             Avg / Max
[210.557s][info   ][gc,stats    ]   Collector: Garbage Collection Cycle                      0.000 / 0.000       908.370 / 3415.907    908.370 / 3415.907    908.370 / 3415.907    ms
[210.557s][info   ][gc,stats    ]  Contention: Mark Segment Reset Contention                     0 / 0                 0 / 2                 0 / 2                 0 / 2           ops/s
[210.557s][info   ][gc,stats    ]  Contention: Mark SeqNum Reset Contention                      0 / 0                 0 / 1                 0 / 1                 0 / 1           ops/s
[210.557s][info   ][gc,stats    ]    Critical: Allocation Stall                                  0 / 0                 0 / 0                 0 / 0                 0 / 0           ops/s
[210.558s][info   ][gc,stats    ]    Critical: Allocation Stall                              0.000 / 0.000         0.000 / 0.000         0.000 / 0.000         0.000 / 0.000       ms
[210.558s][info   ][gc,stats    ]    Critical: GC Locker Stall                                   0 / 0                 0 / 0                 0 / 0                 0 / 0           ops/s
[210.558s][info   ][gc,stats    ]    Critical: GC Locker Stall                               0.000 / 0.000         0.000 / 0.000         0.000 / 0.000         0.000 / 0.000       ms
[210.559s][info   ][gc,stats    ]    Critical: Relocation Stall                                  0 / 0                 0 / 0                 0 / 0                 0 / 0           ops/s
[210.559s][info   ][gc,stats    ]    Critical: Relocation Stall                              0.000 / 0.000         0.000 / 0.000         0.000 / 0.000         0.000 / 0.000       ms
[210.559s][info   ][gc,stats    ]      Memory: Allocation Rate                                   0 / 2                13 / 68               13 / 68               13 / 68          MB/s
[210.559s][info   ][gc,stats    ]      Memory: Defragment                                        0 / 0                 0 / 0                 0 / 0                 0 / 0           ops/s
[210.559s][info   ][gc,stats    ]      Memory: Out Of Memory                                     0 / 0                 0 / 0                 0 / 0                 0 / 0           ops/s
[210.559s][info   ][gc,stats    ]      Memory: Page Cache Flush                                  0 / 0                 0 / 0                 0 / 0                 0 / 0           MB/s
[210.559s][info   ][gc,stats    ]      Memory: Page Cache Hit L1                                 0 / 1                 6 / 30                6 / 30                6 / 30          ops/s
[210.559s][info   ][gc,stats    ]      Memory: Page Cache Hit L2                                 0 / 0                 0 / 0                 0 / 0                 0 / 0           ops/s
[210.559s][info   ][gc,stats    ]      Memory: Page Cache Hit L3                                 0 / 0                 1 / 26                1 / 26                1 / 26          ops/s
[210.559s][info   ][gc,stats    ]      Memory: Page Cache Miss                                   0 / 0                 0 / 1                 0 / 1                 0 / 1           ops/s
[210.560s][info   ][gc,stats    ]      Memory: Uncommit                                          0 / 0                 0 / 0                 0 / 0                 0 / 0           MB/s
[210.560s][info   ][gc,stats    ]      Memory: Undo Object Allocation Failed                     0 / 0                 0 / 1                 0 / 1                 0 / 1           ops/s
[210.560s][info   ][gc,stats    ]      Memory: Undo Object Allocation Succeeded                  0 / 0                 1 / 74                1 / 74                1 / 74          ops/s
[210.560s][info   ][gc,stats    ]      Memory: Undo Page Allocation                              0 / 0                 0 / 1                 0 / 1                 0 / 1           ops/s
[210.560s][info   ][gc,stats    ]       Phase: Concurrent Mark                               0.000 / 0.000       597.279 / 1491.398    597.279 / 1491.398    597.279 / 1491.398    ms
[210.560s][info   ][gc,stats    ]       Phase: Concurrent Mark Continue                      0.000 / 0.000         0.000 / 0.000         0.000 / 0.000         0.000 / 0.000       ms
[210.561s][info   ][gc,stats    ]       Phase: Concurrent Mark Free                          0.000 / 0.000         0.002 / 0.004         0.002 / 0.004         0.002 / 0.004       ms
[210.561s][info   ][gc,stats    ]       Phase: Concurrent Process Non-Strong References      0.000 / 0.000       234.496 / 1850.321    234.496 / 1850.321    234.496 / 1850.321    ms
[210.561s][info   ][gc,stats    ]       Phase: Concurrent Relocate                           0.000 / 0.000        15.154 / 32.634       15.154 / 32.634       15.154 / 32.634      ms
[210.561s][info   ][gc,stats    ]       Phase: Concurrent Reset Relocation Set               0.000 / 0.000         0.018 / 0.040         0.018 / 0.040         0.018 / 0.040       ms
[210.561s][info   ][gc,stats    ]       Phase: Concurrent Select Relocation Set              0.000 / 0.000         6.731 / 15.302        6.731 / 15.302        6.731 / 15.302      ms
[210.561s][info   ][gc,stats    ]       Phase: Pause Mark End                                0.000 / 0.000         0.115 / 0.333         0.115 / 0.333         0.115 / 0.333       ms
[210.562s][info   ][gc,stats    ]       Phase: Pause Mark Start                              0.000 / 0.000         0.032 / 0.076         0.032 / 0.076         0.032 / 0.076       ms
[210.562s][info   ][gc,stats    ]       Phase: Pause Relocate Start                          0.000 / 0.000         0.031 / 0.079         0.031 / 0.079         0.031 / 0.079       ms
[210.562s][info   ][gc,stats    ]    Subphase: Concurrent Classes Purge                      0.000 / 0.000         2.997 / 13.941        2.997 / 13.941        2.997 / 13.941      ms
[210.562s][info   ][gc,stats    ]    Subphase: Concurrent Classes Unlink                     0.000 / 0.000       205.334 / 1768.670    205.334 / 1768.670    205.334 / 1768.670    ms
[210.562s][info   ][gc,stats    ]    Subphase: Concurrent Mark                               0.000 / 0.000       417.648 / 1136.625    417.648 / 1136.625    417.648 / 1136.625    ms
[210.562s][info   ][gc,stats    ]    Subphase: Concurrent Mark Try Flush                     0.000 / 0.000        32.420 / 148.506      32.420 / 148.506      32.420 / 148.506     ms
[210.562s][info   ][gc,stats    ]    Subphase: Concurrent Mark Try Terminate                 0.000 / 0.000         2.844 / 148.509       2.844 / 148.509       2.844 / 148.509     ms
[210.563s][info   ][gc,stats    ]    Subphase: Concurrent References Enqueue                 0.000 / 0.000         0.012 / 0.016         0.012 / 0.016         0.012 / 0.016       ms
[210.563s][info   ][gc,stats    ]    Subphase: Concurrent References Process                 0.000 / 0.000         0.678 / 1.351         0.678 / 1.351         0.678 / 1.351       ms
[210.563s][info   ][gc,stats    ]    Subphase: Concurrent Roots ClassLoaderDataGraph         0.000 / 0.000         0.532 / 1.503         0.532 / 1.503         0.532 / 1.503       ms
[210.563s][info   ][gc,stats    ]    Subphase: Concurrent Roots CodeCache                    0.000 / 0.000         0.000 / 0.000         0.000 / 0.000         0.000 / 0.000       ms
[210.563s][info   ][gc,stats    ]    Subphase: Concurrent Roots JavaThreads                  0.000 / 0.000        85.807 / 475.340      85.807 / 475.340      85.807 / 475.340     ms
[210.563s][info   ][gc,stats    ]    Subphase: Concurrent Roots OopStorageSet                0.000 / 0.000         0.157 / 0.370         0.157 / 0.370         0.157 / 0.370       ms
[210.563s][info   ][gc,stats    ]    Subphase: Concurrent Weak Roots OopStorageSet           0.000 / 0.000         4.530 / 9.700         4.530 / 9.700         4.530 / 9.700       ms
[210.564s][info   ][gc,stats    ]    Subphase: Pause Mark Try Complete                       0.000 / 0.000         0.053 / 0.195         0.053 / 0.195         0.053 / 0.195       ms
[210.564s][info   ][gc,stats    ]      System: Java Threads                                      0 / 0                65 / 137              65 / 137              65 / 137         threads
[210.564s][info   ][gc,stats    ] =========================================================================================================================================================
[220.556s][info   ][gc,stats    ] === Garbage Collection Statistics =======================================================================================================================
[220.557s][info   ][gc,stats    ]                                                              Last 10s              Last 10m              Last 10h                Total
[220.557s][info   ][gc,stats    ]                                                              Avg / Max             Avg / Max             Avg / Max             Avg / Max
[220.557s][info   ][gc,stats    ]   Collector: Garbage Collection Cycle                      0.000 / 0.000       908.370 / 3415.907    908.370 / 3415.907    908.370 / 3415.907    ms
[220.557s][info   ][gc,stats    ]  Contention: Mark Segment Reset Contention                     0 / 0                 0 / 2                 0 / 2                 0 / 2           ops/s
[220.557s][info   ][gc,stats    ]  Contention: Mark SeqNum Reset Contention                      0 / 0                 0 / 1                 0 / 1                 0 / 1           ops/s
[220.557s][info   ][gc,stats    ]    Critical: Allocation Stall                                  0 / 0                 0 / 0                 0 / 0                 0 / 0           ops/s
[220.557s][info   ][gc,stats    ]    Critical: Allocation Stall                              0.000 / 0.000         0.000 / 0.000         0.000 / 0.000         0.000 / 0.000       ms
[220.557s][info   ][gc,stats    ]    Critical: GC Locker Stall                                   0 / 0                 0 / 0                 0 / 0                 0 / 0           ops/s
[220.557s][info   ][gc,stats    ]    Critical: GC Locker Stall                               0.000 / 0.000         0.000 / 0.000         0.000 / 0.000         0.000 / 0.000       ms
[220.557s][info   ][gc,stats    ]    Critical: Relocation Stall                                  0 / 0                 0 / 0                 0 / 0                 0 / 0           ops/s
[220.557s][info   ][gc,stats    ]    Critical: Relocation Stall                              0.000 / 0.000         0.000 / 0.000         0.000 / 0.000         0.000 / 0.000       ms
[220.557s][info   ][gc,stats    ]      Memory: Allocation Rate                                   0 / 0                12 / 68               12 / 68               12 / 68          MB/s
[220.557s][info   ][gc,stats    ]      Memory: Defragment                                        0 / 0                 0 / 0                 0 / 0                 0 / 0           ops/s
[220.557s][info   ][gc,stats    ]      Memory: Out Of Memory                                     0 / 0                 0 / 0                 0 / 0                 0 / 0           ops/s
[220.558s][info   ][gc,stats    ]      Memory: Page Cache Flush                                  0 / 0                 0 / 0                 0 / 0                 0 / 0           MB/s
[220.558s][info   ][gc,stats    ]      Memory: Page Cache Hit L1                                 0 / 0                 5 / 30                5 / 30                5 / 30          ops/s
[220.558s][info   ][gc,stats    ]      Memory: Page Cache Hit L2                                 0 / 0                 0 / 0                 0 / 0                 0 / 0           ops/s
[220.558s][info   ][gc,stats    ]      Memory: Page Cache Hit L3                                 0 / 0                 1 / 26                1 / 26                1 / 26          ops/s
[220.558s][info   ][gc,stats    ]      Memory: Page Cache Miss                                   0 / 0                 0 / 1                 0 / 1                 0 / 1           ops/s
[220.558s][info   ][gc,stats    ]      Memory: Uncommit                                          0 / 0                 0 / 0                 0 / 0                 0 / 0           MB/s
[220.558s][info   ][gc,stats    ]      Memory: Undo Object Allocation Failed                     0 / 0                 0 / 1                 0 / 1                 0 / 1           ops/s
[220.558s][info   ][gc,stats    ]      Memory: Undo Object Allocation Succeeded                  0 / 0                 1 / 74                1 / 74                1 / 74          ops/s
[220.558s][info   ][gc,stats    ]      Memory: Undo Page Allocation                              0 / 0                 0 / 1                 0 / 1                 0 / 1           ops/s
[220.558s][info   ][gc,stats    ]       Phase: Concurrent Mark                               0.000 / 0.000       597.279 / 1491.398    597.279 / 1491.398    597.279 / 1491.398    ms
[220.558s][info   ][gc,stats    ]       Phase: Concurrent Mark Continue                      0.000 / 0.000         0.000 / 0.000         0.000 / 0.000         0.000 / 0.000       ms
[220.559s][info   ][gc,stats    ]       Phase: Concurrent Mark Free                          0.000 / 0.000         0.002 / 0.004         0.002 / 0.004         0.002 / 0.004       ms
[220.559s][info   ][gc,stats    ]       Phase: Concurrent Process Non-Strong References      0.000 / 0.000       234.496 / 1850.321    234.496 / 1850.321    234.496 / 1850.321    ms
[220.559s][info   ][gc,stats    ]       Phase: Concurrent Relocate                           0.000 / 0.000        15.154 / 32.634       15.154 / 32.634       15.154 / 32.634      ms
[220.559s][info   ][gc,stats    ]       Phase: Concurrent Reset Relocation Set               0.000 / 0.000         0.018 / 0.040         0.018 / 0.040         0.018 / 0.040       ms
[220.559s][info   ][gc,stats    ]       Phase: Concurrent Select Relocation Set              0.000 / 0.000         6.731 / 15.302        6.731 / 15.302        6.731 / 15.302      ms
[220.559s][info   ][gc,stats    ]       Phase: Pause Mark End                                0.000 / 0.000         0.115 / 0.333         0.115 / 0.333         0.115 / 0.333       ms
[220.559s][info   ][gc,stats    ]       Phase: Pause Mark Start                              0.000 / 0.000         0.032 / 0.076         0.032 / 0.076         0.032 / 0.076       ms
[220.559s][info   ][gc,stats    ]       Phase: Pause Relocate Start                          0.000 / 0.000         0.031 / 0.079         0.031 / 0.079         0.031 / 0.079       ms
[220.559s][info   ][gc,stats    ]    Subphase: Concurrent Classes Purge                      0.000 / 0.000         2.997 / 13.941        2.997 / 13.941        2.997 / 13.941      ms
[220.559s][info   ][gc,stats    ]    Subphase: Concurrent Classes Unlink                     0.000 / 0.000       205.334 / 1768.670    205.334 / 1768.670    205.334 / 1768.670    ms
[220.559s][info   ][gc,stats    ]    Subphase: Concurrent Mark                               0.000 / 0.000       417.648 / 1136.625    417.648 / 1136.625    417.648 / 1136.625    ms
[220.559s][info   ][gc,stats    ]    Subphase: Concurrent Mark Try Flush                     0.000 / 0.000        32.420 / 148.506      32.420 / 148.506      32.420 / 148.506     ms
[220.560s][info   ][gc,stats    ]    Subphase: Concurrent Mark Try Terminate                 0.000 / 0.000         2.844 / 148.509       2.844 / 148.509       2.844 / 148.509     ms
[220.561s][info   ][gc,stats    ]    Subphase: Concurrent References Enqueue                 0.000 / 0.000         0.012 / 0.016         0.012 / 0.016         0.012 / 0.016       ms
[220.561s][info   ][gc,stats    ]    Subphase: Concurrent References Process                 0.000 / 0.000         0.678 / 1.351         0.678 / 1.351         0.678 / 1.351       ms
[220.561s][info   ][gc,stats    ]    Subphase: Concurrent Roots ClassLoaderDataGraph         0.000 / 0.000         0.532 / 1.503         0.532 / 1.503         0.532 / 1.503       ms
[220.561s][info   ][gc,stats    ]    Subphase: Concurrent Roots CodeCache                    0.000 / 0.000         0.000 / 0.000         0.000 / 0.000         0.000 / 0.000       ms
[220.561s][info   ][gc,stats    ]    Subphase: Concurrent Roots JavaThreads                  0.000 / 0.000        85.807 / 475.340      85.807 / 475.340      85.807 / 475.340     ms
[220.561s][info   ][gc,stats    ]    Subphase: Concurrent Roots OopStorageSet                0.000 / 0.000         0.157 / 0.370         0.157 / 0.370         0.157 / 0.370       ms
[220.561s][info   ][gc,stats    ]    Subphase: Concurrent Weak Roots OopStorageSet           0.000 / 0.000         4.530 / 9.700         4.530 / 9.700         4.530 / 9.700       ms
[220.561s][info   ][gc,stats    ]    Subphase: Pause Mark Try Complete                       0.000 / 0.000         0.053 / 0.195         0.053 / 0.195         0.053 / 0.195       ms
[220.562s][info   ][gc,stats    ]      System: Java Threads                                      0 / 0                65 / 137              65 / 137              65 / 137         threads
[220.562s][info   ][gc,stats    ] =========================================================================================================================================================
[230.556s][info   ][gc,stats    ] === Garbage Collection Statistics =======================================================================================================================
[230.556s][info   ][gc,stats    ]                                                              Last 10s              Last 10m              Last 10h                Total
[230.556s][info   ][gc,stats    ]                                                              Avg / Max             Avg / Max             Avg / Max             Avg / Max
[230.556s][info   ][gc,stats    ]   Collector: Garbage Collection Cycle                      0.000 / 0.000       908.370 / 3415.907    908.370 / 3415.907    908.370 / 3415.907    ms
[230.557s][info   ][gc,stats    ]  Contention: Mark Segment Reset Contention                     0 / 0                 0 / 2                 0 / 2                 0 / 2           ops/s
[230.557s][info   ][gc,stats    ]  Contention: Mark SeqNum Reset Contention                      0 / 0                 0 / 1                 0 / 1                 0 / 1           ops/s
[230.557s][info   ][gc,stats    ]    Critical: Allocation Stall                                  0 / 0                 0 / 0                 0 / 0                 0 / 0           ops/s
[230.557s][info   ][gc,stats    ]    Critical: Allocation Stall                              0.000 / 0.000         0.000 / 0.000         0.000 / 0.000         0.000 / 0.000       ms
[230.557s][info   ][gc,stats    ]    Critical: GC Locker Stall                                   0 / 0                 0 / 0                 0 / 0                 0 / 0           ops/s
[230.557s][info   ][gc,stats    ]    Critical: GC Locker Stall                               0.000 / 0.000         0.000 / 0.000         0.000 / 0.000         0.000 / 0.000       ms
[230.557s][info   ][gc,stats    ]    Critical: Relocation Stall                                  0 / 0                 0 / 0                 0 / 0                 0 / 0           ops/s
[230.557s][info   ][gc,stats    ]    Critical: Relocation Stall                              0.000 / 0.000         0.000 / 0.000         0.000 / 0.000         0.000 / 0.000       ms
[230.557s][info   ][gc,stats    ]      Memory: Allocation Rate                                   0 / 0                12 / 68               12 / 68               12 / 68          MB/s
[230.557s][info   ][gc,stats    ]      Memory: Defragment                                        0 / 0                 0 / 0                 0 / 0                 0 / 0           ops/s
[230.557s][info   ][gc,stats    ]      Memory: Out Of Memory                                     0 / 0                 0 / 0                 0 / 0                 0 / 0           ops/s
[230.557s][info   ][gc,stats    ]      Memory: Page Cache Flush                                  0 / 0                 0 / 0                 0 / 0                 0 / 0           MB/s
[230.557s][info   ][gc,stats    ]      Memory: Page Cache Hit L1                                 0 / 0                 5 / 30                5 / 30                5 / 30          ops/s
[230.557s][info   ][gc,stats    ]      Memory: Page Cache Hit L2                                 0 / 0                 0 / 0                 0 / 0                 0 / 0           ops/s
[230.557s][info   ][gc,stats    ]      Memory: Page Cache Hit L3                                 0 / 0                 0 / 26                0 / 26                0 / 26          ops/s
[230.557s][info   ][gc,stats    ]      Memory: Page Cache Miss                                   0 / 0                 0 / 1                 0 / 1                 0 / 1           ops/s
[230.557s][info   ][gc,stats    ]      Memory: Uncommit                                          0 / 0                 0 / 0                 0 / 0                 0 / 0           MB/s
[230.557s][info   ][gc,stats    ]      Memory: Undo Object Allocation Failed                     0 / 0                 0 / 1                 0 / 1                 0 / 1           ops/s
[230.557s][info   ][gc,stats    ]      Memory: Undo Object Allocation Succeeded                  0 / 0                 1 / 74                1 / 74                1 / 74          ops/s
[230.557s][info   ][gc,stats    ]      Memory: Undo Page Allocation                              0 / 0                 0 / 1                 0 / 1                 0 / 1           ops/s
[230.557s][info   ][gc,stats    ]       Phase: Concurrent Mark                               0.000 / 0.000       597.279 / 1491.398    597.279 / 1491.398    597.279 / 1491.398    ms
[230.557s][info   ][gc,stats    ]       Phase: Concurrent Mark Continue                      0.000 / 0.000         0.000 / 0.000         0.000 / 0.000         0.000 / 0.000       ms
[230.557s][info   ][gc,stats    ]       Phase: Concurrent Mark Free                          0.000 / 0.000         0.002 / 0.004         0.002 / 0.004         0.002 / 0.004       ms
[230.558s][info   ][gc,stats    ]       Phase: Concurrent Process Non-Strong References      0.000 / 0.000       234.496 / 1850.321    234.496 / 1850.321    234.496 / 1850.321    ms
[230.558s][info   ][gc,stats    ]       Phase: Concurrent Relocate                           0.000 / 0.000        15.154 / 32.634       15.154 / 32.634       15.154 / 32.634      ms
[230.558s][info   ][gc,stats    ]       Phase: Concurrent Reset Relocation Set               0.000 / 0.000         0.018 / 0.040         0.018 / 0.040         0.018 / 0.040       ms
[230.558s][info   ][gc,stats    ]       Phase: Concurrent Select Relocation Set              0.000 / 0.000         6.731 / 15.302        6.731 / 15.302        6.731 / 15.302      ms
[230.558s][info   ][gc,stats    ]       Phase: Pause Mark End                                0.000 / 0.000         0.115 / 0.333         0.115 / 0.333         0.115 / 0.333       ms
[230.558s][info   ][gc,stats    ]       Phase: Pause Mark Start                              0.000 / 0.000         0.032 / 0.076         0.032 / 0.076         0.032 / 0.076       ms
[230.558s][info   ][gc,stats    ]       Phase: Pause Relocate Start                          0.000 / 0.000         0.031 / 0.079         0.031 / 0.079         0.031 / 0.079       ms
[230.558s][info   ][gc,stats    ]    Subphase: Concurrent Classes Purge                      0.000 / 0.000         2.997 / 13.941        2.997 / 13.941        2.997 / 13.941      ms
[230.558s][info   ][gc,stats    ]    Subphase: Concurrent Classes Unlink                     0.000 / 0.000       205.334 / 1768.670    205.334 / 1768.670    205.334 / 1768.670    ms
[230.558s][info   ][gc,stats    ]    Subphase: Concurrent Mark                               0.000 / 0.000       417.648 / 1136.625    417.648 / 1136.625    417.648 / 1136.625    ms
[230.558s][info   ][gc,stats    ]    Subphase: Concurrent Mark Try Flush                     0.000 / 0.000        32.420 / 148.506      32.420 / 148.506      32.420 / 148.506     ms
[230.558s][info   ][gc,stats    ]    Subphase: Concurrent Mark Try Terminate                 0.000 / 0.000         2.844 / 148.509       2.844 / 148.509       2.844 / 148.509     ms
[230.558s][info   ][gc,stats    ]    Subphase: Concurrent References Enqueue                 0.000 / 0.000         0.012 / 0.016         0.012 / 0.016         0.012 / 0.016       ms
[230.558s][info   ][gc,stats    ]    Subphase: Concurrent References Process                 0.000 / 0.000         0.678 / 1.351         0.678 / 1.351         0.678 / 1.351       ms
[230.558s][info   ][gc,stats    ]    Subphase: Concurrent Roots ClassLoaderDataGraph         0.000 / 0.000         0.532 / 1.503         0.532 / 1.503         0.532 / 1.503       ms
[230.558s][info   ][gc,stats    ]    Subphase: Concurrent Roots CodeCache                    0.000 / 0.000         0.000 / 0.000         0.000 / 0.000         0.000 / 0.000       ms
[230.559s][info   ][gc,stats    ]    Subphase: Concurrent Roots JavaThreads                  0.000 / 0.000        85.807 / 475.340      85.807 / 475.340      85.807 / 475.340     ms
[230.559s][info   ][gc,stats    ]    Subphase: Concurrent Roots OopStorageSet                0.000 / 0.000         0.157 / 0.370         0.157 / 0.370         0.157 / 0.370       ms
[230.559s][info   ][gc,stats    ]    Subphase: Concurrent Weak Roots OopStorageSet           0.000 / 0.000         4.530 / 9.700         4.530 / 9.700         4.530 / 9.700       ms
[230.559s][info   ][gc,stats    ]    Subphase: Pause Mark Try Complete                       0.000 / 0.000         0.053 / 0.195         0.053 / 0.195         0.053 / 0.195       ms
[230.559s][info   ][gc,stats    ]      System: Java Threads                                      0 / 0                65 / 137              65 / 137              65 / 137         threads
[230.559s][info   ][gc,stats    ] =========================================================================================================================================================
[240.556s][info   ][gc,stats    ] === Garbage Collection Statistics =======================================================================================================================
[240.557s][info   ][gc,stats    ]                                                              Last 10s              Last 10m              Last 10h                Total
[240.557s][info   ][gc,stats    ]                                                              Avg / Max             Avg / Max             Avg / Max             Avg / Max
[240.557s][info   ][gc,stats    ]   Collector: Garbage Collection Cycle                      0.000 / 0.000       908.370 / 3415.907    908.370 / 3415.907    908.370 / 3415.907    ms
[240.557s][info   ][gc,stats    ]  Contention: Mark Segment Reset Contention                     0 / 0                 0 / 2                 0 / 2                 0 / 2           ops/s
[240.558s][info   ][gc,stats    ]  Contention: Mark SeqNum Reset Contention                      0 / 0                 0 / 1                 0 / 1                 0 / 1           ops/s
[240.558s][info   ][gc,stats    ]    Critical: Allocation Stall                                  0 / 0                 0 / 0                 0 / 0                 0 / 0           ops/s
[240.558s][info   ][gc,stats    ]    Critical: Allocation Stall                              0.000 / 0.000         0.000 / 0.000         0.000 / 0.000         0.000 / 0.000       ms
[240.558s][info   ][gc,stats    ]    Critical: GC Locker Stall                                   0 / 0                 0 / 0                 0 / 0                 0 / 0           ops/s
[240.558s][info   ][gc,stats    ]    Critical: GC Locker Stall                               0.000 / 0.000         0.000 / 0.000         0.000 / 0.000         0.000 / 0.000       ms
[240.558s][info   ][gc,stats    ]    Critical: Relocation Stall                                  0 / 0                 0 / 0                 0 / 0                 0 / 0           ops/s
[240.558s][info   ][gc,stats    ]    Critical: Relocation Stall                              0.000 / 0.000         0.000 / 0.000         0.000 / 0.000         0.000 / 0.000       ms
[240.558s][info   ][gc,stats    ]      Memory: Allocation Rate                                   0 / 0                11 / 68               11 / 68               11 / 68          MB/s
[240.558s][info   ][gc,stats    ]      Memory: Defragment                                        0 / 0                 0 / 0                 0 / 0                 0 / 0           ops/s
[240.558s][info   ][gc,stats    ]      Memory: Out Of Memory                                     0 / 0                 0 / 0                 0 / 0                 0 / 0           ops/s
[240.558s][info   ][gc,stats    ]      Memory: Page Cache Flush                                  0 / 0                 0 / 0                 0 / 0                 0 / 0           MB/s
[240.558s][info   ][gc,stats    ]      Memory: Page Cache Hit L1                                 0 / 0                 5 / 30                5 / 30                5 / 30          ops/s
[240.558s][info   ][gc,stats    ]      Memory: Page Cache Hit L2                                 0 / 0                 0 / 0                 0 / 0                 0 / 0           ops/s
[240.559s][info   ][gc,stats    ]      Memory: Page Cache Hit L3                                 0 / 0                 0 / 26                0 / 26                0 / 26          ops/s
[240.559s][info   ][gc,stats    ]      Memory: Page Cache Miss                                   0 / 0                 0 / 1                 0 / 1                 0 / 1           ops/s
[240.559s][info   ][gc,stats    ]      Memory: Uncommit                                          0 / 0                 0 / 0                 0 / 0                 0 / 0           MB/s
[240.559s][info   ][gc,stats    ]      Memory: Undo Object Allocation Failed                     0 / 0                 0 / 1                 0 / 1                 0 / 1           ops/s
[240.559s][info   ][gc,stats    ]      Memory: Undo Object Allocation Succeeded                  0 / 0                 1 / 74                1 / 74                1 / 74          ops/s
[240.559s][info   ][gc,stats    ]      Memory: Undo Page Allocation                              0 / 0                 0 / 1                 0 / 1                 0 / 1           ops/s
[240.559s][info   ][gc,stats    ]       Phase: Concurrent Mark                               0.000 / 0.000       597.279 / 1491.398    597.279 / 1491.398    597.279 / 1491.398    ms
[240.559s][info   ][gc,stats    ]       Phase: Concurrent Mark Continue                      0.000 / 0.000         0.000 / 0.000         0.000 / 0.000         0.000 / 0.000       ms
[240.559s][info   ][gc,stats    ]       Phase: Concurrent Mark Free                          0.000 / 0.000         0.002 / 0.004         0.002 / 0.004         0.002 / 0.004       ms
[240.560s][info   ][gc,stats    ]       Phase: Concurrent Process Non-Strong References      0.000 / 0.000       234.496 / 1850.321    234.496 / 1850.321    234.496 / 1850.321    ms
[240.560s][info   ][gc,stats    ]       Phase: Concurrent Relocate                           0.000 / 0.000        15.154 / 32.634       15.154 / 32.634       15.154 / 32.634      ms
[240.560s][info   ][gc,stats    ]       Phase: Concurrent Reset Relocation Set               0.000 / 0.000         0.018 / 0.040         0.018 / 0.040         0.018 / 0.040       ms
[240.560s][info   ][gc,stats    ]       Phase: Concurrent Select Relocation Set              0.000 / 0.000         6.731 / 15.302        6.731 / 15.302        6.731 / 15.302      ms
[240.560s][info   ][gc,stats    ]       Phase: Pause Mark End                                0.000 / 0.000         0.115 / 0.333         0.115 / 0.333         0.115 / 0.333       ms
[240.560s][info   ][gc,stats    ]       Phase: Pause Mark Start                              0.000 / 0.000         0.032 / 0.076         0.032 / 0.076         0.032 / 0.076       ms
[240.561s][info   ][gc,stats    ]       Phase: Pause Relocate Start                          0.000 / 0.000         0.031 / 0.079         0.031 / 0.079         0.031 / 0.079       ms
[240.561s][info   ][gc,stats    ]    Subphase: Concurrent Classes Purge                      0.000 / 0.000         2.997 / 13.941        2.997 / 13.941        2.997 / 13.941      ms
[240.561s][info   ][gc,stats    ]    Subphase: Concurrent Classes Unlink                     0.000 / 0.000       205.334 / 1768.670    205.334 / 1768.670    205.334 / 1768.670    ms
[240.561s][info   ][gc,stats    ]    Subphase: Concurrent Mark                               0.000 / 0.000       417.648 / 1136.625    417.648 / 1136.625    417.648 / 1136.625    ms
[240.561s][info   ][gc,stats    ]    Subphase: Concurrent Mark Try Flush                     0.000 / 0.000        32.420 / 148.506      32.420 / 148.506      32.420 / 148.506     ms
[240.561s][info   ][gc,stats    ]    Subphase: Concurrent Mark Try Terminate                 0.000 / 0.000         2.844 / 148.509       2.844 / 148.509       2.844 / 148.509     ms
[240.561s][info   ][gc,stats    ]    Subphase: Concurrent References Enqueue                 0.000 / 0.000         0.012 / 0.016         0.012 / 0.016         0.012 / 0.016       ms
[240.561s][info   ][gc,stats    ]    Subphase: Concurrent References Process                 0.000 / 0.000         0.678 / 1.351         0.678 / 1.351         0.678 / 1.351       ms
[240.561s][info   ][gc,stats    ]    Subphase: Concurrent Roots ClassLoaderDataGraph         0.000 / 0.000         0.532 / 1.503         0.532 / 1.503         0.532 / 1.503       ms
[240.561s][info   ][gc,stats    ]    Subphase: Concurrent Roots CodeCache                    0.000 / 0.000         0.000 / 0.000         0.000 / 0.000         0.000 / 0.000       ms
[240.562s][info   ][gc,stats    ]    Subphase: Concurrent Roots JavaThreads                  0.000 / 0.000        85.807 / 475.340      85.807 / 475.340      85.807 / 475.340     ms
[240.562s][info   ][gc,stats    ]    Subphase: Concurrent Roots OopStorageSet                0.000 / 0.000         0.157 / 0.370         0.157 / 0.370         0.157 / 0.370       ms
[240.562s][info   ][gc,stats    ]    Subphase: Concurrent Weak Roots OopStorageSet           0.000 / 0.000         4.530 / 9.700         4.530 / 9.700         4.530 / 9.700       ms
[240.562s][info   ][gc,stats    ]    Subphase: Pause Mark Try Complete                       0.000 / 0.000         0.053 / 0.195         0.053 / 0.195         0.053 / 0.195       ms
[240.562s][info   ][gc,stats    ]      System: Java Threads                                      0 / 0                65 / 137              65 / 137              65 / 137         threads
[240.562s][info   ][gc,stats    ] =========================================================================================================================================================
[250.556s][info   ][gc,stats    ] === Garbage Collection Statistics =======================================================================================================================
[250.556s][info   ][gc,stats    ]                                                              Last 10s              Last 10m              Last 10h                Total
[250.556s][info   ][gc,stats    ]                                                              Avg / Max             Avg / Max             Avg / Max             Avg / Max
[250.556s][info   ][gc,stats    ]   Collector: Garbage Collection Cycle                      0.000 / 0.000       908.370 / 3415.907    908.370 / 3415.907    908.370 / 3415.907    ms
[250.556s][info   ][gc,stats    ]  Contention: Mark Segment Reset Contention                     0 / 0                 0 / 2                 0 / 2                 0 / 2           ops/s
[250.556s][info   ][gc,stats    ]  Contention: Mark SeqNum Reset Contention                      0 / 0                 0 / 1                 0 / 1                 0 / 1           ops/s
[250.556s][info   ][gc,stats    ]    Critical: Allocation Stall                                  0 / 0                 0 / 0                 0 / 0                 0 / 0           ops/s
[250.556s][info   ][gc,stats    ]    Critical: Allocation Stall                              0.000 / 0.000         0.000 / 0.000         0.000 / 0.000         0.000 / 0.000       ms
[250.556s][info   ][gc,stats    ]    Critical: GC Locker Stall                                   0 / 0                 0 / 0                 0 / 0                 0 / 0           ops/s
[250.556s][info   ][gc,stats    ]    Critical: GC Locker Stall                               0.000 / 0.000         0.000 / 0.000         0.000 / 0.000         0.000 / 0.000       ms
[250.556s][info   ][gc,stats    ]    Critical: Relocation Stall                                  0 / 0                 0 / 0                 0 / 0                 0 / 0           ops/s
[250.556s][info   ][gc,stats    ]    Critical: Relocation Stall                              0.000 / 0.000         0.000 / 0.000         0.000 / 0.000         0.000 / 0.000       ms
[250.557s][info   ][gc,stats    ]      Memory: Allocation Rate                                   0 / 0                11 / 68               11 / 68               11 / 68          MB/s
[250.557s][info   ][gc,stats    ]      Memory: Defragment                                        0 / 0                 0 / 0                 0 / 0                 0 / 0           ops/s
[250.557s][info   ][gc,stats    ]      Memory: Out Of Memory                                     0 / 0                 0 / 0                 0 / 0                 0 / 0           ops/s
[250.557s][info   ][gc,stats    ]      Memory: Page Cache Flush                                  0 / 0                 0 / 0                 0 / 0                 0 / 0           MB/s
[250.557s][info   ][gc,stats    ]      Memory: Page Cache Hit L1                                 0 / 0                 5 / 30                5 / 30                5 / 30          ops/s
[250.557s][info   ][gc,stats    ]      Memory: Page Cache Hit L2                                 0 / 0                 0 / 0                 0 / 0                 0 / 0           ops/s
[250.557s][info   ][gc,stats    ]      Memory: Page Cache Hit L3                                 0 / 0                 0 / 26                0 / 26                0 / 26          ops/s
[250.557s][info   ][gc,stats    ]      Memory: Page Cache Miss                                   0 / 0                 0 / 1                 0 / 1                 0 / 1           ops/s
[250.557s][info   ][gc,stats    ]      Memory: Uncommit                                          0 / 0                 0 / 0                 0 / 0                 0 / 0           MB/s
[250.557s][info   ][gc,stats    ]      Memory: Undo Object Allocation Failed                     0 / 0                 0 / 1                 0 / 1                 0 / 1           ops/s
[250.557s][info   ][gc,stats    ]      Memory: Undo Object Allocation Succeeded                  0 / 0                 0 / 74                0 / 74                0 / 74          ops/s
[250.557s][info   ][gc,stats    ]      Memory: Undo Page Allocation                              0 / 0                 0 / 1                 0 / 1                 0 / 1           ops/s
[250.557s][info   ][gc,stats    ]       Phase: Concurrent Mark                               0.000 / 0.000       597.279 / 1491.398    597.279 / 1491.398    597.279 / 1491.398    ms
[250.557s][info   ][gc,stats    ]       Phase: Concurrent Mark Continue                      0.000 / 0.000         0.000 / 0.000         0.000 / 0.000         0.000 / 0.000       ms
[250.557s][info   ][gc,stats    ]       Phase: Concurrent Mark Free                          0.000 / 0.000         0.002 / 0.004         0.002 / 0.004         0.002 / 0.004       ms
[250.557s][info   ][gc,stats    ]       Phase: Concurrent Process Non-Strong References      0.000 / 0.000       234.496 / 1850.321    234.496 / 1850.321    234.496 / 1850.321    ms
[250.557s][info   ][gc,stats    ]       Phase: Concurrent Relocate                           0.000 / 0.000        15.154 / 32.634       15.154 / 32.634       15.154 / 32.634      ms
[250.557s][info   ][gc,stats    ]       Phase: Concurrent Reset Relocation Set               0.000 / 0.000         0.018 / 0.040         0.018 / 0.040         0.018 / 0.040       ms
[250.557s][info   ][gc,stats    ]       Phase: Concurrent Select Relocation Set              0.000 / 0.000         6.731 / 15.302        6.731 / 15.302        6.731 / 15.302      ms
[250.557s][info   ][gc,stats    ]       Phase: Pause Mark End                                0.000 / 0.000         0.115 / 0.333         0.115 / 0.333         0.115 / 0.333       ms
[250.557s][info   ][gc,stats    ]       Phase: Pause Mark Start                              0.000 / 0.000         0.032 / 0.076         0.032 / 0.076         0.032 / 0.076       ms
[250.557s][info   ][gc,stats    ]       Phase: Pause Relocate Start                          0.000 / 0.000         0.031 / 0.079         0.031 / 0.079         0.031 / 0.079       ms
[250.557s][info   ][gc,stats    ]    Subphase: Concurrent Classes Purge                      0.000 / 0.000         2.997 / 13.941        2.997 / 13.941        2.997 / 13.941      ms
[250.557s][info   ][gc,stats    ]    Subphase: Concurrent Classes Unlink                     0.000 / 0.000       205.334 / 1768.670    205.334 / 1768.670    205.334 / 1768.670    ms
[250.557s][info   ][gc,stats    ]    Subphase: Concurrent Mark                               0.000 / 0.000       417.648 / 1136.625    417.648 / 1136.625    417.648 / 1136.625    ms
[250.558s][info   ][gc,stats    ]    Subphase: Concurrent Mark Try Flush                     0.000 / 0.000        32.420 / 148.506      32.420 / 148.506      32.420 / 148.506     ms
[250.558s][info   ][gc,stats    ]    Subphase: Concurrent Mark Try Terminate                 0.000 / 0.000         2.844 / 148.509       2.844 / 148.509       2.844 / 148.509     ms
[250.558s][info   ][gc,stats    ]    Subphase: Concurrent References Enqueue                 0.000 / 0.000         0.012 / 0.016         0.012 / 0.016         0.012 / 0.016       ms
[250.558s][info   ][gc,stats    ]    Subphase: Concurrent References Process                 0.000 / 0.000         0.678 / 1.351         0.678 / 1.351         0.678 / 1.351       ms
[250.558s][info   ][gc,stats    ]    Subphase: Concurrent Roots ClassLoaderDataGraph         0.000 / 0.000         0.532 / 1.503         0.532 / 1.503         0.532 / 1.503       ms
[250.558s][info   ][gc,stats    ]    Subphase: Concurrent Roots CodeCache                    0.000 / 0.000         0.000 / 0.000         0.000 / 0.000         0.000 / 0.000       ms
[250.558s][info   ][gc,stats    ]    Subphase: Concurrent Roots JavaThreads                  0.000 / 0.000        85.807 / 475.340      85.807 / 475.340      85.807 / 475.340     ms
[250.558s][info   ][gc,stats    ]    Subphase: Concurrent Roots OopStorageSet                0.000 / 0.000         0.157 / 0.370         0.157 / 0.370         0.157 / 0.370       ms
[250.558s][info   ][gc,stats    ]    Subphase: Concurrent Weak Roots OopStorageSet           0.000 / 0.000         4.530 / 9.700         4.530 / 9.700         4.530 / 9.700       ms
[250.558s][info   ][gc,stats    ]    Subphase: Pause Mark Try Complete                       0.000 / 0.000         0.053 / 0.195         0.053 / 0.195         0.053 / 0.195       ms
[250.558s][info   ][gc,stats    ]      System: Java Threads                                      0 / 0                65 / 137              65 / 137              65 / 137         threads
[250.558s][info   ][gc,stats    ] =========================================================================================================================================================
[260.555s][info   ][gc,stats    ] === Garbage Collection Statistics =======================================================================================================================
[260.555s][info   ][gc,stats    ]                                                              Last 10s              Last 10m              Last 10h                Total
[260.555s][info   ][gc,stats    ]                                                              Avg / Max             Avg / Max             Avg / Max             Avg / Max
[260.555s][info   ][gc,stats    ]   Collector: Garbage Collection Cycle                      0.000 / 0.000       908.370 / 3415.907    908.370 / 3415.907    908.370 / 3415.907    ms
[260.556s][info   ][gc,stats    ]  Contention: Mark Segment Reset Contention                     0 / 0                 0 / 2                 0 / 2                 0 / 2           ops/s
[260.556s][info   ][gc,stats    ]  Contention: Mark SeqNum Reset Contention                      0 / 0                 0 / 1                 0 / 1                 0 / 1           ops/s
[260.556s][info   ][gc,stats    ]    Critical: Allocation Stall                                  0 / 0                 0 / 0                 0 / 0                 0 / 0           ops/s
[260.556s][info   ][gc,stats    ]    Critical: Allocation Stall                              0.000 / 0.000         0.000 / 0.000         0.000 / 0.000         0.000 / 0.000       ms
[260.556s][info   ][gc,stats    ]    Critical: GC Locker Stall                                   0 / 0                 0 / 0                 0 / 0                 0 / 0           ops/s
[260.556s][info   ][gc,stats    ]    Critical: GC Locker Stall                               0.000 / 0.000         0.000 / 0.000         0.000 / 0.000         0.000 / 0.000       ms
[260.556s][info   ][gc,stats    ]    Critical: Relocation Stall                                  0 / 0                 0 / 0                 0 / 0                 0 / 0           ops/s
[260.556s][info   ][gc,stats    ]    Critical: Relocation Stall                              0.000 / 0.000         0.000 / 0.000         0.000 / 0.000         0.000 / 0.000       ms
[260.556s][info   ][gc,stats    ]      Memory: Allocation Rate                                   0 / 0                10 / 68               10 / 68               10 / 68          MB/s
[260.556s][info   ][gc,stats    ]      Memory: Defragment                                        0 / 0                 0 / 0                 0 / 0                 0 / 0           ops/s
[260.556s][info   ][gc,stats    ]      Memory: Out Of Memory                                     0 / 0                 0 / 0                 0 / 0                 0 / 0           ops/s
[260.556s][info   ][gc,stats    ]      Memory: Page Cache Flush                                  0 / 0                 0 / 0                 0 / 0                 0 / 0           MB/s
[260.557s][info   ][gc,stats    ]      Memory: Page Cache Hit L1                                 0 / 0                 4 / 30                4 / 30                4 / 30          ops/s
[260.557s][info   ][gc,stats    ]      Memory: Page Cache Hit L2                                 0 / 0                 0 / 0                 0 / 0                 0 / 0           ops/s
[260.557s][info   ][gc,stats    ]      Memory: Page Cache Hit L3                                 0 / 0                 0 / 26                0 / 26                0 / 26          ops/s
[260.557s][info   ][gc,stats    ]      Memory: Page Cache Miss                                   0 / 0                 0 / 1                 0 / 1                 0 / 1           ops/s
[260.557s][info   ][gc,stats    ]      Memory: Uncommit                                          0 / 0                 0 / 0                 0 / 0                 0 / 0           MB/s
[260.557s][info   ][gc,stats    ]      Memory: Undo Object Allocation Failed                     0 / 0                 0 / 1                 0 / 1                 0 / 1           ops/s
[260.557s][info   ][gc,stats    ]      Memory: Undo Object Allocation Succeeded                  0 / 0                 0 / 74                0 / 74                0 / 74          ops/s
[260.557s][info   ][gc,stats    ]      Memory: Undo Page Allocation                              0 / 0                 0 / 1                 0 / 1                 0 / 1           ops/s
[260.557s][info   ][gc,stats    ]       Phase: Concurrent Mark                               0.000 / 0.000       597.279 / 1491.398    597.279 / 1491.398    597.279 / 1491.398    ms
[260.557s][info   ][gc,stats    ]       Phase: Concurrent Mark Continue                      0.000 / 0.000         0.000 / 0.000         0.000 / 0.000         0.000 / 0.000       ms
[260.557s][info   ][gc,stats    ]       Phase: Concurrent Mark Free                          0.000 / 0.000         0.002 / 0.004         0.002 / 0.004         0.002 / 0.004       ms
[260.557s][info   ][gc,stats    ]       Phase: Concurrent Process Non-Strong References      0.000 / 0.000       234.496 / 1850.321    234.496 / 1850.321    234.496 / 1850.321    ms
[260.557s][info   ][gc,stats    ]       Phase: Concurrent Relocate                           0.000 / 0.000        15.154 / 32.634       15.154 / 32.634       15.154 / 32.634      ms
[260.557s][info   ][gc,stats    ]       Phase: Concurrent Reset Relocation Set               0.000 / 0.000         0.018 / 0.040         0.018 / 0.040         0.018 / 0.040       ms
[260.557s][info   ][gc,stats    ]       Phase: Concurrent Select Relocation Set              0.000 / 0.000         6.731 / 15.302        6.731 / 15.302        6.731 / 15.302      ms
[260.557s][info   ][gc,stats    ]       Phase: Pause Mark End                                0.000 / 0.000         0.115 / 0.333         0.115 / 0.333         0.115 / 0.333       ms
[260.558s][info   ][gc,stats    ]       Phase: Pause Mark Start                              0.000 / 0.000         0.032 / 0.076         0.032 / 0.076         0.032 / 0.076       ms
[260.558s][info   ][gc,stats    ]       Phase: Pause Relocate Start                          0.000 / 0.000         0.031 / 0.079         0.031 / 0.079         0.031 / 0.079       ms
[260.558s][info   ][gc,stats    ]    Subphase: Concurrent Classes Purge                      0.000 / 0.000         2.997 / 13.941        2.997 / 13.941        2.997 / 13.941      ms
[260.558s][info   ][gc,stats    ]    Subphase: Concurrent Classes Unlink                     0.000 / 0.000       205.334 / 1768.670    205.334 / 1768.670    205.334 / 1768.670    ms
[260.558s][info   ][gc,stats    ]    Subphase: Concurrent Mark                               0.000 / 0.000       417.648 / 1136.625    417.648 / 1136.625    417.648 / 1136.625    ms
[260.558s][info   ][gc,stats    ]    Subphase: Concurrent Mark Try Flush                     0.000 / 0.000        32.420 / 148.506      32.420 / 148.506      32.420 / 148.506     ms
[260.558s][info   ][gc,stats    ]    Subphase: Concurrent Mark Try Terminate                 0.000 / 0.000         2.844 / 148.509       2.844 / 148.509       2.844 / 148.509     ms
[260.558s][info   ][gc,stats    ]    Subphase: Concurrent References Enqueue                 0.000 / 0.000         0.012 / 0.016         0.012 / 0.016         0.012 / 0.016       ms
[260.558s][info   ][gc,stats    ]    Subphase: Concurrent References Process                 0.000 / 0.000         0.678 / 1.351         0.678 / 1.351         0.678 / 1.351       ms
[260.558s][info   ][gc,stats    ]    Subphase: Concurrent Roots ClassLoaderDataGraph         0.000 / 0.000         0.532 / 1.503         0.532 / 1.503         0.532 / 1.503       ms
[260.558s][info   ][gc,stats    ]    Subphase: Concurrent Roots CodeCache                    0.000 / 0.000         0.000 / 0.000         0.000 / 0.000         0.000 / 0.000       ms
[260.558s][info   ][gc,stats    ]    Subphase: Concurrent Roots JavaThreads                  0.000 / 0.000        85.807 / 475.340      85.807 / 475.340      85.807 / 475.340     ms
[260.558s][info   ][gc,stats    ]    Subphase: Concurrent Roots OopStorageSet                0.000 / 0.000         0.157 / 0.370         0.157 / 0.370         0.157 / 0.370       ms
[260.558s][info   ][gc,stats    ]    Subphase: Concurrent Weak Roots OopStorageSet           0.000 / 0.000         4.530 / 9.700         4.530 / 9.700         4.530 / 9.700       ms
[260.558s][info   ][gc,stats    ]    Subphase: Pause Mark Try Complete                       0.000 / 0.000         0.053 / 0.195         0.053 / 0.195         0.053 / 0.195       ms
[260.559s][info   ][gc,stats    ]      System: Java Threads                                      0 / 0                65 / 137              65 / 137              65 / 137         threads
[260.559s][info   ][gc,stats    ] =========================================================================================================================================================
[270.556s][info   ][gc,stats    ] === Garbage Collection Statistics =======================================================================================================================
[270.556s][info   ][gc,stats    ]                                                              Last 10s              Last 10m              Last 10h                Total
[270.557s][info   ][gc,stats    ]                                                              Avg / Max             Avg / Max             Avg / Max             Avg / Max
[270.557s][info   ][gc,stats    ]   Collector: Garbage Collection Cycle                      0.000 / 0.000       908.370 / 3415.907    908.370 / 3415.907    908.370 / 3415.907    ms
[270.557s][info   ][gc,stats    ]  Contention: Mark Segment Reset Contention                     0 / 0                 0 / 2                 0 / 2                 0 / 2           ops/s
[270.557s][info   ][gc,stats    ]  Contention: Mark SeqNum Reset Contention                      0 / 0                 0 / 1                 0 / 1                 0 / 1           ops/s
[270.557s][info   ][gc,stats    ]    Critical: Allocation Stall                                  0 / 0                 0 / 0                 0 / 0                 0 / 0           ops/s
[270.557s][info   ][gc,stats    ]    Critical: Allocation Stall                              0.000 / 0.000         0.000 / 0.000         0.000 / 0.000         0.000 / 0.000       ms
[270.557s][info   ][gc,stats    ]    Critical: GC Locker Stall                                   0 / 0                 0 / 0                 0 / 0                 0 / 0           ops/s
[270.557s][info   ][gc,stats    ]    Critical: GC Locker Stall                               0.000 / 0.000         0.000 / 0.000         0.000 / 0.000         0.000 / 0.000       ms
[270.557s][info   ][gc,stats    ]    Critical: Relocation Stall                                  0 / 0                 0 / 0                 0 / 0                 0 / 0           ops/s
[270.557s][info   ][gc,stats    ]    Critical: Relocation Stall                              0.000 / 0.000         0.000 / 0.000         0.000 / 0.000         0.000 / 0.000       ms
[270.557s][info   ][gc,stats    ]      Memory: Allocation Rate                                   0 / 2                10 / 68               10 / 68               10 / 68          MB/s
[270.557s][info   ][gc,stats    ]      Memory: Defragment                                        0 / 0                 0 / 0                 0 / 0                 0 / 0           ops/s
[270.557s][info   ][gc,stats    ]      Memory: Out Of Memory                                     0 / 0                 0 / 0                 0 / 0                 0 / 0           ops/s
[270.557s][info   ][gc,stats    ]      Memory: Page Cache Flush                                  0 / 0                 0 / 0                 0 / 0                 0 / 0           MB/s
[270.558s][info   ][gc,stats    ]      Memory: Page Cache Hit L1                                 0 / 1                 4 / 30                4 / 30                4 / 30          ops/s
[270.558s][info   ][gc,stats    ]      Memory: Page Cache Hit L2                                 0 / 0                 0 / 0                 0 / 0                 0 / 0           ops/s
[270.558s][info   ][gc,stats    ]      Memory: Page Cache Hit L3                                 0 / 0                 0 / 26                0 / 26                0 / 26          ops/s
[270.558s][info   ][gc,stats    ]      Memory: Page Cache Miss                                   0 / 0                 0 / 1                 0 / 1                 0 / 1           ops/s
[270.558s][info   ][gc,stats    ]      Memory: Uncommit                                          0 / 0                 0 / 0                 0 / 0                 0 / 0           MB/s
[270.558s][info   ][gc,stats    ]      Memory: Undo Object Allocation Failed                     0 / 0                 0 / 1                 0 / 1                 0 / 1           ops/s
[270.558s][info   ][gc,stats    ]      Memory: Undo Object Allocation Succeeded                  0 / 0                 0 / 74                0 / 74                0 / 74          ops/s
[270.558s][info   ][gc,stats    ]      Memory: Undo Page Allocation                              0 / 0                 0 / 1                 0 / 1                 0 / 1           ops/s
[270.559s][info   ][gc,stats    ]       Phase: Concurrent Mark                               0.000 / 0.000       597.279 / 1491.398    597.279 / 1491.398    597.279 / 1491.398    ms
[270.559s][info   ][gc,stats    ]       Phase: Concurrent Mark Continue                      0.000 / 0.000         0.000 / 0.000         0.000 / 0.000         0.000 / 0.000       ms
[270.559s][info   ][gc,stats    ]       Phase: Concurrent Mark Free                          0.000 / 0.000         0.002 / 0.004         0.002 / 0.004         0.002 / 0.004       ms
[270.559s][info   ][gc,stats    ]       Phase: Concurrent Process Non-Strong References      0.000 / 0.000       234.496 / 1850.321    234.496 / 1850.321    234.496 / 1850.321    ms
[270.559s][info   ][gc,stats    ]       Phase: Concurrent Relocate                           0.000 / 0.000        15.154 / 32.634       15.154 / 32.634       15.154 / 32.634      ms
[270.559s][info   ][gc,stats    ]       Phase: Concurrent Reset Relocation Set               0.000 / 0.000         0.018 / 0.040         0.018 / 0.040         0.018 / 0.040       ms
[270.560s][info   ][gc,stats    ]       Phase: Concurrent Select Relocation Set              0.000 / 0.000         6.731 / 15.302        6.731 / 15.302        6.731 / 15.302      ms
[270.560s][info   ][gc,stats    ]       Phase: Pause Mark End                                0.000 / 0.000         0.115 / 0.333         0.115 / 0.333         0.115 / 0.333       ms
[270.560s][info   ][gc,stats    ]       Phase: Pause Mark Start                              0.000 / 0.000         0.032 / 0.076         0.032 / 0.076         0.032 / 0.076       ms
[270.560s][info   ][gc,stats    ]       Phase: Pause Relocate Start                          0.000 / 0.000         0.031 / 0.079         0.031 / 0.079         0.031 / 0.079       ms
[270.560s][info   ][gc,stats    ]    Subphase: Concurrent Classes Purge                      0.000 / 0.000         2.997 / 13.941        2.997 / 13.941        2.997 / 13.941      ms
[270.560s][info   ][gc,stats    ]    Subphase: Concurrent Classes Unlink                     0.000 / 0.000       205.334 / 1768.670    205.334 / 1768.670    205.334 / 1768.670    ms
[270.560s][info   ][gc,stats    ]    Subphase: Concurrent Mark                               0.000 / 0.000       417.648 / 1136.625    417.648 / 1136.625    417.648 / 1136.625    ms
[270.560s][info   ][gc,stats    ]    Subphase: Concurrent Mark Try Flush                     0.000 / 0.000        32.420 / 148.506      32.420 / 148.506      32.420 / 148.506     ms
[270.561s][info   ][gc,stats    ]    Subphase: Concurrent Mark Try Terminate                 0.000 / 0.000         2.844 / 148.509       2.844 / 148.509       2.844 / 148.509     ms
[270.561s][info   ][gc,stats    ]    Subphase: Concurrent References Enqueue                 0.000 / 0.000         0.012 / 0.016         0.012 / 0.016         0.012 / 0.016       ms
[270.561s][info   ][gc,stats    ]    Subphase: Concurrent References Process                 0.000 / 0.000         0.678 / 1.351         0.678 / 1.351         0.678 / 1.351       ms
[270.561s][info   ][gc,stats    ]    Subphase: Concurrent Roots ClassLoaderDataGraph         0.000 / 0.000         0.532 / 1.503         0.532 / 1.503         0.532 / 1.503       ms
[270.561s][info   ][gc,stats    ]    Subphase: Concurrent Roots CodeCache                    0.000 / 0.000         0.000 / 0.000         0.000 / 0.000         0.000 / 0.000       ms
[270.561s][info   ][gc,stats    ]    Subphase: Concurrent Roots JavaThreads                  0.000 / 0.000        85.807 / 475.340      85.807 / 475.340      85.807 / 475.340     ms
[270.562s][info   ][gc,stats    ]    Subphase: Concurrent Roots OopStorageSet                0.000 / 0.000         0.157 / 0.370         0.157 / 0.370         0.157 / 0.370       ms
[270.562s][info   ][gc,stats    ]    Subphase: Concurrent Weak Roots OopStorageSet           0.000 / 0.000         4.530 / 9.700         4.530 / 9.700         4.530 / 9.700       ms
[270.562s][info   ][gc,stats    ]    Subphase: Pause Mark Try Complete                       0.000 / 0.000         0.053 / 0.195         0.053 / 0.195         0.053 / 0.195       ms
[270.562s][info   ][gc,stats    ]      System: Java Threads                                      0 / 0                65 / 137              65 / 137              65 / 137         threads
[270.562s][info   ][gc,stats    ] =========================================================================================================================================================
[280.555s][info   ][gc,stats    ] === Garbage Collection Statistics =======================================================================================================================
[280.556s][info   ][gc,stats    ]                                                              Last 10s              Last 10m              Last 10h                Total
[280.556s][info   ][gc,stats    ]                                                              Avg / Max             Avg / Max             Avg / Max             Avg / Max
[280.556s][info   ][gc,stats    ]   Collector: Garbage Collection Cycle                      0.000 / 0.000       908.370 / 3415.907    908.370 / 3415.907    908.370 / 3415.907    ms
[280.556s][info   ][gc,stats    ]  Contention: Mark Segment Reset Contention                     0 / 0                 0 / 2                 0 / 2                 0 / 2           ops/s
[280.556s][info   ][gc,stats    ]  Contention: Mark SeqNum Reset Contention                      0 / 0                 0 / 1                 0 / 1                 0 / 1           ops/s
[280.556s][info   ][gc,stats    ]    Critical: Allocation Stall                                  0 / 0                 0 / 0                 0 / 0                 0 / 0           ops/s
[280.557s][info   ][gc,stats    ]    Critical: Allocation Stall                              0.000 / 0.000         0.000 / 0.000         0.000 / 0.000         0.000 / 0.000       ms
[280.557s][info   ][gc,stats    ]    Critical: GC Locker Stall                                   0 / 0                 0 / 0                 0 / 0                 0 / 0           ops/s
[280.557s][info   ][gc,stats    ]    Critical: GC Locker Stall                               0.000 / 0.000         0.000 / 0.000         0.000 / 0.000         0.000 / 0.000       ms
[280.557s][info   ][gc,stats    ]    Critical: Relocation Stall                                  0 / 0                 0 / 0                 0 / 0                 0 / 0           ops/s
[280.557s][info   ][gc,stats    ]    Critical: Relocation Stall                              0.000 / 0.000         0.000 / 0.000         0.000 / 0.000         0.000 / 0.000       ms
[280.557s][info   ][gc,stats    ]      Memory: Allocation Rate                                   0 / 0                10 / 68               10 / 68               10 / 68          MB/s
[280.558s][info   ][gc,stats    ]      Memory: Defragment                                        0 / 0                 0 / 0                 0 / 0                 0 / 0           ops/s
[280.558s][info   ][gc,stats    ]      Memory: Out Of Memory                                     0 / 0                 0 / 0                 0 / 0                 0 / 0           ops/s
[280.558s][info   ][gc,stats    ]      Memory: Page Cache Flush                                  0 / 0                 0 / 0                 0 / 0                 0 / 0           MB/s
[280.558s][info   ][gc,stats    ]      Memory: Page Cache Hit L1                                 0 / 0                 4 / 30                4 / 30                4 / 30          ops/s
[280.558s][info   ][gc,stats    ]      Memory: Page Cache Hit L2                                 0 / 0                 0 / 0                 0 / 0                 0 / 0           ops/s
[280.558s][info   ][gc,stats    ]      Memory: Page Cache Hit L3                                 0 / 0                 0 / 26                0 / 26                0 / 26          ops/s
[280.559s][info   ][gc,stats    ]      Memory: Page Cache Miss                                   0 / 0                 0 / 1                 0 / 1                 0 / 1           ops/s
[280.559s][info   ][gc,stats    ]      Memory: Uncommit                                          0 / 0                 0 / 0                 0 / 0                 0 / 0           MB/s
[280.559s][info   ][gc,stats    ]      Memory: Undo Object Allocation Failed                     0 / 0                 0 / 1                 0 / 1                 0 / 1           ops/s
[280.559s][info   ][gc,stats    ]      Memory: Undo Object Allocation Succeeded                  0 / 0                 0 / 74                0 / 74                0 / 74          ops/s
[280.559s][info   ][gc,stats    ]      Memory: Undo Page Allocation                              0 / 0                 0 / 1                 0 / 1                 0 / 1           ops/s
[280.560s][info   ][gc,stats    ]       Phase: Concurrent Mark                               0.000 / 0.000       597.279 / 1491.398    597.279 / 1491.398    597.279 / 1491.398    ms
[280.560s][info   ][gc,stats    ]       Phase: Concurrent Mark Continue                      0.000 / 0.000         0.000 / 0.000         0.000 / 0.000         0.000 / 0.000       ms
[280.560s][info   ][gc,stats    ]       Phase: Concurrent Mark Free                          0.000 / 0.000         0.002 / 0.004         0.002 / 0.004         0.002 / 0.004       ms
[280.560s][info   ][gc,stats    ]       Phase: Concurrent Process Non-Strong References      0.000 / 0.000       234.496 / 1850.321    234.496 / 1850.321    234.496 / 1850.321    ms
[280.560s][info   ][gc,stats    ]       Phase: Concurrent Relocate                           0.000 / 0.000        15.154 / 32.634       15.154 / 32.634       15.154 / 32.634      ms
[280.561s][info   ][gc,stats    ]       Phase: Concurrent Reset Relocation Set               0.000 / 0.000         0.018 / 0.040         0.018 / 0.040         0.018 / 0.040       ms
[280.561s][info   ][gc,stats    ]       Phase: Concurrent Select Relocation Set              0.000 / 0.000         6.731 / 15.302        6.731 / 15.302        6.731 / 15.302      ms
[280.561s][info   ][gc,stats    ]       Phase: Pause Mark End                                0.000 / 0.000         0.115 / 0.333         0.115 / 0.333         0.115 / 0.333       ms
[280.561s][info   ][gc,stats    ]       Phase: Pause Mark Start                              0.000 / 0.000         0.032 / 0.076         0.032 / 0.076         0.032 / 0.076       ms
[280.561s][info   ][gc,stats    ]       Phase: Pause Relocate Start                          0.000 / 0.000         0.031 / 0.079         0.031 / 0.079         0.031 / 0.079       ms
[280.561s][info   ][gc,stats    ]    Subphase: Concurrent Classes Purge                      0.000 / 0.000         2.997 / 13.941        2.997 / 13.941        2.997 / 13.941      ms
[280.561s][info   ][gc,stats    ]    Subphase: Concurrent Classes Unlink                     0.000 / 0.000       205.334 / 1768.670    205.334 / 1768.670    205.334 / 1768.670    ms
[280.561s][info   ][gc,stats    ]    Subphase: Concurrent Mark                               0.000 / 0.000       417.648 / 1136.625    417.648 / 1136.625    417.648 / 1136.625    ms
[280.562s][info   ][gc,stats    ]    Subphase: Concurrent Mark Try Flush                     0.000 / 0.000        32.420 / 148.506      32.420 / 148.506      32.420 / 148.506     ms
[280.562s][info   ][gc,stats    ]    Subphase: Concurrent Mark Try Terminate                 0.000 / 0.000         2.844 / 148.509       2.844 / 148.509       2.844 / 148.509     ms
[280.562s][info   ][gc,stats    ]    Subphase: Concurrent References Enqueue                 0.000 / 0.000         0.012 / 0.016         0.012 / 0.016         0.012 / 0.016       ms
[280.562s][info   ][gc,stats    ]    Subphase: Concurrent References Process                 0.000 / 0.000         0.678 / 1.351         0.678 / 1.351         0.678 / 1.351       ms
[280.562s][info   ][gc,stats    ]    Subphase: Concurrent Roots ClassLoaderDataGraph         0.000 / 0.000         0.532 / 1.503         0.532 / 1.503         0.532 / 1.503       ms
[280.563s][info   ][gc,stats    ]    Subphase: Concurrent Roots CodeCache                    0.000 / 0.000         0.000 / 0.000         0.000 / 0.000         0.000 / 0.000       ms
[280.563s][info   ][gc,stats    ]    Subphase: Concurrent Roots JavaThreads                  0.000 / 0.000        85.807 / 475.340      85.807 / 475.340      85.807 / 475.340     ms
[280.563s][info   ][gc,stats    ]    Subphase: Concurrent Roots OopStorageSet                0.000 / 0.000         0.157 / 0.370         0.157 / 0.370         0.157 / 0.370       ms
[280.563s][info   ][gc,stats    ]    Subphase: Concurrent Weak Roots OopStorageSet           0.000 / 0.000         4.530 / 9.700         4.530 / 9.700         4.530 / 9.700       ms
[280.563s][info   ][gc,stats    ]    Subphase: Pause Mark Try Complete                       0.000 / 0.000         0.053 / 0.195         0.053 / 0.195         0.053 / 0.195       ms
[280.564s][info   ][gc,stats    ]      System: Java Threads                                      0 / 0                65 / 137              65 / 137              65 / 137         threads
[280.564s][info   ][gc,stats    ] =========================================================================================================================================================
[290.556s][info   ][gc,stats    ] === Garbage Collection Statistics =======================================================================================================================
[290.557s][info   ][gc,stats    ]                                                              Last 10s              Last 10m              Last 10h                Total
[290.557s][info   ][gc,stats    ]                                                              Avg / Max             Avg / Max             Avg / Max             Avg / Max
[290.557s][info   ][gc,stats    ]   Collector: Garbage Collection Cycle                      0.000 / 0.000       908.370 / 3415.907    908.370 / 3415.907    908.370 / 3415.907    ms
[290.557s][info   ][gc,stats    ]  Contention: Mark Segment Reset Contention                     0 / 0                 0 / 2                 0 / 2                 0 / 2           ops/s
[290.557s][info   ][gc,stats    ]  Contention: Mark SeqNum Reset Contention                      0 / 0                 0 / 1                 0 / 1                 0 / 1           ops/s
[290.557s][info   ][gc,stats    ]    Critical: Allocation Stall                                  0 / 0                 0 / 0                 0 / 0                 0 / 0           ops/s
[290.557s][info   ][gc,stats    ]    Critical: Allocation Stall                              0.000 / 0.000         0.000 / 0.000         0.000 / 0.000         0.000 / 0.000       ms
[290.557s][info   ][gc,stats    ]    Critical: GC Locker Stall                                   0 / 0                 0 / 0                 0 / 0                 0 / 0           ops/s
[290.557s][info   ][gc,stats    ]    Critical: GC Locker Stall                               0.000 / 0.000         0.000 / 0.000         0.000 / 0.000         0.000 / 0.000       ms
[290.557s][info   ][gc,stats    ]    Critical: Relocation Stall                                  0 / 0                 0 / 0                 0 / 0                 0 / 0           ops/s
[290.558s][info   ][gc,stats    ]    Critical: Relocation Stall                              0.000 / 0.000         0.000 / 0.000         0.000 / 0.000         0.000 / 0.000       ms
[290.558s][info   ][gc,stats    ]      Memory: Allocation Rate                                   0 / 2                 9 / 68                9 / 68                9 / 68          MB/s
[290.558s][info   ][gc,stats    ]      Memory: Defragment                                        0 / 0                 0 / 0                 0 / 0                 0 / 0           ops/s
[290.558s][info   ][gc,stats    ]      Memory: Out Of Memory                                     0 / 0                 0 / 0                 0 / 0                 0 / 0           ops/s
[290.558s][info   ][gc,stats    ]      Memory: Page Cache Flush                                  0 / 0                 0 / 0                 0 / 0                 0 / 0           MB/s
[290.558s][info   ][gc,stats    ]      Memory: Page Cache Hit L1                                 0 / 1                 4 / 30                4 / 30                4 / 30          ops/s
[290.558s][info   ][gc,stats    ]      Memory: Page Cache Hit L2                                 0 / 0                 0 / 0                 0 / 0                 0 / 0           ops/s
[290.558s][info   ][gc,stats    ]      Memory: Page Cache Hit L3                                 0 / 0                 0 / 26                0 / 26                0 / 26          ops/s
[290.558s][info   ][gc,stats    ]      Memory: Page Cache Miss                                   0 / 0                 0 / 1                 0 / 1                 0 / 1           ops/s
[290.558s][info   ][gc,stats    ]      Memory: Uncommit                                          0 / 0                 0 / 0                 0 / 0                 0 / 0           MB/s
[290.558s][info   ][gc,stats    ]      Memory: Undo Object Allocation Failed                     0 / 0                 0 / 1                 0 / 1                 0 / 1           ops/s
[290.559s][info   ][gc,stats    ]      Memory: Undo Object Allocation Succeeded                  0 / 0                 0 / 74                0 / 74                0 / 74          ops/s
[290.559s][info   ][gc,stats    ]      Memory: Undo Page Allocation                              0 / 0                 0 / 1                 0 / 1                 0 / 1           ops/s
[290.559s][info   ][gc,stats    ]       Phase: Concurrent Mark                               0.000 / 0.000       597.279 / 1491.398    597.279 / 1491.398    597.279 / 1491.398    ms
[290.559s][info   ][gc,stats    ]       Phase: Concurrent Mark Continue                      0.000 / 0.000         0.000 / 0.000         0.000 / 0.000         0.000 / 0.000       ms
[290.559s][info   ][gc,stats    ]       Phase: Concurrent Mark Free                          0.000 / 0.000         0.002 / 0.004         0.002 / 0.004         0.002 / 0.004       ms
[290.559s][info   ][gc,stats    ]       Phase: Concurrent Process Non-Strong References      0.000 / 0.000       234.496 / 1850.321    234.496 / 1850.321    234.496 / 1850.321    ms
[290.559s][info   ][gc,stats    ]       Phase: Concurrent Relocate                           0.000 / 0.000        15.154 / 32.634       15.154 / 32.634       15.154 / 32.634      ms
[290.559s][info   ][gc,stats    ]       Phase: Concurrent Reset Relocation Set               0.000 / 0.000         0.018 / 0.040         0.018 / 0.040         0.018 / 0.040       ms
[290.559s][info   ][gc,stats    ]       Phase: Concurrent Select Relocation Set              0.000 / 0.000         6.731 / 15.302        6.731 / 15.302        6.731 / 15.302      ms
[290.559s][info   ][gc,stats    ]       Phase: Pause Mark End                                0.000 / 0.000         0.115 / 0.333         0.115 / 0.333         0.115 / 0.333       ms
[290.559s][info   ][gc,stats    ]       Phase: Pause Mark Start                              0.000 / 0.000         0.032 / 0.076         0.032 / 0.076         0.032 / 0.076       ms
[290.560s][info   ][gc,stats    ]       Phase: Pause Relocate Start                          0.000 / 0.000         0.031 / 0.079         0.031 / 0.079         0.031 / 0.079       ms
[290.560s][info   ][gc,stats    ]    Subphase: Concurrent Classes Purge                      0.000 / 0.000         2.997 / 13.941        2.997 / 13.941        2.997 / 13.941      ms
[290.560s][info   ][gc,stats    ]    Subphase: Concurrent Classes Unlink                     0.000 / 0.000       205.334 / 1768.670    205.334 / 1768.670    205.334 / 1768.670    ms
[290.560s][info   ][gc,stats    ]    Subphase: Concurrent Mark                               0.000 / 0.000       417.648 / 1136.625    417.648 / 1136.625    417.648 / 1136.625    ms
[290.560s][info   ][gc,stats    ]    Subphase: Concurrent Mark Try Flush                     0.000 / 0.000        32.420 / 148.506      32.420 / 148.506      32.420 / 148.506     ms
[290.560s][info   ][gc,stats    ]    Subphase: Concurrent Mark Try Terminate                 0.000 / 0.000         2.844 / 148.509       2.844 / 148.509       2.844 / 148.509     ms
[290.560s][info   ][gc,stats    ]    Subphase: Concurrent References Enqueue                 0.000 / 0.000         0.012 / 0.016         0.012 / 0.016         0.012 / 0.016       ms
[290.560s][info   ][gc,stats    ]    Subphase: Concurrent References Process                 0.000 / 0.000         0.678 / 1.351         0.678 / 1.351         0.678 / 1.351       ms
[290.560s][info   ][gc,stats    ]    Subphase: Concurrent Roots ClassLoaderDataGraph         0.000 / 0.000         0.532 / 1.503         0.532 / 1.503         0.532 / 1.503       ms
[290.560s][info   ][gc,stats    ]    Subphase: Concurrent Roots CodeCache                    0.000 / 0.000         0.000 / 0.000         0.000 / 0.000         0.000 / 0.000       ms
[290.560s][info   ][gc,stats    ]    Subphase: Concurrent Roots JavaThreads                  0.000 / 0.000        85.807 / 475.340      85.807 / 475.340      85.807 / 475.340     ms
[290.561s][info   ][gc,stats    ]    Subphase: Concurrent Roots OopStorageSet                0.000 / 0.000         0.157 / 0.370         0.157 / 0.370         0.157 / 0.370       ms
[290.561s][info   ][gc,stats    ]    Subphase: Concurrent Weak Roots OopStorageSet           0.000 / 0.000         4.530 / 9.700         4.530 / 9.700         4.530 / 9.700       ms
[290.561s][info   ][gc,stats    ]    Subphase: Pause Mark Try Complete                       0.000 / 0.000         0.053 / 0.195         0.053 / 0.195         0.053 / 0.195       ms
[290.561s][info   ][gc,stats    ]      System: Java Threads                                      0 / 0                65 / 137              65 / 137              65 / 137         threads
[290.561s][info   ][gc,stats    ] =========================================================================================================================================================
[300.556s][info   ][gc,stats    ] === Garbage Collection Statistics =======================================================================================================================
[300.556s][info   ][gc,stats    ]                                                              Last 10s              Last 10m              Last 10h                Total
[300.556s][info   ][gc,stats    ]                                                              Avg / Max             Avg / Max             Avg / Max             Avg / Max
[300.556s][info   ][gc,stats    ]   Collector: Garbage Collection Cycle                      0.000 / 0.000       908.370 / 3415.907    908.370 / 3415.907    908.370 / 3415.907    ms
[300.556s][info   ][gc,stats    ]  Contention: Mark Segment Reset Contention                     0 / 0                 0 / 2                 0 / 2                 0 / 2           ops/s
[300.557s][info   ][gc,stats    ]  Contention: Mark SeqNum Reset Contention                      0 / 0                 0 / 1                 0 / 1                 0 / 1           ops/s
[300.557s][info   ][gc,stats    ]    Critical: Allocation Stall                                  0 / 0                 0 / 0                 0 / 0                 0 / 0           ops/s
[300.557s][info   ][gc,stats    ]    Critical: Allocation Stall                              0.000 / 0.000         0.000 / 0.000         0.000 / 0.000         0.000 / 0.000       ms
[300.557s][info   ][gc,stats    ]    Critical: GC Locker Stall                                   0 / 0                 0 / 0                 0 / 0                 0 / 0           ops/s
[300.557s][info   ][gc,stats    ]    Critical: GC Locker Stall                               0.000 / 0.000         0.000 / 0.000         0.000 / 0.000         0.000 / 0.000       ms
[300.557s][info   ][gc,stats    ]    Critical: Relocation Stall                                  0 / 0                 0 / 0                 0 / 0                 0 / 0           ops/s
[300.557s][info   ][gc,stats    ]    Critical: Relocation Stall                              0.000 / 0.000         0.000 / 0.000         0.000 / 0.000         0.000 / 0.000       ms
[300.557s][info   ][gc,stats    ]      Memory: Allocation Rate                                   0 / 2                 9 / 68                9 / 68                9 / 68          MB/s
[300.557s][info   ][gc,stats    ]      Memory: Defragment                                        0 / 0                 0 / 0                 0 / 0                 0 / 0           ops/s
[300.558s][info   ][gc,stats    ]      Memory: Out Of Memory                                     0 / 0                 0 / 0                 0 / 0                 0 / 0           ops/s
[300.558s][info   ][gc,stats    ]      Memory: Page Cache Flush                                  0 / 0                 0 / 0                 0 / 0                 0 / 0           MB/s
[300.558s][info   ][gc,stats    ]      Memory: Page Cache Hit L1                                 0 / 1                 4 / 30                4 / 30                4 / 30          ops/s
[300.558s][info   ][gc,stats    ]      Memory: Page Cache Hit L2                                 0 / 0                 0 / 0                 0 / 0                 0 / 0           ops/s
[300.558s][info   ][gc,stats    ]      Memory: Page Cache Hit L3                                 0 / 0                 0 / 26                0 / 26                0 / 26          ops/s
[300.558s][info   ][gc,stats    ]      Memory: Page Cache Miss                                   0 / 0                 0 / 1                 0 / 1                 0 / 1           ops/s
[300.558s][info   ][gc,stats    ]      Memory: Uncommit                                          0 / 0                 0 / 0                 0 / 0                 0 / 0           MB/s
[300.558s][info   ][gc,stats    ]      Memory: Undo Object Allocation Failed                     0 / 0                 0 / 1                 0 / 1                 0 / 1           ops/s
[300.558s][info   ][gc,stats    ]      Memory: Undo Object Allocation Succeeded                  0 / 0                 0 / 74                0 / 74                0 / 74          ops/s
[300.558s][info   ][gc,stats    ]      Memory: Undo Page Allocation                              0 / 0                 0 / 1                 0 / 1                 0 / 1           ops/s
[300.558s][info   ][gc,stats    ]       Phase: Concurrent Mark                               0.000 / 0.000       597.279 / 1491.398    597.279 / 1491.398    597.279 / 1491.398    ms
[300.558s][info   ][gc,stats    ]       Phase: Concurrent Mark Continue                      0.000 / 0.000         0.000 / 0.000         0.000 / 0.000         0.000 / 0.000       ms
[300.558s][info   ][gc,stats    ]       Phase: Concurrent Mark Free                          0.000 / 0.000         0.002 / 0.004         0.002 / 0.004         0.002 / 0.004       ms
[300.559s][info   ][gc,stats    ]       Phase: Concurrent Process Non-Strong References      0.000 / 0.000       234.496 / 1850.321    234.496 / 1850.321    234.496 / 1850.321    ms
[300.559s][info   ][gc,stats    ]       Phase: Concurrent Relocate                           0.000 / 0.000        15.154 / 32.634       15.154 / 32.634       15.154 / 32.634      ms
[300.559s][info   ][gc,stats    ]       Phase: Concurrent Reset Relocation Set               0.000 / 0.000         0.018 / 0.040         0.018 / 0.040         0.018 / 0.040       ms
[300.559s][info   ][gc,stats    ]       Phase: Concurrent Select Relocation Set              0.000 / 0.000         6.731 / 15.302        6.731 / 15.302        6.731 / 15.302      ms
[300.559s][info   ][gc,stats    ]       Phase: Pause Mark End                                0.000 / 0.000         0.115 / 0.333         0.115 / 0.333         0.115 / 0.333       ms
[300.559s][info   ][gc,stats    ]       Phase: Pause Mark Start                              0.000 / 0.000         0.032 / 0.076         0.032 / 0.076         0.032 / 0.076       ms
[300.559s][info   ][gc,stats    ]       Phase: Pause Relocate Start                          0.000 / 0.000         0.031 / 0.079         0.031 / 0.079         0.031 / 0.079       ms
[300.559s][info   ][gc,stats    ]    Subphase: Concurrent Classes Purge                      0.000 / 0.000         2.997 / 13.941        2.997 / 13.941        2.997 / 13.941      ms
[300.559s][info   ][gc,stats    ]    Subphase: Concurrent Classes Unlink                     0.000 / 0.000       205.334 / 1768.670    205.334 / 1768.670    205.334 / 1768.670    ms
[300.559s][info   ][gc,stats    ]    Subphase: Concurrent Mark                               0.000 / 0.000       417.648 / 1136.625    417.648 / 1136.625    417.648 / 1136.625    ms
[300.559s][info   ][gc,stats    ]    Subphase: Concurrent Mark Try Flush                     0.000 / 0.000        32.420 / 148.506      32.420 / 148.506      32.420 / 148.506     ms
[300.559s][info   ][gc,stats    ]    Subphase: Concurrent Mark Try Terminate                 0.000 / 0.000         2.844 / 148.509       2.844 / 148.509       2.844 / 148.509     ms
[300.560s][info   ][gc,stats    ]    Subphase: Concurrent References Enqueue                 0.000 / 0.000         0.012 / 0.016         0.012 / 0.016         0.012 / 0.016       ms
[300.560s][info   ][gc,stats    ]    Subphase: Concurrent References Process                 0.000 / 0.000         0.678 / 1.351         0.678 / 1.351         0.678 / 1.351       ms
[300.560s][info   ][gc,stats    ]    Subphase: Concurrent Roots ClassLoaderDataGraph         0.000 / 0.000         0.532 / 1.503         0.532 / 1.503         0.532 / 1.503       ms
[300.560s][info   ][gc,stats    ]    Subphase: Concurrent Roots CodeCache                    0.000 / 0.000         0.000 / 0.000         0.000 / 0.000         0.000 / 0.000       ms
[300.560s][info   ][gc,stats    ]    Subphase: Concurrent Roots JavaThreads                  0.000 / 0.000        85.807 / 475.340      85.807 / 475.340      85.807 / 475.340     ms
[300.560s][info   ][gc,stats    ]    Subphase: Concurrent Roots OopStorageSet                0.000 / 0.000         0.157 / 0.370         0.157 / 0.370         0.157 / 0.370       ms
[300.560s][info   ][gc,stats    ]    Subphase: Concurrent Weak Roots OopStorageSet           0.000 / 0.000         4.530 / 9.700         4.530 / 9.700         4.530 / 9.700       ms
[300.560s][info   ][gc,stats    ]    Subphase: Pause Mark Try Complete                       0.000 / 0.000         0.053 / 0.195         0.053 / 0.195         0.053 / 0.195       ms
[300.560s][info   ][gc,stats    ]      System: Java Threads                                      0 / 0                65 / 137              65 / 137              65 / 137         threads
[300.561s][info   ][gc,stats    ] =========================================================================================================================================================
[310.556s][info   ][gc,stats    ] === Garbage Collection Statistics =======================================================================================================================
[310.556s][info   ][gc,stats    ]                                                              Last 10s              Last 10m              Last 10h                Total
[310.557s][info   ][gc,stats    ]                                                              Avg / Max             Avg / Max             Avg / Max             Avg / Max
[310.557s][info   ][gc,stats    ]   Collector: Garbage Collection Cycle                      0.000 / 0.000       908.370 / 3415.907    908.370 / 3415.907    908.370 / 3415.907    ms
[310.557s][info   ][gc,stats    ]  Contention: Mark Segment Reset Contention                     0 / 0                 0 / 2                 0 / 2                 0 / 2           ops/s
[310.557s][info   ][gc,stats    ]  Contention: Mark SeqNum Reset Contention                      0 / 0                 0 / 1                 0 / 1                 0 / 1           ops/s
[310.557s][info   ][gc,stats    ]    Critical: Allocation Stall                                  0 / 0                 0 / 0                 0 / 0                 0 / 0           ops/s
[310.557s][info   ][gc,stats    ]    Critical: Allocation Stall                              0.000 / 0.000         0.000 / 0.000         0.000 / 0.000         0.000 / 0.000       ms
[310.558s][info   ][gc,stats    ]    Critical: GC Locker Stall                                   0 / 0                 0 / 0                 0 / 0                 0 / 0           ops/s
[310.558s][info   ][gc,stats    ]    Critical: GC Locker Stall                               0.000 / 0.000         0.000 / 0.000         0.000 / 0.000         0.000 / 0.000       ms
[310.558s][info   ][gc,stats    ]    Critical: Relocation Stall                                  0 / 0                 0 / 0                 0 / 0                 0 / 0           ops/s
[310.558s][info   ][gc,stats    ]    Critical: Relocation Stall                              0.000 / 0.000         0.000 / 0.000         0.000 / 0.000         0.000 / 0.000       ms
[310.558s][info   ][gc,stats    ]      Memory: Allocation Rate                                   0 / 0                 9 / 68                9 / 68                9 / 68          MB/s
[310.558s][info   ][gc,stats    ]      Memory: Defragment                                        0 / 0                 0 / 0                 0 / 0                 0 / 0           ops/s
[310.559s][info   ][gc,stats    ]      Memory: Out Of Memory                                     0 / 0                 0 / 0                 0 / 0                 0 / 0           ops/s
[310.559s][info   ][gc,stats    ]      Memory: Page Cache Flush                                  0 / 0                 0 / 0                 0 / 0                 0 / 0           MB/s
[310.559s][info   ][gc,stats    ]      Memory: Page Cache Hit L1                                 0 / 0                 4 / 30                4 / 30                4 / 30          ops/s
[310.559s][info   ][gc,stats    ]      Memory: Page Cache Hit L2                                 0 / 0                 0 / 0                 0 / 0                 0 / 0           ops/s
[310.559s][info   ][gc,stats    ]      Memory: Page Cache Hit L3                                 0 / 0                 0 / 26                0 / 26                0 / 26          ops/s
[310.559s][info   ][gc,stats    ]      Memory: Page Cache Miss                                   0 / 0                 0 / 1                 0 / 1                 0 / 1           ops/s
[310.560s][info   ][gc,stats    ]      Memory: Uncommit                                          0 / 0                 0 / 0                 0 / 0                 0 / 0           MB/s
[310.560s][info   ][gc,stats    ]      Memory: Undo Object Allocation Failed                     0 / 0                 0 / 1                 0 / 1                 0 / 1           ops/s
[310.560s][info   ][gc,stats    ]      Memory: Undo Object Allocation Succeeded                  0 / 0                 0 / 74                0 / 74                0 / 74          ops/s
[310.560s][info   ][gc,stats    ]      Memory: Undo Page Allocation                              0 / 0                 0 / 1                 0 / 1                 0 / 1           ops/s
[310.561s][info   ][gc,stats    ]       Phase: Concurrent Mark                               0.000 / 0.000       597.279 / 1491.398    597.279 / 1491.398    597.279 / 1491.398    ms
[310.561s][info   ][gc,stats    ]       Phase: Concurrent Mark Continue                      0.000 / 0.000         0.000 / 0.000         0.000 / 0.000         0.000 / 0.000       ms
[310.561s][info   ][gc,stats    ]       Phase: Concurrent Mark Free                          0.000 / 0.000         0.002 / 0.004         0.002 / 0.004         0.002 / 0.004       ms
[310.562s][info   ][gc,stats    ]       Phase: Concurrent Process Non-Strong References      0.000 / 0.000       234.496 / 1850.321    234.496 / 1850.321    234.496 / 1850.321    ms
[310.562s][info   ][gc,stats    ]       Phase: Concurrent Relocate                           0.000 / 0.000        15.154 / 32.634       15.154 / 32.634       15.154 / 32.634      ms
[310.562s][info   ][gc,stats    ]       Phase: Concurrent Reset Relocation Set               0.000 / 0.000         0.018 / 0.040         0.018 / 0.040         0.018 / 0.040       ms
[310.562s][info   ][gc,stats    ]       Phase: Concurrent Select Relocation Set              0.000 / 0.000         6.731 / 15.302        6.731 / 15.302        6.731 / 15.302      ms
[310.563s][info   ][gc,stats    ]       Phase: Pause Mark End                                0.000 / 0.000         0.115 / 0.333         0.115 / 0.333         0.115 / 0.333       ms
[310.563s][info   ][gc,stats    ]       Phase: Pause Mark Start                              0.000 / 0.000         0.032 / 0.076         0.032 / 0.076         0.032 / 0.076       ms
[310.563s][info   ][gc,stats    ]       Phase: Pause Relocate Start                          0.000 / 0.000         0.031 / 0.079         0.031 / 0.079         0.031 / 0.079       ms
[310.563s][info   ][gc,stats    ]    Subphase: Concurrent Classes Purge                      0.000 / 0.000         2.997 / 13.941        2.997 / 13.941        2.997 / 13.941      ms
[310.563s][info   ][gc,stats    ]    Subphase: Concurrent Classes Unlink                     0.000 / 0.000       205.334 / 1768.670    205.334 / 1768.670    205.334 / 1768.670    ms
[310.563s][info   ][gc,stats    ]    Subphase: Concurrent Mark                               0.000 / 0.000       417.648 / 1136.625    417.648 / 1136.625    417.648 / 1136.625    ms
[310.563s][info   ][gc,stats    ]    Subphase: Concurrent Mark Try Flush                     0.000 / 0.000        32.420 / 148.506      32.420 / 148.506      32.420 / 148.506     ms
[310.564s][info   ][gc,stats    ]    Subphase: Concurrent Mark Try Terminate                 0.000 / 0.000         2.844 / 148.509       2.844 / 148.509       2.844 / 148.509     ms
[310.564s][info   ][gc,stats    ]    Subphase: Concurrent References Enqueue                 0.000 / 0.000         0.012 / 0.016         0.012 / 0.016         0.012 / 0.016       ms
[310.564s][info   ][gc,stats    ]    Subphase: Concurrent References Process                 0.000 / 0.000         0.678 / 1.351         0.678 / 1.351         0.678 / 1.351       ms
[310.564s][info   ][gc,stats    ]    Subphase: Concurrent Roots ClassLoaderDataGraph         0.000 / 0.000         0.532 / 1.503         0.532 / 1.503         0.532 / 1.503       ms
[310.564s][info   ][gc,stats    ]    Subphase: Concurrent Roots CodeCache                    0.000 / 0.000         0.000 / 0.000         0.000 / 0.000         0.000 / 0.000       ms
[310.564s][info   ][gc,stats    ]    Subphase: Concurrent Roots JavaThreads                  0.000 / 0.000        85.807 / 475.340      85.807 / 475.340      85.807 / 475.340     ms
[310.564s][info   ][gc,stats    ]    Subphase: Concurrent Roots OopStorageSet                0.000 / 0.000         0.157 / 0.370         0.157 / 0.370         0.157 / 0.370       ms
[310.565s][info   ][gc,stats    ]    Subphase: Concurrent Weak Roots OopStorageSet           0.000 / 0.000         4.530 / 9.700         4.530 / 9.700         4.530 / 9.700       ms
[310.565s][info   ][gc,stats    ]    Subphase: Pause Mark Try Complete                       0.000 / 0.000         0.053 / 0.195         0.053 / 0.195         0.053 / 0.195       ms
[310.565s][info   ][gc,stats    ]      System: Java Threads                                      0 / 0                65 / 137              65 / 137              65 / 137         threads
[310.565s][info   ][gc,stats    ] =========================================================================================================================================================
[320.571s][info   ][gc,stats    ] === Garbage Collection Statistics =======================================================================================================================
[320.571s][info   ][gc,stats    ]                                                              Last 10s              Last 10m              Last 10h                Total
[320.571s][info   ][gc,stats    ]                                                              Avg / Max             Avg / Max             Avg / Max             Avg / Max
[320.572s][info   ][gc,stats    ]   Collector: Garbage Collection Cycle                      0.000 / 0.000       908.370 / 3415.907    908.370 / 3415.907    908.370 / 3415.907    ms
[320.572s][info   ][gc,stats    ]  Contention: Mark Segment Reset Contention                     0 / 0                 0 / 2                 0 / 2                 0 / 2           ops/s
[320.572s][info   ][gc,stats    ]  Contention: Mark SeqNum Reset Contention                      0 / 0                 0 / 1                 0 / 1                 0 / 1           ops/s
[320.572s][info   ][gc,stats    ]    Critical: Allocation Stall                                  0 / 0                 0 / 0                 0 / 0                 0 / 0           ops/s
[320.572s][info   ][gc,stats    ]    Critical: Allocation Stall                              0.000 / 0.000         0.000 / 0.000         0.000 / 0.000         0.000 / 0.000       ms
[320.572s][info   ][gc,stats    ]    Critical: GC Locker Stall                                   0 / 0                 0 / 0                 0 / 0                 0 / 0           ops/s
[320.572s][info   ][gc,stats    ]    Critical: GC Locker Stall                               0.000 / 0.000         0.000 / 0.000         0.000 / 0.000         0.000 / 0.000       ms
[320.572s][info   ][gc,stats    ]    Critical: Relocation Stall                                  0 / 0                 0 / 0                 0 / 0                 0 / 0           ops/s
[320.573s][info   ][gc,stats    ]    Critical: Relocation Stall                              0.000 / 0.000         0.000 / 0.000         0.000 / 0.000         0.000 / 0.000       ms
[320.573s][info   ][gc,stats    ]      Memory: Allocation Rate                                   0 / 0                 8 / 68                8 / 68                8 / 68          MB/s
[320.573s][info   ][gc,stats    ]      Memory: Defragment                                        0 / 0                 0 / 0                 0 / 0                 0 / 0           ops/s
[320.573s][info   ][gc,stats    ]      Memory: Out Of Memory                                     0 / 0                 0 / 0                 0 / 0                 0 / 0           ops/s
[320.573s][info   ][gc,stats    ]      Memory: Page Cache Flush                                  0 / 0                 0 / 0                 0 / 0                 0 / 0           MB/s
[320.573s][info   ][gc,stats    ]      Memory: Page Cache Hit L1                                 0 / 0                 3 / 30                3 / 30                3 / 30          ops/s
[320.573s][info   ][gc,stats    ]      Memory: Page Cache Hit L2                                 0 / 0                 0 / 0                 0 / 0                 0 / 0           ops/s
[320.573s][info   ][gc,stats    ]      Memory: Page Cache Hit L3                                 0 / 0                 0 / 26                0 / 26                0 / 26          ops/s
[320.573s][info   ][gc,stats    ]      Memory: Page Cache Miss                                   0 / 0                 0 / 1                 0 / 1                 0 / 1           ops/s
[320.573s][info   ][gc,stats    ]      Memory: Uncommit                                          0 / 0                 0 / 0                 0 / 0                 0 / 0           MB/s
[320.574s][info   ][gc,stats    ]      Memory: Undo Object Allocation Failed                     0 / 0                 0 / 1                 0 / 1                 0 / 1           ops/s
[320.574s][info   ][gc,stats    ]      Memory: Undo Object Allocation Succeeded                  0 / 0                 0 / 74                0 / 74                0 / 74          ops/s
[320.574s][info   ][gc,stats    ]      Memory: Undo Page Allocation                              0 / 0                 0 / 1                 0 / 1                 0 / 1           ops/s
[320.574s][info   ][gc,stats    ]       Phase: Concurrent Mark                               0.000 / 0.000       597.279 / 1491.398    597.279 / 1491.398    597.279 / 1491.398    ms
[320.574s][info   ][gc,stats    ]       Phase: Concurrent Mark Continue                      0.000 / 0.000         0.000 / 0.000         0.000 / 0.000         0.000 / 0.000       ms
[320.574s][info   ][gc,stats    ]       Phase: Concurrent Mark Free                          0.000 / 0.000         0.002 / 0.004         0.002 / 0.004         0.002 / 0.004       ms
[320.575s][info   ][gc,stats    ]       Phase: Concurrent Process Non-Strong References      0.000 / 0.000       234.496 / 1850.321    234.496 / 1850.321    234.496 / 1850.321    ms
[320.575s][info   ][gc,stats    ]       Phase: Concurrent Relocate                           0.000 / 0.000        15.154 / 32.634       15.154 / 32.634       15.154 / 32.634      ms
[320.575s][info   ][gc,stats    ]       Phase: Concurrent Reset Relocation Set               0.000 / 0.000         0.018 / 0.040         0.018 / 0.040         0.018 / 0.040       ms
[320.575s][info   ][gc,stats    ]       Phase: Concurrent Select Relocation Set              0.000 / 0.000         6.731 / 15.302        6.731 / 15.302        6.731 / 15.302      ms
[320.575s][info   ][gc,stats    ]       Phase: Pause Mark End                                0.000 / 0.000         0.115 / 0.333         0.115 / 0.333         0.115 / 0.333       ms
[320.575s][info   ][gc,stats    ]       Phase: Pause Mark Start                              0.000 / 0.000         0.032 / 0.076         0.032 / 0.076         0.032 / 0.076       ms
[320.575s][info   ][gc,stats    ]       Phase: Pause Relocate Start                          0.000 / 0.000         0.031 / 0.079         0.031 / 0.079         0.031 / 0.079       ms
[320.576s][info   ][gc,stats    ]    Subphase: Concurrent Classes Purge                      0.000 / 0.000         2.997 / 13.941        2.997 / 13.941        2.997 / 13.941      ms
[320.576s][info   ][gc,stats    ]    Subphase: Concurrent Classes Unlink                     0.000 / 0.000       205.334 / 1768.670    205.334 / 1768.670    205.334 / 1768.670    ms
[320.576s][info   ][gc,stats    ]    Subphase: Concurrent Mark                               0.000 / 0.000       417.648 / 1136.625    417.648 / 1136.625    417.648 / 1136.625    ms
[320.576s][info   ][gc,stats    ]    Subphase: Concurrent Mark Try Flush                     0.000 / 0.000        32.420 / 148.506      32.420 / 148.506      32.420 / 148.506     ms
[320.576s][info   ][gc,stats    ]    Subphase: Concurrent Mark Try Terminate                 0.000 / 0.000         2.844 / 148.509       2.844 / 148.509       2.844 / 148.509     ms
[320.576s][info   ][gc,stats    ]    Subphase: Concurrent References Enqueue                 0.000 / 0.000         0.012 / 0.016         0.012 / 0.016         0.012 / 0.016       ms
[320.576s][info   ][gc,stats    ]    Subphase: Concurrent References Process                 0.000 / 0.000         0.678 / 1.351         0.678 / 1.351         0.678 / 1.351       ms
[320.577s][info   ][gc,stats    ]    Subphase: Concurrent Roots ClassLoaderDataGraph         0.000 / 0.000         0.532 / 1.503         0.532 / 1.503         0.532 / 1.503       ms
[320.577s][info   ][gc,stats    ]    Subphase: Concurrent Roots CodeCache                    0.000 / 0.000         0.000 / 0.000         0.000 / 0.000         0.000 / 0.000       ms
[320.577s][info   ][gc,stats    ]    Subphase: Concurrent Roots JavaThreads                  0.000 / 0.000        85.807 / 475.340      85.807 / 475.340      85.807 / 475.340     ms
[320.577s][info   ][gc,stats    ]    Subphase: Concurrent Roots OopStorageSet                0.000 / 0.000         0.157 / 0.370         0.157 / 0.370         0.157 / 0.370       ms
[320.577s][info   ][gc,stats    ]    Subphase: Concurrent Weak Roots OopStorageSet           0.000 / 0.000         4.530 / 9.700         4.530 / 9.700         4.530 / 9.700       ms
[320.577s][info   ][gc,stats    ]    Subphase: Pause Mark Try Complete                       0.000 / 0.000         0.053 / 0.195         0.053 / 0.195         0.053 / 0.195       ms
[320.577s][info   ][gc,stats    ]      System: Java Threads                                      0 / 0                65 / 137              65 / 137              65 / 137         threads
[320.578s][info   ][gc,stats    ] =========================================================================================================================================================
[330.556s][info   ][gc,stats    ] === Garbage Collection Statistics =======================================================================================================================
[330.556s][info   ][gc,stats    ]                                                              Last 10s              Last 10m              Last 10h                Total
[330.556s][info   ][gc,stats    ]                                                              Avg / Max             Avg / Max             Avg / Max             Avg / Max
[330.556s][info   ][gc,stats    ]   Collector: Garbage Collection Cycle                      0.000 / 0.000       908.370 / 3415.907    908.370 / 3415.907    908.370 / 3415.907    ms
[330.556s][info   ][gc,stats    ]  Contention: Mark Segment Reset Contention                     0 / 0                 0 / 2                 0 / 2                 0 / 2           ops/s
[330.556s][info   ][gc,stats    ]  Contention: Mark SeqNum Reset Contention                      0 / 0                 0 / 1                 0 / 1                 0 / 1           ops/s
[330.556s][info   ][gc,stats    ]    Critical: Allocation Stall                                  0 / 0                 0 / 0                 0 / 0                 0 / 0           ops/s
[330.556s][info   ][gc,stats    ]    Critical: Allocation Stall                              0.000 / 0.000         0.000 / 0.000         0.000 / 0.000         0.000 / 0.000       ms
[330.556s][info   ][gc,stats    ]    Critical: GC Locker Stall                                   0 / 0                 0 / 0                 0 / 0                 0 / 0           ops/s
[330.556s][info   ][gc,stats    ]    Critical: GC Locker Stall                               0.000 / 0.000         0.000 / 0.000         0.000 / 0.000         0.000 / 0.000       ms
[330.556s][info   ][gc,stats    ]    Critical: Relocation Stall                                  0 / 0                 0 / 0                 0 / 0                 0 / 0           ops/s
[330.556s][info   ][gc,stats    ]    Critical: Relocation Stall                              0.000 / 0.000         0.000 / 0.000         0.000 / 0.000         0.000 / 0.000       ms
[330.556s][info   ][gc,stats    ]      Memory: Allocation Rate                                   0 / 0                 8 / 68                8 / 68                8 / 68          MB/s
[330.556s][info   ][gc,stats    ]      Memory: Defragment                                        0 / 0                 0 / 0                 0 / 0                 0 / 0           ops/s
[330.557s][info   ][gc,stats    ]      Memory: Out Of Memory                                     0 / 0                 0 / 0                 0 / 0                 0 / 0           ops/s
[330.557s][info   ][gc,stats    ]      Memory: Page Cache Flush                                  0 / 0                 0 / 0                 0 / 0                 0 / 0           MB/s
[330.557s][info   ][gc,stats    ]      Memory: Page Cache Hit L1                                 0 / 0                 3 / 30                3 / 30                3 / 30          ops/s
[330.557s][info   ][gc,stats    ]      Memory: Page Cache Hit L2                                 0 / 0                 0 / 0                 0 / 0                 0 / 0           ops/s
[330.557s][info   ][gc,stats    ]      Memory: Page Cache Hit L3                                 0 / 0                 0 / 26                0 / 26                0 / 26          ops/s
[330.557s][info   ][gc,stats    ]      Memory: Page Cache Miss                                   0 / 0                 0 / 1                 0 / 1                 0 / 1           ops/s
[330.557s][info   ][gc,stats    ]      Memory: Uncommit                                          0 / 0                 0 / 0                 0 / 0                 0 / 0           MB/s
[330.557s][info   ][gc,stats    ]      Memory: Undo Object Allocation Failed                     0 / 0                 0 / 1                 0 / 1                 0 / 1           ops/s
[330.557s][info   ][gc,stats    ]      Memory: Undo Object Allocation Succeeded                  0 / 0                 0 / 74                0 / 74                0 / 74          ops/s
[330.557s][info   ][gc,stats    ]      Memory: Undo Page Allocation                              0 / 0                 0 / 1                 0 / 1                 0 / 1           ops/s
[330.557s][info   ][gc,stats    ]       Phase: Concurrent Mark                               0.000 / 0.000       597.279 / 1491.398    597.279 / 1491.398    597.279 / 1491.398    ms
[330.557s][info   ][gc,stats    ]       Phase: Concurrent Mark Continue                      0.000 / 0.000         0.000 / 0.000         0.000 / 0.000         0.000 / 0.000       ms
[330.557s][info   ][gc,stats    ]       Phase: Concurrent Mark Free                          0.000 / 0.000         0.002 / 0.004         0.002 / 0.004         0.002 / 0.004       ms
[330.557s][info   ][gc,stats    ]       Phase: Concurrent Process Non-Strong References      0.000 / 0.000       234.496 / 1850.321    234.496 / 1850.321    234.496 / 1850.321    ms
[330.557s][info   ][gc,stats    ]       Phase: Concurrent Relocate                           0.000 / 0.000        15.154 / 32.634       15.154 / 32.634       15.154 / 32.634      ms
[330.557s][info   ][gc,stats    ]       Phase: Concurrent Reset Relocation Set               0.000 / 0.000         0.018 / 0.040         0.018 / 0.040         0.018 / 0.040       ms
[330.557s][info   ][gc,stats    ]       Phase: Concurrent Select Relocation Set              0.000 / 0.000         6.731 / 15.302        6.731 / 15.302        6.731 / 15.302      ms
[330.557s][info   ][gc,stats    ]       Phase: Pause Mark End                                0.000 / 0.000         0.115 / 0.333         0.115 / 0.333         0.115 / 0.333       ms
[330.558s][info   ][gc,stats    ]       Phase: Pause Mark Start                              0.000 / 0.000         0.032 / 0.076         0.032 / 0.076         0.032 / 0.076       ms
[330.558s][info   ][gc,stats    ]       Phase: Pause Relocate Start                          0.000 / 0.000         0.031 / 0.079         0.031 / 0.079         0.031 / 0.079       ms
[330.558s][info   ][gc,stats    ]    Subphase: Concurrent Classes Purge                      0.000 / 0.000         2.997 / 13.941        2.997 / 13.941        2.997 / 13.941      ms
[330.558s][info   ][gc,stats    ]    Subphase: Concurrent Classes Unlink                     0.000 / 0.000       205.334 / 1768.670    205.334 / 1768.670    205.334 / 1768.670    ms
[330.558s][info   ][gc,stats    ]    Subphase: Concurrent Mark                               0.000 / 0.000       417.648 / 1136.625    417.648 / 1136.625    417.648 / 1136.625    ms
[330.558s][info   ][gc,stats    ]    Subphase: Concurrent Mark Try Flush                     0.000 / 0.000        32.420 / 148.506      32.420 / 148.506      32.420 / 148.506     ms
[330.558s][info   ][gc,stats    ]    Subphase: Concurrent Mark Try Terminate                 0.000 / 0.000         2.844 / 148.509       2.844 / 148.509       2.844 / 148.509     ms
[330.558s][info   ][gc,stats    ]    Subphase: Concurrent References Enqueue                 0.000 / 0.000         0.012 / 0.016         0.012 / 0.016         0.012 / 0.016       ms
[330.558s][info   ][gc,stats    ]    Subphase: Concurrent References Process                 0.000 / 0.000         0.678 / 1.351         0.678 / 1.351         0.678 / 1.351       ms
[330.558s][info   ][gc,stats    ]    Subphase: Concurrent Roots ClassLoaderDataGraph         0.000 / 0.000         0.532 / 1.503         0.532 / 1.503         0.532 / 1.503       ms
[330.558s][info   ][gc,stats    ]    Subphase: Concurrent Roots CodeCache                    0.000 / 0.000         0.000 / 0.000         0.000 / 0.000         0.000 / 0.000       ms
[330.558s][info   ][gc,stats    ]    Subphase: Concurrent Roots JavaThreads                  0.000 / 0.000        85.807 / 475.340      85.807 / 475.340      85.807 / 475.340     ms
[330.558s][info   ][gc,stats    ]    Subphase: Concurrent Roots OopStorageSet                0.000 / 0.000         0.157 / 0.370         0.157 / 0.370         0.157 / 0.370       ms
[330.558s][info   ][gc,stats    ]    Subphase: Concurrent Weak Roots OopStorageSet           0.000 / 0.000         4.530 / 9.700         4.530 / 9.700         4.530 / 9.700       ms
[330.558s][info   ][gc,stats    ]    Subphase: Pause Mark Try Complete                       0.000 / 0.000         0.053 / 0.195         0.053 / 0.195         0.053 / 0.195       ms
[330.558s][info   ][gc,stats    ]      System: Java Threads                                      0 / 0                65 / 137              65 / 137              65 / 137         threads
[330.558s][info   ][gc,stats    ] =========================================================================================================================================================
[340.556s][info   ][gc,stats    ] === Garbage Collection Statistics =======================================================================================================================
[340.556s][info   ][gc,stats    ]                                                              Last 10s              Last 10m              Last 10h                Total
[340.556s][info   ][gc,stats    ]                                                              Avg / Max             Avg / Max             Avg / Max             Avg / Max
[340.556s][info   ][gc,stats    ]   Collector: Garbage Collection Cycle                      0.000 / 0.000       908.370 / 3415.907    908.370 / 3415.907    908.370 / 3415.907    ms
[340.556s][info   ][gc,stats    ]  Contention: Mark Segment Reset Contention                     0 / 0                 0 / 2                 0 / 2                 0 / 2           ops/s
[340.556s][info   ][gc,stats    ]  Contention: Mark SeqNum Reset Contention                      0 / 0                 0 / 1                 0 / 1                 0 / 1           ops/s
[340.556s][info   ][gc,stats    ]    Critical: Allocation Stall                                  0 / 0                 0 / 0                 0 / 0                 0 / 0           ops/s
[340.556s][info   ][gc,stats    ]    Critical: Allocation Stall                              0.000 / 0.000         0.000 / 0.000         0.000 / 0.000         0.000 / 0.000       ms
[340.556s][info   ][gc,stats    ]    Critical: GC Locker Stall                                   0 / 0                 0 / 0                 0 / 0                 0 / 0           ops/s
[340.556s][info   ][gc,stats    ]    Critical: GC Locker Stall                               0.000 / 0.000         0.000 / 0.000         0.000 / 0.000         0.000 / 0.000       ms
[340.556s][info   ][gc,stats    ]    Critical: Relocation Stall                                  0 / 0                 0 / 0                 0 / 0                 0 / 0           ops/s
[340.556s][info   ][gc,stats    ]    Critical: Relocation Stall                              0.000 / 0.000         0.000 / 0.000         0.000 / 0.000         0.000 / 0.000       ms
[340.556s][info   ][gc,stats    ]      Memory: Allocation Rate                                   0 / 0                 8 / 68                8 / 68                8 / 68          MB/s
[340.556s][info   ][gc,stats    ]      Memory: Defragment                                        0 / 0                 0 / 0                 0 / 0                 0 / 0           ops/s
[340.556s][info   ][gc,stats    ]      Memory: Out Of Memory                                     0 / 0                 0 / 0                 0 / 0                 0 / 0           ops/s
[340.557s][info   ][gc,stats    ]      Memory: Page Cache Flush                                  0 / 0                 0 / 0                 0 / 0                 0 / 0           MB/s
[340.557s][info   ][gc,stats    ]      Memory: Page Cache Hit L1                                 0 / 0                 3 / 30                3 / 30                3 / 30          ops/s
[340.557s][info   ][gc,stats    ]      Memory: Page Cache Hit L2                                 0 / 0                 0 / 0                 0 / 0                 0 / 0           ops/s
[340.557s][info   ][gc,stats    ]      Memory: Page Cache Hit L3                                 0 / 0                 0 / 26                0 / 26                0 / 26          ops/s
[340.557s][info   ][gc,stats    ]      Memory: Page Cache Miss                                   0 / 0                 0 / 1                 0 / 1                 0 / 1           ops/s
[340.557s][info   ][gc,stats    ]      Memory: Uncommit                                          0 / 0                 0 / 0                 0 / 0                 0 / 0           MB/s
[340.557s][info   ][gc,stats    ]      Memory: Undo Object Allocation Failed                     0 / 0                 0 / 1                 0 / 1                 0 / 1           ops/s
[340.557s][info   ][gc,stats    ]      Memory: Undo Object Allocation Succeeded                  0 / 0                 0 / 74                0 / 74                0 / 74          ops/s
[340.557s][info   ][gc,stats    ]      Memory: Undo Page Allocation                              0 / 0                 0 / 1                 0 / 1                 0 / 1           ops/s
[340.557s][info   ][gc,stats    ]       Phase: Concurrent Mark                               0.000 / 0.000       597.279 / 1491.398    597.279 / 1491.398    597.279 / 1491.398    ms
[340.557s][info   ][gc,stats    ]       Phase: Concurrent Mark Continue                      0.000 / 0.000         0.000 / 0.000         0.000 / 0.000         0.000 / 0.000       ms
[340.557s][info   ][gc,stats    ]       Phase: Concurrent Mark Free                          0.000 / 0.000         0.002 / 0.004         0.002 / 0.004         0.002 / 0.004       ms
[340.557s][info   ][gc,stats    ]       Phase: Concurrent Process Non-Strong References      0.000 / 0.000       234.496 / 1850.321    234.496 / 1850.321    234.496 / 1850.321    ms
[340.557s][info   ][gc,stats    ]       Phase: Concurrent Relocate                           0.000 / 0.000        15.154 / 32.634       15.154 / 32.634       15.154 / 32.634      ms
[340.557s][info   ][gc,stats    ]       Phase: Concurrent Reset Relocation Set               0.000 / 0.000         0.018 / 0.040         0.018 / 0.040         0.018 / 0.040       ms
[340.557s][info   ][gc,stats    ]       Phase: Concurrent Select Relocation Set              0.000 / 0.000         6.731 / 15.302        6.731 / 15.302        6.731 / 15.302      ms
[340.557s][info   ][gc,stats    ]       Phase: Pause Mark End                                0.000 / 0.000         0.115 / 0.333         0.115 / 0.333         0.115 / 0.333       ms
[340.557s][info   ][gc,stats    ]       Phase: Pause Mark Start                              0.000 / 0.000         0.032 / 0.076         0.032 / 0.076         0.032 / 0.076       ms
[340.557s][info   ][gc,stats    ]       Phase: Pause Relocate Start                          0.000 / 0.000         0.031 / 0.079         0.031 / 0.079         0.031 / 0.079       ms
[340.557s][info   ][gc,stats    ]    Subphase: Concurrent Classes Purge                      0.000 / 0.000         2.997 / 13.941        2.997 / 13.941        2.997 / 13.941      ms
[340.557s][info   ][gc,stats    ]    Subphase: Concurrent Classes Unlink                     0.000 / 0.000       205.334 / 1768.670    205.334 / 1768.670    205.334 / 1768.670    ms
[340.557s][info   ][gc,stats    ]    Subphase: Concurrent Mark                               0.000 / 0.000       417.648 / 1136.625    417.648 / 1136.625    417.648 / 1136.625    ms
[340.557s][info   ][gc,stats    ]    Subphase: Concurrent Mark Try Flush                     0.000 / 0.000        32.420 / 148.506      32.420 / 148.506      32.420 / 148.506     ms
[340.557s][info   ][gc,stats    ]    Subphase: Concurrent Mark Try Terminate                 0.000 / 0.000         2.844 / 148.509       2.844 / 148.509       2.844 / 148.509     ms
[340.557s][info   ][gc,stats    ]    Subphase: Concurrent References Enqueue                 0.000 / 0.000         0.012 / 0.016         0.012 / 0.016         0.012 / 0.016       ms
[340.557s][info   ][gc,stats    ]    Subphase: Concurrent References Process                 0.000 / 0.000         0.678 / 1.351         0.678 / 1.351         0.678 / 1.351       ms
[340.558s][info   ][gc,stats    ]    Subphase: Concurrent Roots ClassLoaderDataGraph         0.000 / 0.000         0.532 / 1.503         0.532 / 1.503         0.532 / 1.503       ms
[340.558s][info   ][gc,stats    ]    Subphase: Concurrent Roots CodeCache                    0.000 / 0.000         0.000 / 0.000         0.000 / 0.000         0.000 / 0.000       ms
[340.558s][info   ][gc,stats    ]    Subphase: Concurrent Roots JavaThreads                  0.000 / 0.000        85.807 / 475.340      85.807 / 475.340      85.807 / 475.340     ms
[340.558s][info   ][gc,stats    ]    Subphase: Concurrent Roots OopStorageSet                0.000 / 0.000         0.157 / 0.370         0.157 / 0.370         0.157 / 0.370       ms
[340.558s][info   ][gc,stats    ]    Subphase: Concurrent Weak Roots OopStorageSet           0.000 / 0.000         4.530 / 9.700         4.530 / 9.700         4.530 / 9.700       ms
[340.558s][info   ][gc,stats    ]    Subphase: Pause Mark Try Complete                       0.000 / 0.000         0.053 / 0.195         0.053 / 0.195         0.053 / 0.195       ms
[340.558s][info   ][gc,stats    ]      System: Java Threads                                      0 / 0                65 / 137              65 / 137              65 / 137         threads
[340.558s][info   ][gc,stats    ] =========================================================================================================================================================
[350.565s][info   ][gc,stats    ] === Garbage Collection Statistics =======================================================================================================================
[350.565s][info   ][gc,stats    ]                                                              Last 10s              Last 10m              Last 10h                Total
[350.565s][info   ][gc,stats    ]                                                              Avg / Max             Avg / Max             Avg / Max             Avg / Max
[350.565s][info   ][gc,stats    ]   Collector: Garbage Collection Cycle                      0.000 / 0.000       908.370 / 3415.907    908.370 / 3415.907    908.370 / 3415.907    ms
[350.565s][info   ][gc,stats    ]  Contention: Mark Segment Reset Contention                     0 / 0                 0 / 2                 0 / 2                 0 / 2           ops/s
[350.566s][info   ][gc,stats    ]  Contention: Mark SeqNum Reset Contention                      0 / 0                 0 / 1                 0 / 1                 0 / 1           ops/s
[350.566s][info   ][gc,stats    ]    Critical: Allocation Stall                                  0 / 0                 0 / 0                 0 / 0                 0 / 0           ops/s
[350.566s][info   ][gc,stats    ]    Critical: Allocation Stall                              0.000 / 0.000         0.000 / 0.000         0.000 / 0.000         0.000 / 0.000       ms
[350.566s][info   ][gc,stats    ]    Critical: GC Locker Stall                                   0 / 0                 0 / 0                 0 / 0                 0 / 0           ops/s
[350.566s][info   ][gc,stats    ]    Critical: GC Locker Stall                               0.000 / 0.000         0.000 / 0.000         0.000 / 0.000         0.000 / 0.000       ms
[350.566s][info   ][gc,stats    ]    Critical: Relocation Stall                                  0 / 0                 0 / 0                 0 / 0                 0 / 0           ops/s
[350.566s][info   ][gc,stats    ]    Critical: Relocation Stall                              0.000 / 0.000         0.000 / 0.000         0.000 / 0.000         0.000 / 0.000       ms
[350.567s][info   ][gc,stats    ]      Memory: Allocation Rate                                   0 / 2                 8 / 68                8 / 68                8 / 68          MB/s
[350.567s][info   ][gc,stats    ]      Memory: Defragment                                        0 / 0                 0 / 0                 0 / 0                 0 / 0           ops/s
[350.567s][info   ][gc,stats    ]      Memory: Out Of Memory                                     0 / 0                 0 / 0                 0 / 0                 0 / 0           ops/s
[350.567s][info   ][gc,stats    ]      Memory: Page Cache Flush                                  0 / 0                 0 / 0                 0 / 0                 0 / 0           MB/s
[350.567s][info   ][gc,stats    ]      Memory: Page Cache Hit L1                                 0 / 1                 3 / 30                3 / 30                3 / 30          ops/s
[350.567s][info   ][gc,stats    ]      Memory: Page Cache Hit L2                                 0 / 0                 0 / 0                 0 / 0                 0 / 0           ops/s
[350.567s][info   ][gc,stats    ]      Memory: Page Cache Hit L3                                 0 / 0                 0 / 26                0 / 26                0 / 26          ops/s
[350.567s][info   ][gc,stats    ]      Memory: Page Cache Miss                                   0 / 0                 0 / 1                 0 / 1                 0 / 1           ops/s
[350.567s][info   ][gc,stats    ]      Memory: Uncommit                                          0 / 0                 0 / 0                 0 / 0                 0 / 0           MB/s
[350.567s][info   ][gc,stats    ]      Memory: Undo Object Allocation Failed                     0 / 0                 0 / 1                 0 / 1                 0 / 1           ops/s
[350.567s][info   ][gc,stats    ]      Memory: Undo Object Allocation Succeeded                  0 / 0                 0 / 74                0 / 74                0 / 74          ops/s
[350.567s][info   ][gc,stats    ]      Memory: Undo Page Allocation                              0 / 0                 0 / 1                 0 / 1                 0 / 1           ops/s
[350.568s][info   ][gc,stats    ]       Phase: Concurrent Mark                               0.000 / 0.000       597.279 / 1491.398    597.279 / 1491.398    597.279 / 1491.398    ms
[350.568s][info   ][gc,stats    ]       Phase: Concurrent Mark Continue                      0.000 / 0.000         0.000 / 0.000         0.000 / 0.000         0.000 / 0.000       ms
[350.568s][info   ][gc,stats    ]       Phase: Concurrent Mark Free                          0.000 / 0.000         0.002 / 0.004         0.002 / 0.004         0.002 / 0.004       ms
[350.568s][info   ][gc,stats    ]       Phase: Concurrent Process Non-Strong References      0.000 / 0.000       234.496 / 1850.321    234.496 / 1850.321    234.496 / 1850.321    ms
[350.568s][info   ][gc,stats    ]       Phase: Concurrent Relocate                           0.000 / 0.000        15.154 / 32.634       15.154 / 32.634       15.154 / 32.634      ms
[350.568s][info   ][gc,stats    ]       Phase: Concurrent Reset Relocation Set               0.000 / 0.000         0.018 / 0.040         0.018 / 0.040         0.018 / 0.040       ms
[350.568s][info   ][gc,stats    ]       Phase: Concurrent Select Relocation Set              0.000 / 0.000         6.731 / 15.302        6.731 / 15.302        6.731 / 15.302      ms
[350.568s][info   ][gc,stats    ]       Phase: Pause Mark End                                0.000 / 0.000         0.115 / 0.333         0.115 / 0.333         0.115 / 0.333       ms
[350.568s][info   ][gc,stats    ]       Phase: Pause Mark Start                              0.000 / 0.000         0.032 / 0.076         0.032 / 0.076         0.032 / 0.076       ms
[350.568s][info   ][gc,stats    ]       Phase: Pause Relocate Start                          0.000 / 0.000         0.031 / 0.079         0.031 / 0.079         0.031 / 0.079       ms
[350.569s][info   ][gc,stats    ]    Subphase: Concurrent Classes Purge                      0.000 / 0.000         2.997 / 13.941        2.997 / 13.941        2.997 / 13.941      ms
[350.569s][info   ][gc,stats    ]    Subphase: Concurrent Classes Unlink                     0.000 / 0.000       205.334 / 1768.670    205.334 / 1768.670    205.334 / 1768.670    ms
[350.569s][info   ][gc,stats    ]    Subphase: Concurrent Mark                               0.000 / 0.000       417.648 / 1136.625    417.648 / 1136.625    417.648 / 1136.625    ms
[350.569s][info   ][gc,stats    ]    Subphase: Concurrent Mark Try Flush                     0.000 / 0.000        32.420 / 148.506      32.420 / 148.506      32.420 / 148.506     ms
[350.569s][info   ][gc,stats    ]    Subphase: Concurrent Mark Try Terminate                 0.000 / 0.000         2.844 / 148.509       2.844 / 148.509       2.844 / 148.509     ms
[350.569s][info   ][gc,stats    ]    Subphase: Concurrent References Enqueue                 0.000 / 0.000         0.012 / 0.016         0.012 / 0.016         0.012 / 0.016       ms
[350.569s][info   ][gc,stats    ]    Subphase: Concurrent References Process                 0.000 / 0.000         0.678 / 1.351         0.678 / 1.351         0.678 / 1.351       ms
[350.569s][info   ][gc,stats    ]    Subphase: Concurrent Roots ClassLoaderDataGraph         0.000 / 0.000         0.532 / 1.503         0.532 / 1.503         0.532 / 1.503       ms
[350.570s][info   ][gc,stats    ]    Subphase: Concurrent Roots CodeCache                    0.000 / 0.000         0.000 / 0.000         0.000 / 0.000         0.000 / 0.000       ms
[350.570s][info   ][gc,stats    ]    Subphase: Concurrent Roots JavaThreads                  0.000 / 0.000        85.807 / 475.340      85.807 / 475.340      85.807 / 475.340     ms
[350.570s][info   ][gc,stats    ]    Subphase: Concurrent Roots OopStorageSet                0.000 / 0.000         0.157 / 0.370         0.157 / 0.370         0.157 / 0.370       ms
[350.570s][info   ][gc,stats    ]    Subphase: Concurrent Weak Roots OopStorageSet           0.000 / 0.000         4.530 / 9.700         4.530 / 9.700         4.530 / 9.700       ms
[350.570s][info   ][gc,stats    ]    Subphase: Pause Mark Try Complete                       0.000 / 0.000         0.053 / 0.195         0.053 / 0.195         0.053 / 0.195       ms
[350.570s][info   ][gc,stats    ]      System: Java Threads                                      0 / 0                65 / 137              65 / 137              65 / 137         threads
[350.570s][info   ][gc,stats    ] =========================================================================================================================================================
[360.556s][info   ][gc,stats    ] === Garbage Collection Statistics =======================================================================================================================
[360.556s][info   ][gc,stats    ]                                                              Last 10s              Last 10m              Last 10h                Total
[360.556s][info   ][gc,stats    ]                                                              Avg / Max             Avg / Max             Avg / Max             Avg / Max
[360.556s][info   ][gc,stats    ]   Collector: Garbage Collection Cycle                      0.000 / 0.000       908.370 / 3415.907    908.370 / 3415.907    908.370 / 3415.907    ms
[360.556s][info   ][gc,stats    ]  Contention: Mark Segment Reset Contention                     0 / 0                 0 / 2                 0 / 2                 0 / 2           ops/s
[360.556s][info   ][gc,stats    ]  Contention: Mark SeqNum Reset Contention                      0 / 0                 0 / 1                 0 / 1                 0 / 1           ops/s
[360.556s][info   ][gc,stats    ]    Critical: Allocation Stall                                  0 / 0                 0 / 0                 0 / 0                 0 / 0           ops/s
[360.556s][info   ][gc,stats    ]    Critical: Allocation Stall                              0.000 / 0.000         0.000 / 0.000         0.000 / 0.000         0.000 / 0.000       ms
[360.556s][info   ][gc,stats    ]    Critical: GC Locker Stall                                   0 / 0                 0 / 0                 0 / 0                 0 / 0           ops/s
[360.556s][info   ][gc,stats    ]    Critical: GC Locker Stall                               0.000 / 0.000         0.000 / 0.000         0.000 / 0.000         0.000 / 0.000       ms
[360.556s][info   ][gc,stats    ]    Critical: Relocation Stall                                  0 / 0                 0 / 0                 0 / 0                 0 / 0           ops/s
[360.556s][info   ][gc,stats    ]    Critical: Relocation Stall                              0.000 / 0.000         0.000 / 0.000         0.000 / 0.000         0.000 / 0.000       ms
[360.556s][info   ][gc,stats    ]      Memory: Allocation Rate                                   0 / 0                 7 / 68                7 / 68                7 / 68          MB/s
[360.556s][info   ][gc,stats    ]      Memory: Defragment                                        0 / 0                 0 / 0                 0 / 0                 0 / 0           ops/s
[360.556s][info   ][gc,stats    ]      Memory: Out Of Memory                                     0 / 0                 0 / 0                 0 / 0                 0 / 0           ops/s
[360.556s][info   ][gc,stats    ]      Memory: Page Cache Flush                                  0 / 0                 0 / 0                 0 / 0                 0 / 0           MB/s
[360.556s][info   ][gc,stats    ]      Memory: Page Cache Hit L1                                 0 / 0                 3 / 30                3 / 30                3 / 30          ops/s
[360.556s][info   ][gc,stats    ]      Memory: Page Cache Hit L2                                 0 / 0                 0 / 0                 0 / 0                 0 / 0           ops/s
[360.556s][info   ][gc,stats    ]      Memory: Page Cache Hit L3                                 0 / 0                 0 / 26                0 / 26                0 / 26          ops/s
[360.556s][info   ][gc,stats    ]      Memory: Page Cache Miss                                   0 / 0                 0 / 1                 0 / 1                 0 / 1           ops/s
[360.557s][info   ][gc,stats    ]      Memory: Uncommit                                          0 / 0                 0 / 0                 0 / 0                 0 / 0           MB/s
[360.557s][info   ][gc,stats    ]      Memory: Undo Object Allocation Failed                     0 / 0                 0 / 1                 0 / 1                 0 / 1           ops/s
[360.557s][info   ][gc,stats    ]      Memory: Undo Object Allocation Succeeded                  0 / 0                 0 / 74                0 / 74                0 / 74          ops/s
[360.557s][info   ][gc,stats    ]      Memory: Undo Page Allocation                              0 / 0                 0 / 1                 0 / 1                 0 / 1           ops/s
[360.557s][info   ][gc,stats    ]       Phase: Concurrent Mark                               0.000 / 0.000       597.279 / 1491.398    597.279 / 1491.398    597.279 / 1491.398    ms
[360.557s][info   ][gc,stats    ]       Phase: Concurrent Mark Continue                      0.000 / 0.000         0.000 / 0.000         0.000 / 0.000         0.000 / 0.000       ms
[360.557s][info   ][gc,stats    ]       Phase: Concurrent Mark Free                          0.000 / 0.000         0.002 / 0.004         0.002 / 0.004         0.002 / 0.004       ms
[360.557s][info   ][gc,stats    ]       Phase: Concurrent Process Non-Strong References      0.000 / 0.000       234.496 / 1850.321    234.496 / 1850.321    234.496 / 1850.321    ms
[360.557s][info   ][gc,stats    ]       Phase: Concurrent Relocate                           0.000 / 0.000        15.154 / 32.634       15.154 / 32.634       15.154 / 32.634      ms
[360.557s][info   ][gc,stats    ]       Phase: Concurrent Reset Relocation Set               0.000 / 0.000         0.018 / 0.040         0.018 / 0.040         0.018 / 0.040       ms
[360.557s][info   ][gc,stats    ]       Phase: Concurrent Select Relocation Set              0.000 / 0.000         6.731 / 15.302        6.731 / 15.302        6.731 / 15.302      ms
[360.557s][info   ][gc,stats    ]       Phase: Pause Mark End                                0.000 / 0.000         0.115 / 0.333         0.115 / 0.333         0.115 / 0.333       ms
[360.557s][info   ][gc,stats    ]       Phase: Pause Mark Start                              0.000 / 0.000         0.032 / 0.076         0.032 / 0.076         0.032 / 0.076       ms
[360.557s][info   ][gc,stats    ]       Phase: Pause Relocate Start                          0.000 / 0.000         0.031 / 0.079         0.031 / 0.079         0.031 / 0.079       ms
[360.557s][info   ][gc,stats    ]    Subphase: Concurrent Classes Purge                      0.000 / 0.000         2.997 / 13.941        2.997 / 13.941        2.997 / 13.941      ms
[360.557s][info   ][gc,stats    ]    Subphase: Concurrent Classes Unlink                     0.000 / 0.000       205.334 / 1768.670    205.334 / 1768.670    205.334 / 1768.670    ms
[360.557s][info   ][gc,stats    ]    Subphase: Concurrent Mark                               0.000 / 0.000       417.648 / 1136.625    417.648 / 1136.625    417.648 / 1136.625    ms
[360.557s][info   ][gc,stats    ]    Subphase: Concurrent Mark Try Flush                     0.000 / 0.000        32.420 / 148.506      32.420 / 148.506      32.420 / 148.506     ms
[360.557s][info   ][gc,stats    ]    Subphase: Concurrent Mark Try Terminate                 0.000 / 0.000         2.844 / 148.509       2.844 / 148.509       2.844 / 148.509     ms
[360.557s][info   ][gc,stats    ]    Subphase: Concurrent References Enqueue                 0.000 / 0.000         0.012 / 0.016         0.012 / 0.016         0.012 / 0.016       ms
[360.557s][info   ][gc,stats    ]    Subphase: Concurrent References Process                 0.000 / 0.000         0.678 / 1.351         0.678 / 1.351         0.678 / 1.351       ms
[360.557s][info   ][gc,stats    ]    Subphase: Concurrent Roots ClassLoaderDataGraph         0.000 / 0.000         0.532 / 1.503         0.532 / 1.503         0.532 / 1.503       ms
[360.557s][info   ][gc,stats    ]    Subphase: Concurrent Roots CodeCache                    0.000 / 0.000         0.000 / 0.000         0.000 / 0.000         0.000 / 0.000       ms
[360.557s][info   ][gc,stats    ]    Subphase: Concurrent Roots JavaThreads                  0.000 / 0.000        85.807 / 475.340      85.807 / 475.340      85.807 / 475.340     ms
[360.558s][info   ][gc,stats    ]    Subphase: Concurrent Roots OopStorageSet                0.000 / 0.000         0.157 / 0.370         0.157 / 0.370         0.157 / 0.370       ms
[360.558s][info   ][gc,stats    ]    Subphase: Concurrent Weak Roots OopStorageSet           0.000 / 0.000         4.530 / 9.700         4.530 / 9.700         4.530 / 9.700       ms
[360.558s][info   ][gc,stats    ]    Subphase: Pause Mark Try Complete                       0.000 / 0.000         0.053 / 0.195         0.053 / 0.195         0.053 / 0.195       ms
[360.558s][info   ][gc,stats    ]      System: Java Threads                                      0 / 0                65 / 137              65 / 137              65 / 137         threads
[360.558s][info   ][gc,stats    ] =========================================================================================================================================================
[370.556s][info   ][gc,stats    ] === Garbage Collection Statistics =======================================================================================================================
[370.556s][info   ][gc,stats    ]                                                              Last 10s              Last 10m              Last 10h                Total
[370.556s][info   ][gc,stats    ]                                                              Avg / Max             Avg / Max             Avg / Max             Avg / Max
[370.556s][info   ][gc,stats    ]   Collector: Garbage Collection Cycle                      0.000 / 0.000       908.370 / 3415.907    908.370 / 3415.907    908.370 / 3415.907    ms
[370.556s][info   ][gc,stats    ]  Contention: Mark Segment Reset Contention                     0 / 0                 0 / 2                 0 / 2                 0 / 2           ops/s
[370.556s][info   ][gc,stats    ]  Contention: Mark SeqNum Reset Contention                      0 / 0                 0 / 1                 0 / 1                 0 / 1           ops/s
[370.556s][info   ][gc,stats    ]    Critical: Allocation Stall                                  0 / 0                 0 / 0                 0 / 0                 0 / 0           ops/s
[370.556s][info   ][gc,stats    ]    Critical: Allocation Stall                              0.000 / 0.000         0.000 / 0.000         0.000 / 0.000         0.000 / 0.000       ms
[370.556s][info   ][gc,stats    ]    Critical: GC Locker Stall                                   0 / 0                 0 / 0                 0 / 0                 0 / 0           ops/s
[370.557s][info   ][gc,stats    ]    Critical: GC Locker Stall                               0.000 / 0.000         0.000 / 0.000         0.000 / 0.000         0.000 / 0.000       ms
[370.557s][info   ][gc,stats    ]    Critical: Relocation Stall                                  0 / 0                 0 / 0                 0 / 0                 0 / 0           ops/s
[370.557s][info   ][gc,stats    ]    Critical: Relocation Stall                              0.000 / 0.000         0.000 / 0.000         0.000 / 0.000         0.000 / 0.000       ms
[370.557s][info   ][gc,stats    ]      Memory: Allocation Rate                                   0 / 0                 7 / 68                7 / 68                7 / 68          MB/s
[370.557s][info   ][gc,stats    ]      Memory: Defragment                                        0 / 0                 0 / 0                 0 / 0                 0 / 0           ops/s
[370.557s][info   ][gc,stats    ]      Memory: Out Of Memory                                     0 / 0                 0 / 0                 0 / 0                 0 / 0           ops/s
[370.557s][info   ][gc,stats    ]      Memory: Page Cache Flush                                  0 / 0                 0 / 0                 0 / 0                 0 / 0           MB/s
[370.557s][info   ][gc,stats    ]      Memory: Page Cache Hit L1                                 0 / 0                 3 / 30                3 / 30                3 / 30          ops/s
[370.557s][info   ][gc,stats    ]      Memory: Page Cache Hit L2                                 0 / 0                 0 / 0                 0 / 0                 0 / 0           ops/s
[370.557s][info   ][gc,stats    ]      Memory: Page Cache Hit L3                                 0 / 0                 0 / 26                0 / 26                0 / 26          ops/s
[370.557s][info   ][gc,stats    ]      Memory: Page Cache Miss                                   0 / 0                 0 / 1                 0 / 1                 0 / 1           ops/s
[370.557s][info   ][gc,stats    ]      Memory: Uncommit                                          0 / 0                 0 / 0                 0 / 0                 0 / 0           MB/s
[370.557s][info   ][gc,stats    ]      Memory: Undo Object Allocation Failed                     0 / 0                 0 / 1                 0 / 1                 0 / 1           ops/s
[370.557s][info   ][gc,stats    ]      Memory: Undo Object Allocation Succeeded                  0 / 0                 0 / 74                0 / 74                0 / 74          ops/s
[370.557s][info   ][gc,stats    ]      Memory: Undo Page Allocation                              0 / 0                 0 / 1                 0 / 1                 0 / 1           ops/s
[370.558s][info   ][gc,stats    ]       Phase: Concurrent Mark                               0.000 / 0.000       597.279 / 1491.398    597.279 / 1491.398    597.279 / 1491.398    ms
[370.558s][info   ][gc,stats    ]       Phase: Concurrent Mark Continue                      0.000 / 0.000         0.000 / 0.000         0.000 / 0.000         0.000 / 0.000       ms
[370.558s][info   ][gc,stats    ]       Phase: Concurrent Mark Free                          0.000 / 0.000         0.002 / 0.004         0.002 / 0.004         0.002 / 0.004       ms
[370.558s][info   ][gc,stats    ]       Phase: Concurrent Process Non-Strong References      0.000 / 0.000       234.496 / 1850.321    234.496 / 1850.321    234.496 / 1850.321    ms
[370.558s][info   ][gc,stats    ]       Phase: Concurrent Relocate                           0.000 / 0.000        15.154 / 32.634       15.154 / 32.634       15.154 / 32.634      ms
[370.558s][info   ][gc,stats    ]       Phase: Concurrent Reset Relocation Set               0.000 / 0.000         0.018 / 0.040         0.018 / 0.040         0.018 / 0.040       ms
[370.558s][info   ][gc,stats    ]       Phase: Concurrent Select Relocation Set              0.000 / 0.000         6.731 / 15.302        6.731 / 15.302        6.731 / 15.302      ms
[370.558s][info   ][gc,stats    ]       Phase: Pause Mark End                                0.000 / 0.000         0.115 / 0.333         0.115 / 0.333         0.115 / 0.333       ms
[370.558s][info   ][gc,stats    ]       Phase: Pause Mark Start                              0.000 / 0.000         0.032 / 0.076         0.032 / 0.076         0.032 / 0.076       ms
[370.558s][info   ][gc,stats    ]       Phase: Pause Relocate Start                          0.000 / 0.000         0.031 / 0.079         0.031 / 0.079         0.031 / 0.079       ms
[370.558s][info   ][gc,stats    ]    Subphase: Concurrent Classes Purge                      0.000 / 0.000         2.997 / 13.941        2.997 / 13.941        2.997 / 13.941      ms
[370.558s][info   ][gc,stats    ]    Subphase: Concurrent Classes Unlink                     0.000 / 0.000       205.334 / 1768.670    205.334 / 1768.670    205.334 / 1768.670    ms
[370.559s][info   ][gc,stats    ]    Subphase: Concurrent Mark                               0.000 / 0.000       417.648 / 1136.625    417.648 / 1136.625    417.648 / 1136.625    ms
[370.559s][info   ][gc,stats    ]    Subphase: Concurrent Mark Try Flush                     0.000 / 0.000        32.420 / 148.506      32.420 / 148.506      32.420 / 148.506     ms
[370.559s][info   ][gc,stats    ]    Subphase: Concurrent Mark Try Terminate                 0.000 / 0.000         2.844 / 148.509       2.844 / 148.509       2.844 / 148.509     ms
[370.559s][info   ][gc,stats    ]    Subphase: Concurrent References Enqueue                 0.000 / 0.000         0.012 / 0.016         0.012 / 0.016         0.012 / 0.016       ms
[370.559s][info   ][gc,stats    ]    Subphase: Concurrent References Process                 0.000 / 0.000         0.678 / 1.351         0.678 / 1.351         0.678 / 1.351       ms
[370.559s][info   ][gc,stats    ]    Subphase: Concurrent Roots ClassLoaderDataGraph         0.000 / 0.000         0.532 / 1.503         0.532 / 1.503         0.532 / 1.503       ms
[370.559s][info   ][gc,stats    ]    Subphase: Concurrent Roots CodeCache                    0.000 / 0.000         0.000 / 0.000         0.000 / 0.000         0.000 / 0.000       ms
[370.559s][info   ][gc,stats    ]    Subphase: Concurrent Roots JavaThreads                  0.000 / 0.000        85.807 / 475.340      85.807 / 475.340      85.807 / 475.340     ms
[370.559s][info   ][gc,stats    ]    Subphase: Concurrent Roots OopStorageSet                0.000 / 0.000         0.157 / 0.370         0.157 / 0.370         0.157 / 0.370       ms
[370.559s][info   ][gc,stats    ]    Subphase: Concurrent Weak Roots OopStorageSet           0.000 / 0.000         4.530 / 9.700         4.530 / 9.700         4.530 / 9.700       ms
[370.559s][info   ][gc,stats    ]    Subphase: Pause Mark Try Complete                       0.000 / 0.000         0.053 / 0.195         0.053 / 0.195         0.053 / 0.195       ms
[370.559s][info   ][gc,stats    ]      System: Java Threads                                      0 / 0                65 / 137              65 / 137              65 / 137         threads
[370.559s][info   ][gc,stats    ] =========================================================================================================================================================
[380.568s][info   ][gc,stats    ] === Garbage Collection Statistics =======================================================================================================================
[380.568s][info   ][gc,stats    ]                                                              Last 10s              Last 10m              Last 10h                Total
[380.569s][info   ][gc,stats    ]                                                              Avg / Max             Avg / Max             Avg / Max             Avg / Max
[380.569s][info   ][gc,stats    ]   Collector: Garbage Collection Cycle                      0.000 / 0.000       908.370 / 3415.907    908.370 / 3415.907    908.370 / 3415.907    ms
[380.569s][info   ][gc,stats    ]  Contention: Mark Segment Reset Contention                     0 / 0                 0 / 2                 0 / 2                 0 / 2           ops/s
[380.569s][info   ][gc,stats    ]  Contention: Mark SeqNum Reset Contention                      0 / 0                 0 / 1                 0 / 1                 0 / 1           ops/s
[380.569s][info   ][gc,stats    ]    Critical: Allocation Stall                                  0 / 0                 0 / 0                 0 / 0                 0 / 0           ops/s
[380.569s][info   ][gc,stats    ]    Critical: Allocation Stall                              0.000 / 0.000         0.000 / 0.000         0.000 / 0.000         0.000 / 0.000       ms
[380.569s][info   ][gc,stats    ]    Critical: GC Locker Stall                                   0 / 0                 0 / 0                 0 / 0                 0 / 0           ops/s
[380.569s][info   ][gc,stats    ]    Critical: GC Locker Stall                               0.000 / 0.000         0.000 / 0.000         0.000 / 0.000         0.000 / 0.000       ms
[380.569s][info   ][gc,stats    ]    Critical: Relocation Stall                                  0 / 0                 0 / 0                 0 / 0                 0 / 0           ops/s
[380.569s][info   ][gc,stats    ]    Critical: Relocation Stall                              0.000 / 0.000         0.000 / 0.000         0.000 / 0.000         0.000 / 0.000       ms
[380.569s][info   ][gc,stats    ]      Memory: Allocation Rate                                   0 / 2                 7 / 68                7 / 68                7 / 68          MB/s
[380.569s][info   ][gc,stats    ]      Memory: Defragment                                        0 / 0                 0 / 0                 0 / 0                 0 / 0           ops/s
[380.569s][info   ][gc,stats    ]      Memory: Out Of Memory                                     0 / 0                 0 / 0                 0 / 0                 0 / 0           ops/s
[380.569s][info   ][gc,stats    ]      Memory: Page Cache Flush                                  0 / 0                 0 / 0                 0 / 0                 0 / 0           MB/s
[380.569s][info   ][gc,stats    ]      Memory: Page Cache Hit L1                                 0 / 1                 3 / 30                3 / 30                3 / 30          ops/s
[380.569s][info   ][gc,stats    ]      Memory: Page Cache Hit L2                                 0 / 0                 0 / 0                 0 / 0                 0 / 0           ops/s
[380.570s][info   ][gc,stats    ]      Memory: Page Cache Hit L3                                 0 / 0                 0 / 26                0 / 26                0 / 26          ops/s
[380.570s][info   ][gc,stats    ]      Memory: Page Cache Miss                                   0 / 0                 0 / 1                 0 / 1                 0 / 1           ops/s
[380.570s][info   ][gc,stats    ]      Memory: Uncommit                                          0 / 0                 0 / 0                 0 / 0                 0 / 0           MB/s
[380.570s][info   ][gc,stats    ]      Memory: Undo Object Allocation Failed                     0 / 0                 0 / 1                 0 / 1                 0 / 1           ops/s
[380.570s][info   ][gc,stats    ]      Memory: Undo Object Allocation Succeeded                  0 / 0                 0 / 74                0 / 74                0 / 74          ops/s
[380.570s][info   ][gc,stats    ]      Memory: Undo Page Allocation                              0 / 0                 0 / 1                 0 / 1                 0 / 1           ops/s
[380.570s][info   ][gc,stats    ]       Phase: Concurrent Mark                               0.000 / 0.000       597.279 / 1491.398    597.279 / 1491.398    597.279 / 1491.398    ms
[380.570s][info   ][gc,stats    ]       Phase: Concurrent Mark Continue                      0.000 / 0.000         0.000 / 0.000         0.000 / 0.000         0.000 / 0.000       ms
[380.570s][info   ][gc,stats    ]       Phase: Concurrent Mark Free                          0.000 / 0.000         0.002 / 0.004         0.002 / 0.004         0.002 / 0.004       ms
[380.570s][info   ][gc,stats    ]       Phase: Concurrent Process Non-Strong References      0.000 / 0.000       234.496 / 1850.321    234.496 / 1850.321    234.496 / 1850.321    ms
[380.570s][info   ][gc,stats    ]       Phase: Concurrent Relocate                           0.000 / 0.000        15.154 / 32.634       15.154 / 32.634       15.154 / 32.634      ms
[380.570s][info   ][gc,stats    ]       Phase: Concurrent Reset Relocation Set               0.000 / 0.000         0.018 / 0.040         0.018 / 0.040         0.018 / 0.040       ms
[380.570s][info   ][gc,stats    ]       Phase: Concurrent Select Relocation Set              0.000 / 0.000         6.731 / 15.302        6.731 / 15.302        6.731 / 15.302      ms
[380.571s][info   ][gc,stats    ]       Phase: Pause Mark End                                0.000 / 0.000         0.115 / 0.333         0.115 / 0.333         0.115 / 0.333       ms
[380.571s][info   ][gc,stats    ]       Phase: Pause Mark Start                              0.000 / 0.000         0.032 / 0.076         0.032 / 0.076         0.032 / 0.076       ms
[380.571s][info   ][gc,stats    ]       Phase: Pause Relocate Start                          0.000 / 0.000         0.031 / 0.079         0.031 / 0.079         0.031 / 0.079       ms
[380.571s][info   ][gc,stats    ]    Subphase: Concurrent Classes Purge                      0.000 / 0.000         2.997 / 13.941        2.997 / 13.941        2.997 / 13.941      ms
[380.571s][info   ][gc,stats    ]    Subphase: Concurrent Classes Unlink                     0.000 / 0.000       205.334 / 1768.670    205.334 / 1768.670    205.334 / 1768.670    ms
[380.571s][info   ][gc,stats    ]    Subphase: Concurrent Mark                               0.000 / 0.000       417.648 / 1136.625    417.648 / 1136.625    417.648 / 1136.625    ms
[380.571s][info   ][gc,stats    ]    Subphase: Concurrent Mark Try Flush                     0.000 / 0.000        32.420 / 148.506      32.420 / 148.506      32.420 / 148.506     ms
[380.571s][info   ][gc,stats    ]    Subphase: Concurrent Mark Try Terminate                 0.000 / 0.000         2.844 / 148.509       2.844 / 148.509       2.844 / 148.509     ms
[380.571s][info   ][gc,stats    ]    Subphase: Concurrent References Enqueue                 0.000 / 0.000         0.012 / 0.016         0.012 / 0.016         0.012 / 0.016       ms
[380.571s][info   ][gc,stats    ]    Subphase: Concurrent References Process                 0.000 / 0.000         0.678 / 1.351         0.678 / 1.351         0.678 / 1.351       ms
[380.571s][info   ][gc,stats    ]    Subphase: Concurrent Roots ClassLoaderDataGraph         0.000 / 0.000         0.532 / 1.503         0.532 / 1.503         0.532 / 1.503       ms
[380.571s][info   ][gc,stats    ]    Subphase: Concurrent Roots CodeCache                    0.000 / 0.000         0.000 / 0.000         0.000 / 0.000         0.000 / 0.000       ms
[380.571s][info   ][gc,stats    ]    Subphase: Concurrent Roots JavaThreads                  0.000 / 0.000        85.807 / 475.340      85.807 / 475.340      85.807 / 475.340     ms
[380.571s][info   ][gc,stats    ]    Subphase: Concurrent Roots OopStorageSet                0.000 / 0.000         0.157 / 0.370         0.157 / 0.370         0.157 / 0.370       ms
[380.572s][info   ][gc,stats    ]    Subphase: Concurrent Weak Roots OopStorageSet           0.000 / 0.000         4.530 / 9.700         4.530 / 9.700         4.530 / 9.700       ms
[380.572s][info   ][gc,stats    ]    Subphase: Pause Mark Try Complete                       0.000 / 0.000         0.053 / 0.195         0.053 / 0.195         0.053 / 0.195       ms
[380.572s][info   ][gc,stats    ]      System: Java Threads                                      0 / 0                65 / 137              65 / 137              65 / 137         threads
[380.572s][info   ][gc,stats    ] =========================================================================================================================================================
[390.563s][info   ][gc,stats    ] === Garbage Collection Statistics =======================================================================================================================
[390.563s][info   ][gc,stats    ]                                                              Last 10s              Last 10m              Last 10h                Total
[390.563s][info   ][gc,stats    ]                                                              Avg / Max             Avg / Max             Avg / Max             Avg / Max
[390.563s][info   ][gc,stats    ]   Collector: Garbage Collection Cycle                      0.000 / 0.000       908.370 / 3415.907    908.370 / 3415.907    908.370 / 3415.907    ms
[390.563s][info   ][gc,stats    ]  Contention: Mark Segment Reset Contention                     0 / 0                 0 / 2                 0 / 2                 0 / 2           ops/s
[390.563s][info   ][gc,stats    ]  Contention: Mark SeqNum Reset Contention                      0 / 0                 0 / 1                 0 / 1                 0 / 1           ops/s
[390.563s][info   ][gc,stats    ]    Critical: Allocation Stall                                  0 / 0                 0 / 0                 0 / 0                 0 / 0           ops/s
[390.563s][info   ][gc,stats    ]    Critical: Allocation Stall                              0.000 / 0.000         0.000 / 0.000         0.000 / 0.000         0.000 / 0.000       ms
[390.563s][info   ][gc,stats    ]    Critical: GC Locker Stall                                   0 / 0                 0 / 0                 0 / 0                 0 / 0           ops/s
[390.563s][info   ][gc,stats    ]    Critical: GC Locker Stall                               0.000 / 0.000         0.000 / 0.000         0.000 / 0.000         0.000 / 0.000       ms
[390.563s][info   ][gc,stats    ]    Critical: Relocation Stall                                  0 / 0                 0 / 0                 0 / 0                 0 / 0           ops/s
[390.564s][info   ][gc,stats    ]    Critical: Relocation Stall                              0.000 / 0.000         0.000 / 0.000         0.000 / 0.000         0.000 / 0.000       ms
[390.564s][info   ][gc,stats    ]      Memory: Allocation Rate                                   0 / 2                 7 / 68                7 / 68                7 / 68          MB/s
[390.564s][info   ][gc,stats    ]      Memory: Defragment                                        0 / 0                 0 / 0                 0 / 0                 0 / 0           ops/s
[390.564s][info   ][gc,stats    ]      Memory: Out Of Memory                                     0 / 0                 0 / 0                 0 / 0                 0 / 0           ops/s
[390.564s][info   ][gc,stats    ]      Memory: Page Cache Flush                                  0 / 0                 0 / 0                 0 / 0                 0 / 0           MB/s
[390.564s][info   ][gc,stats    ]      Memory: Page Cache Hit L1                                 0 / 1                 3 / 30                3 / 30                3 / 30          ops/s
[390.564s][info   ][gc,stats    ]      Memory: Page Cache Hit L2                                 0 / 0                 0 / 0                 0 / 0                 0 / 0           ops/s
[390.564s][info   ][gc,stats    ]      Memory: Page Cache Hit L3                                 0 / 0                 0 / 26                0 / 26                0 / 26          ops/s
[390.564s][info   ][gc,stats    ]      Memory: Page Cache Miss                                   0 / 0                 0 / 1                 0 / 1                 0 / 1           ops/s
[390.564s][info   ][gc,stats    ]      Memory: Uncommit                                          0 / 0                 0 / 0                 0 / 0                 0 / 0           MB/s
[390.564s][info   ][gc,stats    ]      Memory: Undo Object Allocation Failed                     0 / 0                 0 / 1                 0 / 1                 0 / 1           ops/s
[390.564s][info   ][gc,stats    ]      Memory: Undo Object Allocation Succeeded                  0 / 0                 0 / 74                0 / 74                0 / 74          ops/s
[390.564s][info   ][gc,stats    ]      Memory: Undo Page Allocation                              0 / 0                 0 / 1                 0 / 1                 0 / 1           ops/s
[390.564s][info   ][gc,stats    ]       Phase: Concurrent Mark                               0.000 / 0.000       597.279 / 1491.398    597.279 / 1491.398    597.279 / 1491.398    ms
[390.565s][info   ][gc,stats    ]       Phase: Concurrent Mark Continue                      0.000 / 0.000         0.000 / 0.000         0.000 / 0.000         0.000 / 0.000       ms
[390.565s][info   ][gc,stats    ]       Phase: Concurrent Mark Free                          0.000 / 0.000         0.002 / 0.004         0.002 / 0.004         0.002 / 0.004       ms
[390.565s][info   ][gc,stats    ]       Phase: Concurrent Process Non-Strong References      0.000 / 0.000       234.496 / 1850.321    234.496 / 1850.321    234.496 / 1850.321    ms
[390.565s][info   ][gc,stats    ]       Phase: Concurrent Relocate                           0.000 / 0.000        15.154 / 32.634       15.154 / 32.634       15.154 / 32.634      ms
[390.565s][info   ][gc,stats    ]       Phase: Concurrent Reset Relocation Set               0.000 / 0.000         0.018 / 0.040         0.018 / 0.040         0.018 / 0.040       ms
[390.565s][info   ][gc,stats    ]       Phase: Concurrent Select Relocation Set              0.000 / 0.000         6.731 / 15.302        6.731 / 15.302        6.731 / 15.302      ms
[390.565s][info   ][gc,stats    ]       Phase: Pause Mark End                                0.000 / 0.000         0.115 / 0.333         0.115 / 0.333         0.115 / 0.333       ms
[390.565s][info   ][gc,stats    ]       Phase: Pause Mark Start                              0.000 / 0.000         0.032 / 0.076         0.032 / 0.076         0.032 / 0.076       ms
[390.565s][info   ][gc,stats    ]       Phase: Pause Relocate Start                          0.000 / 0.000         0.031 / 0.079         0.031 / 0.079         0.031 / 0.079       ms
[390.565s][info   ][gc,stats    ]    Subphase: Concurrent Classes Purge                      0.000 / 0.000         2.997 / 13.941        2.997 / 13.941        2.997 / 13.941      ms
[390.565s][info   ][gc,stats    ]    Subphase: Concurrent Classes Unlink                     0.000 / 0.000       205.334 / 1768.670    205.334 / 1768.670    205.334 / 1768.670    ms
[390.565s][info   ][gc,stats    ]    Subphase: Concurrent Mark                               0.000 / 0.000       417.648 / 1136.625    417.648 / 1136.625    417.648 / 1136.625    ms
[390.565s][info   ][gc,stats    ]    Subphase: Concurrent Mark Try Flush                     0.000 / 0.000        32.420 / 148.506      32.420 / 148.506      32.420 / 148.506     ms
[390.565s][info   ][gc,stats    ]    Subphase: Concurrent Mark Try Terminate                 0.000 / 0.000         2.844 / 148.509       2.844 / 148.509       2.844 / 148.509     ms
[390.566s][info   ][gc,stats    ]    Subphase: Concurrent References Enqueue                 0.000 / 0.000         0.012 / 0.016         0.012 / 0.016         0.012 / 0.016       ms
[390.566s][info   ][gc,stats    ]    Subphase: Concurrent References Process                 0.000 / 0.000         0.678 / 1.351         0.678 / 1.351         0.678 / 1.351       ms
[390.566s][info   ][gc,stats    ]    Subphase: Concurrent Roots ClassLoaderDataGraph         0.000 / 0.000         0.532 / 1.503         0.532 / 1.503         0.532 / 1.503       ms
[390.566s][info   ][gc,stats    ]    Subphase: Concurrent Roots CodeCache                    0.000 / 0.000         0.000 / 0.000         0.000 / 0.000         0.000 / 0.000       ms
[390.566s][info   ][gc,stats    ]    Subphase: Concurrent Roots JavaThreads                  0.000 / 0.000        85.807 / 475.340      85.807 / 475.340      85.807 / 475.340     ms
[390.566s][info   ][gc,stats    ]    Subphase: Concurrent Roots OopStorageSet                0.000 / 0.000         0.157 / 0.370         0.157 / 0.370         0.157 / 0.370       ms
[390.566s][info   ][gc,stats    ]    Subphase: Concurrent Weak Roots OopStorageSet           0.000 / 0.000         4.530 / 9.700         4.530 / 9.700         4.530 / 9.700       ms
[390.566s][info   ][gc,stats    ]    Subphase: Pause Mark Try Complete                       0.000 / 0.000         0.053 / 0.195         0.053 / 0.195         0.053 / 0.195       ms
[390.566s][info   ][gc,stats    ]      System: Java Threads                                      0 / 0                65 / 137              65 / 137              65 / 137         threads
[390.566s][info   ][gc,stats    ] =========================================================================================================================================================
[400.557s][info   ][gc,stats    ] === Garbage Collection Statistics =======================================================================================================================
[400.558s][info   ][gc,stats    ]                                                              Last 10s              Last 10m              Last 10h                Total
[400.558s][info   ][gc,stats    ]                                                              Avg / Max             Avg / Max             Avg / Max             Avg / Max
[400.558s][info   ][gc,stats    ]   Collector: Garbage Collection Cycle                      0.000 / 0.000       908.370 / 3415.907    908.370 / 3415.907    908.370 / 3415.907    ms
[400.558s][info   ][gc,stats    ]  Contention: Mark Segment Reset Contention                     0 / 0                 0 / 2                 0 / 2                 0 / 2           ops/s
[400.558s][info   ][gc,stats    ]  Contention: Mark SeqNum Reset Contention                      0 / 0                 0 / 1                 0 / 1                 0 / 1           ops/s
[400.558s][info   ][gc,stats    ]    Critical: Allocation Stall                                  0 / 0                 0 / 0                 0 / 0                 0 / 0           ops/s
[400.558s][info   ][gc,stats    ]    Critical: Allocation Stall                              0.000 / 0.000         0.000 / 0.000         0.000 / 0.000         0.000 / 0.000       ms
[400.558s][info   ][gc,stats    ]    Critical: GC Locker Stall                                   0 / 0                 0 / 0                 0 / 0                 0 / 0           ops/s
[400.558s][info   ][gc,stats    ]    Critical: GC Locker Stall                               0.000 / 0.000         0.000 / 0.000         0.000 / 0.000         0.000 / 0.000       ms
[400.558s][info   ][gc,stats    ]    Critical: Relocation Stall                                  0 / 0                 0 / 0                 0 / 0                 0 / 0           ops/s
[400.558s][info   ][gc,stats    ]    Critical: Relocation Stall                              0.000 / 0.000         0.000 / 0.000         0.000 / 0.000         0.000 / 0.000       ms
[400.558s][info   ][gc,stats    ]      Memory: Allocation Rate                                   0 / 0                 7 / 68                7 / 68                7 / 68          MB/s
[400.558s][info   ][gc,stats    ]      Memory: Defragment                                        0 / 0                 0 / 0                 0 / 0                 0 / 0           ops/s
[400.558s][info   ][gc,stats    ]      Memory: Out Of Memory                                     0 / 0                 0 / 0                 0 / 0                 0 / 0           ops/s
[400.558s][info   ][gc,stats    ]      Memory: Page Cache Flush                                  0 / 0                 0 / 0                 0 / 0                 0 / 0           MB/s
[400.559s][info   ][gc,stats    ]      Memory: Page Cache Hit L1                                 0 / 0                 3 / 30                3 / 30                3 / 30          ops/s
[400.559s][info   ][gc,stats    ]      Memory: Page Cache Hit L2                                 0 / 0                 0 / 0                 0 / 0                 0 / 0           ops/s
[400.559s][info   ][gc,stats    ]      Memory: Page Cache Hit L3                                 0 / 0                 0 / 26                0 / 26                0 / 26          ops/s
[400.559s][info   ][gc,stats    ]      Memory: Page Cache Miss                                   0 / 0                 0 / 1                 0 / 1                 0 / 1           ops/s
[400.559s][info   ][gc,stats    ]      Memory: Uncommit                                          0 / 0                 0 / 0                 0 / 0                 0 / 0           MB/s
[400.559s][info   ][gc,stats    ]      Memory: Undo Object Allocation Failed                     0 / 0                 0 / 1                 0 / 1                 0 / 1           ops/s
[400.559s][info   ][gc,stats    ]      Memory: Undo Object Allocation Succeeded                  0 / 0                 0 / 74                0 / 74                0 / 74          ops/s
[400.559s][info   ][gc,stats    ]      Memory: Undo Page Allocation                              0 / 0                 0 / 1                 0 / 1                 0 / 1           ops/s
[400.559s][info   ][gc,stats    ]       Phase: Concurrent Mark                               0.000 / 0.000       597.279 / 1491.398    597.279 / 1491.398    597.279 / 1491.398    ms
[400.559s][info   ][gc,stats    ]       Phase: Concurrent Mark Continue                      0.000 / 0.000         0.000 / 0.000         0.000 / 0.000         0.000 / 0.000       ms
[400.559s][info   ][gc,stats    ]       Phase: Concurrent Mark Free                          0.000 / 0.000         0.002 / 0.004         0.002 / 0.004         0.002 / 0.004       ms
[400.559s][info   ][gc,stats    ]       Phase: Concurrent Process Non-Strong References      0.000 / 0.000       234.496 / 1850.321    234.496 / 1850.321    234.496 / 1850.321    ms
[400.559s][info   ][gc,stats    ]       Phase: Concurrent Relocate                           0.000 / 0.000        15.154 / 32.634       15.154 / 32.634       15.154 / 32.634      ms
[400.559s][info   ][gc,stats    ]       Phase: Concurrent Reset Relocation Set               0.000 / 0.000         0.018 / 0.040         0.018 / 0.040         0.018 / 0.040       ms
[400.560s][info   ][gc,stats    ]       Phase: Concurrent Select Relocation Set              0.000 / 0.000         6.731 / 15.302        6.731 / 15.302        6.731 / 15.302      ms
[400.560s][info   ][gc,stats    ]       Phase: Pause Mark End                                0.000 / 0.000         0.115 / 0.333         0.115 / 0.333         0.115 / 0.333       ms
[400.560s][info   ][gc,stats    ]       Phase: Pause Mark Start                              0.000 / 0.000         0.032 / 0.076         0.032 / 0.076         0.032 / 0.076       ms
[400.560s][info   ][gc,stats    ]       Phase: Pause Relocate Start                          0.000 / 0.000         0.031 / 0.079         0.031 / 0.079         0.031 / 0.079       ms
[400.560s][info   ][gc,stats    ]    Subphase: Concurrent Classes Purge                      0.000 / 0.000         2.997 / 13.941        2.997 / 13.941        2.997 / 13.941      ms
[400.560s][info   ][gc,stats    ]    Subphase: Concurrent Classes Unlink                     0.000 / 0.000       205.334 / 1768.670    205.334 / 1768.670    205.334 / 1768.670    ms
[400.560s][info   ][gc,stats    ]    Subphase: Concurrent Mark                               0.000 / 0.000       417.648 / 1136.625    417.648 / 1136.625    417.648 / 1136.625    ms
[400.560s][info   ][gc,stats    ]    Subphase: Concurrent Mark Try Flush                     0.000 / 0.000        32.420 / 148.506      32.420 / 148.506      32.420 / 148.506     ms
[400.560s][info   ][gc,stats    ]    Subphase: Concurrent Mark Try Terminate                 0.000 / 0.000         2.844 / 148.509       2.844 / 148.509       2.844 / 148.509     ms
[400.560s][info   ][gc,stats    ]    Subphase: Concurrent References Enqueue                 0.000 / 0.000         0.012 / 0.016         0.012 / 0.016         0.012 / 0.016       ms
[400.560s][info   ][gc,stats    ]    Subphase: Concurrent References Process                 0.000 / 0.000         0.678 / 1.351         0.678 / 1.351         0.678 / 1.351       ms
[400.560s][info   ][gc,stats    ]    Subphase: Concurrent Roots ClassLoaderDataGraph         0.000 / 0.000         0.532 / 1.503         0.532 / 1.503         0.532 / 1.503       ms
[400.560s][info   ][gc,stats    ]    Subphase: Concurrent Roots CodeCache                    0.000 / 0.000         0.000 / 0.000         0.000 / 0.000         0.000 / 0.000       ms
[400.560s][info   ][gc,stats    ]    Subphase: Concurrent Roots JavaThreads                  0.000 / 0.000        85.807 / 475.340      85.807 / 475.340      85.807 / 475.340     ms
[400.560s][info   ][gc,stats    ]    Subphase: Concurrent Roots OopStorageSet                0.000 / 0.000         0.157 / 0.370         0.157 / 0.370         0.157 / 0.370       ms
[400.561s][info   ][gc,stats    ]    Subphase: Concurrent Weak Roots OopStorageSet           0.000 / 0.000         4.530 / 9.700         4.530 / 9.700         4.530 / 9.700       ms
[400.561s][info   ][gc,stats    ]    Subphase: Pause Mark Try Complete                       0.000 / 0.000         0.053 / 0.195         0.053 / 0.195         0.053 / 0.195       ms
[400.561s][info   ][gc,stats    ]      System: Java Threads                                      0 / 0                65 / 137              65 / 137              65 / 137         threads
[400.561s][info   ][gc,stats    ] =========================================================================================================================================================
[410.566s][info   ][gc,stats    ] === Garbage Collection Statistics =======================================================================================================================
[410.566s][info   ][gc,stats    ]                                                              Last 10s              Last 10m              Last 10h                Total
[410.566s][info   ][gc,stats    ]                                                              Avg / Max             Avg / Max             Avg / Max             Avg / Max
[410.566s][info   ][gc,stats    ]   Collector: Garbage Collection Cycle                      0.000 / 0.000       908.370 / 3415.907    908.370 / 3415.907    908.370 / 3415.907    ms
[410.566s][info   ][gc,stats    ]  Contention: Mark Segment Reset Contention                     0 / 0                 0 / 2                 0 / 2                 0 / 2           ops/s
[410.566s][info   ][gc,stats    ]  Contention: Mark SeqNum Reset Contention                      0 / 0                 0 / 1                 0 / 1                 0 / 1           ops/s
[410.566s][info   ][gc,stats    ]    Critical: Allocation Stall                                  0 / 0                 0 / 0                 0 / 0                 0 / 0           ops/s
[410.566s][info   ][gc,stats    ]    Critical: Allocation Stall                              0.000 / 0.000         0.000 / 0.000         0.000 / 0.000         0.000 / 0.000       ms
[410.567s][info   ][gc,stats    ]    Critical: GC Locker Stall                                   0 / 0                 0 / 0                 0 / 0                 0 / 0           ops/s
[410.567s][info   ][gc,stats    ]    Critical: GC Locker Stall                               0.000 / 0.000         0.000 / 0.000         0.000 / 0.000         0.000 / 0.000       ms
[410.567s][info   ][gc,stats    ]    Critical: Relocation Stall                                  0 / 0                 0 / 0                 0 / 0                 0 / 0           ops/s
[410.567s][info   ][gc,stats    ]    Critical: Relocation Stall                              0.000 / 0.000         0.000 / 0.000         0.000 / 0.000         0.000 / 0.000       ms
[410.567s][info   ][gc,stats    ]      Memory: Allocation Rate                                   0 / 0                 6 / 68                6 / 68                6 / 68          MB/s
[410.567s][info   ][gc,stats    ]      Memory: Defragment                                        0 / 0                 0 / 0                 0 / 0                 0 / 0           ops/s
[410.567s][info   ][gc,stats    ]      Memory: Out Of Memory                                     0 / 0                 0 / 0                 0 / 0                 0 / 0           ops/s
[410.567s][info   ][gc,stats    ]      Memory: Page Cache Flush                                  0 / 0                 0 / 0                 0 / 0                 0 / 0           MB/s
[410.567s][info   ][gc,stats    ]      Memory: Page Cache Hit L1                                 0 / 0                 3 / 30                3 / 30                3 / 30          ops/s
[410.567s][info   ][gc,stats    ]      Memory: Page Cache Hit L2                                 0 / 0                 0 / 0                 0 / 0                 0 / 0           ops/s
[410.567s][info   ][gc,stats    ]      Memory: Page Cache Hit L3                                 0 / 0                 0 / 26                0 / 26                0 / 26          ops/s
[410.567s][info   ][gc,stats    ]      Memory: Page Cache Miss                                   0 / 0                 0 / 1                 0 / 1                 0 / 1           ops/s
[410.567s][info   ][gc,stats    ]      Memory: Uncommit                                          0 / 0                 0 / 0                 0 / 0                 0 / 0           MB/s
[410.567s][info   ][gc,stats    ]      Memory: Undo Object Allocation Failed                     0 / 0                 0 / 1                 0 / 1                 0 / 1           ops/s
[410.567s][info   ][gc,stats    ]      Memory: Undo Object Allocation Succeeded                  0 / 0                 0 / 74                0 / 74                0 / 74          ops/s
[410.567s][info   ][gc,stats    ]      Memory: Undo Page Allocation                              0 / 0                 0 / 1                 0 / 1                 0 / 1           ops/s
[410.568s][info   ][gc,stats    ]       Phase: Concurrent Mark                               0.000 / 0.000       597.279 / 1491.398    597.279 / 1491.398    597.279 / 1491.398    ms
[410.568s][info   ][gc,stats    ]       Phase: Concurrent Mark Continue                      0.000 / 0.000         0.000 / 0.000         0.000 / 0.000         0.000 / 0.000       ms
[410.568s][info   ][gc,stats    ]       Phase: Concurrent Mark Free                          0.000 / 0.000         0.002 / 0.004         0.002 / 0.004         0.002 / 0.004       ms
[410.568s][info   ][gc,stats    ]       Phase: Concurrent Process Non-Strong References      0.000 / 0.000       234.496 / 1850.321    234.496 / 1850.321    234.496 / 1850.321    ms
[410.568s][info   ][gc,stats    ]       Phase: Concurrent Relocate                           0.000 / 0.000        15.154 / 32.634       15.154 / 32.634       15.154 / 32.634      ms
[410.568s][info   ][gc,stats    ]       Phase: Concurrent Reset Relocation Set               0.000 / 0.000         0.018 / 0.040         0.018 / 0.040         0.018 / 0.040       ms
[410.568s][info   ][gc,stats    ]       Phase: Concurrent Select Relocation Set              0.000 / 0.000         6.731 / 15.302        6.731 / 15.302        6.731 / 15.302      ms
[410.568s][info   ][gc,stats    ]       Phase: Pause Mark End                                0.000 / 0.000         0.115 / 0.333         0.115 / 0.333         0.115 / 0.333       ms
[410.568s][info   ][gc,stats    ]       Phase: Pause Mark Start                              0.000 / 0.000         0.032 / 0.076         0.032 / 0.076         0.032 / 0.076       ms
[410.568s][info   ][gc,stats    ]       Phase: Pause Relocate Start                          0.000 / 0.000         0.031 / 0.079         0.031 / 0.079         0.031 / 0.079       ms
[410.568s][info   ][gc,stats    ]    Subphase: Concurrent Classes Purge                      0.000 / 0.000         2.997 / 13.941        2.997 / 13.941        2.997 / 13.941      ms
[410.568s][info   ][gc,stats    ]    Subphase: Concurrent Classes Unlink                     0.000 / 0.000       205.334 / 1768.670    205.334 / 1768.670    205.334 / 1768.670    ms
[410.568s][info   ][gc,stats    ]    Subphase: Concurrent Mark                               0.000 / 0.000       417.648 / 1136.625    417.648 / 1136.625    417.648 / 1136.625    ms
[410.568s][info   ][gc,stats    ]    Subphase: Concurrent Mark Try Flush                     0.000 / 0.000        32.420 / 148.506      32.420 / 148.506      32.420 / 148.506     ms
[410.568s][info   ][gc,stats    ]    Subphase: Concurrent Mark Try Terminate                 0.000 / 0.000         2.844 / 148.509       2.844 / 148.509       2.844 / 148.509     ms
[410.568s][info   ][gc,stats    ]    Subphase: Concurrent References Enqueue                 0.000 / 0.000         0.012 / 0.016         0.012 / 0.016         0.012 / 0.016       ms
[410.568s][info   ][gc,stats    ]    Subphase: Concurrent References Process                 0.000 / 0.000         0.678 / 1.351         0.678 / 1.351         0.678 / 1.351       ms
[410.569s][info   ][gc,stats    ]    Subphase: Concurrent Roots ClassLoaderDataGraph         0.000 / 0.000         0.532 / 1.503         0.532 / 1.503         0.532 / 1.503       ms
[410.569s][info   ][gc,stats    ]    Subphase: Concurrent Roots CodeCache                    0.000 / 0.000         0.000 / 0.000         0.000 / 0.000         0.000 / 0.000       ms
[410.569s][info   ][gc,stats    ]    Subphase: Concurrent Roots JavaThreads                  0.000 / 0.000        85.807 / 475.340      85.807 / 475.340      85.807 / 475.340     ms
[410.569s][info   ][gc,stats    ]    Subphase: Concurrent Roots OopStorageSet                0.000 / 0.000         0.157 / 0.370         0.157 / 0.370         0.157 / 0.370       ms
[410.569s][info   ][gc,stats    ]    Subphase: Concurrent Weak Roots OopStorageSet           0.000 / 0.000         4.530 / 9.700         4.530 / 9.700         4.530 / 9.700       ms
[410.569s][info   ][gc,stats    ]    Subphase: Pause Mark Try Complete                       0.000 / 0.000         0.053 / 0.195         0.053 / 0.195         0.053 / 0.195       ms
[410.569s][info   ][gc,stats    ]      System: Java Threads                                      0 / 0                65 / 137              65 / 137              65 / 137         threads
[410.569s][info   ][gc,stats    ] =========================================================================================================================================================
[420.564s][info   ][gc,stats    ] === Garbage Collection Statistics =======================================================================================================================
[420.564s][info   ][gc,stats    ]                                                              Last 10s              Last 10m              Last 10h                Total
[420.564s][info   ][gc,stats    ]                                                              Avg / Max             Avg / Max             Avg / Max             Avg / Max
[420.564s][info   ][gc,stats    ]   Collector: Garbage Collection Cycle                      0.000 / 0.000       908.370 / 3415.907    908.370 / 3415.907    908.370 / 3415.907    ms
[420.564s][info   ][gc,stats    ]  Contention: Mark Segment Reset Contention                     0 / 0                 0 / 2                 0 / 2                 0 / 2           ops/s
[420.564s][info   ][gc,stats    ]  Contention: Mark SeqNum Reset Contention                      0 / 0                 0 / 1                 0 / 1                 0 / 1           ops/s
[420.564s][info   ][gc,stats    ]    Critical: Allocation Stall                                  0 / 0                 0 / 0                 0 / 0                 0 / 0           ops/s
[420.565s][info   ][gc,stats    ]    Critical: Allocation Stall                              0.000 / 0.000         0.000 / 0.000         0.000 / 0.000         0.000 / 0.000       ms
[420.565s][info   ][gc,stats    ]    Critical: GC Locker Stall                                   0 / 0                 0 / 0                 0 / 0                 0 / 0           ops/s
[420.565s][info   ][gc,stats    ]    Critical: GC Locker Stall                               0.000 / 0.000         0.000 / 0.000         0.000 / 0.000         0.000 / 0.000       ms
[420.565s][info   ][gc,stats    ]    Critical: Relocation Stall                                  0 / 0                 0 / 0                 0 / 0                 0 / 0           ops/s
[420.565s][info   ][gc,stats    ]    Critical: Relocation Stall                              0.000 / 0.000         0.000 / 0.000         0.000 / 0.000         0.000 / 0.000       ms
[420.565s][info   ][gc,stats    ]      Memory: Allocation Rate                                   0 / 2                 6 / 68                6 / 68                6 / 68          MB/s
[420.565s][info   ][gc,stats    ]      Memory: Defragment                                        0 / 0                 0 / 0                 0 / 0                 0 / 0           ops/s
[420.565s][info   ][gc,stats    ]      Memory: Out Of Memory                                     0 / 0                 0 / 0                 0 / 0                 0 / 0           ops/s
[420.565s][info   ][gc,stats    ]      Memory: Page Cache Flush                                  0 / 0                 0 / 0                 0 / 0                 0 / 0           MB/s
[420.565s][info   ][gc,stats    ]      Memory: Page Cache Hit L1                                 0 / 1                 3 / 30                3 / 30                3 / 30          ops/s
[420.565s][info   ][gc,stats    ]      Memory: Page Cache Hit L2                                 0 / 0                 0 / 0                 0 / 0                 0 / 0           ops/s
[420.565s][info   ][gc,stats    ]      Memory: Page Cache Hit L3                                 0 / 0                 0 / 26                0 / 26                0 / 26          ops/s
[420.565s][info   ][gc,stats    ]      Memory: Page Cache Miss                                   0 / 0                 0 / 1                 0 / 1                 0 / 1           ops/s
[420.565s][info   ][gc,stats    ]      Memory: Uncommit                                          0 / 0                 0 / 0                 0 / 0                 0 / 0           MB/s
[420.565s][info   ][gc,stats    ]      Memory: Undo Object Allocation Failed                     0 / 0                 0 / 1                 0 / 1                 0 / 1           ops/s
[420.566s][info   ][gc,stats    ]      Memory: Undo Object Allocation Succeeded                  0 / 0                 0 / 74                0 / 74                0 / 74          ops/s
[420.566s][info   ][gc,stats    ]      Memory: Undo Page Allocation                              0 / 0                 0 / 1                 0 / 1                 0 / 1           ops/s
[420.566s][info   ][gc,stats    ]       Phase: Concurrent Mark                               0.000 / 0.000       597.279 / 1491.398    597.279 / 1491.398    597.279 / 1491.398    ms
[420.566s][info   ][gc,stats    ]       Phase: Concurrent Mark Continue                      0.000 / 0.000         0.000 / 0.000         0.000 / 0.000         0.000 / 0.000       ms
[420.566s][info   ][gc,stats    ]       Phase: Concurrent Mark Free                          0.000 / 0.000         0.002 / 0.004         0.002 / 0.004         0.002 / 0.004       ms
[420.566s][info   ][gc,stats    ]       Phase: Concurrent Process Non-Strong References      0.000 / 0.000       234.496 / 1850.321    234.496 / 1850.321    234.496 / 1850.321    ms
[420.566s][info   ][gc,stats    ]       Phase: Concurrent Relocate                           0.000 / 0.000        15.154 / 32.634       15.154 / 32.634       15.154 / 32.634      ms
[420.566s][info   ][gc,stats    ]       Phase: Concurrent Reset Relocation Set               0.000 / 0.000         0.018 / 0.040         0.018 / 0.040         0.018 / 0.040       ms
[420.566s][info   ][gc,stats    ]       Phase: Concurrent Select Relocation Set              0.000 / 0.000         6.731 / 15.302        6.731 / 15.302        6.731 / 15.302      ms
[420.566s][info   ][gc,stats    ]       Phase: Pause Mark End                                0.000 / 0.000         0.115 / 0.333         0.115 / 0.333         0.115 / 0.333       ms
[420.567s][info   ][gc,stats    ]       Phase: Pause Mark Start                              0.000 / 0.000         0.032 / 0.076         0.032 / 0.076         0.032 / 0.076       ms
[420.567s][info   ][gc,stats    ]       Phase: Pause Relocate Start                          0.000 / 0.000         0.031 / 0.079         0.031 / 0.079         0.031 / 0.079       ms
[420.567s][info   ][gc,stats    ]    Subphase: Concurrent Classes Purge                      0.000 / 0.000         2.997 / 13.941        2.997 / 13.941        2.997 / 13.941      ms
[420.567s][info   ][gc,stats    ]    Subphase: Concurrent Classes Unlink                     0.000 / 0.000       205.334 / 1768.670    205.334 / 1768.670    205.334 / 1768.670    ms
[420.567s][info   ][gc,stats    ]    Subphase: Concurrent Mark                               0.000 / 0.000       417.648 / 1136.625    417.648 / 1136.625    417.648 / 1136.625    ms
[420.567s][info   ][gc,stats    ]    Subphase: Concurrent Mark Try Flush                     0.000 / 0.000        32.420 / 148.506      32.420 / 148.506      32.420 / 148.506     ms
[420.567s][info   ][gc,stats    ]    Subphase: Concurrent Mark Try Terminate                 0.000 / 0.000         2.844 / 148.509       2.844 / 148.509       2.844 / 148.509     ms
[420.567s][info   ][gc,stats    ]    Subphase: Concurrent References Enqueue                 0.000 / 0.000         0.012 / 0.016         0.012 / 0.016         0.012 / 0.016       ms
[420.567s][info   ][gc,stats    ]    Subphase: Concurrent References Process                 0.000 / 0.000         0.678 / 1.351         0.678 / 1.351         0.678 / 1.351       ms
[420.567s][info   ][gc,stats    ]    Subphase: Concurrent Roots ClassLoaderDataGraph         0.000 / 0.000         0.532 / 1.503         0.532 / 1.503         0.532 / 1.503       ms
[420.567s][info   ][gc,stats    ]    Subphase: Concurrent Roots CodeCache                    0.000 / 0.000         0.000 / 0.000         0.000 / 0.000         0.000 / 0.000       ms
[420.567s][info   ][gc,stats    ]    Subphase: Concurrent Roots JavaThreads                  0.000 / 0.000        85.807 / 475.340      85.807 / 475.340      85.807 / 475.340     ms
[420.567s][info   ][gc,stats    ]    Subphase: Concurrent Roots OopStorageSet                0.000 / 0.000         0.157 / 0.370         0.157 / 0.370         0.157 / 0.370       ms
[420.567s][info   ][gc,stats    ]    Subphase: Concurrent Weak Roots OopStorageSet           0.000 / 0.000         4.530 / 9.700         4.530 / 9.700         4.530 / 9.700       ms
[420.567s][info   ][gc,stats    ]    Subphase: Pause Mark Try Complete                       0.000 / 0.000         0.053 / 0.195         0.053 / 0.195         0.053 / 0.195       ms
[420.567s][info   ][gc,stats    ]      System: Java Threads                                      0 / 0                65 / 137              65 / 137              65 / 137         threads
[420.568s][info   ][gc,stats    ] =========================================================================================================================================================
[430.568s][info   ][gc,stats    ] === Garbage Collection Statistics =======================================================================================================================
[430.568s][info   ][gc,stats    ]                                                              Last 10s              Last 10m              Last 10h                Total
[430.568s][info   ][gc,stats    ]                                                              Avg / Max             Avg / Max             Avg / Max             Avg / Max
[430.568s][info   ][gc,stats    ]   Collector: Garbage Collection Cycle                      0.000 / 0.000       908.370 / 3415.907    908.370 / 3415.907    908.370 / 3415.907    ms
[430.569s][info   ][gc,stats    ]  Contention: Mark Segment Reset Contention                     0 / 0                 0 / 2                 0 / 2                 0 / 2           ops/s
[430.569s][info   ][gc,stats    ]  Contention: Mark SeqNum Reset Contention                      0 / 0                 0 / 1                 0 / 1                 0 / 1           ops/s
[430.569s][info   ][gc,stats    ]    Critical: Allocation Stall                                  0 / 0                 0 / 0                 0 / 0                 0 / 0           ops/s
[430.569s][info   ][gc,stats    ]    Critical: Allocation Stall                              0.000 / 0.000         0.000 / 0.000         0.000 / 0.000         0.000 / 0.000       ms
[430.569s][info   ][gc,stats    ]    Critical: GC Locker Stall                                   0 / 0                 0 / 0                 0 / 0                 0 / 0           ops/s
[430.569s][info   ][gc,stats    ]    Critical: GC Locker Stall                               0.000 / 0.000         0.000 / 0.000         0.000 / 0.000         0.000 / 0.000       ms
[430.569s][info   ][gc,stats    ]    Critical: Relocation Stall                                  0 / 0                 0 / 0                 0 / 0                 0 / 0           ops/s
[430.569s][info   ][gc,stats    ]    Critical: Relocation Stall                              0.000 / 0.000         0.000 / 0.000         0.000 / 0.000         0.000 / 0.000       ms
[430.569s][info   ][gc,stats    ]      Memory: Allocation Rate                                   0 / 0                 6 / 68                6 / 68                6 / 68          MB/s
[430.569s][info   ][gc,stats    ]      Memory: Defragment                                        0 / 0                 0 / 0                 0 / 0                 0 / 0           ops/s
[430.569s][info   ][gc,stats    ]      Memory: Out Of Memory                                     0 / 0                 0 / 0                 0 / 0                 0 / 0           ops/s
[430.569s][info   ][gc,stats    ]      Memory: Page Cache Flush                                  0 / 0                 0 / 0                 0 / 0                 0 / 0           MB/s
[430.569s][info   ][gc,stats    ]      Memory: Page Cache Hit L1                                 0 / 0                 2 / 30                2 / 30                2 / 30          ops/s
[430.569s][info   ][gc,stats    ]      Memory: Page Cache Hit L2                                 0 / 0                 0 / 0                 0 / 0                 0 / 0           ops/s
[430.569s][info   ][gc,stats    ]      Memory: Page Cache Hit L3                                 0 / 0                 0 / 26                0 / 26                0 / 26          ops/s
[430.570s][info   ][gc,stats    ]      Memory: Page Cache Miss                                   0 / 0                 0 / 1                 0 / 1                 0 / 1           ops/s
[430.570s][info   ][gc,stats    ]      Memory: Uncommit                                          0 / 0                 0 / 0                 0 / 0                 0 / 0           MB/s
[430.570s][info   ][gc,stats    ]      Memory: Undo Object Allocation Failed                     0 / 0                 0 / 1                 0 / 1                 0 / 1           ops/s
[430.570s][info   ][gc,stats    ]      Memory: Undo Object Allocation Succeeded                  0 / 0                 0 / 74                0 / 74                0 / 74          ops/s
[430.570s][info   ][gc,stats    ]      Memory: Undo Page Allocation                              0 / 0                 0 / 1                 0 / 1                 0 / 1           ops/s
[430.570s][info   ][gc,stats    ]       Phase: Concurrent Mark                               0.000 / 0.000       597.279 / 1491.398    597.279 / 1491.398    597.279 / 1491.398    ms
[430.570s][info   ][gc,stats    ]       Phase: Concurrent Mark Continue                      0.000 / 0.000         0.000 / 0.000         0.000 / 0.000         0.000 / 0.000       ms
[430.570s][info   ][gc,stats    ]       Phase: Concurrent Mark Free                          0.000 / 0.000         0.002 / 0.004         0.002 / 0.004         0.002 / 0.004       ms
[430.570s][info   ][gc,stats    ]       Phase: Concurrent Process Non-Strong References      0.000 / 0.000       234.496 / 1850.321    234.496 / 1850.321    234.496 / 1850.321    ms
[430.570s][info   ][gc,stats    ]       Phase: Concurrent Relocate                           0.000 / 0.000        15.154 / 32.634       15.154 / 32.634       15.154 / 32.634      ms
[430.570s][info   ][gc,stats    ]       Phase: Concurrent Reset Relocation Set               0.000 / 0.000         0.018 / 0.040         0.018 / 0.040         0.018 / 0.040       ms
[430.570s][info   ][gc,stats    ]       Phase: Concurrent Select Relocation Set              0.000 / 0.000         6.731 / 15.302        6.731 / 15.302        6.731 / 15.302      ms
[430.570s][info   ][gc,stats    ]       Phase: Pause Mark End                                0.000 / 0.000         0.115 / 0.333         0.115 / 0.333         0.115 / 0.333       ms
[430.570s][info   ][gc,stats    ]       Phase: Pause Mark Start                              0.000 / 0.000         0.032 / 0.076         0.032 / 0.076         0.032 / 0.076       ms
[430.570s][info   ][gc,stats    ]       Phase: Pause Relocate Start                          0.000 / 0.000         0.031 / 0.079         0.031 / 0.079         0.031 / 0.079       ms
[430.570s][info   ][gc,stats    ]    Subphase: Concurrent Classes Purge                      0.000 / 0.000         2.997 / 13.941        2.997 / 13.941        2.997 / 13.941      ms
[430.570s][info   ][gc,stats    ]    Subphase: Concurrent Classes Unlink                     0.000 / 0.000       205.334 / 1768.670    205.334 / 1768.670    205.334 / 1768.670    ms
[430.570s][info   ][gc,stats    ]    Subphase: Concurrent Mark                               0.000 / 0.000       417.648 / 1136.625    417.648 / 1136.625    417.648 / 1136.625    ms
[430.570s][info   ][gc,stats    ]    Subphase: Concurrent Mark Try Flush                     0.000 / 0.000        32.420 / 148.506      32.420 / 148.506      32.420 / 148.506     ms
[430.570s][info   ][gc,stats    ]    Subphase: Concurrent Mark Try Terminate                 0.000 / 0.000         2.844 / 148.509       2.844 / 148.509       2.844 / 148.509     ms
[430.571s][info   ][gc,stats    ]    Subphase: Concurrent References Enqueue                 0.000 / 0.000         0.012 / 0.016         0.012 / 0.016         0.012 / 0.016       ms
[430.571s][info   ][gc,stats    ]    Subphase: Concurrent References Process                 0.000 / 0.000         0.678 / 1.351         0.678 / 1.351         0.678 / 1.351       ms
[430.571s][info   ][gc,stats    ]    Subphase: Concurrent Roots ClassLoaderDataGraph         0.000 / 0.000         0.532 / 1.503         0.532 / 1.503         0.532 / 1.503       ms
[430.571s][info   ][gc,stats    ]    Subphase: Concurrent Roots CodeCache                    0.000 / 0.000         0.000 / 0.000         0.000 / 0.000         0.000 / 0.000       ms
[430.571s][info   ][gc,stats    ]    Subphase: Concurrent Roots JavaThreads                  0.000 / 0.000        85.807 / 475.340      85.807 / 475.340      85.807 / 475.340     ms
[430.571s][info   ][gc,stats    ]    Subphase: Concurrent Roots OopStorageSet                0.000 / 0.000         0.157 / 0.370         0.157 / 0.370         0.157 / 0.370       ms
[430.571s][info   ][gc,stats    ]    Subphase: Concurrent Weak Roots OopStorageSet           0.000 / 0.000         4.530 / 9.700         4.530 / 9.700         4.530 / 9.700       ms
[430.571s][info   ][gc,stats    ]    Subphase: Pause Mark Try Complete                       0.000 / 0.000         0.053 / 0.195         0.053 / 0.195         0.053 / 0.195       ms
[430.571s][info   ][gc,stats    ]      System: Java Threads                                      0 / 0                65 / 137              65 / 137              65 / 137         threads
[430.571s][info   ][gc,stats    ] =========================================================================================================================================================
[440.566s][info   ][gc,stats    ] === Garbage Collection Statistics =======================================================================================================================
[440.567s][info   ][gc,stats    ]                                                              Last 10s              Last 10m              Last 10h                Total
[440.567s][info   ][gc,stats    ]                                                              Avg / Max             Avg / Max             Avg / Max             Avg / Max
[440.567s][info   ][gc,stats    ]   Collector: Garbage Collection Cycle                      0.000 / 0.000       908.370 / 3415.907    908.370 / 3415.907    908.370 / 3415.907    ms
[440.567s][info   ][gc,stats    ]  Contention: Mark Segment Reset Contention                     0 / 0                 0 / 2                 0 / 2                 0 / 2           ops/s
[440.567s][info   ][gc,stats    ]  Contention: Mark SeqNum Reset Contention                      0 / 0                 0 / 1                 0 / 1                 0 / 1           ops/s
[440.567s][info   ][gc,stats    ]    Critical: Allocation Stall                                  0 / 0                 0 / 0                 0 / 0                 0 / 0           ops/s
[440.567s][info   ][gc,stats    ]    Critical: Allocation Stall                              0.000 / 0.000         0.000 / 0.000         0.000 / 0.000         0.000 / 0.000       ms
[440.567s][info   ][gc,stats    ]    Critical: GC Locker Stall                                   0 / 0                 0 / 0                 0 / 0                 0 / 0           ops/s
[440.567s][info   ][gc,stats    ]    Critical: GC Locker Stall                               0.000 / 0.000         0.000 / 0.000         0.000 / 0.000         0.000 / 0.000       ms
[440.567s][info   ][gc,stats    ]    Critical: Relocation Stall                                  0 / 0                 0 / 0                 0 / 0                 0 / 0           ops/s
[440.568s][info   ][gc,stats    ]    Critical: Relocation Stall                              0.000 / 0.000         0.000 / 0.000         0.000 / 0.000         0.000 / 0.000       ms
[440.568s][info   ][gc,stats    ]      Memory: Allocation Rate                                   0 / 2                 6 / 68                6 / 68                6 / 68          MB/s
[440.568s][info   ][gc,stats    ]      Memory: Defragment                                        0 / 0                 0 / 0                 0 / 0                 0 / 0           ops/s
[440.568s][info   ][gc,stats    ]      Memory: Out Of Memory                                     0 / 0                 0 / 0                 0 / 0                 0 / 0           ops/s
[440.568s][info   ][gc,stats    ]      Memory: Page Cache Flush                                  0 / 0                 0 / 0                 0 / 0                 0 / 0           MB/s
[440.568s][info   ][gc,stats    ]      Memory: Page Cache Hit L1                                 0 / 1                 2 / 30                2 / 30                2 / 30          ops/s
[440.568s][info   ][gc,stats    ]      Memory: Page Cache Hit L2                                 0 / 0                 0 / 0                 0 / 0                 0 / 0           ops/s
[440.568s][info   ][gc,stats    ]      Memory: Page Cache Hit L3                                 0 / 0                 0 / 26                0 / 26                0 / 26          ops/s
[440.568s][info   ][gc,stats    ]      Memory: Page Cache Miss                                   0 / 0                 0 / 1                 0 / 1                 0 / 1           ops/s
[440.568s][info   ][gc,stats    ]      Memory: Uncommit                                          0 / 0                 0 / 0                 0 / 0                 0 / 0           MB/s
[440.569s][info   ][gc,stats    ]      Memory: Undo Object Allocation Failed                     0 / 0                 0 / 1                 0 / 1                 0 / 1           ops/s
[440.569s][info   ][gc,stats    ]      Memory: Undo Object Allocation Succeeded                  0 / 0                 0 / 74                0 / 74                0 / 74          ops/s
[440.569s][info   ][gc,stats    ]      Memory: Undo Page Allocation                              0 / 0                 0 / 1                 0 / 1                 0 / 1           ops/s
[440.569s][info   ][gc,stats    ]       Phase: Concurrent Mark                               0.000 / 0.000       597.279 / 1491.398    597.279 / 1491.398    597.279 / 1491.398    ms
[440.569s][info   ][gc,stats    ]       Phase: Concurrent Mark Continue                      0.000 / 0.000         0.000 / 0.000         0.000 / 0.000         0.000 / 0.000       ms
[440.569s][info   ][gc,stats    ]       Phase: Concurrent Mark Free                          0.000 / 0.000         0.002 / 0.004         0.002 / 0.004         0.002 / 0.004       ms
[440.569s][info   ][gc,stats    ]       Phase: Concurrent Process Non-Strong References      0.000 / 0.000       234.496 / 1850.321    234.496 / 1850.321    234.496 / 1850.321    ms
[440.569s][info   ][gc,stats    ]       Phase: Concurrent Relocate                           0.000 / 0.000        15.154 / 32.634       15.154 / 32.634       15.154 / 32.634      ms
[440.569s][info   ][gc,stats    ]       Phase: Concurrent Reset Relocation Set               0.000 / 0.000         0.018 / 0.040         0.018 / 0.040         0.018 / 0.040       ms
[440.570s][info   ][gc,stats    ]       Phase: Concurrent Select Relocation Set              0.000 / 0.000         6.731 / 15.302        6.731 / 15.302        6.731 / 15.302      ms
[440.570s][info   ][gc,stats    ]       Phase: Pause Mark End                                0.000 / 0.000         0.115 / 0.333         0.115 / 0.333         0.115 / 0.333       ms
[440.570s][info   ][gc,stats    ]       Phase: Pause Mark Start                              0.000 / 0.000         0.032 / 0.076         0.032 / 0.076         0.032 / 0.076       ms
[440.570s][info   ][gc,stats    ]       Phase: Pause Relocate Start                          0.000 / 0.000         0.031 / 0.079         0.031 / 0.079         0.031 / 0.079       ms
[440.570s][info   ][gc,stats    ]    Subphase: Concurrent Classes Purge                      0.000 / 0.000         2.997 / 13.941        2.997 / 13.941        2.997 / 13.941      ms
[440.570s][info   ][gc,stats    ]    Subphase: Concurrent Classes Unlink                     0.000 / 0.000       205.334 / 1768.670    205.334 / 1768.670    205.334 / 1768.670    ms
[440.570s][info   ][gc,stats    ]    Subphase: Concurrent Mark                               0.000 / 0.000       417.648 / 1136.625    417.648 / 1136.625    417.648 / 1136.625    ms
[440.570s][info   ][gc,stats    ]    Subphase: Concurrent Mark Try Flush                     0.000 / 0.000        32.420 / 148.506      32.420 / 148.506      32.420 / 148.506     ms
[440.570s][info   ][gc,stats    ]    Subphase: Concurrent Mark Try Terminate                 0.000 / 0.000         2.844 / 148.509       2.844 / 148.509       2.844 / 148.509     ms
[440.571s][info   ][gc,stats    ]    Subphase: Concurrent References Enqueue                 0.000 / 0.000         0.012 / 0.016         0.012 / 0.016         0.012 / 0.016       ms
[440.571s][info   ][gc,stats    ]    Subphase: Concurrent References Process                 0.000 / 0.000         0.678 / 1.351         0.678 / 1.351         0.678 / 1.351       ms
[440.571s][info   ][gc,stats    ]    Subphase: Concurrent Roots ClassLoaderDataGraph         0.000 / 0.000         0.532 / 1.503         0.532 / 1.503         0.532 / 1.503       ms
[440.571s][info   ][gc,stats    ]    Subphase: Concurrent Roots CodeCache                    0.000 / 0.000         0.000 / 0.000         0.000 / 0.000         0.000 / 0.000       ms
[440.571s][info   ][gc,stats    ]    Subphase: Concurrent Roots JavaThreads                  0.000 / 0.000        85.807 / 475.340      85.807 / 475.340      85.807 / 475.340     ms
[440.571s][info   ][gc,stats    ]    Subphase: Concurrent Roots OopStorageSet                0.000 / 0.000         0.157 / 0.370         0.157 / 0.370         0.157 / 0.370       ms
[440.571s][info   ][gc,stats    ]    Subphase: Concurrent Weak Roots OopStorageSet           0.000 / 0.000         4.530 / 9.700         4.530 / 9.700         4.530 / 9.700       ms
[440.571s][info   ][gc,stats    ]    Subphase: Pause Mark Try Complete                       0.000 / 0.000         0.053 / 0.195         0.053 / 0.195         0.053 / 0.195       ms
[440.571s][info   ][gc,stats    ]      System: Java Threads                                      0 / 0                65 / 137              65 / 137              65 / 137         threads
[440.571s][info   ][gc,stats    ] =========================================================================================================================================================
[450.557s][info   ][gc,stats    ] === Garbage Collection Statistics =======================================================================================================================
[450.557s][info   ][gc,stats    ]                                                              Last 10s              Last 10m              Last 10h                Total
[450.557s][info   ][gc,stats    ]                                                              Avg / Max             Avg / Max             Avg / Max             Avg / Max
[450.557s][info   ][gc,stats    ]   Collector: Garbage Collection Cycle                      0.000 / 0.000       908.370 / 3415.907    908.370 / 3415.907    908.370 / 3415.907    ms
[450.558s][info   ][gc,stats    ]  Contention: Mark Segment Reset Contention                     0 / 0                 0 / 2                 0 / 2                 0 / 2           ops/s
[450.558s][info   ][gc,stats    ]  Contention: Mark SeqNum Reset Contention                      0 / 0                 0 / 1                 0 / 1                 0 / 1           ops/s
[450.558s][info   ][gc,stats    ]    Critical: Allocation Stall                                  0 / 0                 0 / 0                 0 / 0                 0 / 0           ops/s
[450.558s][info   ][gc,stats    ]    Critical: Allocation Stall                              0.000 / 0.000         0.000 / 0.000         0.000 / 0.000         0.000 / 0.000       ms
[450.558s][info   ][gc,stats    ]    Critical: GC Locker Stall                                   0 / 0                 0 / 0                 0 / 0                 0 / 0           ops/s
[450.558s][info   ][gc,stats    ]    Critical: GC Locker Stall                               0.000 / 0.000         0.000 / 0.000         0.000 / 0.000         0.000 / 0.000       ms
[450.558s][info   ][gc,stats    ]    Critical: Relocation Stall                                  0 / 0                 0 / 0                 0 / 0                 0 / 0           ops/s
[450.558s][info   ][gc,stats    ]    Critical: Relocation Stall                              0.000 / 0.000         0.000 / 0.000         0.000 / 0.000         0.000 / 0.000       ms
[450.559s][info   ][gc,stats    ]      Memory: Allocation Rate                                   0 / 0                 6 / 68                6 / 68                6 / 68          MB/s
[450.559s][info   ][gc,stats    ]      Memory: Defragment                                        0 / 0                 0 / 0                 0 / 0                 0 / 0           ops/s
[450.559s][info   ][gc,stats    ]      Memory: Out Of Memory                                     0 / 0                 0 / 0                 0 / 0                 0 / 0           ops/s
[450.559s][info   ][gc,stats    ]      Memory: Page Cache Flush                                  0 / 0                 0 / 0                 0 / 0                 0 / 0           MB/s
[450.559s][info   ][gc,stats    ]      Memory: Page Cache Hit L1                                 0 / 0                 2 / 30                2 / 30                2 / 30          ops/s
[450.559s][info   ][gc,stats    ]      Memory: Page Cache Hit L2                                 0 / 0                 0 / 0                 0 / 0                 0 / 0           ops/s
[450.559s][info   ][gc,stats    ]      Memory: Page Cache Hit L3                                 0 / 0                 0 / 26                0 / 26                0 / 26          ops/s
[450.560s][info   ][gc,stats    ]      Memory: Page Cache Miss                                   0 / 0                 0 / 1                 0 / 1                 0 / 1           ops/s
[450.560s][info   ][gc,stats    ]      Memory: Uncommit                                          0 / 0                 0 / 0                 0 / 0                 0 / 0           MB/s
[450.560s][info   ][gc,stats    ]      Memory: Undo Object Allocation Failed                     0 / 0                 0 / 1                 0 / 1                 0 / 1           ops/s
[450.560s][info   ][gc,stats    ]      Memory: Undo Object Allocation Succeeded                  0 / 0                 0 / 74                0 / 74                0 / 74          ops/s
[450.560s][info   ][gc,stats    ]      Memory: Undo Page Allocation                              0 / 0                 0 / 1                 0 / 1                 0 / 1           ops/s
[450.560s][info   ][gc,stats    ]       Phase: Concurrent Mark                               0.000 / 0.000       597.279 / 1491.398    597.279 / 1491.398    597.279 / 1491.398    ms
[450.560s][info   ][gc,stats    ]       Phase: Concurrent Mark Continue                      0.000 / 0.000         0.000 / 0.000         0.000 / 0.000         0.000 / 0.000       ms
[450.560s][info   ][gc,stats    ]       Phase: Concurrent Mark Free                          0.000 / 0.000         0.002 / 0.004         0.002 / 0.004         0.002 / 0.004       ms
[450.560s][info   ][gc,stats    ]       Phase: Concurrent Process Non-Strong References      0.000 / 0.000       234.496 / 1850.321    234.496 / 1850.321    234.496 / 1850.321    ms
[450.561s][info   ][gc,stats    ]       Phase: Concurrent Relocate                           0.000 / 0.000        15.154 / 32.634       15.154 / 32.634       15.154 / 32.634      ms
[450.561s][info   ][gc,stats    ]       Phase: Concurrent Reset Relocation Set               0.000 / 0.000         0.018 / 0.040         0.018 / 0.040         0.018 / 0.040       ms
[450.561s][info   ][gc,stats    ]       Phase: Concurrent Select Relocation Set              0.000 / 0.000         6.731 / 15.302        6.731 / 15.302        6.731 / 15.302      ms
[450.561s][info   ][gc,stats    ]       Phase: Pause Mark End                                0.000 / 0.000         0.115 / 0.333         0.115 / 0.333         0.115 / 0.333       ms
[450.561s][info   ][gc,stats    ]       Phase: Pause Mark Start                              0.000 / 0.000         0.032 / 0.076         0.032 / 0.076         0.032 / 0.076       ms
[450.561s][info   ][gc,stats    ]       Phase: Pause Relocate Start                          0.000 / 0.000         0.031 / 0.079         0.031 / 0.079         0.031 / 0.079       ms
[450.561s][info   ][gc,stats    ]    Subphase: Concurrent Classes Purge                      0.000 / 0.000         2.997 / 13.941        2.997 / 13.941        2.997 / 13.941      ms
[450.561s][info   ][gc,stats    ]    Subphase: Concurrent Classes Unlink                     0.000 / 0.000       205.334 / 1768.670    205.334 / 1768.670    205.334 / 1768.670    ms
[450.562s][info   ][gc,stats    ]    Subphase: Concurrent Mark                               0.000 / 0.000       417.648 / 1136.625    417.648 / 1136.625    417.648 / 1136.625    ms
[450.562s][info   ][gc,stats    ]    Subphase: Concurrent Mark Try Flush                     0.000 / 0.000        32.420 / 148.506      32.420 / 148.506      32.420 / 148.506     ms
[450.562s][info   ][gc,stats    ]    Subphase: Concurrent Mark Try Terminate                 0.000 / 0.000         2.844 / 148.509       2.844 / 148.509       2.844 / 148.509     ms
[450.562s][info   ][gc,stats    ]    Subphase: Concurrent References Enqueue                 0.000 / 0.000         0.012 / 0.016         0.012 / 0.016         0.012 / 0.016       ms
[450.562s][info   ][gc,stats    ]    Subphase: Concurrent References Process                 0.000 / 0.000         0.678 / 1.351         0.678 / 1.351         0.678 / 1.351       ms
[450.562s][info   ][gc,stats    ]    Subphase: Concurrent Roots ClassLoaderDataGraph         0.000 / 0.000         0.532 / 1.503         0.532 / 1.503         0.532 / 1.503       ms
[450.563s][info   ][gc,stats    ]    Subphase: Concurrent Roots CodeCache                    0.000 / 0.000         0.000 / 0.000         0.000 / 0.000         0.000 / 0.000       ms
[450.563s][info   ][gc,stats    ]    Subphase: Concurrent Roots JavaThreads                  0.000 / 0.000        85.807 / 475.340      85.807 / 475.340      85.807 / 475.340     ms
[450.563s][info   ][gc,stats    ]    Subphase: Concurrent Roots OopStorageSet                0.000 / 0.000         0.157 / 0.370         0.157 / 0.370         0.157 / 0.370       ms
[450.563s][info   ][gc,stats    ]    Subphase: Concurrent Weak Roots OopStorageSet           0.000 / 0.000         4.530 / 9.700         4.530 / 9.700         4.530 / 9.700       ms
[450.563s][info   ][gc,stats    ]    Subphase: Pause Mark Try Complete                       0.000 / 0.000         0.053 / 0.195         0.053 / 0.195         0.053 / 0.195       ms
[450.563s][info   ][gc,stats    ]      System: Java Threads                                      0 / 0                65 / 137              65 / 137              65 / 137         threads
[450.563s][info   ][gc,stats    ] =========================================================================================================================================================
[460.568s][info   ][gc,stats    ] === Garbage Collection Statistics =======================================================================================================================
[460.568s][info   ][gc,stats    ]                                                              Last 10s              Last 10m              Last 10h                Total
[460.568s][info   ][gc,stats    ]                                                              Avg / Max             Avg / Max             Avg / Max             Avg / Max
[460.568s][info   ][gc,stats    ]   Collector: Garbage Collection Cycle                      0.000 / 0.000       908.370 / 3415.907    908.370 / 3415.907    908.370 / 3415.907    ms
[460.568s][info   ][gc,stats    ]  Contention: Mark Segment Reset Contention                     0 / 0                 0 / 2                 0 / 2                 0 / 2           ops/s
[460.568s][info   ][gc,stats    ]  Contention: Mark SeqNum Reset Contention                      0 / 0                 0 / 1                 0 / 1                 0 / 1           ops/s
[460.568s][info   ][gc,stats    ]    Critical: Allocation Stall                                  0 / 0                 0 / 0                 0 / 0                 0 / 0           ops/s
[460.568s][info   ][gc,stats    ]    Critical: Allocation Stall                              0.000 / 0.000         0.000 / 0.000         0.000 / 0.000         0.000 / 0.000       ms
[460.568s][info   ][gc,stats    ]    Critical: GC Locker Stall                                   0 / 0                 0 / 0                 0 / 0                 0 / 0           ops/s
[460.568s][info   ][gc,stats    ]    Critical: GC Locker Stall                               0.000 / 0.000         0.000 / 0.000         0.000 / 0.000         0.000 / 0.000       ms
[460.569s][info   ][gc,stats    ]    Critical: Relocation Stall                                  0 / 0                 0 / 0                 0 / 0                 0 / 0           ops/s
[460.569s][info   ][gc,stats    ]    Critical: Relocation Stall                              0.000 / 0.000         0.000 / 0.000         0.000 / 0.000         0.000 / 0.000       ms
[460.569s][info   ][gc,stats    ]      Memory: Allocation Rate                                   0 / 0                 6 / 68                6 / 68                6 / 68          MB/s
[460.569s][info   ][gc,stats    ]      Memory: Defragment                                        0 / 0                 0 / 0                 0 / 0                 0 / 0           ops/s
[460.569s][info   ][gc,stats    ]      Memory: Out Of Memory                                     0 / 0                 0 / 0                 0 / 0                 0 / 0           ops/s
[460.569s][info   ][gc,stats    ]      Memory: Page Cache Flush                                  0 / 0                 0 / 0                 0 / 0                 0 / 0           MB/s
[460.569s][info   ][gc,stats    ]      Memory: Page Cache Hit L1                                 0 / 0                 2 / 30                2 / 30                2 / 30          ops/s
[460.569s][info   ][gc,stats    ]      Memory: Page Cache Hit L2                                 0 / 0                 0 / 0                 0 / 0                 0 / 0           ops/s
[460.569s][info   ][gc,stats    ]      Memory: Page Cache Hit L3                                 0 / 0                 0 / 26                0 / 26                0 / 26          ops/s
[460.569s][info   ][gc,stats    ]      Memory: Page Cache Miss                                   0 / 0                 0 / 1                 0 / 1                 0 / 1           ops/s
[460.569s][info   ][gc,stats    ]      Memory: Uncommit                                          0 / 0                 0 / 0                 0 / 0                 0 / 0           MB/s
[460.569s][info   ][gc,stats    ]      Memory: Undo Object Allocation Failed                     0 / 0                 0 / 1                 0 / 1                 0 / 1           ops/s
[460.569s][info   ][gc,stats    ]      Memory: Undo Object Allocation Succeeded                  0 / 0                 0 / 74                0 / 74                0 / 74          ops/s
[460.570s][info   ][gc,stats    ]      Memory: Undo Page Allocation                              0 / 0                 0 / 1                 0 / 1                 0 / 1           ops/s
[460.570s][info   ][gc,stats    ]       Phase: Concurrent Mark                               0.000 / 0.000       597.279 / 1491.398    597.279 / 1491.398    597.279 / 1491.398    ms
[460.570s][info   ][gc,stats    ]       Phase: Concurrent Mark Continue                      0.000 / 0.000         0.000 / 0.000         0.000 / 0.000         0.000 / 0.000       ms
[460.570s][info   ][gc,stats    ]       Phase: Concurrent Mark Free                          0.000 / 0.000         0.002 / 0.004         0.002 / 0.004         0.002 / 0.004       ms
[460.570s][info   ][gc,stats    ]       Phase: Concurrent Process Non-Strong References      0.000 / 0.000       234.496 / 1850.321    234.496 / 1850.321    234.496 / 1850.321    ms
[460.570s][info   ][gc,stats    ]       Phase: Concurrent Relocate                           0.000 / 0.000        15.154 / 32.634       15.154 / 32.634       15.154 / 32.634      ms
[460.570s][info   ][gc,stats    ]       Phase: Concurrent Reset Relocation Set               0.000 / 0.000         0.018 / 0.040         0.018 / 0.040         0.018 / 0.040       ms
[460.570s][info   ][gc,stats    ]       Phase: Concurrent Select Relocation Set              0.000 / 0.000         6.731 / 15.302        6.731 / 15.302        6.731 / 15.302      ms
[460.570s][info   ][gc,stats    ]       Phase: Pause Mark End                                0.000 / 0.000         0.115 / 0.333         0.115 / 0.333         0.115 / 0.333       ms
[460.570s][info   ][gc,stats    ]       Phase: Pause Mark Start                              0.000 / 0.000         0.032 / 0.076         0.032 / 0.076         0.032 / 0.076       ms
[460.570s][info   ][gc,stats    ]       Phase: Pause Relocate Start                          0.000 / 0.000         0.031 / 0.079         0.031 / 0.079         0.031 / 0.079       ms
[460.570s][info   ][gc,stats    ]    Subphase: Concurrent Classes Purge                      0.000 / 0.000         2.997 / 13.941        2.997 / 13.941        2.997 / 13.941      ms
[460.570s][info   ][gc,stats    ]    Subphase: Concurrent Classes Unlink                     0.000 / 0.000       205.334 / 1768.670    205.334 / 1768.670    205.334 / 1768.670    ms
[460.570s][info   ][gc,stats    ]    Subphase: Concurrent Mark                               0.000 / 0.000       417.648 / 1136.625    417.648 / 1136.625    417.648 / 1136.625    ms
[460.570s][info   ][gc,stats    ]    Subphase: Concurrent Mark Try Flush                     0.000 / 0.000        32.420 / 148.506      32.420 / 148.506      32.420 / 148.506     ms
[460.571s][info   ][gc,stats    ]    Subphase: Concurrent Mark Try Terminate                 0.000 / 0.000         2.844 / 148.509       2.844 / 148.509       2.844 / 148.509     ms
[460.571s][info   ][gc,stats    ]    Subphase: Concurrent References Enqueue                 0.000 / 0.000         0.012 / 0.016         0.012 / 0.016         0.012 / 0.016       ms
[460.571s][info   ][gc,stats    ]    Subphase: Concurrent References Process                 0.000 / 0.000         0.678 / 1.351         0.678 / 1.351         0.678 / 1.351       ms
[460.571s][info   ][gc,stats    ]    Subphase: Concurrent Roots ClassLoaderDataGraph         0.000 / 0.000         0.532 / 1.503         0.532 / 1.503         0.532 / 1.503       ms
[460.571s][info   ][gc,stats    ]    Subphase: Concurrent Roots CodeCache                    0.000 / 0.000         0.000 / 0.000         0.000 / 0.000         0.000 / 0.000       ms
[460.571s][info   ][gc,stats    ]    Subphase: Concurrent Roots JavaThreads                  0.000 / 0.000        85.807 / 475.340      85.807 / 475.340      85.807 / 475.340     ms
[460.571s][info   ][gc,stats    ]    Subphase: Concurrent Roots OopStorageSet                0.000 / 0.000         0.157 / 0.370         0.157 / 0.370         0.157 / 0.370       ms
[460.571s][info   ][gc,stats    ]    Subphase: Concurrent Weak Roots OopStorageSet           0.000 / 0.000         4.530 / 9.700         4.530 / 9.700         4.530 / 9.700       ms
[460.571s][info   ][gc,stats    ]    Subphase: Pause Mark Try Complete                       0.000 / 0.000         0.053 / 0.195         0.053 / 0.195         0.053 / 0.195       ms
[460.571s][info   ][gc,stats    ]      System: Java Threads                                      0 / 0                65 / 137              65 / 137              65 / 137         threads
[460.572s][info   ][gc,stats    ] =========================================================================================================================================================
[470.557s][info   ][gc,stats    ] === Garbage Collection Statistics =======================================================================================================================
[470.557s][info   ][gc,stats    ]                                                              Last 10s              Last 10m              Last 10h                Total
[470.557s][info   ][gc,stats    ]                                                              Avg / Max             Avg / Max             Avg / Max             Avg / Max
[470.557s][info   ][gc,stats    ]   Collector: Garbage Collection Cycle                      0.000 / 0.000       908.370 / 3415.907    908.370 / 3415.907    908.370 / 3415.907    ms
[470.557s][info   ][gc,stats    ]  Contention: Mark Segment Reset Contention                     0 / 0                 0 / 2                 0 / 2                 0 / 2           ops/s
[470.557s][info   ][gc,stats    ]  Contention: Mark SeqNum Reset Contention                      0 / 0                 0 / 1                 0 / 1                 0 / 1           ops/s
[470.557s][info   ][gc,stats    ]    Critical: Allocation Stall                                  0 / 0                 0 / 0                 0 / 0                 0 / 0           ops/s
[470.557s][info   ][gc,stats    ]    Critical: Allocation Stall                              0.000 / 0.000         0.000 / 0.000         0.000 / 0.000         0.000 / 0.000       ms
[470.557s][info   ][gc,stats    ]    Critical: GC Locker Stall                                   0 / 0                 0 / 0                 0 / 0                 0 / 0           ops/s
[470.557s][info   ][gc,stats    ]    Critical: GC Locker Stall                               0.000 / 0.000         0.000 / 0.000         0.000 / 0.000         0.000 / 0.000       ms
[470.557s][info   ][gc,stats    ]    Critical: Relocation Stall                                  0 / 0                 0 / 0                 0 / 0                 0 / 0           ops/s
[470.557s][info   ][gc,stats    ]    Critical: Relocation Stall                              0.000 / 0.000         0.000 / 0.000         0.000 / 0.000         0.000 / 0.000       ms
[470.558s][info   ][gc,stats    ]      Memory: Allocation Rate                                   0 / 0                 6 / 68                6 / 68                6 / 68          MB/s
[470.558s][info   ][gc,stats    ]      Memory: Defragment                                        0 / 0                 0 / 0                 0 / 0                 0 / 0           ops/s
[470.558s][info   ][gc,stats    ]      Memory: Out Of Memory                                     0 / 0                 0 / 0                 0 / 0                 0 / 0           ops/s
[470.558s][info   ][gc,stats    ]      Memory: Page Cache Flush                                  0 / 0                 0 / 0                 0 / 0                 0 / 0           MB/s
[470.558s][info   ][gc,stats    ]      Memory: Page Cache Hit L1                                 0 / 0                 2 / 30                2 / 30                2 / 30          ops/s
[470.558s][info   ][gc,stats    ]      Memory: Page Cache Hit L2                                 0 / 0                 0 / 0                 0 / 0                 0 / 0           ops/s
[470.558s][info   ][gc,stats    ]      Memory: Page Cache Hit L3                                 0 / 0                 0 / 26                0 / 26                0 / 26          ops/s
[470.558s][info   ][gc,stats    ]      Memory: Page Cache Miss                                   0 / 0                 0 / 1                 0 / 1                 0 / 1           ops/s
[470.558s][info   ][gc,stats    ]      Memory: Uncommit                                          0 / 0                 0 / 0                 0 / 0                 0 / 0           MB/s
[470.558s][info   ][gc,stats    ]      Memory: Undo Object Allocation Failed                     0 / 0                 0 / 1                 0 / 1                 0 / 1           ops/s
[470.558s][info   ][gc,stats    ]      Memory: Undo Object Allocation Succeeded                  0 / 0                 0 / 74                0 / 74                0 / 74          ops/s
[470.558s][info   ][gc,stats    ]      Memory: Undo Page Allocation                              0 / 0                 0 / 1                 0 / 1                 0 / 1           ops/s
[470.558s][info   ][gc,stats    ]       Phase: Concurrent Mark                               0.000 / 0.000       597.279 / 1491.398    597.279 / 1491.398    597.279 / 1491.398    ms
[470.559s][info   ][gc,stats    ]       Phase: Concurrent Mark Continue                      0.000 / 0.000         0.000 / 0.000         0.000 / 0.000         0.000 / 0.000       ms
[470.559s][info   ][gc,stats    ]       Phase: Concurrent Mark Free                          0.000 / 0.000         0.002 / 0.004         0.002 / 0.004         0.002 / 0.004       ms
[470.559s][info   ][gc,stats    ]       Phase: Concurrent Process Non-Strong References      0.000 / 0.000       234.496 / 1850.321    234.496 / 1850.321    234.496 / 1850.321    ms
[470.559s][info   ][gc,stats    ]       Phase: Concurrent Relocate                           0.000 / 0.000        15.154 / 32.634       15.154 / 32.634       15.154 / 32.634      ms
[470.559s][info   ][gc,stats    ]       Phase: Concurrent Reset Relocation Set               0.000 / 0.000         0.018 / 0.040         0.018 / 0.040         0.018 / 0.040       ms
[470.559s][info   ][gc,stats    ]       Phase: Concurrent Select Relocation Set              0.000 / 0.000         6.731 / 15.302        6.731 / 15.302        6.731 / 15.302      ms
[470.559s][info   ][gc,stats    ]       Phase: Pause Mark End                                0.000 / 0.000         0.115 / 0.333         0.115 / 0.333         0.115 / 0.333       ms
[470.559s][info   ][gc,stats    ]       Phase: Pause Mark Start                              0.000 / 0.000         0.032 / 0.076         0.032 / 0.076         0.032 / 0.076       ms
[470.559s][info   ][gc,stats    ]       Phase: Pause Relocate Start                          0.000 / 0.000         0.031 / 0.079         0.031 / 0.079         0.031 / 0.079       ms
[470.559s][info   ][gc,stats    ]    Subphase: Concurrent Classes Purge                      0.000 / 0.000         2.997 / 13.941        2.997 / 13.941        2.997 / 13.941      ms
[470.559s][info   ][gc,stats    ]    Subphase: Concurrent Classes Unlink                     0.000 / 0.000       205.334 / 1768.670    205.334 / 1768.670    205.334 / 1768.670    ms
[470.559s][info   ][gc,stats    ]    Subphase: Concurrent Mark                               0.000 / 0.000       417.648 / 1136.625    417.648 / 1136.625    417.648 / 1136.625    ms
[470.559s][info   ][gc,stats    ]    Subphase: Concurrent Mark Try Flush                     0.000 / 0.000        32.420 / 148.506      32.420 / 148.506      32.420 / 148.506     ms
[470.560s][info   ][gc,stats    ]    Subphase: Concurrent Mark Try Terminate                 0.000 / 0.000         2.844 / 148.509       2.844 / 148.509       2.844 / 148.509     ms
[470.560s][info   ][gc,stats    ]    Subphase: Concurrent References Enqueue                 0.000 / 0.000         0.012 / 0.016         0.012 / 0.016         0.012 / 0.016       ms
[470.560s][info   ][gc,stats    ]    Subphase: Concurrent References Process                 0.000 / 0.000         0.678 / 1.351         0.678 / 1.351         0.678 / 1.351       ms
[470.560s][info   ][gc,stats    ]    Subphase: Concurrent Roots ClassLoaderDataGraph         0.000 / 0.000         0.532 / 1.503         0.532 / 1.503         0.532 / 1.503       ms
[470.560s][info   ][gc,stats    ]    Subphase: Concurrent Roots CodeCache                    0.000 / 0.000         0.000 / 0.000         0.000 / 0.000         0.000 / 0.000       ms
[470.560s][info   ][gc,stats    ]    Subphase: Concurrent Roots JavaThreads                  0.000 / 0.000        85.807 / 475.340      85.807 / 475.340      85.807 / 475.340     ms
[470.560s][info   ][gc,stats    ]    Subphase: Concurrent Roots OopStorageSet                0.000 / 0.000         0.157 / 0.370         0.157 / 0.370         0.157 / 0.370       ms
[470.560s][info   ][gc,stats    ]    Subphase: Concurrent Weak Roots OopStorageSet           0.000 / 0.000         4.530 / 9.700         4.530 / 9.700         4.530 / 9.700       ms
[470.560s][info   ][gc,stats    ]    Subphase: Pause Mark Try Complete                       0.000 / 0.000         0.053 / 0.195         0.053 / 0.195         0.053 / 0.195       ms
[470.560s][info   ][gc,stats    ]      System: Java Threads                                      0 / 0                65 / 137              65 / 137              65 / 137         threads
[470.560s][info   ][gc,stats    ] =========================================================================================================================================================
[480.569s][info   ][gc,stats    ] === Garbage Collection Statistics =======================================================================================================================
[480.569s][info   ][gc,stats    ]                                                              Last 10s              Last 10m              Last 10h                Total
[480.569s][info   ][gc,stats    ]                                                              Avg / Max             Avg / Max             Avg / Max             Avg / Max
[480.569s][info   ][gc,stats    ]   Collector: Garbage Collection Cycle                      0.000 / 0.000       908.370 / 3415.907    908.370 / 3415.907    908.370 / 3415.907    ms
[480.569s][info   ][gc,stats    ]  Contention: Mark Segment Reset Contention                     0 / 0                 0 / 2                 0 / 2                 0 / 2           ops/s
[480.569s][info   ][gc,stats    ]  Contention: Mark SeqNum Reset Contention                      0 / 0                 0 / 1                 0 / 1                 0 / 1           ops/s
[480.569s][info   ][gc,stats    ]    Critical: Allocation Stall                                  0 / 0                 0 / 0                 0 / 0                 0 / 0           ops/s
[480.569s][info   ][gc,stats    ]    Critical: Allocation Stall                              0.000 / 0.000         0.000 / 0.000         0.000 / 0.000         0.000 / 0.000       ms
[480.570s][info   ][gc,stats    ]    Critical: GC Locker Stall                                   0 / 0                 0 / 0                 0 / 0                 0 / 0           ops/s
[480.570s][info   ][gc,stats    ]    Critical: GC Locker Stall                               0.000 / 0.000         0.000 / 0.000         0.000 / 0.000         0.000 / 0.000       ms
[480.570s][info   ][gc,stats    ]    Critical: Relocation Stall                                  0 / 0                 0 / 0                 0 / 0                 0 / 0           ops/s
[480.570s][info   ][gc,stats    ]    Critical: Relocation Stall                              0.000 / 0.000         0.000 / 0.000         0.000 / 0.000         0.000 / 0.000       ms
[480.570s][info   ][gc,stats    ]      Memory: Allocation Rate                                   0 / 2                 5 / 68                5 / 68                5 / 68          MB/s
[480.570s][info   ][gc,stats    ]      Memory: Defragment                                        0 / 0                 0 / 0                 0 / 0                 0 / 0           ops/s
[480.570s][info   ][gc,stats    ]      Memory: Out Of Memory                                     0 / 0                 0 / 0                 0 / 0                 0 / 0           ops/s
[480.570s][info   ][gc,stats    ]      Memory: Page Cache Flush                                  0 / 0                 0 / 0                 0 / 0                 0 / 0           MB/s
[480.570s][info   ][gc,stats    ]      Memory: Page Cache Hit L1                                 0 / 1                 2 / 30                2 / 30                2 / 30          ops/s
[480.570s][info   ][gc,stats    ]      Memory: Page Cache Hit L2                                 0 / 0                 0 / 0                 0 / 0                 0 / 0           ops/s
[480.570s][info   ][gc,stats    ]      Memory: Page Cache Hit L3                                 0 / 0                 0 / 26                0 / 26                0 / 26          ops/s
[480.570s][info   ][gc,stats    ]      Memory: Page Cache Miss                                   0 / 0                 0 / 1                 0 / 1                 0 / 1           ops/s
[480.570s][info   ][gc,stats    ]      Memory: Uncommit                                          0 / 0                 0 / 0                 0 / 0                 0 / 0           MB/s
[480.570s][info   ][gc,stats    ]      Memory: Undo Object Allocation Failed                     0 / 0                 0 / 1                 0 / 1                 0 / 1           ops/s
[480.570s][info   ][gc,stats    ]      Memory: Undo Object Allocation Succeeded                  0 / 0                 0 / 74                0 / 74                0 / 74          ops/s
[480.570s][info   ][gc,stats    ]      Memory: Undo Page Allocation                              0 / 0                 0 / 1                 0 / 1                 0 / 1           ops/s
[480.570s][info   ][gc,stats    ]       Phase: Concurrent Mark                               0.000 / 0.000       597.279 / 1491.398    597.279 / 1491.398    597.279 / 1491.398    ms
[480.570s][info   ][gc,stats    ]       Phase: Concurrent Mark Continue                      0.000 / 0.000         0.000 / 0.000         0.000 / 0.000         0.000 / 0.000       ms
[480.571s][info   ][gc,stats    ]       Phase: Concurrent Mark Free                          0.000 / 0.000         0.002 / 0.004         0.002 / 0.004         0.002 / 0.004       ms
[480.571s][info   ][gc,stats    ]       Phase: Concurrent Process Non-Strong References      0.000 / 0.000       234.496 / 1850.321    234.496 / 1850.321    234.496 / 1850.321    ms
[480.571s][info   ][gc,stats    ]       Phase: Concurrent Relocate                           0.000 / 0.000        15.154 / 32.634       15.154 / 32.634       15.154 / 32.634      ms
[480.571s][info   ][gc,stats    ]       Phase: Concurrent Reset Relocation Set               0.000 / 0.000         0.018 / 0.040         0.018 / 0.040         0.018 / 0.040       ms
[480.571s][info   ][gc,stats    ]       Phase: Concurrent Select Relocation Set              0.000 / 0.000         6.731 / 15.302        6.731 / 15.302        6.731 / 15.302      ms
[480.571s][info   ][gc,stats    ]       Phase: Pause Mark End                                0.000 / 0.000         0.115 / 0.333         0.115 / 0.333         0.115 / 0.333       ms
[480.571s][info   ][gc,stats    ]       Phase: Pause Mark Start                              0.000 / 0.000         0.032 / 0.076         0.032 / 0.076         0.032 / 0.076       ms
[480.571s][info   ][gc,stats    ]       Phase: Pause Relocate Start                          0.000 / 0.000         0.031 / 0.079         0.031 / 0.079         0.031 / 0.079       ms
[480.571s][info   ][gc,stats    ]    Subphase: Concurrent Classes Purge                      0.000 / 0.000         2.997 / 13.941        2.997 / 13.941        2.997 / 13.941      ms
[480.571s][info   ][gc,stats    ]    Subphase: Concurrent Classes Unlink                     0.000 / 0.000       205.334 / 1768.670    205.334 / 1768.670    205.334 / 1768.670    ms
[480.571s][info   ][gc,stats    ]    Subphase: Concurrent Mark                               0.000 / 0.000       417.648 / 1136.625    417.648 / 1136.625    417.648 / 1136.625    ms
[480.571s][info   ][gc,stats    ]    Subphase: Concurrent Mark Try Flush                     0.000 / 0.000        32.420 / 148.506      32.420 / 148.506      32.420 / 148.506     ms
[480.571s][info   ][gc,stats    ]    Subphase: Concurrent Mark Try Terminate                 0.000 / 0.000         2.844 / 148.509       2.844 / 148.509       2.844 / 148.509     ms
[480.571s][info   ][gc,stats    ]    Subphase: Concurrent References Enqueue                 0.000 / 0.000         0.012 / 0.016         0.012 / 0.016         0.012 / 0.016       ms
[480.571s][info   ][gc,stats    ]    Subphase: Concurrent References Process                 0.000 / 0.000         0.678 / 1.351         0.678 / 1.351         0.678 / 1.351       ms
[480.571s][info   ][gc,stats    ]    Subphase: Concurrent Roots ClassLoaderDataGraph         0.000 / 0.000         0.532 / 1.503         0.532 / 1.503         0.532 / 1.503       ms
[480.572s][info   ][gc,stats    ]    Subphase: Concurrent Roots CodeCache                    0.000 / 0.000         0.000 / 0.000         0.000 / 0.000         0.000 / 0.000       ms
[480.572s][info   ][gc,stats    ]    Subphase: Concurrent Roots JavaThreads                  0.000 / 0.000        85.807 / 475.340      85.807 / 475.340      85.807 / 475.340     ms
[480.572s][info   ][gc,stats    ]    Subphase: Concurrent Roots OopStorageSet                0.000 / 0.000         0.157 / 0.370         0.157 / 0.370         0.157 / 0.370       ms
[480.572s][info   ][gc,stats    ]    Subphase: Concurrent Weak Roots OopStorageSet           0.000 / 0.000         4.530 / 9.700         4.530 / 9.700         4.530 / 9.700       ms
[480.572s][info   ][gc,stats    ]    Subphase: Pause Mark Try Complete                       0.000 / 0.000         0.053 / 0.195         0.053 / 0.195         0.053 / 0.195       ms
[480.572s][info   ][gc,stats    ]      System: Java Threads                                      0 / 0                65 / 137              65 / 137              65 / 137         threads
[480.572s][info   ][gc,stats    ] =========================================================================================================================================================
[490.570s][info   ][gc,stats    ] === Garbage Collection Statistics =======================================================================================================================
[490.570s][info   ][gc,stats    ]                                                              Last 10s              Last 10m              Last 10h                Total
[490.570s][info   ][gc,stats    ]                                                              Avg / Max             Avg / Max             Avg / Max             Avg / Max
[490.570s][info   ][gc,stats    ]   Collector: Garbage Collection Cycle                      0.000 / 0.000       908.370 / 3415.907    908.370 / 3415.907    908.370 / 3415.907    ms
[490.570s][info   ][gc,stats    ]  Contention: Mark Segment Reset Contention                     0 / 0                 0 / 2                 0 / 2                 0 / 2           ops/s
[490.571s][info   ][gc,stats    ]  Contention: Mark SeqNum Reset Contention                      0 / 0                 0 / 1                 0 / 1                 0 / 1           ops/s
[490.571s][info   ][gc,stats    ]    Critical: Allocation Stall                                  0 / 0                 0 / 0                 0 / 0                 0 / 0           ops/s
[490.571s][info   ][gc,stats    ]    Critical: Allocation Stall                              0.000 / 0.000         0.000 / 0.000         0.000 / 0.000         0.000 / 0.000       ms
[490.571s][info   ][gc,stats    ]    Critical: GC Locker Stall                                   0 / 0                 0 / 0                 0 / 0                 0 / 0           ops/s
[490.571s][info   ][gc,stats    ]    Critical: GC Locker Stall                               0.000 / 0.000         0.000 / 0.000         0.000 / 0.000         0.000 / 0.000       ms
[490.571s][info   ][gc,stats    ]    Critical: Relocation Stall                                  0 / 0                 0 / 0                 0 / 0                 0 / 0           ops/s
[490.571s][info   ][gc,stats    ]    Critical: Relocation Stall                              0.000 / 0.000         0.000 / 0.000         0.000 / 0.000         0.000 / 0.000       ms
[490.571s][info   ][gc,stats    ]      Memory: Allocation Rate                                   0 / 0                 5 / 68                5 / 68                5 / 68          MB/s
[490.571s][info   ][gc,stats    ]      Memory: Defragment                                        0 / 0                 0 / 0                 0 / 0                 0 / 0           ops/s
[490.571s][info   ][gc,stats    ]      Memory: Out Of Memory                                     0 / 0                 0 / 0                 0 / 0                 0 / 0           ops/s
[490.571s][info   ][gc,stats    ]      Memory: Page Cache Flush                                  0 / 0                 0 / 0                 0 / 0                 0 / 0           MB/s
[490.571s][info   ][gc,stats    ]      Memory: Page Cache Hit L1                                 0 / 0                 2 / 30                2 / 30                2 / 30          ops/s
[490.571s][info   ][gc,stats    ]      Memory: Page Cache Hit L2                                 0 / 0                 0 / 0                 0 / 0                 0 / 0           ops/s
[490.572s][info   ][gc,stats    ]      Memory: Page Cache Hit L3                                 0 / 0                 0 / 26                0 / 26                0 / 26          ops/s
[490.572s][info   ][gc,stats    ]      Memory: Page Cache Miss                                   0 / 0                 0 / 1                 0 / 1                 0 / 1           ops/s
[490.572s][info   ][gc,stats    ]      Memory: Uncommit                                          0 / 0                 0 / 0                 0 / 0                 0 / 0           MB/s
[490.572s][info   ][gc,stats    ]      Memory: Undo Object Allocation Failed                     0 / 0                 0 / 1                 0 / 1                 0 / 1           ops/s
[490.572s][info   ][gc,stats    ]      Memory: Undo Object Allocation Succeeded                  0 / 0                 0 / 74                0 / 74                0 / 74          ops/s
[490.572s][info   ][gc,stats    ]      Memory: Undo Page Allocation                              0 / 0                 0 / 1                 0 / 1                 0 / 1           ops/s
[490.572s][info   ][gc,stats    ]       Phase: Concurrent Mark                               0.000 / 0.000       597.279 / 1491.398    597.279 / 1491.398    597.279 / 1491.398    ms
[490.572s][info   ][gc,stats    ]       Phase: Concurrent Mark Continue                      0.000 / 0.000         0.000 / 0.000         0.000 / 0.000         0.000 / 0.000       ms
[490.572s][info   ][gc,stats    ]       Phase: Concurrent Mark Free                          0.000 / 0.000         0.002 / 0.004         0.002 / 0.004         0.002 / 0.004       ms
[490.572s][info   ][gc,stats    ]       Phase: Concurrent Process Non-Strong References      0.000 / 0.000       234.496 / 1850.321    234.496 / 1850.321    234.496 / 1850.321    ms
[490.572s][info   ][gc,stats    ]       Phase: Concurrent Relocate                           0.000 / 0.000        15.154 / 32.634       15.154 / 32.634       15.154 / 32.634      ms
[490.573s][info   ][gc,stats    ]       Phase: Concurrent Reset Relocation Set               0.000 / 0.000         0.018 / 0.040         0.018 / 0.040         0.018 / 0.040       ms
[490.573s][info   ][gc,stats    ]       Phase: Concurrent Select Relocation Set              0.000 / 0.000         6.731 / 15.302        6.731 / 15.302        6.731 / 15.302      ms
[490.573s][info   ][gc,stats    ]       Phase: Pause Mark End                                0.000 / 0.000         0.115 / 0.333         0.115 / 0.333         0.115 / 0.333       ms
[490.573s][info   ][gc,stats    ]       Phase: Pause Mark Start                              0.000 / 0.000         0.032 / 0.076         0.032 / 0.076         0.032 / 0.076       ms
[490.573s][info   ][gc,stats    ]       Phase: Pause Relocate Start                          0.000 / 0.000         0.031 / 0.079         0.031 / 0.079         0.031 / 0.079       ms
[490.573s][info   ][gc,stats    ]    Subphase: Concurrent Classes Purge                      0.000 / 0.000         2.997 / 13.941        2.997 / 13.941        2.997 / 13.941      ms
[490.573s][info   ][gc,stats    ]    Subphase: Concurrent Classes Unlink                     0.000 / 0.000       205.334 / 1768.670    205.334 / 1768.670    205.334 / 1768.670    ms
[490.573s][info   ][gc,stats    ]    Subphase: Concurrent Mark                               0.000 / 0.000       417.648 / 1136.625    417.648 / 1136.625    417.648 / 1136.625    ms
[490.573s][info   ][gc,stats    ]    Subphase: Concurrent Mark Try Flush                     0.000 / 0.000        32.420 / 148.506      32.420 / 148.506      32.420 / 148.506     ms
[490.573s][info   ][gc,stats    ]    Subphase: Concurrent Mark Try Terminate                 0.000 / 0.000         2.844 / 148.509       2.844 / 148.509       2.844 / 148.509     ms
[490.573s][info   ][gc,stats    ]    Subphase: Concurrent References Enqueue                 0.000 / 0.000         0.012 / 0.016         0.012 / 0.016         0.012 / 0.016       ms
[490.573s][info   ][gc,stats    ]    Subphase: Concurrent References Process                 0.000 / 0.000         0.678 / 1.351         0.678 / 1.351         0.678 / 1.351       ms
[490.574s][info   ][gc,stats    ]    Subphase: Concurrent Roots ClassLoaderDataGraph         0.000 / 0.000         0.532 / 1.503         0.532 / 1.503         0.532 / 1.503       ms
[490.574s][info   ][gc,stats    ]    Subphase: Concurrent Roots CodeCache                    0.000 / 0.000         0.000 / 0.000         0.000 / 0.000         0.000 / 0.000       ms
[490.574s][info   ][gc,stats    ]    Subphase: Concurrent Roots JavaThreads                  0.000 / 0.000        85.807 / 475.340      85.807 / 475.340      85.807 / 475.340     ms
[490.574s][info   ][gc,stats    ]    Subphase: Concurrent Roots OopStorageSet                0.000 / 0.000         0.157 / 0.370         0.157 / 0.370         0.157 / 0.370       ms
[490.574s][info   ][gc,stats    ]    Subphase: Concurrent Weak Roots OopStorageSet           0.000 / 0.000         4.530 / 9.700         4.530 / 9.700         4.530 / 9.700       ms
[490.574s][info   ][gc,stats    ]    Subphase: Pause Mark Try Complete                       0.000 / 0.000         0.053 / 0.195         0.053 / 0.195         0.053 / 0.195       ms
[490.574s][info   ][gc,stats    ]      System: Java Threads                                      0 / 0                65 / 137              65 / 137              65 / 137         threads
[490.574s][info   ][gc,stats    ] =========================================================================================================================================================
[492.366s][info   ][gc,start    ] GC(17) Garbage Collection (Proactive)
[492.366s][info   ][gc,task     ] GC(17) Using 2 workers
[492.367s][info   ][gc,phases   ] GC(17) Pause Mark Start 0.050ms
[492.614s][info   ][gc,phases   ] GC(17) Concurrent Mark 246.946ms
[492.614s][info   ][gc,phases   ] GC(17) Pause Mark End 0.034ms
[492.614s][info   ][gc,phases   ] GC(17) Concurrent Mark Free 0.001ms
[492.640s][info   ][gc,phases   ] GC(17) Concurrent Process Non-Strong References 26.066ms
[492.640s][info   ][gc,phases   ] GC(17) Concurrent Reset Relocation Set 0.022ms
[492.644s][info   ][gc,phases   ] GC(17) Concurrent Select Relocation Set 4.105ms
[492.645s][info   ][gc,phases   ] GC(17) Pause Relocate Start 0.024ms
[492.647s][info   ][gc,phases   ] GC(17) Concurrent Relocate 2.522ms
[492.647s][info   ][gc,load     ] GC(17) Load: 0.00/0.00/0.00
[492.647s][info   ][gc,mmu      ] GC(17) MMU: 2ms/83.4%, 5ms/93.4%, 10ms/96.7%, 20ms/98.3%, 50ms/99.3%, 100ms/99.7%
[492.647s][info   ][gc,marking  ] GC(17) Mark: 2 stripe(s), 2 proactive flush(es), 1 terminate flush(es), 0 completion(s), 0 continuation(s) 
[492.648s][info   ][gc,marking  ] GC(17) Mark Stack Usage: 32M
[492.648s][info   ][gc,nmethod  ] GC(17) NMethods: 7592 registered, 2176 unregistered
[492.648s][info   ][gc,metaspace] GC(17) Metaspace: 123M used, 125M committed, 1152M reserved
[492.648s][info   ][gc,ref      ] GC(17) Soft: 23266 encountered, 0 discovered, 0 enqueued
[492.648s][info   ][gc,ref      ] GC(17) Weak: 11059 encountered, 1693 discovered, 235 enqueued
[492.648s][info   ][gc,ref      ] GC(17) Final: 35 encountered, 0 discovered, 0 enqueued
[492.648s][info   ][gc,ref      ] GC(17) Phantom: 581 encountered, 304 discovered, 0 enqueued
[492.648s][info   ][gc,reloc    ] GC(17) Small Pages: 77 / 154M, Empty: 4M, Relocated: 3M, In-Place: 0
[492.648s][info   ][gc,reloc    ] GC(17) Medium Pages: 1 / 16M, Empty: 0M, Relocated: 0M, In-Place: 0
[492.648s][info   ][gc,reloc    ] GC(17) Large Pages: 0 / 0M, Empty: 0M, Relocated: 0M, In-Place: 0
[492.648s][info   ][gc,reloc    ] GC(17) Forwarding Usage: 0M
[492.648s][info   ][gc,heap     ] GC(17) Min Capacity: 512M(100%)
[492.648s][info   ][gc,heap     ] GC(17) Max Capacity: 512M(100%)
[492.648s][info   ][gc,heap     ] GC(17) Soft Max Capacity: 512M(100%)
[492.648s][info   ][gc,heap     ] GC(17)                Mark Start          Mark End        Relocate Start      Relocate End           High               Low         
[492.648s][info   ][gc,heap     ] GC(17)  Capacity:      512M (100%)        512M (100%)        512M (100%)        512M (100%)        512M (100%)        512M (100%)   
[492.648s][info   ][gc,heap     ] GC(17)      Free:      342M (67%)         336M (66%)         340M (66%)         392M (77%)         392M (77%)         336M (66%)    
[492.648s][info   ][gc,heap     ] GC(17)      Used:      170M (33%)         176M (34%)         172M (34%)         120M (23%)         176M (34%)         120M (23%)    
[492.648s][info   ][gc,heap     ] GC(17)      Live:         -                84M (16%)          84M (16%)          84M (16%)            -                  -          
[492.649s][info   ][gc,heap     ] GC(17) Allocated:         -                 6M (1%)            6M (1%)            7M (2%)             -                  -          
[492.649s][info   ][gc,heap     ] GC(17)   Garbage:         -                85M (17%)          81M (16%)          27M (5%)             -                  -          
[492.649s][info   ][gc,heap     ] GC(17) Reclaimed:         -                  -                 4M (1%)           57M (11%)            -                  -          
[492.649s][info   ][gc          ] GC(17) Garbage Collection (Proactive) 170M(33%)->120M(23%)
[500.568s][info   ][gc,stats    ] === Garbage Collection Statistics =======================================================================================================================
[500.568s][info   ][gc,stats    ]                                                              Last 10s              Last 10m              Last 10h                Total
[500.568s][info   ][gc,stats    ]                                                              Avg / Max             Avg / Max             Avg / Max             Avg / Max
[500.568s][info   ][gc,stats    ]   Collector: Garbage Collection Cycle                    281.304 / 281.304     873.533 / 3415.907    873.533 / 3415.907    873.533 / 3415.907    ms
[500.568s][info   ][gc,stats    ]  Contention: Mark Segment Reset Contention                     0 / 0                 0 / 2                 0 / 2                 0 / 2           ops/s
[500.568s][info   ][gc,stats    ]  Contention: Mark SeqNum Reset Contention                      0 / 0                 0 / 1                 0 / 1                 0 / 1           ops/s
[500.569s][info   ][gc,stats    ]    Critical: Allocation Stall                                  0 / 0                 0 / 0                 0 / 0                 0 / 0           ops/s
[500.569s][info   ][gc,stats    ]    Critical: Allocation Stall                              0.000 / 0.000         0.000 / 0.000         0.000 / 0.000         0.000 / 0.000       ms
[500.569s][info   ][gc,stats    ]    Critical: GC Locker Stall                                   0 / 0                 0 / 0                 0 / 0                 0 / 0           ops/s
[500.569s][info   ][gc,stats    ]    Critical: GC Locker Stall                               0.000 / 0.000         0.000 / 0.000         0.000 / 0.000         0.000 / 0.000       ms
[500.569s][info   ][gc,stats    ]    Critical: Relocation Stall                                  0 / 0                 0 / 0                 0 / 0                 0 / 0           ops/s
[500.569s][info   ][gc,stats    ]    Critical: Relocation Stall                              0.000 / 0.000         0.000 / 0.000         0.000 / 0.000         0.000 / 0.000       ms
[500.569s][info   ][gc,stats    ]      Memory: Allocation Rate                                   1 / 8                 5 / 68                5 / 68                5 / 68          MB/s
[500.569s][info   ][gc,stats    ]      Memory: Defragment                                        0 / 0                 0 / 0                 0 / 0                 0 / 0           ops/s
[500.569s][info   ][gc,stats    ]      Memory: Out Of Memory                                     0 / 0                 0 / 0                 0 / 0                 0 / 0           ops/s
[500.569s][info   ][gc,stats    ]      Memory: Page Cache Flush                                  0 / 0                 0 / 0                 0 / 0                 0 / 0           MB/s
[500.569s][info   ][gc,stats    ]      Memory: Page Cache Hit L1                                 0 / 6                 2 / 30                2 / 30                2 / 30          ops/s
[500.569s][info   ][gc,stats    ]      Memory: Page Cache Hit L2                                 0 / 0                 0 / 0                 0 / 0                 0 / 0           ops/s
[500.569s][info   ][gc,stats    ]      Memory: Page Cache Hit L3                                 0 / 0                 0 / 26                0 / 26                0 / 26          ops/s
[500.569s][info   ][gc,stats    ]      Memory: Page Cache Miss                                   0 / 0                 0 / 1                 0 / 1                 0 / 1           ops/s
[500.569s][info   ][gc,stats    ]      Memory: Uncommit                                          0 / 0                 0 / 0                 0 / 0                 0 / 0           MB/s
[500.570s][info   ][gc,stats    ]      Memory: Undo Object Allocation Failed                     0 / 0                 0 / 1                 0 / 1                 0 / 1           ops/s
[500.570s][info   ][gc,stats    ]      Memory: Undo Object Allocation Succeeded                  0 / 0                 0 / 74                0 / 74                0 / 74          ops/s
[500.570s][info   ][gc,stats    ]      Memory: Undo Page Allocation                              0 / 0                 0 / 1                 0 / 1                 0 / 1           ops/s
[500.570s][info   ][gc,stats    ]       Phase: Concurrent Mark                             246.946 / 246.946     577.816 / 1491.398    577.816 / 1491.398    577.816 / 1491.398    ms
[500.570s][info   ][gc,stats    ]       Phase: Concurrent Mark Continue                      0.000 / 0.000         0.000 / 0.000         0.000 / 0.000         0.000 / 0.000       ms
[500.570s][info   ][gc,stats    ]       Phase: Concurrent Mark Free                          0.001 / 0.001         0.002 / 0.004         0.002 / 0.004         0.002 / 0.004       ms
[500.570s][info   ][gc,stats    ]       Phase: Concurrent Process Non-Strong References     26.066 / 26.066      222.917 / 1850.321    222.917 / 1850.321    222.917 / 1850.321    ms
[500.570s][info   ][gc,stats    ]       Phase: Concurrent Relocate                           2.522 / 2.522        14.453 / 32.634       14.453 / 32.634       14.453 / 32.634      ms
[500.570s][info   ][gc,stats    ]       Phase: Concurrent Reset Relocation Set               0.022 / 0.022         0.019 / 0.040         0.019 / 0.040         0.019 / 0.040       ms
[500.570s][info   ][gc,stats    ]       Phase: Concurrent Select Relocation Set              4.105 / 4.105         6.585 / 15.302        6.585 / 15.302        6.585 / 15.302      ms
[500.570s][info   ][gc,stats    ]       Phase: Pause Mark End                                0.034 / 0.034         0.111 / 0.333         0.111 / 0.333         0.111 / 0.333       ms
[500.570s][info   ][gc,stats    ]       Phase: Pause Mark Start                              0.050 / 0.050         0.033 / 0.076         0.033 / 0.076         0.033 / 0.076       ms
[500.570s][info   ][gc,stats    ]       Phase: Pause Relocate Start                          0.024 / 0.024         0.031 / 0.079         0.031 / 0.079         0.031 / 0.079       ms
[500.570s][info   ][gc,stats    ]    Subphase: Concurrent Classes Purge                      0.017 / 0.017         2.831 / 13.941        2.831 / 13.941        2.831 / 13.941      ms
[500.570s][info   ][gc,stats    ]    Subphase: Concurrent Classes Unlink                    21.659 / 21.659      195.130 / 1768.670    195.130 / 1768.670    195.130 / 1768.670    ms
[500.571s][info   ][gc,stats    ]    Subphase: Concurrent Mark                             237.312 / 238.125     406.013 / 1136.625    406.013 / 1136.625    406.013 / 1136.625    ms
[500.571s][info   ][gc,stats    ]    Subphase: Concurrent Mark Try Flush                     0.154 / 0.162        31.663 / 148.506      31.663 / 148.506      31.663 / 148.506     ms
[500.571s][info   ][gc,stats    ]    Subphase: Concurrent Mark Try Terminate                 1.450 / 4.198         2.840 / 148.509       2.840 / 148.509       2.840 / 148.509     ms
[500.571s][info   ][gc,stats    ]    Subphase: Concurrent References Enqueue                 0.007 / 0.007         0.011 / 0.016         0.011 / 0.016         0.011 / 0.016       ms
[500.571s][info   ][gc,stats    ]    Subphase: Concurrent References Process                 0.273 / 0.273         0.656 / 1.351         0.656 / 1.351         0.656 / 1.351       ms
[500.571s][info   ][gc,stats    ]    Subphase: Concurrent Roots ClassLoaderDataGraph         0.771 / 1.166         0.548 / 1.503         0.548 / 1.503         0.548 / 1.503       ms
[500.571s][info   ][gc,stats    ]    Subphase: Concurrent Roots CodeCache                    0.000 / 0.000         0.000 / 0.000         0.000 / 0.000         0.000 / 0.000       ms
[500.571s][info   ][gc,stats    ]    Subphase: Concurrent Roots JavaThreads                  7.602 / 7.957        80.761 / 475.340      80.761 / 475.340      80.761 / 475.340     ms
[500.571s][info   ][gc,stats    ]    Subphase: Concurrent Roots OopStorageSet                0.177 / 0.179         0.158 / 0.370         0.158 / 0.370         0.158 / 0.370       ms
[500.571s][info   ][gc,stats    ]    Subphase: Concurrent Weak Roots OopStorageSet           3.782 / 3.792         4.481 / 9.700         4.481 / 9.700         4.481 / 9.700       ms
[500.571s][info   ][gc,stats    ]    Subphase: Pause Mark Try Complete                       0.000 / 0.000         0.053 / 0.195         0.053 / 0.195         0.053 / 0.195       ms
[500.571s][info   ][gc,stats    ]      System: Java Threads                                     46 / 46               64 / 137              64 / 137              64 / 137         threads
[500.571s][info   ][gc,stats    ] =========================================================================================================================================================
[510.557s][info   ][gc,stats    ] === Garbage Collection Statistics =======================================================================================================================
[510.557s][info   ][gc,stats    ]                                                              Last 10s              Last 10m              Last 10h                Total
[510.558s][info   ][gc,stats    ]                                                              Avg / Max             Avg / Max             Avg / Max             Avg / Max
[510.558s][info   ][gc,stats    ]   Collector: Garbage Collection Cycle                      0.000 / 0.000       873.533 / 3415.907    873.533 / 3415.907    873.533 / 3415.907    ms
[510.558s][info   ][gc,stats    ]  Contention: Mark Segment Reset Contention                     0 / 0                 0 / 2                 0 / 2                 0 / 2           ops/s
[510.558s][info   ][gc,stats    ]  Contention: Mark SeqNum Reset Contention                      0 / 0                 0 / 1                 0 / 1                 0 / 1           ops/s
[510.558s][info   ][gc,stats    ]    Critical: Allocation Stall                                  0 / 0                 0 / 0                 0 / 0                 0 / 0           ops/s
[510.558s][info   ][gc,stats    ]    Critical: Allocation Stall                              0.000 / 0.000         0.000 / 0.000         0.000 / 0.000         0.000 / 0.000       ms
[510.558s][info   ][gc,stats    ]    Critical: GC Locker Stall                                   0 / 0                 0 / 0                 0 / 0                 0 / 0           ops/s
[510.558s][info   ][gc,stats    ]    Critical: GC Locker Stall                               0.000 / 0.000         0.000 / 0.000         0.000 / 0.000         0.000 / 0.000       ms
[510.558s][info   ][gc,stats    ]    Critical: Relocation Stall                                  0 / 0                 0 / 0                 0 / 0                 0 / 0           ops/s
[510.558s][info   ][gc,stats    ]    Critical: Relocation Stall                              0.000 / 0.000         0.000 / 0.000         0.000 / 0.000         0.000 / 0.000       ms
[510.559s][info   ][gc,stats    ]      Memory: Allocation Rate                                   0 / 2                 5 / 68                5 / 68                5 / 68          MB/s
[510.559s][info   ][gc,stats    ]      Memory: Defragment                                        0 / 0                 0 / 0                 0 / 0                 0 / 0           ops/s
[510.559s][info   ][gc,stats    ]      Memory: Out Of Memory                                     0 / 0                 0 / 0                 0 / 0                 0 / 0           ops/s
[510.559s][info   ][gc,stats    ]      Memory: Page Cache Flush                                  0 / 0                 0 / 0                 0 / 0                 0 / 0           MB/s
[510.559s][info   ][gc,stats    ]      Memory: Page Cache Hit L1                                 0 / 1                 2 / 30                2 / 30                2 / 30          ops/s
[510.559s][info   ][gc,stats    ]      Memory: Page Cache Hit L2                                 0 / 0                 0 / 0                 0 / 0                 0 / 0           ops/s
[510.559s][info   ][gc,stats    ]      Memory: Page Cache Hit L3                                 0 / 0                 0 / 26                0 / 26                0 / 26          ops/s
[510.559s][info   ][gc,stats    ]      Memory: Page Cache Miss                                   0 / 0                 0 / 1                 0 / 1                 0 / 1           ops/s
[510.559s][info   ][gc,stats    ]      Memory: Uncommit                                          0 / 0                 0 / 0                 0 / 0                 0 / 0           MB/s
[510.560s][info   ][gc,stats    ]      Memory: Undo Object Allocation Failed                     0 / 0                 0 / 1                 0 / 1                 0 / 1           ops/s
[510.560s][info   ][gc,stats    ]      Memory: Undo Object Allocation Succeeded                  0 / 0                 0 / 74                0 / 74                0 / 74          ops/s
[510.560s][info   ][gc,stats    ]      Memory: Undo Page Allocation                              0 / 0                 0 / 1                 0 / 1                 0 / 1           ops/s
[510.560s][info   ][gc,stats    ]       Phase: Concurrent Mark                               0.000 / 0.000       577.816 / 1491.398    577.816 / 1491.398    577.816 / 1491.398    ms
[510.560s][info   ][gc,stats    ]       Phase: Concurrent Mark Continue                      0.000 / 0.000         0.000 / 0.000         0.000 / 0.000         0.000 / 0.000       ms
[510.560s][info   ][gc,stats    ]       Phase: Concurrent Mark Free                          0.000 / 0.000         0.002 / 0.004         0.002 / 0.004         0.002 / 0.004       ms
[510.560s][info   ][gc,stats    ]       Phase: Concurrent Process Non-Strong References      0.000 / 0.000       222.917 / 1850.321    222.917 / 1850.321    222.917 / 1850.321    ms
[510.560s][info   ][gc,stats    ]       Phase: Concurrent Relocate                           0.000 / 0.000        14.453 / 32.634       14.453 / 32.634       14.453 / 32.634      ms
[510.560s][info   ][gc,stats    ]       Phase: Concurrent Reset Relocation Set               0.000 / 0.000         0.019 / 0.040         0.019 / 0.040         0.019 / 0.040       ms
[510.561s][info   ][gc,stats    ]       Phase: Concurrent Select Relocation Set              0.000 / 0.000         6.585 / 15.302        6.585 / 15.302        6.585 / 15.302      ms
[510.561s][info   ][gc,stats    ]       Phase: Pause Mark End                                0.000 / 0.000         0.111 / 0.333         0.111 / 0.333         0.111 / 0.333       ms
[510.561s][info   ][gc,stats    ]       Phase: Pause Mark Start                              0.000 / 0.000         0.033 / 0.076         0.033 / 0.076         0.033 / 0.076       ms
[510.561s][info   ][gc,stats    ]       Phase: Pause Relocate Start                          0.000 / 0.000         0.031 / 0.079         0.031 / 0.079         0.031 / 0.079       ms
[510.561s][info   ][gc,stats    ]    Subphase: Concurrent Classes Purge                      0.000 / 0.000         2.831 / 13.941        2.831 / 13.941        2.831 / 13.941      ms
[510.561s][info   ][gc,stats    ]    Subphase: Concurrent Classes Unlink                     0.000 / 0.000       195.130 / 1768.670    195.130 / 1768.670    195.130 / 1768.670    ms
[510.562s][info   ][gc,stats    ]    Subphase: Concurrent Mark                               0.000 / 0.000       406.013 / 1136.625    406.013 / 1136.625    406.013 / 1136.625    ms
[510.562s][info   ][gc,stats    ]    Subphase: Concurrent Mark Try Flush                     0.000 / 0.000        31.663 / 148.506      31.663 / 148.506      31.663 / 148.506     ms
[510.562s][info   ][gc,stats    ]    Subphase: Concurrent Mark Try Terminate                 0.000 / 0.000         2.840 / 148.509       2.840 / 148.509       2.840 / 148.509     ms
[510.562s][info   ][gc,stats    ]    Subphase: Concurrent References Enqueue                 0.000 / 0.000         0.011 / 0.016         0.011 / 0.016         0.011 / 0.016       ms
[510.562s][info   ][gc,stats    ]    Subphase: Concurrent References Process                 0.000 / 0.000         0.656 / 1.351         0.656 / 1.351         0.656 / 1.351       ms
[510.562s][info   ][gc,stats    ]    Subphase: Concurrent Roots ClassLoaderDataGraph         0.000 / 0.000         0.548 / 1.503         0.548 / 1.503         0.548 / 1.503       ms
[510.562s][info   ][gc,stats    ]    Subphase: Concurrent Roots CodeCache                    0.000 / 0.000         0.000 / 0.000         0.000 / 0.000         0.000 / 0.000       ms
[510.562s][info   ][gc,stats    ]    Subphase: Concurrent Roots JavaThreads                  0.000 / 0.000        80.761 / 475.340      80.761 / 475.340      80.761 / 475.340     ms
[510.562s][info   ][gc,stats    ]    Subphase: Concurrent Roots OopStorageSet                0.000 / 0.000         0.158 / 0.370         0.158 / 0.370         0.158 / 0.370       ms
[510.562s][info   ][gc,stats    ]    Subphase: Concurrent Weak Roots OopStorageSet           0.000 / 0.000         4.481 / 9.700         4.481 / 9.700         4.481 / 9.700       ms
[510.562s][info   ][gc,stats    ]    Subphase: Pause Mark Try Complete                       0.000 / 0.000         0.053 / 0.195         0.053 / 0.195         0.053 / 0.195       ms
[510.562s][info   ][gc,stats    ]      System: Java Threads                                      0 / 0                64 / 137              64 / 137              64 / 137         threads
[510.562s][info   ][gc,stats    ] =========================================================================================================================================================
[520.562s][info   ][gc,stats    ] === Garbage Collection Statistics =======================================================================================================================
[520.562s][info   ][gc,stats    ]                                                              Last 10s              Last 10m              Last 10h                Total
[520.562s][info   ][gc,stats    ]                                                              Avg / Max             Avg / Max             Avg / Max             Avg / Max
[520.563s][info   ][gc,stats    ]   Collector: Garbage Collection Cycle                      0.000 / 0.000       873.533 / 3415.907    873.533 / 3415.907    873.533 / 3415.907    ms
[520.563s][info   ][gc,stats    ]  Contention: Mark Segment Reset Contention                     0 / 0                 0 / 2                 0 / 2                 0 / 2           ops/s
[520.563s][info   ][gc,stats    ]  Contention: Mark SeqNum Reset Contention                      0 / 0                 0 / 1                 0 / 1                 0 / 1           ops/s
[520.563s][info   ][gc,stats    ]    Critical: Allocation Stall                                  0 / 0                 0 / 0                 0 / 0                 0 / 0           ops/s
[520.563s][info   ][gc,stats    ]    Critical: Allocation Stall                              0.000 / 0.000         0.000 / 0.000         0.000 / 0.000         0.000 / 0.000       ms
[520.563s][info   ][gc,stats    ]    Critical: GC Locker Stall                                   0 / 0                 0 / 0                 0 / 0                 0 / 0           ops/s
[520.563s][info   ][gc,stats    ]    Critical: GC Locker Stall                               0.000 / 0.000         0.000 / 0.000         0.000 / 0.000         0.000 / 0.000       ms
[520.563s][info   ][gc,stats    ]    Critical: Relocation Stall                                  0 / 0                 0 / 0                 0 / 0                 0 / 0           ops/s
[520.563s][info   ][gc,stats    ]    Critical: Relocation Stall                              0.000 / 0.000         0.000 / 0.000         0.000 / 0.000         0.000 / 0.000       ms
[520.563s][info   ][gc,stats    ]      Memory: Allocation Rate                                   0 / 0                 5 / 68                5 / 68                5 / 68          MB/s
[520.563s][info   ][gc,stats    ]      Memory: Defragment                                        0 / 0                 0 / 0                 0 / 0                 0 / 0           ops/s
[520.563s][info   ][gc,stats    ]      Memory: Out Of Memory                                     0 / 0                 0 / 0                 0 / 0                 0 / 0           ops/s
[520.563s][info   ][gc,stats    ]      Memory: Page Cache Flush                                  0 / 0                 0 / 0                 0 / 0                 0 / 0           MB/s
[520.563s][info   ][gc,stats    ]      Memory: Page Cache Hit L1                                 0 / 0                 2 / 30                2 / 30                2 / 30          ops/s
[520.563s][info   ][gc,stats    ]      Memory: Page Cache Hit L2                                 0 / 0                 0 / 0                 0 / 0                 0 / 0           ops/s
[520.563s][info   ][gc,stats    ]      Memory: Page Cache Hit L3                                 0 / 0                 0 / 26                0 / 26                0 / 26          ops/s
[520.563s][info   ][gc,stats    ]      Memory: Page Cache Miss                                   0 / 0                 0 / 1                 0 / 1                 0 / 1           ops/s
[520.564s][info   ][gc,stats    ]      Memory: Uncommit                                          0 / 0                 0 / 0                 0 / 0                 0 / 0           MB/s
[520.564s][info   ][gc,stats    ]      Memory: Undo Object Allocation Failed                     0 / 0                 0 / 1                 0 / 1                 0 / 1           ops/s
[520.564s][info   ][gc,stats    ]      Memory: Undo Object Allocation Succeeded                  0 / 0                 0 / 74                0 / 74                0 / 74          ops/s
[520.564s][info   ][gc,stats    ]      Memory: Undo Page Allocation                              0 / 0                 0 / 1                 0 / 1                 0 / 1           ops/s
[520.564s][info   ][gc,stats    ]       Phase: Concurrent Mark                               0.000 / 0.000       577.816 / 1491.398    577.816 / 1491.398    577.816 / 1491.398    ms
[520.564s][info   ][gc,stats    ]       Phase: Concurrent Mark Continue                      0.000 / 0.000         0.000 / 0.000         0.000 / 0.000         0.000 / 0.000       ms
[520.564s][info   ][gc,stats    ]       Phase: Concurrent Mark Free                          0.000 / 0.000         0.002 / 0.004         0.002 / 0.004         0.002 / 0.004       ms
[520.564s][info   ][gc,stats    ]       Phase: Concurrent Process Non-Strong References      0.000 / 0.000       222.917 / 1850.321    222.917 / 1850.321    222.917 / 1850.321    ms
[520.564s][info   ][gc,stats    ]       Phase: Concurrent Relocate                           0.000 / 0.000        14.453 / 32.634       14.453 / 32.634       14.453 / 32.634      ms
[520.564s][info   ][gc,stats    ]       Phase: Concurrent Reset Relocation Set               0.000 / 0.000         0.019 / 0.040         0.019 / 0.040         0.019 / 0.040       ms
[520.564s][info   ][gc,stats    ]       Phase: Concurrent Select Relocation Set              0.000 / 0.000         6.585 / 15.302        6.585 / 15.302        6.585 / 15.302      ms
[520.564s][info   ][gc,stats    ]       Phase: Pause Mark End                                0.000 / 0.000         0.111 / 0.333         0.111 / 0.333         0.111 / 0.333       ms
[520.564s][info   ][gc,stats    ]       Phase: Pause Mark Start                              0.000 / 0.000         0.033 / 0.076         0.033 / 0.076         0.033 / 0.076       ms
[520.564s][info   ][gc,stats    ]       Phase: Pause Relocate Start                          0.000 / 0.000         0.031 / 0.079         0.031 / 0.079         0.031 / 0.079       ms
[520.564s][info   ][gc,stats    ]    Subphase: Concurrent Classes Purge                      0.000 / 0.000         2.831 / 13.941        2.831 / 13.941        2.831 / 13.941      ms
[520.565s][info   ][gc,stats    ]    Subphase: Concurrent Classes Unlink                     0.000 / 0.000       195.130 / 1768.670    195.130 / 1768.670    195.130 / 1768.670    ms
[520.565s][info   ][gc,stats    ]    Subphase: Concurrent Mark                               0.000 / 0.000       406.013 / 1136.625    406.013 / 1136.625    406.013 / 1136.625    ms
[520.565s][info   ][gc,stats    ]    Subphase: Concurrent Mark Try Flush                     0.000 / 0.000        31.663 / 148.506      31.663 / 148.506      31.663 / 148.506     ms
[520.565s][info   ][gc,stats    ]    Subphase: Concurrent Mark Try Terminate                 0.000 / 0.000         2.840 / 148.509       2.840 / 148.509       2.840 / 148.509     ms
[520.565s][info   ][gc,stats    ]    Subphase: Concurrent References Enqueue                 0.000 / 0.000         0.011 / 0.016         0.011 / 0.016         0.011 / 0.016       ms
[520.565s][info   ][gc,stats    ]    Subphase: Concurrent References Process                 0.000 / 0.000         0.656 / 1.351         0.656 / 1.351         0.656 / 1.351       ms
[520.565s][info   ][gc,stats    ]    Subphase: Concurrent Roots ClassLoaderDataGraph         0.000 / 0.000         0.548 / 1.503         0.548 / 1.503         0.548 / 1.503       ms
[520.565s][info   ][gc,stats    ]    Subphase: Concurrent Roots CodeCache                    0.000 / 0.000         0.000 / 0.000         0.000 / 0.000         0.000 / 0.000       ms
[520.565s][info   ][gc,stats    ]    Subphase: Concurrent Roots JavaThreads                  0.000 / 0.000        80.761 / 475.340      80.761 / 475.340      80.761 / 475.340     ms
[520.565s][info   ][gc,stats    ]    Subphase: Concurrent Roots OopStorageSet                0.000 / 0.000         0.158 / 0.370         0.158 / 0.370         0.158 / 0.370       ms
[520.565s][info   ][gc,stats    ]    Subphase: Concurrent Weak Roots OopStorageSet           0.000 / 0.000         4.481 / 9.700         4.481 / 9.700         4.481 / 9.700       ms
[520.566s][info   ][gc,stats    ]    Subphase: Pause Mark Try Complete                       0.000 / 0.000         0.053 / 0.195         0.053 / 0.195         0.053 / 0.195       ms
[520.566s][info   ][gc,stats    ]      System: Java Threads                                      0 / 0                64 / 137              64 / 137              64 / 137         threads
[520.566s][info   ][gc,stats    ] =========================================================================================================================================================
[530.564s][info   ][gc,stats    ] === Garbage Collection Statistics =======================================================================================================================
[530.565s][info   ][gc,stats    ]                                                              Last 10s              Last 10m              Last 10h                Total
[530.565s][info   ][gc,stats    ]                                                              Avg / Max             Avg / Max             Avg / Max             Avg / Max
[530.565s][info   ][gc,stats    ]   Collector: Garbage Collection Cycle                      0.000 / 0.000       873.533 / 3415.907    873.533 / 3415.907    873.533 / 3415.907    ms
[530.565s][info   ][gc,stats    ]  Contention: Mark Segment Reset Contention                     0 / 0                 0 / 2                 0 / 2                 0 / 2           ops/s
[530.565s][info   ][gc,stats    ]  Contention: Mark SeqNum Reset Contention                      0 / 0                 0 / 1                 0 / 1                 0 / 1           ops/s
[530.565s][info   ][gc,stats    ]    Critical: Allocation Stall                                  0 / 0                 0 / 0                 0 / 0                 0 / 0           ops/s
[530.566s][info   ][gc,stats    ]    Critical: Allocation Stall                              0.000 / 0.000         0.000 / 0.000         0.000 / 0.000         0.000 / 0.000       ms
[530.566s][info   ][gc,stats    ]    Critical: GC Locker Stall                                   0 / 0                 0 / 0                 0 / 0                 0 / 0           ops/s
[530.566s][info   ][gc,stats    ]    Critical: GC Locker Stall                               0.000 / 0.000         0.000 / 0.000         0.000 / 0.000         0.000 / 0.000       ms
[530.566s][info   ][gc,stats    ]    Critical: Relocation Stall                                  0 / 0                 0 / 0                 0 / 0                 0 / 0           ops/s
[530.566s][info   ][gc,stats    ]    Critical: Relocation Stall                              0.000 / 0.000         0.000 / 0.000         0.000 / 0.000         0.000 / 0.000       ms
[530.566s][info   ][gc,stats    ]      Memory: Allocation Rate                                   0 / 0                 5 / 68                5 / 68                5 / 68          MB/s
[530.567s][info   ][gc,stats    ]      Memory: Defragment                                        0 / 0                 0 / 0                 0 / 0                 0 / 0           ops/s
[530.567s][info   ][gc,stats    ]      Memory: Out Of Memory                                     0 / 0                 0 / 0                 0 / 0                 0 / 0           ops/s
[530.567s][info   ][gc,stats    ]      Memory: Page Cache Flush                                  0 / 0                 0 / 0                 0 / 0                 0 / 0           MB/s
[530.567s][info   ][gc,stats    ]      Memory: Page Cache Hit L1                                 0 / 0                 2 / 30                2 / 30                2 / 30          ops/s
[530.567s][info   ][gc,stats    ]      Memory: Page Cache Hit L2                                 0 / 0                 0 / 0                 0 / 0                 0 / 0           ops/s
[530.568s][info   ][gc,stats    ]      Memory: Page Cache Hit L3                                 0 / 0                 0 / 26                0 / 26                0 / 26          ops/s
[530.568s][info   ][gc,stats    ]      Memory: Page Cache Miss                                   0 / 0                 0 / 1                 0 / 1                 0 / 1           ops/s
[530.568s][info   ][gc,stats    ]      Memory: Uncommit                                          0 / 0                 0 / 0                 0 / 0                 0 / 0           MB/s
[530.568s][info   ][gc,stats    ]      Memory: Undo Object Allocation Failed                     0 / 0                 0 / 1                 0 / 1                 0 / 1           ops/s
[530.568s][info   ][gc,stats    ]      Memory: Undo Object Allocation Succeeded                  0 / 0                 0 / 74                0 / 74                0 / 74          ops/s
[530.569s][info   ][gc,stats    ]      Memory: Undo Page Allocation                              0 / 0                 0 / 1                 0 / 1                 0 / 1           ops/s
[530.569s][info   ][gc,stats    ]       Phase: Concurrent Mark                               0.000 / 0.000       577.816 / 1491.398    577.816 / 1491.398    577.816 / 1491.398    ms
[530.569s][info   ][gc,stats    ]       Phase: Concurrent Mark Continue                      0.000 / 0.000         0.000 / 0.000         0.000 / 0.000         0.000 / 0.000       ms
[530.570s][info   ][gc,stats    ]       Phase: Concurrent Mark Free                          0.000 / 0.000         0.002 / 0.004         0.002 / 0.004         0.002 / 0.004       ms
[530.570s][info   ][gc,stats    ]       Phase: Concurrent Process Non-Strong References      0.000 / 0.000       222.917 / 1850.321    222.917 / 1850.321    222.917 / 1850.321    ms
[530.570s][info   ][gc,stats    ]       Phase: Concurrent Relocate                           0.000 / 0.000        14.453 / 32.634       14.453 / 32.634       14.453 / 32.634      ms
[530.570s][info   ][gc,stats    ]       Phase: Concurrent Reset Relocation Set               0.000 / 0.000         0.019 / 0.040         0.019 / 0.040         0.019 / 0.040       ms
[530.571s][info   ][gc,stats    ]       Phase: Concurrent Select Relocation Set              0.000 / 0.000         6.585 / 15.302        6.585 / 15.302        6.585 / 15.302      ms
[530.571s][info   ][gc,stats    ]       Phase: Pause Mark End                                0.000 / 0.000         0.111 / 0.333         0.111 / 0.333         0.111 / 0.333       ms
[530.571s][info   ][gc,stats    ]       Phase: Pause Mark Start                              0.000 / 0.000         0.033 / 0.076         0.033 / 0.076         0.033 / 0.076       ms
[530.571s][info   ][gc,stats    ]       Phase: Pause Relocate Start                          0.000 / 0.000         0.031 / 0.079         0.031 / 0.079         0.031 / 0.079       ms
[530.571s][info   ][gc,stats    ]    Subphase: Concurrent Classes Purge                      0.000 / 0.000         2.831 / 13.941        2.831 / 13.941        2.831 / 13.941      ms
[530.571s][info   ][gc,stats    ]    Subphase: Concurrent Classes Unlink                     0.000 / 0.000       195.130 / 1768.670    195.130 / 1768.670    195.130 / 1768.670    ms
[530.572s][info   ][gc,stats    ]    Subphase: Concurrent Mark                               0.000 / 0.000       406.013 / 1136.625    406.013 / 1136.625    406.013 / 1136.625    ms
[530.572s][info   ][gc,stats    ]    Subphase: Concurrent Mark Try Flush                     0.000 / 0.000        31.663 / 148.506      31.663 / 148.506      31.663 / 148.506     ms
[530.572s][info   ][gc,stats    ]    Subphase: Concurrent Mark Try Terminate                 0.000 / 0.000         2.840 / 148.509       2.840 / 148.509       2.840 / 148.509     ms
[530.572s][info   ][gc,stats    ]    Subphase: Concurrent References Enqueue                 0.000 / 0.000         0.011 / 0.016         0.011 / 0.016         0.011 / 0.016       ms
[530.572s][info   ][gc,stats    ]    Subphase: Concurrent References Process                 0.000 / 0.000         0.656 / 1.351         0.656 / 1.351         0.656 / 1.351       ms
[530.572s][info   ][gc,stats    ]    Subphase: Concurrent Roots ClassLoaderDataGraph         0.000 / 0.000         0.548 / 1.503         0.548 / 1.503         0.548 / 1.503       ms
[530.573s][info   ][gc,stats    ]    Subphase: Concurrent Roots CodeCache                    0.000 / 0.000         0.000 / 0.000         0.000 / 0.000         0.000 / 0.000       ms
[530.573s][info   ][gc,stats    ]    Subphase: Concurrent Roots JavaThreads                  0.000 / 0.000        80.761 / 475.340      80.761 / 475.340      80.761 / 475.340     ms
[530.573s][info   ][gc,stats    ]    Subphase: Concurrent Roots OopStorageSet                0.000 / 0.000         0.158 / 0.370         0.158 / 0.370         0.158 / 0.370       ms
[530.573s][info   ][gc,stats    ]    Subphase: Concurrent Weak Roots OopStorageSet           0.000 / 0.000         4.481 / 9.700         4.481 / 9.700         4.481 / 9.700       ms
[530.573s][info   ][gc,stats    ]    Subphase: Pause Mark Try Complete                       0.000 / 0.000         0.053 / 0.195         0.053 / 0.195         0.053 / 0.195       ms
[530.573s][info   ][gc,stats    ]      System: Java Threads                                      0 / 0                64 / 137              64 / 137              64 / 137         threads
[530.574s][info   ][gc,stats    ] =========================================================================================================================================================
[540.557s][info   ][gc,stats    ] === Garbage Collection Statistics =======================================================================================================================
[540.558s][info   ][gc,stats    ]                                                              Last 10s              Last 10m              Last 10h                Total
[540.558s][info   ][gc,stats    ]                                                              Avg / Max             Avg / Max             Avg / Max             Avg / Max
[540.558s][info   ][gc,stats    ]   Collector: Garbage Collection Cycle                      0.000 / 0.000       873.533 / 3415.907    873.533 / 3415.907    873.533 / 3415.907    ms
[540.558s][info   ][gc,stats    ]  Contention: Mark Segment Reset Contention                     0 / 0                 0 / 2                 0 / 2                 0 / 2           ops/s
[540.558s][info   ][gc,stats    ]  Contention: Mark SeqNum Reset Contention                      0 / 0                 0 / 1                 0 / 1                 0 / 1           ops/s
[540.558s][info   ][gc,stats    ]    Critical: Allocation Stall                                  0 / 0                 0 / 0                 0 / 0                 0 / 0           ops/s
[540.558s][info   ][gc,stats    ]    Critical: Allocation Stall                              0.000 / 0.000         0.000 / 0.000         0.000 / 0.000         0.000 / 0.000       ms
[540.558s][info   ][gc,stats    ]    Critical: GC Locker Stall                                   0 / 0                 0 / 0                 0 / 0                 0 / 0           ops/s
[540.558s][info   ][gc,stats    ]    Critical: GC Locker Stall                               0.000 / 0.000         0.000 / 0.000         0.000 / 0.000         0.000 / 0.000       ms
[540.558s][info   ][gc,stats    ]    Critical: Relocation Stall                                  0 / 0                 0 / 0                 0 / 0                 0 / 0           ops/s
[540.558s][info   ][gc,stats    ]    Critical: Relocation Stall                              0.000 / 0.000         0.000 / 0.000         0.000 / 0.000         0.000 / 0.000       ms
[540.558s][info   ][gc,stats    ]      Memory: Allocation Rate                                   0 / 2                 5 / 68                5 / 68                5 / 68          MB/s
[540.558s][info   ][gc,stats    ]      Memory: Defragment                                        0 / 0                 0 / 0                 0 / 0                 0 / 0           ops/s
[540.558s][info   ][gc,stats    ]      Memory: Out Of Memory                                     0 / 0                 0 / 0                 0 / 0                 0 / 0           ops/s
[540.558s][info   ][gc,stats    ]      Memory: Page Cache Flush                                  0 / 0                 0 / 0                 0 / 0                 0 / 0           MB/s
[540.558s][info   ][gc,stats    ]      Memory: Page Cache Hit L1                                 0 / 1                 2 / 30                2 / 30                2 / 30          ops/s
[540.558s][info   ][gc,stats    ]      Memory: Page Cache Hit L2                                 0 / 0                 0 / 0                 0 / 0                 0 / 0           ops/s
[540.559s][info   ][gc,stats    ]      Memory: Page Cache Hit L3                                 0 / 0                 0 / 26                0 / 26                0 / 26          ops/s
[540.559s][info   ][gc,stats    ]      Memory: Page Cache Miss                                   0 / 0                 0 / 1                 0 / 1                 0 / 1           ops/s
[540.559s][info   ][gc,stats    ]      Memory: Uncommit                                          0 / 0                 0 / 0                 0 / 0                 0 / 0           MB/s
[540.559s][info   ][gc,stats    ]      Memory: Undo Object Allocation Failed                     0 / 0                 0 / 1                 0 / 1                 0 / 1           ops/s
[540.559s][info   ][gc,stats    ]      Memory: Undo Object Allocation Succeeded                  0 / 0                 0 / 74                0 / 74                0 / 74          ops/s
[540.559s][info   ][gc,stats    ]      Memory: Undo Page Allocation                              0 / 0                 0 / 1                 0 / 1                 0 / 1           ops/s
[540.559s][info   ][gc,stats    ]       Phase: Concurrent Mark                               0.000 / 0.000       577.816 / 1491.398    577.816 / 1491.398    577.816 / 1491.398    ms
[540.559s][info   ][gc,stats    ]       Phase: Concurrent Mark Continue                      0.000 / 0.000         0.000 / 0.000         0.000 / 0.000         0.000 / 0.000       ms
[540.559s][info   ][gc,stats    ]       Phase: Concurrent Mark Free                          0.000 / 0.000         0.002 / 0.004         0.002 / 0.004         0.002 / 0.004       ms
[540.559s][info   ][gc,stats    ]       Phase: Concurrent Process Non-Strong References      0.000 / 0.000       222.917 / 1850.321    222.917 / 1850.321    222.917 / 1850.321    ms
[540.559s][info   ][gc,stats    ]       Phase: Concurrent Relocate                           0.000 / 0.000        14.453 / 32.634       14.453 / 32.634       14.453 / 32.634      ms
[540.559s][info   ][gc,stats    ]       Phase: Concurrent Reset Relocation Set               0.000 / 0.000         0.019 / 0.040         0.019 / 0.040         0.019 / 0.040       ms
[540.559s][info   ][gc,stats    ]       Phase: Concurrent Select Relocation Set              0.000 / 0.000         6.585 / 15.302        6.585 / 15.302        6.585 / 15.302      ms
[540.559s][info   ][gc,stats    ]       Phase: Pause Mark End                                0.000 / 0.000         0.111 / 0.333         0.111 / 0.333         0.111 / 0.333       ms
[540.560s][info   ][gc,stats    ]       Phase: Pause Mark Start                              0.000 / 0.000         0.033 / 0.076         0.033 / 0.076         0.033 / 0.076       ms
[540.560s][info   ][gc,stats    ]       Phase: Pause Relocate Start                          0.000 / 0.000         0.031 / 0.079         0.031 / 0.079         0.031 / 0.079       ms
[540.560s][info   ][gc,stats    ]    Subphase: Concurrent Classes Purge                      0.000 / 0.000         2.831 / 13.941        2.831 / 13.941        2.831 / 13.941      ms
[540.560s][info   ][gc,stats    ]    Subphase: Concurrent Classes Unlink                     0.000 / 0.000       195.130 / 1768.670    195.130 / 1768.670    195.130 / 1768.670    ms
[540.560s][info   ][gc,stats    ]    Subphase: Concurrent Mark                               0.000 / 0.000       406.013 / 1136.625    406.013 / 1136.625    406.013 / 1136.625    ms
[540.560s][info   ][gc,stats    ]    Subphase: Concurrent Mark Try Flush                     0.000 / 0.000        31.663 / 148.506      31.663 / 148.506      31.663 / 148.506     ms
[540.560s][info   ][gc,stats    ]    Subphase: Concurrent Mark Try Terminate                 0.000 / 0.000         2.840 / 148.509       2.840 / 148.509       2.840 / 148.509     ms
[540.560s][info   ][gc,stats    ]    Subphase: Concurrent References Enqueue                 0.000 / 0.000         0.011 / 0.016         0.011 / 0.016         0.011 / 0.016       ms
[540.560s][info   ][gc,stats    ]    Subphase: Concurrent References Process                 0.000 / 0.000         0.656 / 1.351         0.656 / 1.351         0.656 / 1.351       ms
[540.560s][info   ][gc,stats    ]    Subphase: Concurrent Roots ClassLoaderDataGraph         0.000 / 0.000         0.548 / 1.503         0.548 / 1.503         0.548 / 1.503       ms
[540.560s][info   ][gc,stats    ]    Subphase: Concurrent Roots CodeCache                    0.000 / 0.000         0.000 / 0.000         0.000 / 0.000         0.000 / 0.000       ms
[540.560s][info   ][gc,stats    ]    Subphase: Concurrent Roots JavaThreads                  0.000 / 0.000        80.761 / 475.340      80.761 / 475.340      80.761 / 475.340     ms
[540.560s][info   ][gc,stats    ]    Subphase: Concurrent Roots OopStorageSet                0.000 / 0.000         0.158 / 0.370         0.158 / 0.370         0.158 / 0.370       ms
[540.560s][info   ][gc,stats    ]    Subphase: Concurrent Weak Roots OopStorageSet           0.000 / 0.000         4.481 / 9.700         4.481 / 9.700         4.481 / 9.700       ms
[540.560s][info   ][gc,stats    ]    Subphase: Pause Mark Try Complete                       0.000 / 0.000         0.053 / 0.195         0.053 / 0.195         0.053 / 0.195       ms
[540.560s][info   ][gc,stats    ]      System: Java Threads                                      0 / 0                64 / 137              64 / 137              64 / 137         threads
[540.560s][info   ][gc,stats    ] =========================================================================================================================================================
[550.559s][info   ][gc,stats    ] === Garbage Collection Statistics =======================================================================================================================
[550.560s][info   ][gc,stats    ]                                                              Last 10s              Last 10m              Last 10h                Total
[550.560s][info   ][gc,stats    ]                                                              Avg / Max             Avg / Max             Avg / Max             Avg / Max
[550.560s][info   ][gc,stats    ]   Collector: Garbage Collection Cycle                      0.000 / 0.000       873.533 / 3415.907    873.533 / 3415.907    873.533 / 3415.907    ms
[550.560s][info   ][gc,stats    ]  Contention: Mark Segment Reset Contention                     0 / 0                 0 / 2                 0 / 2                 0 / 2           ops/s
[550.560s][info   ][gc,stats    ]  Contention: Mark SeqNum Reset Contention                      0 / 0                 0 / 1                 0 / 1                 0 / 1           ops/s
[550.560s][info   ][gc,stats    ]    Critical: Allocation Stall                                  0 / 0                 0 / 0                 0 / 0                 0 / 0           ops/s
[550.560s][info   ][gc,stats    ]    Critical: Allocation Stall                              0.000 / 0.000         0.000 / 0.000         0.000 / 0.000         0.000 / 0.000       ms
[550.560s][info   ][gc,stats    ]    Critical: GC Locker Stall                                   0 / 0                 0 / 0                 0 / 0                 0 / 0           ops/s
[550.560s][info   ][gc,stats    ]    Critical: GC Locker Stall                               0.000 / 0.000         0.000 / 0.000         0.000 / 0.000         0.000 / 0.000       ms
[550.560s][info   ][gc,stats    ]    Critical: Relocation Stall                                  0 / 0                 0 / 0                 0 / 0                 0 / 0           ops/s
[550.560s][info   ][gc,stats    ]    Critical: Relocation Stall                              0.000 / 0.000         0.000 / 0.000         0.000 / 0.000         0.000 / 0.000       ms
[550.560s][info   ][gc,stats    ]      Memory: Allocation Rate                                   0 / 0                 5 / 68                5 / 68                5 / 68          MB/s
[550.560s][info   ][gc,stats    ]      Memory: Defragment                                        0 / 0                 0 / 0                 0 / 0                 0 / 0           ops/s
[550.560s][info   ][gc,stats    ]      Memory: Out Of Memory                                     0 / 0                 0 / 0                 0 / 0                 0 / 0           ops/s
[550.560s][info   ][gc,stats    ]      Memory: Page Cache Flush                                  0 / 0                 0 / 0                 0 / 0                 0 / 0           MB/s
[550.560s][info   ][gc,stats    ]      Memory: Page Cache Hit L1                                 0 / 0                 2 / 30                2 / 30                2 / 30          ops/s
[550.560s][info   ][gc,stats    ]      Memory: Page Cache Hit L2                                 0 / 0                 0 / 0                 0 / 0                 0 / 0           ops/s
[550.561s][info   ][gc,stats    ]      Memory: Page Cache Hit L3                                 0 / 0                 0 / 26                0 / 26                0 / 26          ops/s
[550.561s][info   ][gc,stats    ]      Memory: Page Cache Miss                                   0 / 0                 0 / 1                 0 / 1                 0 / 1           ops/s
[550.561s][info   ][gc,stats    ]      Memory: Uncommit                                          0 / 0                 0 / 0                 0 / 0                 0 / 0           MB/s
[550.561s][info   ][gc,stats    ]      Memory: Undo Object Allocation Failed                     0 / 0                 0 / 1                 0 / 1                 0 / 1           ops/s
[550.561s][info   ][gc,stats    ]      Memory: Undo Object Allocation Succeeded                  0 / 0                 0 / 74                0 / 74                0 / 74          ops/s
[550.561s][info   ][gc,stats    ]      Memory: Undo Page Allocation                              0 / 0                 0 / 1                 0 / 1                 0 / 1           ops/s
[550.561s][info   ][gc,stats    ]       Phase: Concurrent Mark                               0.000 / 0.000       577.816 / 1491.398    577.816 / 1491.398    577.816 / 1491.398    ms
[550.561s][info   ][gc,stats    ]       Phase: Concurrent Mark Continue                      0.000 / 0.000         0.000 / 0.000         0.000 / 0.000         0.000 / 0.000       ms
[550.561s][info   ][gc,stats    ]       Phase: Concurrent Mark Free                          0.000 / 0.000         0.002 / 0.004         0.002 / 0.004         0.002 / 0.004       ms
[550.561s][info   ][gc,stats    ]       Phase: Concurrent Process Non-Strong References      0.000 / 0.000       222.917 / 1850.321    222.917 / 1850.321    222.917 / 1850.321    ms
[550.561s][info   ][gc,stats    ]       Phase: Concurrent Relocate                           0.000 / 0.000        14.453 / 32.634       14.453 / 32.634       14.453 / 32.634      ms
[550.561s][info   ][gc,stats    ]       Phase: Concurrent Reset Relocation Set               0.000 / 0.000         0.019 / 0.040         0.019 / 0.040         0.019 / 0.040       ms
[550.561s][info   ][gc,stats    ]       Phase: Concurrent Select Relocation Set              0.000 / 0.000         6.585 / 15.302        6.585 / 15.302        6.585 / 15.302      ms
[550.561s][info   ][gc,stats    ]       Phase: Pause Mark End                                0.000 / 0.000         0.111 / 0.333         0.111 / 0.333         0.111 / 0.333       ms
[550.561s][info   ][gc,stats    ]       Phase: Pause Mark Start                              0.000 / 0.000         0.033 / 0.076         0.033 / 0.076         0.033 / 0.076       ms
[550.561s][info   ][gc,stats    ]       Phase: Pause Relocate Start                          0.000 / 0.000         0.031 / 0.079         0.031 / 0.079         0.031 / 0.079       ms
[550.561s][info   ][gc,stats    ]    Subphase: Concurrent Classes Purge                      0.000 / 0.000         2.831 / 13.941        2.831 / 13.941        2.831 / 13.941      ms
[550.561s][info   ][gc,stats    ]    Subphase: Concurrent Classes Unlink                     0.000 / 0.000       195.130 / 1768.670    195.130 / 1768.670    195.130 / 1768.670    ms
[550.562s][info   ][gc,stats    ]    Subphase: Concurrent Mark                               0.000 / 0.000       406.013 / 1136.625    406.013 / 1136.625    406.013 / 1136.625    ms
[550.562s][info   ][gc,stats    ]    Subphase: Concurrent Mark Try Flush                     0.000 / 0.000        31.663 / 148.506      31.663 / 148.506      31.663 / 148.506     ms
[550.562s][info   ][gc,stats    ]    Subphase: Concurrent Mark Try Terminate                 0.000 / 0.000         2.840 / 148.509       2.840 / 148.509       2.840 / 148.509     ms
[550.562s][info   ][gc,stats    ]    Subphase: Concurrent References Enqueue                 0.000 / 0.000         0.011 / 0.016         0.011 / 0.016         0.011 / 0.016       ms
[550.562s][info   ][gc,stats    ]    Subphase: Concurrent References Process                 0.000 / 0.000         0.656 / 1.351         0.656 / 1.351         0.656 / 1.351       ms
[550.562s][info   ][gc,stats    ]    Subphase: Concurrent Roots ClassLoaderDataGraph         0.000 / 0.000         0.548 / 1.503         0.548 / 1.503         0.548 / 1.503       ms
[550.562s][info   ][gc,stats    ]    Subphase: Concurrent Roots CodeCache                    0.000 / 0.000         0.000 / 0.000         0.000 / 0.000         0.000 / 0.000       ms
[550.562s][info   ][gc,stats    ]    Subphase: Concurrent Roots JavaThreads                  0.000 / 0.000        80.761 / 475.340      80.761 / 475.340      80.761 / 475.340     ms
[550.562s][info   ][gc,stats    ]    Subphase: Concurrent Roots OopStorageSet                0.000 / 0.000         0.158 / 0.370         0.158 / 0.370         0.158 / 0.370       ms
[550.562s][info   ][gc,stats    ]    Subphase: Concurrent Weak Roots OopStorageSet           0.000 / 0.000         4.481 / 9.700         4.481 / 9.700         4.481 / 9.700       ms
[550.562s][info   ][gc,stats    ]    Subphase: Pause Mark Try Complete                       0.000 / 0.000         0.053 / 0.195         0.053 / 0.195         0.053 / 0.195       ms
[550.562s][info   ][gc,stats    ]      System: Java Threads                                      0 / 0                64 / 137              64 / 137              64 / 137         threads
[550.562s][info   ][gc,stats    ] =========================================================================================================================================================
[560.569s][info   ][gc,stats    ] === Garbage Collection Statistics =======================================================================================================================
[560.570s][info   ][gc,stats    ]                                                              Last 10s              Last 10m              Last 10h                Total
[560.570s][info   ][gc,stats    ]                                                              Avg / Max             Avg / Max             Avg / Max             Avg / Max
[560.570s][info   ][gc,stats    ]   Collector: Garbage Collection Cycle                      0.000 / 0.000       873.533 / 3415.907    873.533 / 3415.907    873.533 / 3415.907    ms
[560.570s][info   ][gc,stats    ]  Contention: Mark Segment Reset Contention                     0 / 0                 0 / 2                 0 / 2                 0 / 2           ops/s
[560.570s][info   ][gc,stats    ]  Contention: Mark SeqNum Reset Contention                      0 / 0                 0 / 1                 0 / 1                 0 / 1           ops/s
[560.570s][info   ][gc,stats    ]    Critical: Allocation Stall                                  0 / 0                 0 / 0                 0 / 0                 0 / 0           ops/s
[560.570s][info   ][gc,stats    ]    Critical: Allocation Stall                              0.000 / 0.000         0.000 / 0.000         0.000 / 0.000         0.000 / 0.000       ms
[560.570s][info   ][gc,stats    ]    Critical: GC Locker Stall                                   0 / 0                 0 / 0                 0 / 0                 0 / 0           ops/s
[560.570s][info   ][gc,stats    ]    Critical: GC Locker Stall                               0.000 / 0.000         0.000 / 0.000         0.000 / 0.000         0.000 / 0.000       ms
[560.570s][info   ][gc,stats    ]    Critical: Relocation Stall                                  0 / 0                 0 / 0                 0 / 0                 0 / 0           ops/s
[560.571s][info   ][gc,stats    ]    Critical: Relocation Stall                              0.000 / 0.000         0.000 / 0.000         0.000 / 0.000         0.000 / 0.000       ms
[560.571s][info   ][gc,stats    ]      Memory: Allocation Rate                                   0 / 0                 5 / 68                5 / 68                5 / 68          MB/s
[560.571s][info   ][gc,stats    ]      Memory: Defragment                                        0 / 0                 0 / 0                 0 / 0                 0 / 0           ops/s
[560.571s][info   ][gc,stats    ]      Memory: Out Of Memory                                     0 / 0                 0 / 0                 0 / 0                 0 / 0           ops/s
[560.571s][info   ][gc,stats    ]      Memory: Page Cache Flush                                  0 / 0                 0 / 0                 0 / 0                 0 / 0           MB/s
[560.571s][info   ][gc,stats    ]      Memory: Page Cache Hit L1                                 0 / 0                 2 / 30                2 / 30                2 / 30          ops/s
[560.571s][info   ][gc,stats    ]      Memory: Page Cache Hit L2                                 0 / 0                 0 / 0                 0 / 0                 0 / 0           ops/s
[560.571s][info   ][gc,stats    ]      Memory: Page Cache Hit L3                                 0 / 0                 0 / 26                0 / 26                0 / 26          ops/s
[560.571s][info   ][gc,stats    ]      Memory: Page Cache Miss                                   0 / 0                 0 / 1                 0 / 1                 0 / 1           ops/s
[560.571s][info   ][gc,stats    ]      Memory: Uncommit                                          0 / 0                 0 / 0                 0 / 0                 0 / 0           MB/s
[560.571s][info   ][gc,stats    ]      Memory: Undo Object Allocation Failed                     0 / 0                 0 / 1                 0 / 1                 0 / 1           ops/s
[560.571s][info   ][gc,stats    ]      Memory: Undo Object Allocation Succeeded                  0 / 0                 0 / 74                0 / 74                0 / 74          ops/s
[560.572s][info   ][gc,stats    ]      Memory: Undo Page Allocation                              0 / 0                 0 / 1                 0 / 1                 0 / 1           ops/s
[560.572s][info   ][gc,stats    ]       Phase: Concurrent Mark                               0.000 / 0.000       577.816 / 1491.398    577.816 / 1491.398    577.816 / 1491.398    ms
[560.572s][info   ][gc,stats    ]       Phase: Concurrent Mark Continue                      0.000 / 0.000         0.000 / 0.000         0.000 / 0.000         0.000 / 0.000       ms
[560.572s][info   ][gc,stats    ]       Phase: Concurrent Mark Free                          0.000 / 0.000         0.002 / 0.004         0.002 / 0.004         0.002 / 0.004       ms
[560.572s][info   ][gc,stats    ]       Phase: Concurrent Process Non-Strong References      0.000 / 0.000       222.917 / 1850.321    222.917 / 1850.321    222.917 / 1850.321    ms
[560.572s][info   ][gc,stats    ]       Phase: Concurrent Relocate                           0.000 / 0.000        14.453 / 32.634       14.453 / 32.634       14.453 / 32.634      ms
[560.572s][info   ][gc,stats    ]       Phase: Concurrent Reset Relocation Set               0.000 / 0.000         0.019 / 0.040         0.019 / 0.040         0.019 / 0.040       ms
[560.572s][info   ][gc,stats    ]       Phase: Concurrent Select Relocation Set              0.000 / 0.000         6.585 / 15.302        6.585 / 15.302        6.585 / 15.302      ms
[560.572s][info   ][gc,stats    ]       Phase: Pause Mark End                                0.000 / 0.000         0.111 / 0.333         0.111 / 0.333         0.111 / 0.333       ms
[560.573s][info   ][gc,stats    ]       Phase: Pause Mark Start                              0.000 / 0.000         0.033 / 0.076         0.033 / 0.076         0.033 / 0.076       ms
[560.573s][info   ][gc,stats    ]       Phase: Pause Relocate Start                          0.000 / 0.000         0.031 / 0.079         0.031 / 0.079         0.031 / 0.079       ms
[560.573s][info   ][gc,stats    ]    Subphase: Concurrent Classes Purge                      0.000 / 0.000         2.831 / 13.941        2.831 / 13.941        2.831 / 13.941      ms
[560.573s][info   ][gc,stats    ]    Subphase: Concurrent Classes Unlink                     0.000 / 0.000       195.130 / 1768.670    195.130 / 1768.670    195.130 / 1768.670    ms
[560.573s][info   ][gc,stats    ]    Subphase: Concurrent Mark                               0.000 / 0.000       406.013 / 1136.625    406.013 / 1136.625    406.013 / 1136.625    ms
[560.573s][info   ][gc,stats    ]    Subphase: Concurrent Mark Try Flush                     0.000 / 0.000        31.663 / 148.506      31.663 / 148.506      31.663 / 148.506     ms
[560.573s][info   ][gc,stats    ]    Subphase: Concurrent Mark Try Terminate                 0.000 / 0.000         2.840 / 148.509       2.840 / 148.509       2.840 / 148.509     ms
[560.573s][info   ][gc,stats    ]    Subphase: Concurrent References Enqueue                 0.000 / 0.000         0.011 / 0.016         0.011 / 0.016         0.011 / 0.016       ms
[560.573s][info   ][gc,stats    ]    Subphase: Concurrent References Process                 0.000 / 0.000         0.656 / 1.351         0.656 / 1.351         0.656 / 1.351       ms
[560.573s][info   ][gc,stats    ]    Subphase: Concurrent Roots ClassLoaderDataGraph         0.000 / 0.000         0.548 / 1.503         0.548 / 1.503         0.548 / 1.503       ms
[560.573s][info   ][gc,stats    ]    Subphase: Concurrent Roots CodeCache                    0.000 / 0.000         0.000 / 0.000         0.000 / 0.000         0.000 / 0.000       ms
[560.573s][info   ][gc,stats    ]    Subphase: Concurrent Roots JavaThreads                  0.000 / 0.000        80.761 / 475.340      80.761 / 475.340      80.761 / 475.340     ms
[560.573s][info   ][gc,stats    ]    Subphase: Concurrent Roots OopStorageSet                0.000 / 0.000         0.158 / 0.370         0.158 / 0.370         0.158 / 0.370       ms
[560.574s][info   ][gc,stats    ]    Subphase: Concurrent Weak Roots OopStorageSet           0.000 / 0.000         4.481 / 9.700         4.481 / 9.700         4.481 / 9.700       ms
[560.574s][info   ][gc,stats    ]    Subphase: Pause Mark Try Complete                       0.000 / 0.000         0.053 / 0.195         0.053 / 0.195         0.053 / 0.195       ms
[560.574s][info   ][gc,stats    ]      System: Java Threads                                      0 / 0                64 / 137              64 / 137              64 / 137         threads
[560.574s][info   ][gc,stats    ] =========================================================================================================================================================
[570.559s][info   ][gc,stats    ] === Garbage Collection Statistics =======================================================================================================================
[570.559s][info   ][gc,stats    ]                                                              Last 10s              Last 10m              Last 10h                Total
[570.559s][info   ][gc,stats    ]                                                              Avg / Max             Avg / Max             Avg / Max             Avg / Max
[570.559s][info   ][gc,stats    ]   Collector: Garbage Collection Cycle                      0.000 / 0.000       873.533 / 3415.907    873.533 / 3415.907    873.533 / 3415.907    ms
[570.559s][info   ][gc,stats    ]  Contention: Mark Segment Reset Contention                     0 / 0                 0 / 2                 0 / 2                 0 / 2           ops/s
[570.559s][info   ][gc,stats    ]  Contention: Mark SeqNum Reset Contention                      0 / 0                 0 / 1                 0 / 1                 0 / 1           ops/s
[570.559s][info   ][gc,stats    ]    Critical: Allocation Stall                                  0 / 0                 0 / 0                 0 / 0                 0 / 0           ops/s
[570.559s][info   ][gc,stats    ]    Critical: Allocation Stall                              0.000 / 0.000         0.000 / 0.000         0.000 / 0.000         0.000 / 0.000       ms
[570.559s][info   ][gc,stats    ]    Critical: GC Locker Stall                                   0 / 0                 0 / 0                 0 / 0                 0 / 0           ops/s
[570.559s][info   ][gc,stats    ]    Critical: GC Locker Stall                               0.000 / 0.000         0.000 / 0.000         0.000 / 0.000         0.000 / 0.000       ms
[570.559s][info   ][gc,stats    ]    Critical: Relocation Stall                                  0 / 0                 0 / 0                 0 / 0                 0 / 0           ops/s
[570.560s][info   ][gc,stats    ]    Critical: Relocation Stall                              0.000 / 0.000         0.000 / 0.000         0.000 / 0.000         0.000 / 0.000       ms
[570.560s][info   ][gc,stats    ]      Memory: Allocation Rate                                   0 / 0                 5 / 68                5 / 68                5 / 68          MB/s
[570.560s][info   ][gc,stats    ]      Memory: Defragment                                        0 / 0                 0 / 0                 0 / 0                 0 / 0           ops/s
[570.560s][info   ][gc,stats    ]      Memory: Out Of Memory                                     0 / 0                 0 / 0                 0 / 0                 0 / 0           ops/s
[570.560s][info   ][gc,stats    ]      Memory: Page Cache Flush                                  0 / 0                 0 / 0                 0 / 0                 0 / 0           MB/s
[570.560s][info   ][gc,stats    ]      Memory: Page Cache Hit L1                                 0 / 0                 2 / 30                2 / 30                2 / 30          ops/s
[570.560s][info   ][gc,stats    ]      Memory: Page Cache Hit L2                                 0 / 0                 0 / 0                 0 / 0                 0 / 0           ops/s
[570.560s][info   ][gc,stats    ]      Memory: Page Cache Hit L3                                 0 / 0                 0 / 26                0 / 26                0 / 26          ops/s
[570.560s][info   ][gc,stats    ]      Memory: Page Cache Miss                                   0 / 0                 0 / 1                 0 / 1                 0 / 1           ops/s
[570.560s][info   ][gc,stats    ]      Memory: Uncommit                                          0 / 0                 0 / 0                 0 / 0                 0 / 0           MB/s
[570.560s][info   ][gc,stats    ]      Memory: Undo Object Allocation Failed                     0 / 0                 0 / 1                 0 / 1                 0 / 1           ops/s
[570.560s][info   ][gc,stats    ]      Memory: Undo Object Allocation Succeeded                  0 / 0                 0 / 74                0 / 74                0 / 74          ops/s
[570.560s][info   ][gc,stats    ]      Memory: Undo Page Allocation                              0 / 0                 0 / 1                 0 / 1                 0 / 1           ops/s
[570.560s][info   ][gc,stats    ]       Phase: Concurrent Mark                               0.000 / 0.000       577.816 / 1491.398    577.816 / 1491.398    577.816 / 1491.398    ms
[570.560s][info   ][gc,stats    ]       Phase: Concurrent Mark Continue                      0.000 / 0.000         0.000 / 0.000         0.000 / 0.000         0.000 / 0.000       ms
[570.560s][info   ][gc,stats    ]       Phase: Concurrent Mark Free                          0.000 / 0.000         0.002 / 0.004         0.002 / 0.004         0.002 / 0.004       ms
[570.560s][info   ][gc,stats    ]       Phase: Concurrent Process Non-Strong References      0.000 / 0.000       222.917 / 1850.321    222.917 / 1850.321    222.917 / 1850.321    ms
[570.560s][info   ][gc,stats    ]       Phase: Concurrent Relocate                           0.000 / 0.000        14.453 / 32.634       14.453 / 32.634       14.453 / 32.634      ms
[570.560s][info   ][gc,stats    ]       Phase: Concurrent Reset Relocation Set               0.000 / 0.000         0.019 / 0.040         0.019 / 0.040         0.019 / 0.040       ms
[570.561s][info   ][gc,stats    ]       Phase: Concurrent Select Relocation Set              0.000 / 0.000         6.585 / 15.302        6.585 / 15.302        6.585 / 15.302      ms
[570.561s][info   ][gc,stats    ]       Phase: Pause Mark End                                0.000 / 0.000         0.111 / 0.333         0.111 / 0.333         0.111 / 0.333       ms
[570.561s][info   ][gc,stats    ]       Phase: Pause Mark Start                              0.000 / 0.000         0.033 / 0.076         0.033 / 0.076         0.033 / 0.076       ms
[570.561s][info   ][gc,stats    ]       Phase: Pause Relocate Start                          0.000 / 0.000         0.031 / 0.079         0.031 / 0.079         0.031 / 0.079       ms
[570.561s][info   ][gc,stats    ]    Subphase: Concurrent Classes Purge                      0.000 / 0.000         2.831 / 13.941        2.831 / 13.941        2.831 / 13.941      ms
[570.561s][info   ][gc,stats    ]    Subphase: Concurrent Classes Unlink                     0.000 / 0.000       195.130 / 1768.670    195.130 / 1768.670    195.130 / 1768.670    ms
[570.561s][info   ][gc,stats    ]    Subphase: Concurrent Mark                               0.000 / 0.000       406.013 / 1136.625    406.013 / 1136.625    406.013 / 1136.625    ms
[570.561s][info   ][gc,stats    ]    Subphase: Concurrent Mark Try Flush                     0.000 / 0.000        31.663 / 148.506      31.663 / 148.506      31.663 / 148.506     ms
[570.561s][info   ][gc,stats    ]    Subphase: Concurrent Mark Try Terminate                 0.000 / 0.000         2.840 / 148.509       2.840 / 148.509       2.840 / 148.509     ms
[570.561s][info   ][gc,stats    ]    Subphase: Concurrent References Enqueue                 0.000 / 0.000         0.011 / 0.016         0.011 / 0.016         0.011 / 0.016       ms
[570.561s][info   ][gc,stats    ]    Subphase: Concurrent References Process                 0.000 / 0.000         0.656 / 1.351         0.656 / 1.351         0.656 / 1.351       ms
[570.561s][info   ][gc,stats    ]    Subphase: Concurrent Roots ClassLoaderDataGraph         0.000 / 0.000         0.548 / 1.503         0.548 / 1.503         0.548 / 1.503       ms
[570.561s][info   ][gc,stats    ]    Subphase: Concurrent Roots CodeCache                    0.000 / 0.000         0.000 / 0.000         0.000 / 0.000         0.000 / 0.000       ms
[570.561s][info   ][gc,stats    ]    Subphase: Concurrent Roots JavaThreads                  0.000 / 0.000        80.761 / 475.340      80.761 / 475.340      80.761 / 475.340     ms
[570.561s][info   ][gc,stats    ]    Subphase: Concurrent Roots OopStorageSet                0.000 / 0.000         0.158 / 0.370         0.158 / 0.370         0.158 / 0.370       ms
[570.561s][info   ][gc,stats    ]    Subphase: Concurrent Weak Roots OopStorageSet           0.000 / 0.000         4.481 / 9.700         4.481 / 9.700         4.481 / 9.700       ms
[570.562s][info   ][gc,stats    ]    Subphase: Pause Mark Try Complete                       0.000 / 0.000         0.053 / 0.195         0.053 / 0.195         0.053 / 0.195       ms
[570.562s][info   ][gc,stats    ]      System: Java Threads                                      0 / 0                64 / 137              64 / 137              64 / 137         threads
[570.562s][info   ][gc,stats    ] =========================================================================================================================================================
[580.557s][info   ][gc,stats    ] === Garbage Collection Statistics =======================================================================================================================
[580.557s][info   ][gc,stats    ]                                                              Last 10s              Last 10m              Last 10h                Total
[580.558s][info   ][gc,stats    ]                                                              Avg / Max             Avg / Max             Avg / Max             Avg / Max
[580.558s][info   ][gc,stats    ]   Collector: Garbage Collection Cycle                      0.000 / 0.000       873.533 / 3415.907    873.533 / 3415.907    873.533 / 3415.907    ms
[580.558s][info   ][gc,stats    ]  Contention: Mark Segment Reset Contention                     0 / 0                 0 / 2                 0 / 2                 0 / 2           ops/s
[580.558s][info   ][gc,stats    ]  Contention: Mark SeqNum Reset Contention                      0 / 0                 0 / 1                 0 / 1                 0 / 1           ops/s
[580.558s][info   ][gc,stats    ]    Critical: Allocation Stall                                  0 / 0                 0 / 0                 0 / 0                 0 / 0           ops/s
[580.558s][info   ][gc,stats    ]    Critical: Allocation Stall                              0.000 / 0.000         0.000 / 0.000         0.000 / 0.000         0.000 / 0.000       ms
[580.558s][info   ][gc,stats    ]    Critical: GC Locker Stall                                   0 / 0                 0 / 0                 0 / 0                 0 / 0           ops/s
[580.558s][info   ][gc,stats    ]    Critical: GC Locker Stall                               0.000 / 0.000         0.000 / 0.000         0.000 / 0.000         0.000 / 0.000       ms
[580.558s][info   ][gc,stats    ]    Critical: Relocation Stall                                  0 / 0                 0 / 0                 0 / 0                 0 / 0           ops/s
[580.558s][info   ][gc,stats    ]    Critical: Relocation Stall                              0.000 / 0.000         0.000 / 0.000         0.000 / 0.000         0.000 / 0.000       ms
[580.558s][info   ][gc,stats    ]      Memory: Allocation Rate                                   0 / 0                 4 / 68                4 / 68                4 / 68          MB/s
[580.558s][info   ][gc,stats    ]      Memory: Defragment                                        0 / 0                 0 / 0                 0 / 0                 0 / 0           ops/s
[580.558s][info   ][gc,stats    ]      Memory: Out Of Memory                                     0 / 0                 0 / 0                 0 / 0                 0 / 0           ops/s
[580.558s][info   ][gc,stats    ]      Memory: Page Cache Flush                                  0 / 0                 0 / 0                 0 / 0                 0 / 0           MB/s
[580.559s][info   ][gc,stats    ]      Memory: Page Cache Hit L1                                 0 / 0                 2 / 30                2 / 30                2 / 30          ops/s
[580.559s][info   ][gc,stats    ]      Memory: Page Cache Hit L2                                 0 / 0                 0 / 0                 0 / 0                 0 / 0           ops/s
[580.559s][info   ][gc,stats    ]      Memory: Page Cache Hit L3                                 0 / 0                 0 / 26                0 / 26                0 / 26          ops/s
[580.559s][info   ][gc,stats    ]      Memory: Page Cache Miss                                   0 / 0                 0 / 1                 0 / 1                 0 / 1           ops/s
[580.559s][info   ][gc,stats    ]      Memory: Uncommit                                          0 / 0                 0 / 0                 0 / 0                 0 / 0           MB/s
[580.559s][info   ][gc,stats    ]      Memory: Undo Object Allocation Failed                     0 / 0                 0 / 1                 0 / 1                 0 / 1           ops/s
[580.559s][info   ][gc,stats    ]      Memory: Undo Object Allocation Succeeded                  0 / 0                 0 / 74                0 / 74                0 / 74          ops/s
[580.559s][info   ][gc,stats    ]      Memory: Undo Page Allocation                              0 / 0                 0 / 1                 0 / 1                 0 / 1           ops/s
[580.559s][info   ][gc,stats    ]       Phase: Concurrent Mark                               0.000 / 0.000       577.816 / 1491.398    577.816 / 1491.398    577.816 / 1491.398    ms
[580.559s][info   ][gc,stats    ]       Phase: Concurrent Mark Continue                      0.000 / 0.000         0.000 / 0.000         0.000 / 0.000         0.000 / 0.000       ms
[580.559s][info   ][gc,stats    ]       Phase: Concurrent Mark Free                          0.000 / 0.000         0.002 / 0.004         0.002 / 0.004         0.002 / 0.004       ms
[580.559s][info   ][gc,stats    ]       Phase: Concurrent Process Non-Strong References      0.000 / 0.000       222.917 / 1850.321    222.917 / 1850.321    222.917 / 1850.321    ms
[580.559s][info   ][gc,stats    ]       Phase: Concurrent Relocate                           0.000 / 0.000        14.453 / 32.634       14.453 / 32.634       14.453 / 32.634      ms
[580.560s][info   ][gc,stats    ]       Phase: Concurrent Reset Relocation Set               0.000 / 0.000         0.019 / 0.040         0.019 / 0.040         0.019 / 0.040       ms
[580.560s][info   ][gc,stats    ]       Phase: Concurrent Select Relocation Set              0.000 / 0.000         6.585 / 15.302        6.585 / 15.302        6.585 / 15.302      ms
[580.560s][info   ][gc,stats    ]       Phase: Pause Mark End                                0.000 / 0.000         0.111 / 0.333         0.111 / 0.333         0.111 / 0.333       ms
[580.560s][info   ][gc,stats    ]       Phase: Pause Mark Start                              0.000 / 0.000         0.033 / 0.076         0.033 / 0.076         0.033 / 0.076       ms
[580.560s][info   ][gc,stats    ]       Phase: Pause Relocate Start                          0.000 / 0.000         0.031 / 0.079         0.031 / 0.079         0.031 / 0.079       ms
[580.560s][info   ][gc,stats    ]    Subphase: Concurrent Classes Purge                      0.000 / 0.000         2.831 / 13.941        2.831 / 13.941        2.831 / 13.941      ms
[580.560s][info   ][gc,stats    ]    Subphase: Concurrent Classes Unlink                     0.000 / 0.000       195.130 / 1768.670    195.130 / 1768.670    195.130 / 1768.670    ms
[580.560s][info   ][gc,stats    ]    Subphase: Concurrent Mark                               0.000 / 0.000       406.013 / 1136.625    406.013 / 1136.625    406.013 / 1136.625    ms
[580.560s][info   ][gc,stats    ]    Subphase: Concurrent Mark Try Flush                     0.000 / 0.000        31.663 / 148.506      31.663 / 148.506      31.663 / 148.506     ms
[580.560s][info   ][gc,stats    ]    Subphase: Concurrent Mark Try Terminate                 0.000 / 0.000         2.840 / 148.509       2.840 / 148.509       2.840 / 148.509     ms
[580.560s][info   ][gc,stats    ]    Subphase: Concurrent References Enqueue                 0.000 / 0.000         0.011 / 0.016         0.011 / 0.016         0.011 / 0.016       ms
[580.560s][info   ][gc,stats    ]    Subphase: Concurrent References Process                 0.000 / 0.000         0.656 / 1.351         0.656 / 1.351         0.656 / 1.351       ms
[580.561s][info   ][gc,stats    ]    Subphase: Concurrent Roots ClassLoaderDataGraph         0.000 / 0.000         0.548 / 1.503         0.548 / 1.503         0.548 / 1.503       ms
[580.561s][info   ][gc,stats    ]    Subphase: Concurrent Roots CodeCache                    0.000 / 0.000         0.000 / 0.000         0.000 / 0.000         0.000 / 0.000       ms
[580.561s][info   ][gc,stats    ]    Subphase: Concurrent Roots JavaThreads                  0.000 / 0.000        80.761 / 475.340      80.761 / 475.340      80.761 / 475.340     ms
[580.561s][info   ][gc,stats    ]    Subphase: Concurrent Roots OopStorageSet                0.000 / 0.000         0.158 / 0.370         0.158 / 0.370         0.158 / 0.370       ms
[580.561s][info   ][gc,stats    ]    Subphase: Concurrent Weak Roots OopStorageSet           0.000 / 0.000         4.481 / 9.700         4.481 / 9.700         4.481 / 9.700       ms
[580.561s][info   ][gc,stats    ]    Subphase: Pause Mark Try Complete                       0.000 / 0.000         0.053 / 0.195         0.053 / 0.195         0.053 / 0.195       ms
[580.561s][info   ][gc,stats    ]      System: Java Threads                                      0 / 0                64 / 137              64 / 137              64 / 137         threads
[580.561s][info   ][gc,stats    ] =========================================================================================================================================================
[590.560s][info   ][gc,stats    ] === Garbage Collection Statistics =======================================================================================================================
[590.560s][info   ][gc,stats    ]                                                              Last 10s              Last 10m              Last 10h                Total
[590.561s][info   ][gc,stats    ]                                                              Avg / Max             Avg / Max             Avg / Max             Avg / Max
[590.561s][info   ][gc,stats    ]   Collector: Garbage Collection Cycle                      0.000 / 0.000       873.533 / 3415.907    873.533 / 3415.907    873.533 / 3415.907    ms
[590.561s][info   ][gc,stats    ]  Contention: Mark Segment Reset Contention                     0 / 0                 0 / 2                 0 / 2                 0 / 2           ops/s
[590.562s][info   ][gc,stats    ]  Contention: Mark SeqNum Reset Contention                      0 / 0                 0 / 1                 0 / 1                 0 / 1           ops/s
[590.562s][info   ][gc,stats    ]    Critical: Allocation Stall                                  0 / 0                 0 / 0                 0 / 0                 0 / 0           ops/s
[590.563s][info   ][gc,stats    ]    Critical: Allocation Stall                              0.000 / 0.000         0.000 / 0.000         0.000 / 0.000         0.000 / 0.000       ms
[590.563s][info   ][gc,stats    ]    Critical: GC Locker Stall                                   0 / 0                 0 / 0                 0 / 0                 0 / 0           ops/s
[590.563s][info   ][gc,stats    ]    Critical: GC Locker Stall                               0.000 / 0.000         0.000 / 0.000         0.000 / 0.000         0.000 / 0.000       ms
[590.563s][info   ][gc,stats    ]    Critical: Relocation Stall                                  0 / 0                 0 / 0                 0 / 0                 0 / 0           ops/s
[590.563s][info   ][gc,stats    ]    Critical: Relocation Stall                              0.000 / 0.000         0.000 / 0.000         0.000 / 0.000         0.000 / 0.000       ms
[590.563s][info   ][gc,stats    ]      Memory: Allocation Rate                                   0 / 0                 4 / 68                4 / 68                4 / 68          MB/s
[590.564s][info   ][gc,stats    ]      Memory: Defragment                                        0 / 0                 0 / 0                 0 / 0                 0 / 0           ops/s
[590.564s][info   ][gc,stats    ]      Memory: Out Of Memory                                     0 / 0                 0 / 0                 0 / 0                 0 / 0           ops/s
[590.564s][info   ][gc,stats    ]      Memory: Page Cache Flush                                  0 / 0                 0 / 0                 0 / 0                 0 / 0           MB/s
[590.564s][info   ][gc,stats    ]      Memory: Page Cache Hit L1                                 0 / 0                 2 / 30                2 / 30                2 / 30          ops/s
[590.564s][info   ][gc,stats    ]      Memory: Page Cache Hit L2                                 0 / 0                 0 / 0                 0 / 0                 0 / 0           ops/s
[590.564s][info   ][gc,stats    ]      Memory: Page Cache Hit L3                                 0 / 0                 0 / 26                0 / 26                0 / 26          ops/s
[590.565s][info   ][gc,stats    ]      Memory: Page Cache Miss                                   0 / 0                 0 / 1                 0 / 1                 0 / 1           ops/s
[590.565s][info   ][gc,stats    ]      Memory: Uncommit                                          0 / 0                 0 / 0                 0 / 0                 0 / 0           MB/s
[590.565s][info   ][gc,stats    ]      Memory: Undo Object Allocation Failed                     0 / 0                 0 / 1                 0 / 1                 0 / 1           ops/s
[590.565s][info   ][gc,stats    ]      Memory: Undo Object Allocation Succeeded                  0 / 0                 0 / 74                0 / 74                0 / 74          ops/s
[590.565s][info   ][gc,stats    ]      Memory: Undo Page Allocation                              0 / 0                 0 / 1                 0 / 1                 0 / 1           ops/s
[590.565s][info   ][gc,stats    ]       Phase: Concurrent Mark                               0.000 / 0.000       577.816 / 1491.398    577.816 / 1491.398    577.816 / 1491.398    ms
[590.565s][info   ][gc,stats    ]       Phase: Concurrent Mark Continue                      0.000 / 0.000         0.000 / 0.000         0.000 / 0.000         0.000 / 0.000       ms
[590.565s][info   ][gc,stats    ]       Phase: Concurrent Mark Free                          0.000 / 0.000         0.002 / 0.004         0.002 / 0.004         0.002 / 0.004       ms
[590.565s][info   ][gc,stats    ]       Phase: Concurrent Process Non-Strong References      0.000 / 0.000       222.917 / 1850.321    222.917 / 1850.321    222.917 / 1850.321    ms
[590.565s][info   ][gc,stats    ]       Phase: Concurrent Relocate                           0.000 / 0.000        14.453 / 32.634       14.453 / 32.634       14.453 / 32.634      ms
[590.565s][info   ][gc,stats    ]       Phase: Concurrent Reset Relocation Set               0.000 / 0.000         0.019 / 0.040         0.019 / 0.040         0.019 / 0.040       ms
[590.565s][info   ][gc,stats    ]       Phase: Concurrent Select Relocation Set              0.000 / 0.000         6.585 / 15.302        6.585 / 15.302        6.585 / 15.302      ms
[590.565s][info   ][gc,stats    ]       Phase: Pause Mark End                                0.000 / 0.000         0.111 / 0.333         0.111 / 0.333         0.111 / 0.333       ms
[590.565s][info   ][gc,stats    ]       Phase: Pause Mark Start                              0.000 / 0.000         0.033 / 0.076         0.033 / 0.076         0.033 / 0.076       ms
[590.565s][info   ][gc,stats    ]       Phase: Pause Relocate Start                          0.000 / 0.000         0.031 / 0.079         0.031 / 0.079         0.031 / 0.079       ms
[590.565s][info   ][gc,stats    ]    Subphase: Concurrent Classes Purge                      0.000 / 0.000         2.831 / 13.941        2.831 / 13.941        2.831 / 13.941      ms
[590.565s][info   ][gc,stats    ]    Subphase: Concurrent Classes Unlink                     0.000 / 0.000       195.130 / 1768.670    195.130 / 1768.670    195.130 / 1768.670    ms
[590.565s][info   ][gc,stats    ]    Subphase: Concurrent Mark                               0.000 / 0.000       406.013 / 1136.625    406.013 / 1136.625    406.013 / 1136.625    ms
[590.566s][info   ][gc,stats    ]    Subphase: Concurrent Mark Try Flush                     0.000 / 0.000        31.663 / 148.506      31.663 / 148.506      31.663 / 148.506     ms
[590.566s][info   ][gc,stats    ]    Subphase: Concurrent Mark Try Terminate                 0.000 / 0.000         2.840 / 148.509       2.840 / 148.509       2.840 / 148.509     ms
[590.566s][info   ][gc,stats    ]    Subphase: Concurrent References Enqueue                 0.000 / 0.000         0.011 / 0.016         0.011 / 0.016         0.011 / 0.016       ms
[590.566s][info   ][gc,stats    ]    Subphase: Concurrent References Process                 0.000 / 0.000         0.656 / 1.351         0.656 / 1.351         0.656 / 1.351       ms
[590.566s][info   ][gc,stats    ]    Subphase: Concurrent Roots ClassLoaderDataGraph         0.000 / 0.000         0.548 / 1.503         0.548 / 1.503         0.548 / 1.503       ms
[590.566s][info   ][gc,stats    ]    Subphase: Concurrent Roots CodeCache                    0.000 / 0.000         0.000 / 0.000         0.000 / 0.000         0.000 / 0.000       ms
[590.566s][info   ][gc,stats    ]    Subphase: Concurrent Roots JavaThreads                  0.000 / 0.000        80.761 / 475.340      80.761 / 475.340      80.761 / 475.340     ms
[590.566s][info   ][gc,stats    ]    Subphase: Concurrent Roots OopStorageSet                0.000 / 0.000         0.158 / 0.370         0.158 / 0.370         0.158 / 0.370       ms
[590.566s][info   ][gc,stats    ]    Subphase: Concurrent Weak Roots OopStorageSet           0.000 / 0.000         4.481 / 9.700         4.481 / 9.700         4.481 / 9.700       ms
[590.566s][info   ][gc,stats    ]    Subphase: Pause Mark Try Complete                       0.000 / 0.000         0.053 / 0.195         0.053 / 0.195         0.053 / 0.195       ms
[590.566s][info   ][gc,stats    ]      System: Java Threads                                      0 / 0                64 / 137              64 / 137              64 / 137         threads
[590.566s][info   ][gc,stats    ] =========================================================================================================================================================
[600.561s][info   ][gc,stats    ] === Garbage Collection Statistics =======================================================================================================================
[600.562s][info   ][gc,stats    ]                                                              Last 10s              Last 10m              Last 10h                Total
[600.562s][info   ][gc,stats    ]                                                              Avg / Max             Avg / Max             Avg / Max             Avg / Max
[600.562s][info   ][gc,stats    ]   Collector: Garbage Collection Cycle                      0.000 / 0.000       873.533 / 3415.907    873.533 / 3415.907    873.533 / 3415.907    ms
[600.562s][info   ][gc,stats    ]  Contention: Mark Segment Reset Contention                     0 / 0                 0 / 2                 0 / 2                 0 / 2           ops/s
[600.562s][info   ][gc,stats    ]  Contention: Mark SeqNum Reset Contention                      0 / 0                 0 / 1                 0 / 1                 0 / 1           ops/s
[600.562s][info   ][gc,stats    ]    Critical: Allocation Stall                                  0 / 0                 0 / 0                 0 / 0                 0 / 0           ops/s
[600.563s][info   ][gc,stats    ]    Critical: Allocation Stall                              0.000 / 0.000         0.000 / 0.000         0.000 / 0.000         0.000 / 0.000       ms
[600.563s][info   ][gc,stats    ]    Critical: GC Locker Stall                                   0 / 0                 0 / 0                 0 / 0                 0 / 0           ops/s
[600.563s][info   ][gc,stats    ]    Critical: GC Locker Stall                               0.000 / 0.000         0.000 / 0.000         0.000 / 0.000         0.000 / 0.000       ms
[600.563s][info   ][gc,stats    ]    Critical: Relocation Stall                                  0 / 0                 0 / 0                 0 / 0                 0 / 0           ops/s
[600.563s][info   ][gc,stats    ]    Critical: Relocation Stall                              0.000 / 0.000         0.000 / 0.000         0.000 / 0.000         0.000 / 0.000       ms
[600.563s][info   ][gc,stats    ]      Memory: Allocation Rate                                   0 / 2                 4 / 68                4 / 68                4 / 68          MB/s
[600.563s][info   ][gc,stats    ]      Memory: Defragment                                        0 / 0                 0 / 0                 0 / 0                 0 / 0           ops/s
[600.564s][info   ][gc,stats    ]      Memory: Out Of Memory                                     0 / 0                 0 / 0                 0 / 0                 0 / 0           ops/s
[600.564s][info   ][gc,stats    ]      Memory: Page Cache Flush                                  0 / 0                 0 / 0                 0 / 0                 0 / 0           MB/s
[600.564s][info   ][gc,stats    ]      Memory: Page Cache Hit L1                                 0 / 1                 2 / 30                2 / 30                2 / 30          ops/s
[600.564s][info   ][gc,stats    ]      Memory: Page Cache Hit L2                                 0 / 0                 0 / 0                 0 / 0                 0 / 0           ops/s
[600.564s][info   ][gc,stats    ]      Memory: Page Cache Hit L3                                 0 / 0                 0 / 26                0 / 26                0 / 26          ops/s
[600.564s][info   ][gc,stats    ]      Memory: Page Cache Miss                                   0 / 0                 0 / 1                 0 / 1                 0 / 1           ops/s
[600.565s][info   ][gc,stats    ]      Memory: Uncommit                                          0 / 0                 0 / 0                 0 / 0                 0 / 0           MB/s
[600.565s][info   ][gc,stats    ]      Memory: Undo Object Allocation Failed                     0 / 0                 0 / 1                 0 / 1                 0 / 1           ops/s
[600.565s][info   ][gc,stats    ]      Memory: Undo Object Allocation Succeeded                  0 / 0                 0 / 74                0 / 74                0 / 74          ops/s
[600.565s][info   ][gc,stats    ]      Memory: Undo Page Allocation                              0 / 0                 0 / 1                 0 / 1                 0 / 1           ops/s
[600.565s][info   ][gc,stats    ]       Phase: Concurrent Mark                               0.000 / 0.000       577.816 / 1491.398    577.816 / 1491.398    577.816 / 1491.398    ms
[600.565s][info   ][gc,stats    ]       Phase: Concurrent Mark Continue                      0.000 / 0.000         0.000 / 0.000         0.000 / 0.000         0.000 / 0.000       ms
[600.565s][info   ][gc,stats    ]       Phase: Concurrent Mark Free                          0.000 / 0.000         0.002 / 0.004         0.002 / 0.004         0.002 / 0.004       ms
[600.565s][info   ][gc,stats    ]       Phase: Concurrent Process Non-Strong References      0.000 / 0.000       222.917 / 1850.321    222.917 / 1850.321    222.917 / 1850.321    ms
[600.566s][info   ][gc,stats    ]       Phase: Concurrent Relocate                           0.000 / 0.000        14.453 / 32.634       14.453 / 32.634       14.453 / 32.634      ms
[600.566s][info   ][gc,stats    ]       Phase: Concurrent Reset Relocation Set               0.000 / 0.000         0.019 / 0.040         0.019 / 0.040         0.019 / 0.040       ms
[600.566s][info   ][gc,stats    ]       Phase: Concurrent Select Relocation Set              0.000 / 0.000         6.585 / 15.302        6.585 / 15.302        6.585 / 15.302      ms
[600.566s][info   ][gc,stats    ]       Phase: Pause Mark End                                0.000 / 0.000         0.111 / 0.333         0.111 / 0.333         0.111 / 0.333       ms
[600.566s][info   ][gc,stats    ]       Phase: Pause Mark Start                              0.000 / 0.000         0.033 / 0.076         0.033 / 0.076         0.033 / 0.076       ms
[600.566s][info   ][gc,stats    ]       Phase: Pause Relocate Start                          0.000 / 0.000         0.031 / 0.079         0.031 / 0.079         0.031 / 0.079       ms
[600.567s][info   ][gc,stats    ]    Subphase: Concurrent Classes Purge                      0.000 / 0.000         2.831 / 13.941        2.831 / 13.941        2.831 / 13.941      ms
[600.567s][info   ][gc,stats    ]    Subphase: Concurrent Classes Unlink                     0.000 / 0.000       195.130 / 1768.670    195.130 / 1768.670    195.130 / 1768.670    ms
[600.567s][info   ][gc,stats    ]    Subphase: Concurrent Mark                               0.000 / 0.000       406.013 / 1136.625    406.013 / 1136.625    406.013 / 1136.625    ms
[600.567s][info   ][gc,stats    ]    Subphase: Concurrent Mark Try Flush                     0.000 / 0.000        31.663 / 148.506      31.663 / 148.506      31.663 / 148.506     ms
[600.567s][info   ][gc,stats    ]    Subphase: Concurrent Mark Try Terminate                 0.000 / 0.000         2.840 / 148.509       2.840 / 148.509       2.840 / 148.509     ms
[600.568s][info   ][gc,stats    ]    Subphase: Concurrent References Enqueue                 0.000 / 0.000         0.011 / 0.016         0.011 / 0.016         0.011 / 0.016       ms
[600.568s][info   ][gc,stats    ]    Subphase: Concurrent References Process                 0.000 / 0.000         0.656 / 1.351         0.656 / 1.351         0.656 / 1.351       ms
[600.568s][info   ][gc,stats    ]    Subphase: Concurrent Roots ClassLoaderDataGraph         0.000 / 0.000         0.548 / 1.503         0.548 / 1.503         0.548 / 1.503       ms
[600.568s][info   ][gc,stats    ]    Subphase: Concurrent Roots CodeCache                    0.000 / 0.000         0.000 / 0.000         0.000 / 0.000         0.000 / 0.000       ms
[600.568s][info   ][gc,stats    ]    Subphase: Concurrent Roots JavaThreads                  0.000 / 0.000        80.761 / 475.340      80.761 / 475.340      80.761 / 475.340     ms
[600.568s][info   ][gc,stats    ]    Subphase: Concurrent Roots OopStorageSet                0.000 / 0.000         0.158 / 0.370         0.158 / 0.370         0.158 / 0.370       ms
[600.568s][info   ][gc,stats    ]    Subphase: Concurrent Weak Roots OopStorageSet           0.000 / 0.000         4.481 / 9.700         4.481 / 9.700         4.481 / 9.700       ms
[600.568s][info   ][gc,stats    ]    Subphase: Pause Mark Try Complete                       0.000 / 0.000         0.053 / 0.195         0.053 / 0.195         0.053 / 0.195       ms
[600.569s][info   ][gc,stats    ]      System: Java Threads                                      0 / 0                64 / 137              64 / 137              64 / 137         threads
[600.569s][info   ][gc,stats    ] =========================================================================================================================================================
[610.560s][info   ][gc,stats    ] === Garbage Collection Statistics =======================================================================================================================
[610.560s][info   ][gc,stats    ]                                                              Last 10s              Last 10m              Last 10h                Total
[610.560s][info   ][gc,stats    ]                                                              Avg / Max             Avg / Max             Avg / Max             Avg / Max
[610.560s][info   ][gc,stats    ]   Collector: Garbage Collection Cycle                      0.000 / 0.000       873.533 / 3415.907    873.533 / 3415.907    873.533 / 3415.907    ms
[610.560s][info   ][gc,stats    ]  Contention: Mark Segment Reset Contention                     0 / 0                 0 / 2                 0 / 2                 0 / 2           ops/s
[610.560s][info   ][gc,stats    ]  Contention: Mark SeqNum Reset Contention                      0 / 0                 0 / 1                 0 / 1                 0 / 1           ops/s
[610.560s][info   ][gc,stats    ]    Critical: Allocation Stall                                  0 / 0                 0 / 0                 0 / 0                 0 / 0           ops/s
[610.561s][info   ][gc,stats    ]    Critical: Allocation Stall                              0.000 / 0.000         0.000 / 0.000         0.000 / 0.000         0.000 / 0.000       ms
[610.561s][info   ][gc,stats    ]    Critical: GC Locker Stall                                   0 / 0                 0 / 0                 0 / 0                 0 / 0           ops/s
[610.561s][info   ][gc,stats    ]    Critical: GC Locker Stall                               0.000 / 0.000         0.000 / 0.000         0.000 / 0.000         0.000 / 0.000       ms
[610.561s][info   ][gc,stats    ]    Critical: Relocation Stall                                  0 / 0                 0 / 0                 0 / 0                 0 / 0           ops/s
[610.561s][info   ][gc,stats    ]    Critical: Relocation Stall                              0.000 / 0.000         0.000 / 0.000         0.000 / 0.000         0.000 / 0.000       ms
[610.561s][info   ][gc,stats    ]      Memory: Allocation Rate                                   0 / 0                 4 / 68                4 / 68                4 / 68          MB/s
[610.561s][info   ][gc,stats    ]      Memory: Defragment                                        0 / 0                 0 / 0                 0 / 0                 0 / 0           ops/s
[610.561s][info   ][gc,stats    ]      Memory: Out Of Memory                                     0 / 0                 0 / 0                 0 / 0                 0 / 0           ops/s
[610.561s][info   ][gc,stats    ]      Memory: Page Cache Flush                                  0 / 0                 0 / 0                 0 / 0                 0 / 0           MB/s
[610.561s][info   ][gc,stats    ]      Memory: Page Cache Hit L1                                 0 / 0                 2 / 30                2 / 30                2 / 30          ops/s
[610.561s][info   ][gc,stats    ]      Memory: Page Cache Hit L2                                 0 / 0                 0 / 0                 0 / 0                 0 / 0           ops/s
[610.562s][info   ][gc,stats    ]      Memory: Page Cache Hit L3                                 0 / 0                 0 / 26                0 / 26                0 / 26          ops/s
[610.562s][info   ][gc,stats    ]      Memory: Page Cache Miss                                   0 / 0                 0 / 0                 0 / 1                 0 / 1           ops/s
[610.562s][info   ][gc,stats    ]      Memory: Uncommit                                          0 / 0                 0 / 0                 0 / 0                 0 / 0           MB/s
[610.562s][info   ][gc,stats    ]      Memory: Undo Object Allocation Failed                     0 / 0                 0 / 1                 0 / 1                 0 / 1           ops/s
[610.562s][info   ][gc,stats    ]      Memory: Undo Object Allocation Succeeded                  0 / 0                 0 / 74                0 / 74                0 / 74          ops/s
[610.562s][info   ][gc,stats    ]      Memory: Undo Page Allocation                              0 / 0                 0 / 1                 0 / 1                 0 / 1           ops/s
[610.562s][info   ][gc,stats    ]       Phase: Concurrent Mark                               0.000 / 0.000       577.816 / 1491.398    577.816 / 1491.398    577.816 / 1491.398    ms
[610.562s][info   ][gc,stats    ]       Phase: Concurrent Mark Continue                      0.000 / 0.000         0.000 / 0.000         0.000 / 0.000         0.000 / 0.000       ms
[610.562s][info   ][gc,stats    ]       Phase: Concurrent Mark Free                          0.000 / 0.000         0.002 / 0.004         0.002 / 0.004         0.002 / 0.004       ms
[610.562s][info   ][gc,stats    ]       Phase: Concurrent Process Non-Strong References      0.000 / 0.000       222.917 / 1850.321    222.917 / 1850.321    222.917 / 1850.321    ms
[610.562s][info   ][gc,stats    ]       Phase: Concurrent Relocate                           0.000 / 0.000        14.453 / 32.634       14.453 / 32.634       14.453 / 32.634      ms
[610.563s][info   ][gc,stats    ]       Phase: Concurrent Reset Relocation Set               0.000 / 0.000         0.019 / 0.040         0.019 / 0.040         0.019 / 0.040       ms
[610.563s][info   ][gc,stats    ]       Phase: Concurrent Select Relocation Set              0.000 / 0.000         6.585 / 15.302        6.585 / 15.302        6.585 / 15.302      ms
[610.563s][info   ][gc,stats    ]       Phase: Pause Mark End                                0.000 / 0.000         0.111 / 0.333         0.111 / 0.333         0.111 / 0.333       ms
[610.563s][info   ][gc,stats    ]       Phase: Pause Mark Start                              0.000 / 0.000         0.033 / 0.076         0.033 / 0.076         0.033 / 0.076       ms
[610.563s][info   ][gc,stats    ]       Phase: Pause Relocate Start                          0.000 / 0.000         0.031 / 0.079         0.031 / 0.079         0.031 / 0.079       ms
[610.563s][info   ][gc,stats    ]    Subphase: Concurrent Classes Purge                      0.000 / 0.000         2.831 / 13.941        2.831 / 13.941        2.831 / 13.941      ms
[610.563s][info   ][gc,stats    ]    Subphase: Concurrent Classes Unlink                     0.000 / 0.000       195.130 / 1768.670    195.130 / 1768.670    195.130 / 1768.670    ms
[610.563s][info   ][gc,stats    ]    Subphase: Concurrent Mark                               0.000 / 0.000       406.013 / 1136.625    406.013 / 1136.625    406.013 / 1136.625    ms
[610.563s][info   ][gc,stats    ]    Subphase: Concurrent Mark Try Flush                     0.000 / 0.000        31.663 / 148.506      31.663 / 148.506      31.663 / 148.506     ms
[610.563s][info   ][gc,stats    ]    Subphase: Concurrent Mark Try Terminate                 0.000 / 0.000         2.840 / 148.509       2.840 / 148.509       2.840 / 148.509     ms
[610.563s][info   ][gc,stats    ]    Subphase: Concurrent References Enqueue                 0.000 / 0.000         0.011 / 0.016         0.011 / 0.016         0.011 / 0.016       ms
[610.563s][info   ][gc,stats    ]    Subphase: Concurrent References Process                 0.000 / 0.000         0.656 / 1.351         0.656 / 1.351         0.656 / 1.351       ms
[610.563s][info   ][gc,stats    ]    Subphase: Concurrent Roots ClassLoaderDataGraph         0.000 / 0.000         0.548 / 1.503         0.548 / 1.503         0.548 / 1.503       ms
[610.564s][info   ][gc,stats    ]    Subphase: Concurrent Roots CodeCache                    0.000 / 0.000         0.000 / 0.000         0.000 / 0.000         0.000 / 0.000       ms
[610.564s][info   ][gc,stats    ]    Subphase: Concurrent Roots JavaThreads                  0.000 / 0.000        80.761 / 475.340      80.761 / 475.340      80.761 / 475.340     ms
[610.564s][info   ][gc,stats    ]    Subphase: Concurrent Roots OopStorageSet                0.000 / 0.000         0.158 / 0.370         0.158 / 0.370         0.158 / 0.370       ms
[610.564s][info   ][gc,stats    ]    Subphase: Concurrent Weak Roots OopStorageSet           0.000 / 0.000         4.481 / 9.700         4.481 / 9.700         4.481 / 9.700       ms
[610.564s][info   ][gc,stats    ]    Subphase: Pause Mark Try Complete                       0.000 / 0.000         0.053 / 0.195         0.053 / 0.195         0.053 / 0.195       ms
[610.564s][info   ][gc,stats    ]      System: Java Threads                                      0 / 0                64 / 137              64 / 137              64 / 137         threads
[610.564s][info   ][gc,stats    ] =========================================================================================================================================================
[620.568s][info   ][gc,stats    ] === Garbage Collection Statistics =======================================================================================================================
[620.568s][info   ][gc,stats    ]                                                              Last 10s              Last 10m              Last 10h                Total
[620.568s][info   ][gc,stats    ]                                                              Avg / Max             Avg / Max             Avg / Max             Avg / Max
[620.568s][info   ][gc,stats    ]   Collector: Garbage Collection Cycle                      0.000 / 0.000       969.897 / 3415.907    873.533 / 3415.907    873.533 / 3415.907    ms
[620.568s][info   ][gc,stats    ]  Contention: Mark Segment Reset Contention                     0 / 0                 0 / 2                 0 / 2                 0 / 2           ops/s
[620.568s][info   ][gc,stats    ]  Contention: Mark SeqNum Reset Contention                      0 / 0                 0 / 1                 0 / 1                 0 / 1           ops/s
[620.568s][info   ][gc,stats    ]    Critical: Allocation Stall                                  0 / 0                 0 / 0                 0 / 0                 0 / 0           ops/s
[620.568s][info   ][gc,stats    ]    Critical: Allocation Stall                              0.000 / 0.000         0.000 / 0.000         0.000 / 0.000         0.000 / 0.000       ms
[620.568s][info   ][gc,stats    ]    Critical: GC Locker Stall                                   0 / 0                 0 / 0                 0 / 0                 0 / 0           ops/s
[620.569s][info   ][gc,stats    ]    Critical: GC Locker Stall                               0.000 / 0.000         0.000 / 0.000         0.000 / 0.000         0.000 / 0.000       ms
[620.569s][info   ][gc,stats    ]    Critical: Relocation Stall                                  0 / 0                 0 / 0                 0 / 0                 0 / 0           ops/s
[620.569s][info   ][gc,stats    ]    Critical: Relocation Stall                              0.000 / 0.000         0.000 / 0.000         0.000 / 0.000         0.000 / 0.000       ms
[620.569s][info   ][gc,stats    ]      Memory: Allocation Rate                                   0 / 2                 4 / 68                4 / 68                4 / 68          MB/s
[620.569s][info   ][gc,stats    ]      Memory: Defragment                                        0 / 0                 0 / 0                 0 / 0                 0 / 0           ops/s
[620.569s][info   ][gc,stats    ]      Memory: Out Of Memory                                     0 / 0                 0 / 0                 0 / 0                 0 / 0           ops/s
[620.569s][info   ][gc,stats    ]      Memory: Page Cache Flush                                  0 / 0                 0 / 0                 0 / 0                 0 / 0           MB/s
[620.569s][info   ][gc,stats    ]      Memory: Page Cache Hit L1                                 0 / 1                 2 / 30                2 / 30                2 / 30          ops/s
[620.569s][info   ][gc,stats    ]      Memory: Page Cache Hit L2                                 0 / 0                 0 / 0                 0 / 0                 0 / 0           ops/s
[620.569s][info   ][gc,stats    ]      Memory: Page Cache Hit L3                                 0 / 0                 0 / 26                0 / 26                0 / 26          ops/s
[620.570s][info   ][gc,stats    ]      Memory: Page Cache Miss                                   0 / 0                 0 / 0                 0 / 1                 0 / 1           ops/s
[620.570s][info   ][gc,stats    ]      Memory: Uncommit                                          0 / 0                 0 / 0                 0 / 0                 0 / 0           MB/s
[620.570s][info   ][gc,stats    ]      Memory: Undo Object Allocation Failed                     0 / 0                 0 / 1                 0 / 1                 0 / 1           ops/s
[620.570s][info   ][gc,stats    ]      Memory: Undo Object Allocation Succeeded                  0 / 0                 0 / 74                0 / 74                0 / 74          ops/s
[620.570s][info   ][gc,stats    ]      Memory: Undo Page Allocation                              0 / 0                 0 / 1                 0 / 1                 0 / 1           ops/s
[620.570s][info   ][gc,stats    ]       Phase: Concurrent Mark                               0.000 / 0.000       641.727 / 1491.398    577.816 / 1491.398    577.816 / 1491.398    ms
[620.570s][info   ][gc,stats    ]       Phase: Concurrent Mark Continue                      0.000 / 0.000         0.000 / 0.000         0.000 / 0.000         0.000 / 0.000       ms
[620.570s][info   ][gc,stats    ]       Phase: Concurrent Mark Free                          0.000 / 0.000         0.002 / 0.004         0.002 / 0.004         0.002 / 0.004       ms
[620.570s][info   ][gc,stats    ]       Phase: Concurrent Process Non-Strong References      0.000 / 0.000       250.044 / 1850.321    222.917 / 1850.321    222.917 / 1850.321    ms
[620.570s][info   ][gc,stats    ]       Phase: Concurrent Relocate                           0.000 / 0.000        14.887 / 32.634       14.453 / 32.634       14.453 / 32.634      ms
[620.570s][info   ][gc,stats    ]       Phase: Concurrent Reset Relocation Set               0.000 / 0.000         0.021 / 0.040         0.019 / 0.040         0.019 / 0.040       ms
[620.570s][info   ][gc,stats    ]       Phase: Concurrent Select Relocation Set              0.000 / 0.000         6.426 / 15.302        6.585 / 15.302        6.585 / 15.302      ms
[620.571s][info   ][gc,stats    ]       Phase: Pause Mark End                                0.000 / 0.000         0.113 / 0.333         0.111 / 0.333         0.111 / 0.333       ms
[620.571s][info   ][gc,stats    ]       Phase: Pause Mark Start                              0.000 / 0.000         0.033 / 0.076         0.033 / 0.076         0.033 / 0.076       ms
[620.571s][info   ][gc,stats    ]       Phase: Pause Relocate Start                          0.000 / 0.000         0.032 / 0.079         0.031 / 0.079         0.031 / 0.079       ms
[620.571s][info   ][gc,stats    ]    Subphase: Concurrent Classes Purge                      0.000 / 0.000         3.151 / 13.941        2.831 / 13.941        2.831 / 13.941      ms
[620.571s][info   ][gc,stats    ]    Subphase: Concurrent Classes Unlink                     0.000 / 0.000       219.029 / 1768.670    195.130 / 1768.670    195.130 / 1768.670    ms
[620.571s][info   ][gc,stats    ]    Subphase: Concurrent Mark                               0.000 / 0.000       457.121 / 1136.625    406.013 / 1136.625    406.013 / 1136.625    ms
[620.571s][info   ][gc,stats    ]    Subphase: Concurrent Mark Try Flush                     0.000 / 0.000        33.484 / 148.506      31.663 / 148.506      31.663 / 148.506     ms
[620.571s][info   ][gc,stats    ]    Subphase: Concurrent Mark Try Terminate                 0.000 / 0.000         2.847 / 148.509       2.840 / 148.509       2.840 / 148.509     ms
[620.571s][info   ][gc,stats    ]    Subphase: Concurrent References Enqueue                 0.000 / 0.000         0.011 / 0.016         0.011 / 0.016         0.011 / 0.016       ms
[620.571s][info   ][gc,stats    ]    Subphase: Concurrent References Process                 0.000 / 0.000         0.704 / 1.351         0.656 / 1.351         0.656 / 1.351       ms
[620.571s][info   ][gc,stats    ]    Subphase: Concurrent Roots ClassLoaderDataGraph         0.000 / 0.000         0.549 / 1.261         0.548 / 1.503         0.548 / 1.503       ms
[620.572s][info   ][gc,stats    ]    Subphase: Concurrent Roots CodeCache                    0.000 / 0.000         0.000 / 0.000         0.000 / 0.000         0.000 / 0.000       ms
[620.572s][info   ][gc,stats    ]    Subphase: Concurrent Roots JavaThreads                  0.000 / 0.000        92.422 / 475.340      80.761 / 475.340      80.761 / 475.340     ms
[620.572s][info   ][gc,stats    ]    Subphase: Concurrent Roots OopStorageSet                0.000 / 0.000         0.148 / 0.305         0.158 / 0.370         0.158 / 0.370       ms
[620.572s][info   ][gc,stats    ]    Subphase: Concurrent Weak Roots OopStorageSet           0.000 / 0.000         4.979 / 9.700         4.481 / 9.700         4.481 / 9.700       ms
[620.572s][info   ][gc,stats    ]    Subphase: Pause Mark Try Complete                       0.000 / 0.000         0.061 / 0.195         0.053 / 0.195         0.053 / 0.195       ms
[620.572s][info   ][gc,stats    ]      System: Java Threads                                      0 / 0                70 / 137              64 / 137              64 / 137         threads
[620.572s][info   ][gc,stats    ] =========================================================================================================================================================
[630.560s][info   ][gc,stats    ] === Garbage Collection Statistics =======================================================================================================================
[630.560s][info   ][gc,stats    ]                                                              Last 10s              Last 10m              Last 10h                Total
[630.560s][info   ][gc,stats    ]                                                              Avg / Max             Avg / Max             Avg / Max             Avg / Max
[630.560s][info   ][gc,stats    ]   Collector: Garbage Collection Cycle                      0.000 / 0.000      1090.495 / 3415.907    873.533 / 3415.907    873.533 / 3415.907    ms
[630.561s][info   ][gc,stats    ]  Contention: Mark Segment Reset Contention                     0 / 0                 0 / 2                 0 / 2                 0 / 2           ops/s
[630.562s][info   ][gc,stats    ]  Contention: Mark SeqNum Reset Contention                      0 / 0                 0 / 1                 0 / 1                 0 / 1           ops/s
[630.563s][info   ][gc,stats    ]    Critical: Allocation Stall                                  0 / 0                 0 / 0                 0 / 0                 0 / 0           ops/s
[630.564s][info   ][gc,stats    ]    Critical: Allocation Stall                              0.000 / 0.000         0.000 / 0.000         0.000 / 0.000         0.000 / 0.000       ms
[630.564s][info   ][gc,stats    ]    Critical: GC Locker Stall                                   0 / 0                 0 / 0                 0 / 0                 0 / 0           ops/s
[630.564s][info   ][gc,stats    ]    Critical: GC Locker Stall                               0.000 / 0.000         0.000 / 0.000         0.000 / 0.000         0.000 / 0.000       ms
[630.564s][info   ][gc,stats    ]    Critical: Relocation Stall                                  0 / 0                 0 / 0                 0 / 0                 0 / 0           ops/s
[630.565s][info   ][gc,stats    ]    Critical: Relocation Stall                              0.000 / 0.000         0.000 / 0.000         0.000 / 0.000         0.000 / 0.000       ms
[630.565s][info   ][gc,stats    ]      Memory: Allocation Rate                                   0 / 0                 4 / 68                4 / 68                4 / 68          MB/s
[630.565s][info   ][gc,stats    ]      Memory: Defragment                                        0 / 0                 0 / 0                 0 / 0                 0 / 0           ops/s
[630.565s][info   ][gc,stats    ]      Memory: Out Of Memory                                     0 / 0                 0 / 0                 0 / 0                 0 / 0           ops/s
[630.565s][info   ][gc,stats    ]      Memory: Page Cache Flush                                  0 / 0                 0 / 0                 0 / 0                 0 / 0           MB/s
[630.565s][info   ][gc,stats    ]      Memory: Page Cache Hit L1                                 0 / 0                 1 / 30                2 / 30                2 / 30          ops/s
[630.566s][info   ][gc,stats    ]      Memory: Page Cache Hit L2                                 0 / 0                 0 / 0                 0 / 0                 0 / 0           ops/s
[630.566s][info   ][gc,stats    ]      Memory: Page Cache Hit L3                                 0 / 0                 0 / 26                0 / 26                0 / 26          ops/s
[630.566s][info   ][gc,stats    ]      Memory: Page Cache Miss                                   0 / 0                 0 / 0                 0 / 1                 0 / 1           ops/s
[630.566s][info   ][gc,stats    ]      Memory: Uncommit                                          0 / 0                 0 / 0                 0 / 0                 0 / 0           MB/s
[630.566s][info   ][gc,stats    ]      Memory: Undo Object Allocation Failed                     0 / 0                 0 / 1                 0 / 1                 0 / 1           ops/s
[630.566s][info   ][gc,stats    ]      Memory: Undo Object Allocation Succeeded                  0 / 0                 0 / 74                0 / 74                0 / 74          ops/s
[630.567s][info   ][gc,stats    ]      Memory: Undo Page Allocation                              0 / 0                 0 / 1                 0 / 1                 0 / 1           ops/s
[630.567s][info   ][gc,stats    ]       Phase: Concurrent Mark                               0.000 / 0.000       720.277 / 1491.398    577.816 / 1491.398    577.816 / 1491.398    ms
[630.567s][info   ][gc,stats    ]       Phase: Concurrent Mark Continue                      0.000 / 0.000         0.000 / 0.000         0.000 / 0.000         0.000 / 0.000       ms
[630.567s][info   ][gc,stats    ]       Phase: Concurrent Mark Free                          0.000 / 0.000         0.002 / 0.004         0.002 / 0.004         0.002 / 0.004       ms
[630.567s][info   ][gc,stats    ]       Phase: Concurrent Process Non-Strong References      0.000 / 0.000       284.351 / 1850.321    222.917 / 1850.321    222.917 / 1850.321    ms
[630.568s][info   ][gc,stats    ]       Phase: Concurrent Relocate                           0.000 / 0.000        14.907 / 32.634       14.453 / 32.634       14.453 / 32.634      ms
[630.568s][info   ][gc,stats    ]       Phase: Concurrent Reset Relocation Set               0.000 / 0.000         0.023 / 0.040         0.019 / 0.040         0.019 / 0.040       ms
[630.568s][info   ][gc,stats    ]       Phase: Concurrent Select Relocation Set              0.000 / 0.000         6.346 / 15.302        6.585 / 15.302        6.585 / 15.302      ms
[630.568s][info   ][gc,stats    ]       Phase: Pause Mark End                                0.000 / 0.000         0.126 / 0.333         0.111 / 0.333         0.111 / 0.333       ms
[630.568s][info   ][gc,stats    ]       Phase: Pause Mark Start                              0.000 / 0.000         0.036 / 0.076         0.033 / 0.076         0.033 / 0.076       ms
[630.568s][info   ][gc,stats    ]       Phase: Pause Relocate Start                          0.000 / 0.000         0.034 / 0.079         0.031 / 0.079         0.031 / 0.079       ms
[630.568s][info   ][gc,stats    ]    Subphase: Concurrent Classes Purge                      0.000 / 0.000         3.585 / 13.941        2.831 / 13.941        2.831 / 13.941      ms
[630.569s][info   ][gc,stats    ]    Subphase: Concurrent Classes Unlink                     0.000 / 0.000       249.287 / 1768.670    195.130 / 1768.670    195.130 / 1768.670    ms
[630.569s][info   ][gc,stats    ]    Subphase: Concurrent Mark                               0.000 / 0.000       521.603 / 1136.625    406.013 / 1136.625    406.013 / 1136.625    ms
[630.569s][info   ][gc,stats    ]    Subphase: Concurrent Mark Try Flush                     0.000 / 0.000        35.532 / 148.506      31.663 / 148.506      31.663 / 148.506     ms
[630.569s][info   ][gc,stats    ]    Subphase: Concurrent Mark Try Terminate                 0.000 / 0.000         2.843 / 148.509       2.840 / 148.509       2.840 / 148.509     ms
[630.570s][info   ][gc,stats    ]    Subphase: Concurrent References Enqueue                 0.000 / 0.000         0.011 / 0.016         0.011 / 0.016         0.011 / 0.016       ms
[630.570s][info   ][gc,stats    ]    Subphase: Concurrent References Process                 0.000 / 0.000         0.767 / 1.351         0.656 / 1.351         0.656 / 1.351       ms
[630.570s][info   ][gc,stats    ]    Subphase: Concurrent Roots ClassLoaderDataGraph         0.000 / 0.000         0.583 / 1.261         0.548 / 1.503         0.548 / 1.503       ms
[630.570s][info   ][gc,stats    ]    Subphase: Concurrent Roots CodeCache                    0.000 / 0.000         0.000 / 0.000         0.000 / 0.000         0.000 / 0.000       ms
[630.570s][info   ][gc,stats    ]    Subphase: Concurrent Roots JavaThreads                  0.000 / 0.000       108.278 / 475.340      80.761 / 475.340      80.761 / 475.340     ms
[630.571s][info   ][gc,stats    ]    Subphase: Concurrent Roots OopStorageSet                0.000 / 0.000         0.156 / 0.305         0.158 / 0.370         0.158 / 0.370       ms
[630.571s][info   ][gc,stats    ]    Subphase: Concurrent Weak Roots OopStorageSet           0.000 / 0.000         5.504 / 9.700         4.481 / 9.700         4.481 / 9.700       ms
[630.571s][info   ][gc,stats    ]    Subphase: Pause Mark Try Complete                       0.000 / 0.000         0.061 / 0.195         0.053 / 0.195         0.053 / 0.195       ms
[630.571s][info   ][gc,stats    ]      System: Java Threads                                      0 / 0                77 / 137              64 / 137              64 / 137         threads
[630.572s][info   ][gc,stats    ] =========================================================================================================================================================
[640.560s][info   ][gc,stats    ] === Garbage Collection Statistics =======================================================================================================================
[640.561s][info   ][gc,stats    ]                                                              Last 10s              Last 10m              Last 10h                Total
[640.561s][info   ][gc,stats    ]                                                              Avg / Max             Avg / Max             Avg / Max             Avg / Max
[640.561s][info   ][gc,stats    ]   Collector: Garbage Collection Cycle                      0.000 / 0.000      1090.495 / 3415.907    873.533 / 3415.907    873.533 / 3415.907    ms
[640.561s][info   ][gc,stats    ]  Contention: Mark Segment Reset Contention                     0 / 0                 0 / 2                 0 / 2                 0 / 2           ops/s
[640.561s][info   ][gc,stats    ]  Contention: Mark SeqNum Reset Contention                      0 / 0                 0 / 1                 0 / 1                 0 / 1           ops/s
[640.561s][info   ][gc,stats    ]    Critical: Allocation Stall                                  0 / 0                 0 / 0                 0 / 0                 0 / 0           ops/s
[640.561s][info   ][gc,stats    ]    Critical: Allocation Stall                              0.000 / 0.000         0.000 / 0.000         0.000 / 0.000         0.000 / 0.000       ms
[640.561s][info   ][gc,stats    ]    Critical: GC Locker Stall                                   0 / 0                 0 / 0                 0 / 0                 0 / 0           ops/s
[640.561s][info   ][gc,stats    ]    Critical: GC Locker Stall                               0.000 / 0.000         0.000 / 0.000         0.000 / 0.000         0.000 / 0.000       ms
[640.561s][info   ][gc,stats    ]    Critical: Relocation Stall                                  0 / 0                 0 / 0                 0 / 0                 0 / 0           ops/s
[640.561s][info   ][gc,stats    ]    Critical: Relocation Stall                              0.000 / 0.000         0.000 / 0.000         0.000 / 0.000         0.000 / 0.000       ms
[640.562s][info   ][gc,stats    ]      Memory: Allocation Rate                                   0 / 0                 3 / 68                4 / 68                4 / 68          MB/s
[640.562s][info   ][gc,stats    ]      Memory: Defragment                                        0 / 0                 0 / 0                 0 / 0                 0 / 0           ops/s
[640.562s][info   ][gc,stats    ]      Memory: Out Of Memory                                     0 / 0                 0 / 0                 0 / 0                 0 / 0           ops/s
[640.562s][info   ][gc,stats    ]      Memory: Page Cache Flush                                  0 / 0                 0 / 0                 0 / 0                 0 / 0           MB/s
[640.562s][info   ][gc,stats    ]      Memory: Page Cache Hit L1                                 0 / 0                 1 / 30                2 / 30                2 / 30          ops/s
[640.562s][info   ][gc,stats    ]      Memory: Page Cache Hit L2                                 0 / 0                 0 / 0                 0 / 0                 0 / 0           ops/s
[640.562s][info   ][gc,stats    ]      Memory: Page Cache Hit L3                                 0 / 0                 0 / 26                0 / 26                0 / 26          ops/s
[640.562s][info   ][gc,stats    ]      Memory: Page Cache Miss                                   0 / 0                 0 / 0                 0 / 1                 0 / 1           ops/s
[640.562s][info   ][gc,stats    ]      Memory: Uncommit                                          0 / 0                 0 / 0                 0 / 0                 0 / 0           MB/s
[640.562s][info   ][gc,stats    ]      Memory: Undo Object Allocation Failed                     0 / 0                 0 / 1                 0 / 1                 0 / 1           ops/s
[640.562s][info   ][gc,stats    ]      Memory: Undo Object Allocation Succeeded                  0 / 0                 0 / 74                0 / 74                0 / 74          ops/s
[640.562s][info   ][gc,stats    ]      Memory: Undo Page Allocation                              0 / 0                 0 / 1                 0 / 1                 0 / 1           ops/s
[640.563s][info   ][gc,stats    ]       Phase: Concurrent Mark                               0.000 / 0.000       720.277 / 1491.398    577.816 / 1491.398    577.816 / 1491.398    ms
[640.563s][info   ][gc,stats    ]       Phase: Concurrent Mark Continue                      0.000 / 0.000         0.000 / 0.000         0.000 / 0.000         0.000 / 0.000       ms
[640.563s][info   ][gc,stats    ]       Phase: Concurrent Mark Free                          0.000 / 0.000         0.002 / 0.004         0.002 / 0.004         0.002 / 0.004       ms
[640.563s][info   ][gc,stats    ]       Phase: Concurrent Process Non-Strong References      0.000 / 0.000       284.351 / 1850.321    222.917 / 1850.321    222.917 / 1850.321    ms
[640.563s][info   ][gc,stats    ]       Phase: Concurrent Relocate                           0.000 / 0.000        14.907 / 32.634       14.453 / 32.634       14.453 / 32.634      ms
[640.563s][info   ][gc,stats    ]       Phase: Concurrent Reset Relocation Set               0.000 / 0.000         0.023 / 0.040         0.019 / 0.040         0.019 / 0.040       ms
[640.563s][info   ][gc,stats    ]       Phase: Concurrent Select Relocation Set              0.000 / 0.000         6.346 / 15.302        6.585 / 15.302        6.585 / 15.302      ms
[640.563s][info   ][gc,stats    ]       Phase: Pause Mark End                                0.000 / 0.000         0.126 / 0.333         0.111 / 0.333         0.111 / 0.333       ms
[640.563s][info   ][gc,stats    ]       Phase: Pause Mark Start                              0.000 / 0.000         0.036 / 0.076         0.033 / 0.076         0.033 / 0.076       ms
[640.563s][info   ][gc,stats    ]       Phase: Pause Relocate Start                          0.000 / 0.000         0.034 / 0.079         0.031 / 0.079         0.031 / 0.079       ms
[640.563s][info   ][gc,stats    ]    Subphase: Concurrent Classes Purge                      0.000 / 0.000         3.585 / 13.941        2.831 / 13.941        2.831 / 13.941      ms
[640.564s][info   ][gc,stats    ]    Subphase: Concurrent Classes Unlink                     0.000 / 0.000       249.287 / 1768.670    195.130 / 1768.670    195.130 / 1768.670    ms
[640.564s][info   ][gc,stats    ]    Subphase: Concurrent Mark                               0.000 / 0.000       521.603 / 1136.625    406.013 / 1136.625    406.013 / 1136.625    ms
[640.564s][info   ][gc,stats    ]    Subphase: Concurrent Mark Try Flush                     0.000 / 0.000        35.532 / 148.506      31.663 / 148.506      31.663 / 148.506     ms
[640.564s][info   ][gc,stats    ]    Subphase: Concurrent Mark Try Terminate                 0.000 / 0.000         2.843 / 148.509       2.840 / 148.509       2.840 / 148.509     ms
[640.564s][info   ][gc,stats    ]    Subphase: Concurrent References Enqueue                 0.000 / 0.000         0.011 / 0.016         0.011 / 0.016         0.011 / 0.016       ms
[640.564s][info   ][gc,stats    ]    Subphase: Concurrent References Process                 0.000 / 0.000         0.767 / 1.351         0.656 / 1.351         0.656 / 1.351       ms
[640.564s][info   ][gc,stats    ]    Subphase: Concurrent Roots ClassLoaderDataGraph         0.000 / 0.000         0.583 / 1.261         0.548 / 1.503         0.548 / 1.503       ms
[640.564s][info   ][gc,stats    ]    Subphase: Concurrent Roots CodeCache                    0.000 / 0.000         0.000 / 0.000         0.000 / 0.000         0.000 / 0.000       ms
[640.564s][info   ][gc,stats    ]    Subphase: Concurrent Roots JavaThreads                  0.000 / 0.000       108.278 / 475.340      80.761 / 475.340      80.761 / 475.340     ms
[640.564s][info   ][gc,stats    ]    Subphase: Concurrent Roots OopStorageSet                0.000 / 0.000         0.156 / 0.305         0.158 / 0.370         0.158 / 0.370       ms
[640.565s][info   ][gc,stats    ]    Subphase: Concurrent Weak Roots OopStorageSet           0.000 / 0.000         5.504 / 9.700         4.481 / 9.700         4.481 / 9.700       ms
[640.565s][info   ][gc,stats    ]    Subphase: Pause Mark Try Complete                       0.000 / 0.000         0.061 / 0.195         0.053 / 0.195         0.053 / 0.195       ms
[640.565s][info   ][gc,stats    ]      System: Java Threads                                      0 / 0                77 / 137              64 / 137              64 / 137         threads
[640.565s][info   ][gc,stats    ] =========================================================================================================================================================
[650.561s][info   ][gc,stats    ] === Garbage Collection Statistics =======================================================================================================================
[650.562s][info   ][gc,stats    ]                                                              Last 10s              Last 10m              Last 10h                Total
[650.562s][info   ][gc,stats    ]                                                              Avg / Max             Avg / Max             Avg / Max             Avg / Max
[650.562s][info   ][gc,stats    ]   Collector: Garbage Collection Cycle                      0.000 / 0.000      1151.558 / 3415.907    873.533 / 3415.907    873.533 / 3415.907    ms
[650.562s][info   ][gc,stats    ]  Contention: Mark Segment Reset Contention                     0 / 0                 0 / 2                 0 / 2                 0 / 2           ops/s
[650.562s][info   ][gc,stats    ]  Contention: Mark SeqNum Reset Contention                      0 / 0                 0 / 1                 0 / 1                 0 / 1           ops/s
[650.562s][info   ][gc,stats    ]    Critical: Allocation Stall                                  0 / 0                 0 / 0                 0 / 0                 0 / 0           ops/s
[650.562s][info   ][gc,stats    ]    Critical: Allocation Stall                              0.000 / 0.000         0.000 / 0.000         0.000 / 0.000         0.000 / 0.000       ms
[650.562s][info   ][gc,stats    ]    Critical: GC Locker Stall                                   0 / 0                 0 / 0                 0 / 0                 0 / 0           ops/s
[650.562s][info   ][gc,stats    ]    Critical: GC Locker Stall                               0.000 / 0.000         0.000 / 0.000         0.000 / 0.000         0.000 / 0.000       ms
[650.562s][info   ][gc,stats    ]    Critical: Relocation Stall                                  0 / 0                 0 / 0                 0 / 0                 0 / 0           ops/s
[650.562s][info   ][gc,stats    ]    Critical: Relocation Stall                              0.000 / 0.000         0.000 / 0.000         0.000 / 0.000         0.000 / 0.000       ms
[650.562s][info   ][gc,stats    ]      Memory: Allocation Rate                                   0 / 0                 3 / 68                4 / 68                4 / 68          MB/s
[650.563s][info   ][gc,stats    ]      Memory: Defragment                                        0 / 0                 0 / 0                 0 / 0                 0 / 0           ops/s
[650.563s][info   ][gc,stats    ]      Memory: Out Of Memory                                     0 / 0                 0 / 0                 0 / 0                 0 / 0           ops/s
[650.563s][info   ][gc,stats    ]      Memory: Page Cache Flush                                  0 / 0                 0 / 0                 0 / 0                 0 / 0           MB/s
[650.563s][info   ][gc,stats    ]      Memory: Page Cache Hit L1                                 0 / 0                 1 / 30                1 / 30                1 / 30          ops/s
[650.563s][info   ][gc,stats    ]      Memory: Page Cache Hit L2                                 0 / 0                 0 / 0                 0 / 0                 0 / 0           ops/s
[650.563s][info   ][gc,stats    ]      Memory: Page Cache Hit L3                                 0 / 0                 0 / 26                0 / 26                0 / 26          ops/s
[650.563s][info   ][gc,stats    ]      Memory: Page Cache Miss                                   0 / 0                 0 / 0                 0 / 1                 0 / 1           ops/s
[650.563s][info   ][gc,stats    ]      Memory: Uncommit                                          0 / 0                 0 / 0                 0 / 0                 0 / 0           MB/s
[650.563s][info   ][gc,stats    ]      Memory: Undo Object Allocation Failed                     0 / 0                 0 / 1                 0 / 1                 0 / 1           ops/s
[650.563s][info   ][gc,stats    ]      Memory: Undo Object Allocation Succeeded                  0 / 0                 0 / 74                0 / 74                0 / 74          ops/s
[650.563s][info   ][gc,stats    ]      Memory: Undo Page Allocation                              0 / 0                 0 / 1                 0 / 1                 0 / 1           ops/s
[650.563s][info   ][gc,stats    ]       Phase: Concurrent Mark                               0.000 / 0.000       758.044 / 1491.398    577.816 / 1491.398    577.816 / 1491.398    ms
[650.563s][info   ][gc,stats    ]       Phase: Concurrent Mark Continue                      0.000 / 0.000         0.000 / 0.000         0.000 / 0.000         0.000 / 0.000       ms
[650.563s][info   ][gc,stats    ]       Phase: Concurrent Mark Free                          0.000 / 0.000         0.002 / 0.004         0.002 / 0.004         0.002 / 0.004       ms
[650.563s][info   ][gc,stats    ]       Phase: Concurrent Process Non-Strong References      0.000 / 0.000       304.652 / 1850.321    222.917 / 1850.321    222.917 / 1850.321    ms
[650.563s][info   ][gc,stats    ]       Phase: Concurrent Relocate                           0.000 / 0.000        13.822 / 32.634       14.453 / 32.634       14.453 / 32.634      ms
[650.563s][info   ][gc,stats    ]       Phase: Concurrent Reset Relocation Set               0.000 / 0.000         0.023 / 0.040         0.019 / 0.040         0.019 / 0.040       ms
[650.563s][info   ][gc,stats    ]       Phase: Concurrent Select Relocation Set              0.000 / 0.000         5.657 / 11.894        6.585 / 15.302        6.585 / 15.302      ms
[650.564s][info   ][gc,stats    ]       Phase: Pause Mark End                                0.000 / 0.000         0.134 / 0.333         0.111 / 0.333         0.111 / 0.333       ms
[650.564s][info   ][gc,stats    ]       Phase: Pause Mark Start                              0.000 / 0.000         0.037 / 0.076         0.033 / 0.076         0.033 / 0.076       ms
[650.564s][info   ][gc,stats    ]       Phase: Pause Relocate Start                          0.000 / 0.000         0.036 / 0.079         0.031 / 0.079         0.031 / 0.079       ms
[650.564s][info   ][gc,stats    ]    Subphase: Concurrent Classes Purge                      0.000 / 0.000         3.705 / 13.941        2.831 / 13.941        2.831 / 13.941      ms
[650.564s][info   ][gc,stats    ]    Subphase: Concurrent Classes Unlink                     0.000 / 0.000       267.429 / 1768.670    195.130 / 1768.670    195.130 / 1768.670    ms
[650.564s][info   ][gc,stats    ]    Subphase: Concurrent Mark                               0.000 / 0.000       550.801 / 1136.625    406.013 / 1136.625    406.013 / 1136.625    ms
[650.564s][info   ][gc,stats    ]    Subphase: Concurrent Mark Try Flush                     0.000 / 0.000        36.809 / 148.506      31.663 / 148.506      31.663 / 148.506     ms
[650.564s][info   ][gc,stats    ]    Subphase: Concurrent Mark Try Terminate                 0.000 / 0.000         2.836 / 148.509       2.840 / 148.509       2.840 / 148.509     ms
[650.564s][info   ][gc,stats    ]    Subphase: Concurrent References Enqueue                 0.000 / 0.000         0.011 / 0.016         0.011 / 0.016         0.011 / 0.016       ms
[650.564s][info   ][gc,stats    ]    Subphase: Concurrent References Process                 0.000 / 0.000         0.787 / 1.351         0.656 / 1.351         0.656 / 1.351       ms
[650.565s][info   ][gc,stats    ]    Subphase: Concurrent Roots ClassLoaderDataGraph         0.000 / 0.000         0.601 / 1.261         0.548 / 1.503         0.548 / 1.503       ms
[650.565s][info   ][gc,stats    ]    Subphase: Concurrent Roots CodeCache                    0.000 / 0.000         0.000 / 0.000         0.000 / 0.000         0.000 / 0.000       ms
[650.565s][info   ][gc,stats    ]    Subphase: Concurrent Roots JavaThreads                  0.000 / 0.000       118.053 / 475.340      80.761 / 475.340      80.761 / 475.340     ms
[650.565s][info   ][gc,stats    ]    Subphase: Concurrent Roots OopStorageSet                0.000 / 0.000         0.161 / 0.305         0.158 / 0.370         0.158 / 0.370       ms
[650.565s][info   ][gc,stats    ]    Subphase: Concurrent Weak Roots OopStorageSet           0.000 / 0.000         5.661 / 9.700         4.481 / 9.700         4.481 / 9.700       ms
[650.565s][info   ][gc,stats    ]    Subphase: Pause Mark Try Complete                       0.000 / 0.000         0.061 / 0.195         0.053 / 0.195         0.053 / 0.195       ms
[650.565s][info   ][gc,stats    ]      System: Java Threads                                      0 / 0                82 / 137              64 / 137              64 / 137         threads
[650.565s][info   ][gc,stats    ] =========================================================================================================================================================
[660.565s][info   ][gc,stats    ] === Garbage Collection Statistics =======================================================================================================================
[660.565s][info   ][gc,stats    ]                                                              Last 10s              Last 10m              Last 10h                Total
[660.565s][info   ][gc,stats    ]                                                              Avg / Max             Avg / Max             Avg / Max             Avg / Max
[660.565s][info   ][gc,stats    ]   Collector: Garbage Collection Cycle                      0.000 / 0.000      1221.423 / 3415.907    873.533 / 3415.907    873.533 / 3415.907    ms
[660.565s][info   ][gc,stats    ]  Contention: Mark Segment Reset Contention                     0 / 0                 0 / 2                 0 / 2                 0 / 2           ops/s
[660.566s][info   ][gc,stats    ]  Contention: Mark SeqNum Reset Contention                      0 / 0                 0 / 1                 0 / 1                 0 / 1           ops/s
[660.566s][info   ][gc,stats    ]    Critical: Allocation Stall                                  0 / 0                 0 / 0                 0 / 0                 0 / 0           ops/s
[660.566s][info   ][gc,stats    ]    Critical: Allocation Stall                              0.000 / 0.000         0.000 / 0.000         0.000 / 0.000         0.000 / 0.000       ms
[660.566s][info   ][gc,stats    ]    Critical: GC Locker Stall                                   0 / 0                 0 / 0                 0 / 0                 0 / 0           ops/s
[660.566s][info   ][gc,stats    ]    Critical: GC Locker Stall                               0.000 / 0.000         0.000 / 0.000         0.000 / 0.000         0.000 / 0.000       ms
[660.566s][info   ][gc,stats    ]    Critical: Relocation Stall                                  0 / 0                 0 / 0                 0 / 0                 0 / 0           ops/s
[660.566s][info   ][gc,stats    ]    Critical: Relocation Stall                              0.000 / 0.000         0.000 / 0.000         0.000 / 0.000         0.000 / 0.000       ms
[660.566s][info   ][gc,stats    ]      Memory: Allocation Rate                                   0 / 2                 3 / 60                4 / 68                4 / 68          MB/s
[660.566s][info   ][gc,stats    ]      Memory: Defragment                                        0 / 0                 0 / 0                 0 / 0                 0 / 0           ops/s
[660.566s][info   ][gc,stats    ]      Memory: Out Of Memory                                     0 / 0                 0 / 0                 0 / 0                 0 / 0           ops/s
[660.566s][info   ][gc,stats    ]      Memory: Page Cache Flush                                  0 / 0                 0 / 0                 0 / 0                 0 / 0           MB/s
[660.566s][info   ][gc,stats    ]      Memory: Page Cache Hit L1                                 0 / 1                 1 / 30                1 / 30                1 / 30          ops/s
[660.567s][info   ][gc,stats    ]      Memory: Page Cache Hit L2                                 0 / 0                 0 / 0                 0 / 0                 0 / 0           ops/s
[660.567s][info   ][gc,stats    ]      Memory: Page Cache Hit L3                                 0 / 0                 0 / 9                 0 / 26                0 / 26          ops/s
[660.567s][info   ][gc,stats    ]      Memory: Page Cache Miss                                   0 / 0                 0 / 0                 0 / 1                 0 / 1           ops/s
[660.567s][info   ][gc,stats    ]      Memory: Uncommit                                          0 / 0                 0 / 0                 0 / 0                 0 / 0           MB/s
[660.567s][info   ][gc,stats    ]      Memory: Undo Object Allocation Failed                     0 / 0                 0 / 1                 0 / 1                 0 / 1           ops/s
[660.567s][info   ][gc,stats    ]      Memory: Undo Object Allocation Succeeded                  0 / 0                 0 / 74                0 / 74                0 / 74          ops/s
[660.567s][info   ][gc,stats    ]      Memory: Undo Page Allocation                              0 / 0                 0 / 1                 0 / 1                 0 / 1           ops/s
[660.567s][info   ][gc,stats    ]       Phase: Concurrent Mark                               0.000 / 0.000       800.748 / 1491.398    577.816 / 1491.398    577.816 / 1491.398    ms
[660.567s][info   ][gc,stats    ]       Phase: Concurrent Mark Continue                      0.000 / 0.000         0.000 / 0.000         0.000 / 0.000         0.000 / 0.000       ms
[660.567s][info   ][gc,stats    ]       Phase: Concurrent Mark Free                          0.000 / 0.000         0.002 / 0.004         0.002 / 0.004         0.002 / 0.004       ms
[660.567s][info   ][gc,stats    ]       Phase: Concurrent Process Non-Strong References      0.000 / 0.000       327.863 / 1850.321    222.917 / 1850.321    222.917 / 1850.321    ms
[660.567s][info   ][gc,stats    ]       Phase: Concurrent Relocate                           0.000 / 0.000        12.254 / 31.368       14.453 / 32.634       14.453 / 32.634      ms
[660.568s][info   ][gc,stats    ]       Phase: Concurrent Reset Relocation Set               0.000 / 0.000         0.023 / 0.040         0.019 / 0.040         0.019 / 0.040       ms
[660.568s][info   ][gc,stats    ]       Phase: Concurrent Select Relocation Set              0.000 / 0.000         5.724 / 11.894        6.585 / 15.302        6.585 / 15.302      ms
[660.568s][info   ][gc,stats    ]       Phase: Pause Mark End                                0.000 / 0.000         0.142 / 0.333         0.111 / 0.333         0.111 / 0.333       ms
[660.568s][info   ][gc,stats    ]       Phase: Pause Mark Start                              0.000 / 0.000         0.039 / 0.076         0.033 / 0.076         0.033 / 0.076       ms
[660.568s][info   ][gc,stats    ]       Phase: Pause Relocate Start                          0.000 / 0.000         0.036 / 0.079         0.031 / 0.079         0.031 / 0.079       ms
[660.568s][info   ][gc,stats    ]    Subphase: Concurrent Classes Purge                      0.000 / 0.000         3.810 / 13.941        2.831 / 13.941        2.831 / 13.941      ms
[660.568s][info   ][gc,stats    ]    Subphase: Concurrent Classes Unlink                     0.000 / 0.000       288.352 / 1768.670    195.130 / 1768.670    195.130 / 1768.670    ms
[660.568s][info   ][gc,stats    ]    Subphase: Concurrent Mark                               0.000 / 0.000       584.279 / 1136.625    406.013 / 1136.625    406.013 / 1136.625    ms
[660.568s][info   ][gc,stats    ]    Subphase: Concurrent Mark Try Flush                     0.000 / 0.000        37.839 / 148.506      31.663 / 148.506      31.663 / 148.506     ms
[660.568s][info   ][gc,stats    ]    Subphase: Concurrent Mark Try Terminate                 0.000 / 0.000         2.831 / 148.509       2.840 / 148.509       2.840 / 148.509     ms
[660.568s][info   ][gc,stats    ]    Subphase: Concurrent References Enqueue                 0.000 / 0.000         0.011 / 0.016         0.011 / 0.016         0.011 / 0.016       ms
[660.568s][info   ][gc,stats    ]    Subphase: Concurrent References Process                 0.000 / 0.000         0.798 / 1.351         0.656 / 1.351         0.656 / 1.351       ms
[660.568s][info   ][gc,stats    ]    Subphase: Concurrent Roots ClassLoaderDataGraph         0.000 / 0.000         0.605 / 1.261         0.548 / 1.503         0.548 / 1.503       ms
[660.569s][info   ][gc,stats    ]    Subphase: Concurrent Roots CodeCache                    0.000 / 0.000         0.000 / 0.000         0.000 / 0.000         0.000 / 0.000       ms
[660.569s][info   ][gc,stats    ]    Subphase: Concurrent Roots JavaThreads                  0.000 / 0.000       129.981 / 475.340      80.761 / 475.340      80.761 / 475.340     ms
[660.569s][info   ][gc,stats    ]    Subphase: Concurrent Roots OopStorageSet                0.000 / 0.000         0.162 / 0.305         0.158 / 0.370         0.158 / 0.370       ms
[660.569s][info   ][gc,stats    ]    Subphase: Concurrent Weak Roots OopStorageSet           0.000 / 0.000         5.587 / 9.700         4.481 / 9.700         4.481 / 9.700       ms
[660.569s][info   ][gc,stats    ]    Subphase: Pause Mark Try Complete                       0.000 / 0.000         0.061 / 0.195         0.053 / 0.195         0.053 / 0.195       ms
[660.569s][info   ][gc,stats    ]      System: Java Threads                                      0 / 0                86 / 137              64 / 137              64 / 137         threads
[660.569s][info   ][gc,stats    ] =========================================================================================================================================================
[670.556s][info   ][gc,stats    ] === Garbage Collection Statistics =======================================================================================================================
[670.556s][info   ][gc,stats    ]                                                              Last 10s              Last 10m              Last 10h                Total
[670.556s][info   ][gc,stats    ]                                                              Avg / Max             Avg / Max             Avg / Max             Avg / Max
[670.556s][info   ][gc,stats    ]   Collector: Garbage Collection Cycle                      0.000 / 0.000      1221.423 / 3415.907    873.533 / 3415.907    873.533 / 3415.907    ms
[670.556s][info   ][gc,stats    ]  Contention: Mark Segment Reset Contention                     0 / 0                 0 / 2                 0 / 2                 0 / 2           ops/s
[670.556s][info   ][gc,stats    ]  Contention: Mark SeqNum Reset Contention                      0 / 0                 0 / 1                 0 / 1                 0 / 1           ops/s
[670.556s][info   ][gc,stats    ]    Critical: Allocation Stall                                  0 / 0                 0 / 0                 0 / 0                 0 / 0           ops/s
[670.556s][info   ][gc,stats    ]    Critical: Allocation Stall                              0.000 / 0.000         0.000 / 0.000         0.000 / 0.000         0.000 / 0.000       ms
[670.556s][info   ][gc,stats    ]    Critical: GC Locker Stall                                   0 / 0                 0 / 0                 0 / 0                 0 / 0           ops/s
[670.556s][info   ][gc,stats    ]    Critical: GC Locker Stall                               0.000 / 0.000         0.000 / 0.000         0.000 / 0.000         0.000 / 0.000       ms
[670.557s][info   ][gc,stats    ]    Critical: Relocation Stall                                  0 / 0                 0 / 0                 0 / 0                 0 / 0           ops/s
[670.557s][info   ][gc,stats    ]    Critical: Relocation Stall                              0.000 / 0.000         0.000 / 0.000         0.000 / 0.000         0.000 / 0.000       ms
[670.557s][info   ][gc,stats    ]      Memory: Allocation Rate                                   0 / 0                 2 / 60                4 / 68                4 / 68          MB/s
[670.557s][info   ][gc,stats    ]      Memory: Defragment                                        0 / 0                 0 / 0                 0 / 0                 0 / 0           ops/s
[670.557s][info   ][gc,stats    ]      Memory: Out Of Memory                                     0 / 0                 0 / 0                 0 / 0                 0 / 0           ops/s
[670.557s][info   ][gc,stats    ]      Memory: Page Cache Flush                                  0 / 0                 0 / 0                 0 / 0                 0 / 0           MB/s
[670.557s][info   ][gc,stats    ]      Memory: Page Cache Hit L1                                 0 / 0                 1 / 30                1 / 30                1 / 30          ops/s
[670.557s][info   ][gc,stats    ]      Memory: Page Cache Hit L2                                 0 / 0                 0 / 0                 0 / 0                 0 / 0           ops/s
[670.557s][info   ][gc,stats    ]      Memory: Page Cache Hit L3                                 0 / 0                 0 / 9                 0 / 26                0 / 26          ops/s
[670.557s][info   ][gc,stats    ]      Memory: Page Cache Miss                                   0 / 0                 0 / 0                 0 / 1                 0 / 1           ops/s
[670.557s][info   ][gc,stats    ]      Memory: Uncommit                                          0 / 0                 0 / 0                 0 / 0                 0 / 0           MB/s
[670.557s][info   ][gc,stats    ]      Memory: Undo Object Allocation Failed                     0 / 0                 0 / 1                 0 / 1                 0 / 1           ops/s
[670.557s][info   ][gc,stats    ]      Memory: Undo Object Allocation Succeeded                  0 / 0                 0 / 74                0 / 74                0 / 74          ops/s
[670.558s][info   ][gc,stats    ]      Memory: Undo Page Allocation                              0 / 0                 0 / 1                 0 / 1                 0 / 1           ops/s
[670.558s][info   ][gc,stats    ]       Phase: Concurrent Mark                               0.000 / 0.000       800.748 / 1491.398    577.816 / 1491.398    577.816 / 1491.398    ms
[670.558s][info   ][gc,stats    ]       Phase: Concurrent Mark Continue                      0.000 / 0.000         0.000 / 0.000         0.000 / 0.000         0.000 / 0.000       ms
[670.558s][info   ][gc,stats    ]       Phase: Concurrent Mark Free                          0.000 / 0.000         0.002 / 0.004         0.002 / 0.004         0.002 / 0.004       ms
[670.558s][info   ][gc,stats    ]       Phase: Concurrent Process Non-Strong References      0.000 / 0.000       327.863 / 1850.321    222.917 / 1850.321    222.917 / 1850.321    ms
[670.558s][info   ][gc,stats    ]       Phase: Concurrent Relocate                           0.000 / 0.000        12.254 / 31.368       14.453 / 32.634       14.453 / 32.634      ms
[670.558s][info   ][gc,stats    ]       Phase: Concurrent Reset Relocation Set               0.000 / 0.000         0.023 / 0.040         0.019 / 0.040         0.019 / 0.040       ms
[670.558s][info   ][gc,stats    ]       Phase: Concurrent Select Relocation Set              0.000 / 0.000         5.724 / 11.894        6.585 / 15.302        6.585 / 15.302      ms
[670.558s][info   ][gc,stats    ]       Phase: Pause Mark End                                0.000 / 0.000         0.142 / 0.333         0.111 / 0.333         0.111 / 0.333       ms
[670.558s][info   ][gc,stats    ]       Phase: Pause Mark Start                              0.000 / 0.000         0.039 / 0.076         0.033 / 0.076         0.033 / 0.076       ms
[670.558s][info   ][gc,stats    ]       Phase: Pause Relocate Start                          0.000 / 0.000         0.036 / 0.079         0.031 / 0.079         0.031 / 0.079       ms
[670.558s][info   ][gc,stats    ]    Subphase: Concurrent Classes Purge                      0.000 / 0.000         3.810 / 13.941        2.831 / 13.941        2.831 / 13.941      ms
[670.559s][info   ][gc,stats    ]    Subphase: Concurrent Classes Unlink                     0.000 / 0.000       288.352 / 1768.670    195.130 / 1768.670    195.130 / 1768.670    ms
[670.559s][info   ][gc,stats    ]    Subphase: Concurrent Mark                               0.000 / 0.000       584.279 / 1136.625    406.013 / 1136.625    406.013 / 1136.625    ms
[670.559s][info   ][gc,stats    ]    Subphase: Concurrent Mark Try Flush                     0.000 / 0.000        37.839 / 148.506      31.663 / 148.506      31.663 / 148.506     ms
[670.559s][info   ][gc,stats    ]    Subphase: Concurrent Mark Try Terminate                 0.000 / 0.000         2.831 / 148.509       2.840 / 148.509       2.840 / 148.509     ms
[670.559s][info   ][gc,stats    ]    Subphase: Concurrent References Enqueue                 0.000 / 0.000         0.011 / 0.016         0.011 / 0.016         0.011 / 0.016       ms
[670.559s][info   ][gc,stats    ]    Subphase: Concurrent References Process                 0.000 / 0.000         0.798 / 1.351         0.656 / 1.351         0.656 / 1.351       ms
[670.559s][info   ][gc,stats    ]    Subphase: Concurrent Roots ClassLoaderDataGraph         0.000 / 0.000         0.605 / 1.261         0.548 / 1.503         0.548 / 1.503       ms
[670.559s][info   ][gc,stats    ]    Subphase: Concurrent Roots CodeCache                    0.000 / 0.000         0.000 / 0.000         0.000 / 0.000         0.000 / 0.000       ms
[670.559s][info   ][gc,stats    ]    Subphase: Concurrent Roots JavaThreads                  0.000 / 0.000       129.981 / 475.340      80.761 / 475.340      80.761 / 475.340     ms
[670.559s][info   ][gc,stats    ]    Subphase: Concurrent Roots OopStorageSet                0.000 / 0.000         0.162 / 0.305         0.158 / 0.370         0.158 / 0.370       ms
[670.559s][info   ][gc,stats    ]    Subphase: Concurrent Weak Roots OopStorageSet           0.000 / 0.000         5.587 / 9.700         4.481 / 9.700         4.481 / 9.700       ms
[670.559s][info   ][gc,stats    ]    Subphase: Pause Mark Try Complete                       0.000 / 0.000         0.061 / 0.195         0.053 / 0.195         0.053 / 0.195       ms
[670.559s][info   ][gc,stats    ]      System: Java Threads                                      0 / 0                86 / 137              64 / 137              64 / 137         threads
[670.559s][info   ][gc,stats    ] =========================================================================================================================================================
[680.568s][info   ][gc,stats    ] === Garbage Collection Statistics =======================================================================================================================
[680.568s][info   ][gc,stats    ]                                                              Last 10s              Last 10m              Last 10h                Total
[680.568s][info   ][gc,stats    ]                                                              Avg / Max             Avg / Max             Avg / Max             Avg / Max
[680.569s][info   ][gc,stats    ]   Collector: Garbage Collection Cycle                      0.000 / 0.000      1298.015 / 3415.907    873.533 / 3415.907    873.533 / 3415.907    ms
[680.569s][info   ][gc,stats    ]  Contention: Mark Segment Reset Contention                     0 / 0                 0 / 2                 0 / 2                 0 / 2           ops/s
[680.569s][info   ][gc,stats    ]  Contention: Mark SeqNum Reset Contention                      0 / 0                 0 / 1                 0 / 1                 0 / 1           ops/s
[680.569s][info   ][gc,stats    ]    Critical: Allocation Stall                                  0 / 0                 0 / 0                 0 / 0                 0 / 0           ops/s
[680.569s][info   ][gc,stats    ]    Critical: Allocation Stall                              0.000 / 0.000         0.000 / 0.000         0.000 / 0.000         0.000 / 0.000       ms
[680.569s][info   ][gc,stats    ]    Critical: GC Locker Stall                                   0 / 0                 0 / 0                 0 / 0                 0 / 0           ops/s
[680.569s][info   ][gc,stats    ]    Critical: GC Locker Stall                               0.000 / 0.000         0.000 / 0.000         0.000 / 0.000         0.000 / 0.000       ms
[680.570s][info   ][gc,stats    ]    Critical: Relocation Stall                                  0 / 0                 0 / 0                 0 / 0                 0 / 0           ops/s
[680.570s][info   ][gc,stats    ]    Critical: Relocation Stall                              0.000 / 0.000         0.000 / 0.000         0.000 / 0.000         0.000 / 0.000       ms
[680.570s][info   ][gc,stats    ]      Memory: Allocation Rate                                   0 / 0                 2 / 60                4 / 68                4 / 68          MB/s
[680.570s][info   ][gc,stats    ]      Memory: Defragment                                        0 / 0                 0 / 0                 0 / 0                 0 / 0           ops/s
[680.570s][info   ][gc,stats    ]      Memory: Out Of Memory                                     0 / 0                 0 / 0                 0 / 0                 0 / 0           ops/s
[680.570s][info   ][gc,stats    ]      Memory: Page Cache Flush                                  0 / 0                 0 / 0                 0 / 0                 0 / 0           MB/s
[680.571s][info   ][gc,stats    ]      Memory: Page Cache Hit L1                                 0 / 0                 1 / 30                1 / 30                1 / 30          ops/s
[680.571s][info   ][gc,stats    ]      Memory: Page Cache Hit L2                                 0 / 0                 0 / 0                 0 / 0                 0 / 0           ops/s
[680.571s][info   ][gc,stats    ]      Memory: Page Cache Hit L3                                 0 / 0                 0 / 9                 0 / 26                0 / 26          ops/s
[680.571s][info   ][gc,stats    ]      Memory: Page Cache Miss                                   0 / 0                 0 / 0                 0 / 1                 0 / 1           ops/s
[680.571s][info   ][gc,stats    ]      Memory: Uncommit                                          0 / 0                 0 / 0                 0 / 0                 0 / 0           MB/s
[680.571s][info   ][gc,stats    ]      Memory: Undo Object Allocation Failed                     0 / 0                 0 / 1                 0 / 1                 0 / 1           ops/s
[680.571s][info   ][gc,stats    ]      Memory: Undo Object Allocation Succeeded                  0 / 0                 0 / 74                0 / 74                0 / 74          ops/s
[680.572s][info   ][gc,stats    ]      Memory: Undo Page Allocation                              0 / 0                 0 / 1                 0 / 1                 0 / 1           ops/s
[680.572s][info   ][gc,stats    ]       Phase: Concurrent Mark                               0.000 / 0.000       845.445 / 1491.398    577.816 / 1491.398    577.816 / 1491.398    ms
[680.572s][info   ][gc,stats    ]       Phase: Concurrent Mark Continue                      0.000 / 0.000         0.000 / 0.000         0.000 / 0.000         0.000 / 0.000       ms
[680.572s][info   ][gc,stats    ]       Phase: Concurrent Mark Free                          0.000 / 0.000         0.002 / 0.004         0.002 / 0.004         0.002 / 0.004       ms
[680.572s][info   ][gc,stats    ]       Phase: Concurrent Process Non-Strong References      0.000 / 0.000       355.482 / 1850.321    222.917 / 1850.321    222.917 / 1850.321    ms
[680.573s][info   ][gc,stats    ]       Phase: Concurrent Relocate                           0.000 / 0.000        10.517 / 19.256       14.453 / 32.634       14.453 / 32.634      ms
[680.573s][info   ][gc,stats    ]       Phase: Concurrent Reset Relocation Set               0.000 / 0.000         0.021 / 0.040         0.019 / 0.040         0.019 / 0.040       ms
[680.573s][info   ][gc,stats    ]       Phase: Concurrent Select Relocation Set              0.000 / 0.000         5.163 / 7.405         6.585 / 15.302        6.585 / 15.302      ms
[680.573s][info   ][gc,stats    ]       Phase: Pause Mark End                                0.000 / 0.000         0.151 / 0.333         0.111 / 0.333         0.111 / 0.333       ms
[680.573s][info   ][gc,stats    ]       Phase: Pause Mark Start                              0.000 / 0.000         0.036 / 0.050         0.033 / 0.076         0.033 / 0.076       ms
[680.573s][info   ][gc,stats    ]       Phase: Pause Relocate Start                          0.000 / 0.000         0.036 / 0.079         0.031 / 0.079         0.031 / 0.079       ms
[680.574s][info   ][gc,stats    ]    Subphase: Concurrent Classes Purge                      0.000 / 0.000         3.956 / 13.941        2.831 / 13.941        2.831 / 13.941      ms
[680.574s][info   ][gc,stats    ]    Subphase: Concurrent Classes Unlink                     0.000 / 0.000       313.143 / 1768.670    195.130 / 1768.670    195.130 / 1768.670    ms
[680.574s][info   ][gc,stats    ]    Subphase: Concurrent Mark                               0.000 / 0.000       618.691 / 1136.625    406.013 / 1136.625    406.013 / 1136.625    ms
[680.574s][info   ][gc,stats    ]    Subphase: Concurrent Mark Try Flush                     0.000 / 0.000        38.926 / 148.506      31.663 / 148.506      31.663 / 148.506     ms
[680.574s][info   ][gc,stats    ]    Subphase: Concurrent Mark Try Terminate                 0.000 / 0.000         2.827 / 148.509       2.840 / 148.509       2.840 / 148.509     ms
[680.575s][info   ][gc,stats    ]    Subphase: Concurrent References Enqueue                 0.000 / 0.000         0.011 / 0.016         0.011 / 0.016         0.011 / 0.016       ms
[680.575s][info   ][gc,stats    ]    Subphase: Concurrent References Process                 0.000 / 0.000         0.815 / 1.351         0.656 / 1.351         0.656 / 1.351       ms
[680.575s][info   ][gc,stats    ]    Subphase: Concurrent Roots ClassLoaderDataGraph         0.000 / 0.000         0.604 / 1.261         0.548 / 1.503         0.548 / 1.503       ms
[680.575s][info   ][gc,stats    ]    Subphase: Concurrent Roots CodeCache                    0.000 / 0.000         0.000 / 0.000         0.000 / 0.000         0.000 / 0.000       ms
[680.575s][info   ][gc,stats    ]    Subphase: Concurrent Roots JavaThreads                  0.000 / 0.000       143.927 / 475.340      80.761 / 475.340      80.761 / 475.340     ms
[680.576s][info   ][gc,stats    ]    Subphase: Concurrent Roots OopStorageSet                0.000 / 0.000         0.162 / 0.305         0.158 / 0.370         0.158 / 0.370       ms
[680.576s][info   ][gc,stats    ]    Subphase: Concurrent Weak Roots OopStorageSet           0.000 / 0.000         5.637 / 9.700         4.481 / 9.700         4.481 / 9.700       ms
[680.576s][info   ][gc,stats    ]    Subphase: Pause Mark Try Complete                       0.000 / 0.000         0.061 / 0.195         0.053 / 0.195         0.053 / 0.195       ms
[680.576s][info   ][gc,stats    ]      System: Java Threads                                      0 / 0                90 / 137              64 / 137              64 / 137         threads
[680.576s][info   ][gc,stats    ] =========================================================================================================================================================
[690.558s][info   ][gc,stats    ] === Garbage Collection Statistics =======================================================================================================================
[690.558s][info   ][gc,stats    ]                                                              Last 10s              Last 10m              Last 10h                Total
[690.558s][info   ][gc,stats    ]                                                              Avg / Max             Avg / Max             Avg / Max             Avg / Max
[690.558s][info   ][gc,stats    ]   Collector: Garbage Collection Cycle                      0.000 / 0.000      1298.015 / 3415.907    873.533 / 3415.907    873.533 / 3415.907    ms
[690.558s][info   ][gc,stats    ]  Contention: Mark Segment Reset Contention                     0 / 0                 0 / 2                 0 / 2                 0 / 2           ops/s
[690.558s][info   ][gc,stats    ]  Contention: Mark SeqNum Reset Contention                      0 / 0                 0 / 1                 0 / 1                 0 / 1           ops/s
[690.558s][info   ][gc,stats    ]    Critical: Allocation Stall                                  0 / 0                 0 / 0                 0 / 0                 0 / 0           ops/s
[690.558s][info   ][gc,stats    ]    Critical: Allocation Stall                              0.000 / 0.000         0.000 / 0.000         0.000 / 0.000         0.000 / 0.000       ms
[690.558s][info   ][gc,stats    ]    Critical: GC Locker Stall                                   0 / 0                 0 / 0                 0 / 0                 0 / 0           ops/s
[690.558s][info   ][gc,stats    ]    Critical: GC Locker Stall                               0.000 / 0.000         0.000 / 0.000         0.000 / 0.000         0.000 / 0.000       ms
[690.559s][info   ][gc,stats    ]    Critical: Relocation Stall                                  0 / 0                 0 / 0                 0 / 0                 0 / 0           ops/s
[690.559s][info   ][gc,stats    ]    Critical: Relocation Stall                              0.000 / 0.000         0.000 / 0.000         0.000 / 0.000         0.000 / 0.000       ms
[690.559s][info   ][gc,stats    ]      Memory: Allocation Rate                                   0 / 0                 2 / 60                4 / 68                4 / 68          MB/s
[690.559s][info   ][gc,stats    ]      Memory: Defragment                                        0 / 0                 0 / 0                 0 / 0                 0 / 0           ops/s
[690.559s][info   ][gc,stats    ]      Memory: Out Of Memory                                     0 / 0                 0 / 0                 0 / 0                 0 / 0           ops/s
[690.559s][info   ][gc,stats    ]      Memory: Page Cache Flush                                  0 / 0                 0 / 0                 0 / 0                 0 / 0           MB/s
[690.559s][info   ][gc,stats    ]      Memory: Page Cache Hit L1                                 0 / 0                 1 / 30                1 / 30                1 / 30          ops/s
[690.559s][info   ][gc,stats    ]      Memory: Page Cache Hit L2                                 0 / 0                 0 / 0                 0 / 0                 0 / 0           ops/s
[690.559s][info   ][gc,stats    ]      Memory: Page Cache Hit L3                                 0 / 0                 0 / 9                 0 / 26                0 / 26          ops/s
[690.559s][info   ][gc,stats    ]      Memory: Page Cache Miss                                   0 / 0                 0 / 0                 0 / 1                 0 / 1           ops/s
[690.559s][info   ][gc,stats    ]      Memory: Uncommit                                          0 / 0                 0 / 0                 0 / 0                 0 / 0           MB/s
[690.559s][info   ][gc,stats    ]      Memory: Undo Object Allocation Failed                     0 / 0                 0 / 1                 0 / 1                 0 / 1           ops/s
[690.559s][info   ][gc,stats    ]      Memory: Undo Object Allocation Succeeded                  0 / 0                 0 / 74                0 / 74                0 / 74          ops/s
[690.559s][info   ][gc,stats    ]      Memory: Undo Page Allocation                              0 / 0                 0 / 1                 0 / 1                 0 / 1           ops/s
[690.559s][info   ][gc,stats    ]       Phase: Concurrent Mark                               0.000 / 0.000       845.445 / 1491.398    577.816 / 1491.398    577.816 / 1491.398    ms
[690.560s][info   ][gc,stats    ]       Phase: Concurrent Mark Continue                      0.000 / 0.000         0.000 / 0.000         0.000 / 0.000         0.000 / 0.000       ms
[690.560s][info   ][gc,stats    ]       Phase: Concurrent Mark Free                          0.000 / 0.000         0.002 / 0.004         0.002 / 0.004         0.002 / 0.004       ms
[690.560s][info   ][gc,stats    ]       Phase: Concurrent Process Non-Strong References      0.000 / 0.000       355.482 / 1850.321    222.917 / 1850.321    222.917 / 1850.321    ms
[690.560s][info   ][gc,stats    ]       Phase: Concurrent Relocate                           0.000 / 0.000        10.517 / 19.256       14.453 / 32.634       14.453 / 32.634      ms
[690.560s][info   ][gc,stats    ]       Phase: Concurrent Reset Relocation Set               0.000 / 0.000         0.021 / 0.040         0.019 / 0.040         0.019 / 0.040       ms
[690.560s][info   ][gc,stats    ]       Phase: Concurrent Select Relocation Set              0.000 / 0.000         5.163 / 7.405         6.585 / 15.302        6.585 / 15.302      ms
[690.560s][info   ][gc,stats    ]       Phase: Pause Mark End                                0.000 / 0.000         0.151 / 0.333         0.111 / 0.333         0.111 / 0.333       ms
[690.560s][info   ][gc,stats    ]       Phase: Pause Mark Start                              0.000 / 0.000         0.036 / 0.050         0.033 / 0.076         0.033 / 0.076       ms
[690.560s][info   ][gc,stats    ]       Phase: Pause Relocate Start                          0.000 / 0.000         0.036 / 0.079         0.031 / 0.079         0.031 / 0.079       ms
[690.560s][info   ][gc,stats    ]    Subphase: Concurrent Classes Purge                      0.000 / 0.000         3.956 / 13.941        2.831 / 13.941        2.831 / 13.941      ms
[690.560s][info   ][gc,stats    ]    Subphase: Concurrent Classes Unlink                     0.000 / 0.000       313.143 / 1768.670    195.130 / 1768.670    195.130 / 1768.670    ms
[690.560s][info   ][gc,stats    ]    Subphase: Concurrent Mark                               0.000 / 0.000       618.691 / 1136.625    406.013 / 1136.625    406.013 / 1136.625    ms
[690.560s][info   ][gc,stats    ]    Subphase: Concurrent Mark Try Flush                     0.000 / 0.000        38.926 / 148.506      31.663 / 148.506      31.663 / 148.506     ms
[690.561s][info   ][gc,stats    ]    Subphase: Concurrent Mark Try Terminate                 0.000 / 0.000         2.827 / 148.509       2.840 / 148.509       2.840 / 148.509     ms
[690.561s][info   ][gc,stats    ]    Subphase: Concurrent References Enqueue                 0.000 / 0.000         0.011 / 0.016         0.011 / 0.016         0.011 / 0.016       ms
[690.561s][info   ][gc,stats    ]    Subphase: Concurrent References Process                 0.000 / 0.000         0.815 / 1.351         0.656 / 1.351         0.656 / 1.351       ms
[690.561s][info   ][gc,stats    ]    Subphase: Concurrent Roots ClassLoaderDataGraph         0.000 / 0.000         0.604 / 1.261         0.548 / 1.503         0.548 / 1.503       ms
[690.561s][info   ][gc,stats    ]    Subphase: Concurrent Roots CodeCache                    0.000 / 0.000         0.000 / 0.000         0.000 / 0.000         0.000 / 0.000       ms
[690.561s][info   ][gc,stats    ]    Subphase: Concurrent Roots JavaThreads                  0.000 / 0.000       143.927 / 475.340      80.761 / 475.340      80.761 / 475.340     ms
[690.561s][info   ][gc,stats    ]    Subphase: Concurrent Roots OopStorageSet                0.000 / 0.000         0.162 / 0.305         0.158 / 0.370         0.158 / 0.370       ms
[690.561s][info   ][gc,stats    ]    Subphase: Concurrent Weak Roots OopStorageSet           0.000 / 0.000         5.637 / 9.700         4.481 / 9.700         4.481 / 9.700       ms
[690.561s][info   ][gc,stats    ]    Subphase: Pause Mark Try Complete                       0.000 / 0.000         0.061 / 0.195         0.053 / 0.195         0.053 / 0.195       ms
[690.561s][info   ][gc,stats    ]      System: Java Threads                                      0 / 0                90 / 137              64 / 137              64 / 137         threads
[690.561s][info   ][gc,stats    ] =========================================================================================================================================================
[700.560s][info   ][gc,stats    ] === Garbage Collection Statistics =======================================================================================================================
[700.560s][info   ][gc,stats    ]                                                              Last 10s              Last 10m              Last 10h                Total
[700.560s][info   ][gc,stats    ]                                                              Avg / Max             Avg / Max             Avg / Max             Avg / Max
[700.560s][info   ][gc,stats    ]   Collector: Garbage Collection Cycle                      0.000 / 0.000      1298.015 / 3415.907    873.533 / 3415.907    873.533 / 3415.907    ms
[700.560s][info   ][gc,stats    ]  Contention: Mark Segment Reset Contention                     0 / 0                 0 / 2                 0 / 2                 0 / 2           ops/s
[700.560s][info   ][gc,stats    ]  Contention: Mark SeqNum Reset Contention                      0 / 0                 0 / 1                 0 / 1                 0 / 1           ops/s
[700.561s][info   ][gc,stats    ]    Critical: Allocation Stall                                  0 / 0                 0 / 0                 0 / 0                 0 / 0           ops/s
[700.561s][info   ][gc,stats    ]    Critical: Allocation Stall                              0.000 / 0.000         0.000 / 0.000         0.000 / 0.000         0.000 / 0.000       ms
[700.561s][info   ][gc,stats    ]    Critical: GC Locker Stall                                   0 / 0                 0 / 0                 0 / 0                 0 / 0           ops/s
[700.561s][info   ][gc,stats    ]    Critical: GC Locker Stall                               0.000 / 0.000         0.000 / 0.000         0.000 / 0.000         0.000 / 0.000       ms
[700.561s][info   ][gc,stats    ]    Critical: Relocation Stall                                  0 / 0                 0 / 0                 0 / 0                 0 / 0           ops/s
[700.561s][info   ][gc,stats    ]    Critical: Relocation Stall                              0.000 / 0.000         0.000 / 0.000         0.000 / 0.000         0.000 / 0.000       ms
[700.561s][info   ][gc,stats    ]      Memory: Allocation Rate                                   0 / 0                 2 / 60                4 / 68                4 / 68          MB/s
[700.561s][info   ][gc,stats    ]      Memory: Defragment                                        0 / 0                 0 / 0                 0 / 0                 0 / 0           ops/s
[700.561s][info   ][gc,stats    ]      Memory: Out Of Memory                                     0 / 0                 0 / 0                 0 / 0                 0 / 0           ops/s
[700.561s][info   ][gc,stats    ]      Memory: Page Cache Flush                                  0 / 0                 0 / 0                 0 / 0                 0 / 0           MB/s
[700.561s][info   ][gc,stats    ]      Memory: Page Cache Hit L1                                 0 / 0                 1 / 30                1 / 30                1 / 30          ops/s
[700.561s][info   ][gc,stats    ]      Memory: Page Cache Hit L2                                 0 / 0                 0 / 0                 0 / 0                 0 / 0           ops/s
[700.561s][info   ][gc,stats    ]      Memory: Page Cache Hit L3                                 0 / 0                 0 / 9                 0 / 26                0 / 26          ops/s
[700.561s][info   ][gc,stats    ]      Memory: Page Cache Miss                                   0 / 0                 0 / 0                 0 / 1                 0 / 1           ops/s
[700.561s][info   ][gc,stats    ]      Memory: Uncommit                                          0 / 0                 0 / 0                 0 / 0                 0 / 0           MB/s
[700.561s][info   ][gc,stats    ]      Memory: Undo Object Allocation Failed                     0 / 0                 0 / 1                 0 / 1                 0 / 1           ops/s
[700.562s][info   ][gc,stats    ]      Memory: Undo Object Allocation Succeeded                  0 / 0                 0 / 74                0 / 74                0 / 74          ops/s
[700.562s][info   ][gc,stats    ]      Memory: Undo Page Allocation                              0 / 0                 0 / 1                 0 / 1                 0 / 1           ops/s
[700.562s][info   ][gc,stats    ]       Phase: Concurrent Mark                               0.000 / 0.000       845.445 / 1491.398    577.816 / 1491.398    577.816 / 1491.398    ms
[700.562s][info   ][gc,stats    ]       Phase: Concurrent Mark Continue                      0.000 / 0.000         0.000 / 0.000         0.000 / 0.000         0.000 / 0.000       ms
[700.562s][info   ][gc,stats    ]       Phase: Concurrent Mark Free                          0.000 / 0.000         0.002 / 0.004         0.002 / 0.004         0.002 / 0.004       ms
[700.562s][info   ][gc,stats    ]       Phase: Concurrent Process Non-Strong References      0.000 / 0.000       355.482 / 1850.321    222.917 / 1850.321    222.917 / 1850.321    ms
[700.562s][info   ][gc,stats    ]       Phase: Concurrent Relocate                           0.000 / 0.000        10.517 / 19.256       14.453 / 32.634       14.453 / 32.634      ms
[700.562s][info   ][gc,stats    ]       Phase: Concurrent Reset Relocation Set               0.000 / 0.000         0.021 / 0.040         0.019 / 0.040         0.019 / 0.040       ms
[700.562s][info   ][gc,stats    ]       Phase: Concurrent Select Relocation Set              0.000 / 0.000         5.163 / 7.405         6.585 / 15.302        6.585 / 15.302      ms
[700.562s][info   ][gc,stats    ]       Phase: Pause Mark End                                0.000 / 0.000         0.151 / 0.333         0.111 / 0.333         0.111 / 0.333       ms
[700.562s][info   ][gc,stats    ]       Phase: Pause Mark Start                              0.000 / 0.000         0.036 / 0.050         0.033 / 0.076         0.033 / 0.076       ms
[700.563s][info   ][gc,stats    ]       Phase: Pause Relocate Start                          0.000 / 0.000         0.036 / 0.079         0.031 / 0.079         0.031 / 0.079       ms
[700.563s][info   ][gc,stats    ]    Subphase: Concurrent Classes Purge                      0.000 / 0.000         3.956 / 13.941        2.831 / 13.941        2.831 / 13.941      ms
[700.563s][info   ][gc,stats    ]    Subphase: Concurrent Classes Unlink                     0.000 / 0.000       313.143 / 1768.670    195.130 / 1768.670    195.130 / 1768.670    ms
[700.563s][info   ][gc,stats    ]    Subphase: Concurrent Mark                               0.000 / 0.000       618.691 / 1136.625    406.013 / 1136.625    406.013 / 1136.625    ms
[700.563s][info   ][gc,stats    ]    Subphase: Concurrent Mark Try Flush                     0.000 / 0.000        38.926 / 148.506      31.663 / 148.506      31.663 / 148.506     ms
[700.563s][info   ][gc,stats    ]    Subphase: Concurrent Mark Try Terminate                 0.000 / 0.000         2.827 / 148.509       2.840 / 148.509       2.840 / 148.509     ms
[700.563s][info   ][gc,stats    ]    Subphase: Concurrent References Enqueue                 0.000 / 0.000         0.011 / 0.016         0.011 / 0.016         0.011 / 0.016       ms
[700.563s][info   ][gc,stats    ]    Subphase: Concurrent References Process                 0.000 / 0.000         0.815 / 1.351         0.656 / 1.351         0.656 / 1.351       ms
[700.563s][info   ][gc,stats    ]    Subphase: Concurrent Roots ClassLoaderDataGraph         0.000 / 0.000         0.604 / 1.261         0.548 / 1.503         0.548 / 1.503       ms
[700.563s][info   ][gc,stats    ]    Subphase: Concurrent Roots CodeCache                    0.000 / 0.000         0.000 / 0.000         0.000 / 0.000         0.000 / 0.000       ms
[700.563s][info   ][gc,stats    ]    Subphase: Concurrent Roots JavaThreads                  0.000 / 0.000       143.927 / 475.340      80.761 / 475.340      80.761 / 475.340     ms
[700.563s][info   ][gc,stats    ]    Subphase: Concurrent Roots OopStorageSet                0.000 / 0.000         0.162 / 0.305         0.158 / 0.370         0.158 / 0.370       ms
[700.564s][info   ][gc,stats    ]    Subphase: Concurrent Weak Roots OopStorageSet           0.000 / 0.000         5.637 / 9.700         4.481 / 9.700         4.481 / 9.700       ms
[700.564s][info   ][gc,stats    ]    Subphase: Pause Mark Try Complete                       0.000 / 0.000         0.061 / 0.195         0.053 / 0.195         0.053 / 0.195       ms
[700.564s][info   ][gc,stats    ]      System: Java Threads                                      0 / 0                90 / 137              64 / 137              64 / 137         threads
[700.564s][info   ][gc,stats    ] =========================================================================================================================================================
[710.556s][info   ][gc,stats    ] === Garbage Collection Statistics =======================================================================================================================
[710.557s][info   ][gc,stats    ]                                                              Last 10s              Last 10m              Last 10h                Total
[710.557s][info   ][gc,stats    ]                                                              Avg / Max             Avg / Max             Avg / Max             Avg / Max
[710.557s][info   ][gc,stats    ]   Collector: Garbage Collection Cycle                      0.000 / 0.000      1298.015 / 3415.907    873.533 / 3415.907    873.533 / 3415.907    ms
[710.557s][info   ][gc,stats    ]  Contention: Mark Segment Reset Contention                     0 / 0                 0 / 2                 0 / 2                 0 / 2           ops/s
[710.557s][info   ][gc,stats    ]  Contention: Mark SeqNum Reset Contention                      0 / 0                 0 / 1                 0 / 1                 0 / 1           ops/s
[710.558s][info   ][gc,stats    ]    Critical: Allocation Stall                                  0 / 0                 0 / 0                 0 / 0                 0 / 0           ops/s
[710.558s][info   ][gc,stats    ]    Critical: Allocation Stall                              0.000 / 0.000         0.000 / 0.000         0.000 / 0.000         0.000 / 0.000       ms
[710.558s][info   ][gc,stats    ]    Critical: GC Locker Stall                                   0 / 0                 0 / 0                 0 / 0                 0 / 0           ops/s
[710.558s][info   ][gc,stats    ]    Critical: GC Locker Stall                               0.000 / 0.000         0.000 / 0.000         0.000 / 0.000         0.000 / 0.000       ms
[710.558s][info   ][gc,stats    ]    Critical: Relocation Stall                                  0 / 0                 0 / 0                 0 / 0                 0 / 0           ops/s
[710.559s][info   ][gc,stats    ]    Critical: Relocation Stall                              0.000 / 0.000         0.000 / 0.000         0.000 / 0.000         0.000 / 0.000       ms
[710.559s][info   ][gc,stats    ]      Memory: Allocation Rate                                   0 / 0                 2 / 60                4 / 68                4 / 68          MB/s
[710.559s][info   ][gc,stats    ]      Memory: Defragment                                        0 / 0                 0 / 0                 0 / 0                 0 / 0           ops/s
[710.559s][info   ][gc,stats    ]      Memory: Out Of Memory                                     0 / 0                 0 / 0                 0 / 0                 0 / 0           ops/s
[710.559s][info   ][gc,stats    ]      Memory: Page Cache Flush                                  0 / 0                 0 / 0                 0 / 0                 0 / 0           MB/s
[710.559s][info   ][gc,stats    ]      Memory: Page Cache Hit L1                                 0 / 0                 1 / 30                1 / 30                1 / 30          ops/s
[710.559s][info   ][gc,stats    ]      Memory: Page Cache Hit L2                                 0 / 0                 0 / 0                 0 / 0                 0 / 0           ops/s
[710.559s][info   ][gc,stats    ]      Memory: Page Cache Hit L3                                 0 / 0                 0 / 9                 0 / 26                0 / 26          ops/s
[710.559s][info   ][gc,stats    ]      Memory: Page Cache Miss                                   0 / 0                 0 / 0                 0 / 1                 0 / 1           ops/s
[710.559s][info   ][gc,stats    ]      Memory: Uncommit                                          0 / 0                 0 / 0                 0 / 0                 0 / 0           MB/s
[710.559s][info   ][gc,stats    ]      Memory: Undo Object Allocation Failed                     0 / 0                 0 / 1                 0 / 1                 0 / 1           ops/s
[710.560s][info   ][gc,stats    ]      Memory: Undo Object Allocation Succeeded                  0 / 0                 0 / 74                0 / 74                0 / 74          ops/s
[710.560s][info   ][gc,stats    ]      Memory: Undo Page Allocation                              0 / 0                 0 / 1                 0 / 1                 0 / 1           ops/s
[710.560s][info   ][gc,stats    ]       Phase: Concurrent Mark                               0.000 / 0.000       845.445 / 1491.398    577.816 / 1491.398    577.816 / 1491.398    ms
[710.560s][info   ][gc,stats    ]       Phase: Concurrent Mark Continue                      0.000 / 0.000         0.000 / 0.000         0.000 / 0.000         0.000 / 0.000       ms
[710.560s][info   ][gc,stats    ]       Phase: Concurrent Mark Free                          0.000 / 0.000         0.002 / 0.004         0.002 / 0.004         0.002 / 0.004       ms
[710.560s][info   ][gc,stats    ]       Phase: Concurrent Process Non-Strong References      0.000 / 0.000       355.482 / 1850.321    222.917 / 1850.321    222.917 / 1850.321    ms
[710.560s][info   ][gc,stats    ]       Phase: Concurrent Relocate                           0.000 / 0.000        10.517 / 19.256       14.453 / 32.634       14.453 / 32.634      ms
[710.560s][info   ][gc,stats    ]       Phase: Concurrent Reset Relocation Set               0.000 / 0.000         0.021 / 0.040         0.019 / 0.040         0.019 / 0.040       ms
[710.560s][info   ][gc,stats    ]       Phase: Concurrent Select Relocation Set              0.000 / 0.000         5.163 / 7.405         6.585 / 15.302        6.585 / 15.302      ms
[710.560s][info   ][gc,stats    ]       Phase: Pause Mark End                                0.000 / 0.000         0.151 / 0.333         0.111 / 0.333         0.111 / 0.333       ms
[710.561s][info   ][gc,stats    ]       Phase: Pause Mark Start                              0.000 / 0.000         0.036 / 0.050         0.033 / 0.076         0.033 / 0.076       ms
[710.561s][info   ][gc,stats    ]       Phase: Pause Relocate Start                          0.000 / 0.000         0.036 / 0.079         0.031 / 0.079         0.031 / 0.079       ms
[710.561s][info   ][gc,stats    ]    Subphase: Concurrent Classes Purge                      0.000 / 0.000         3.956 / 13.941        2.831 / 13.941        2.831 / 13.941      ms
[710.561s][info   ][gc,stats    ]    Subphase: Concurrent Classes Unlink                     0.000 / 0.000       313.143 / 1768.670    195.130 / 1768.670    195.130 / 1768.670    ms
[710.561s][info   ][gc,stats    ]    Subphase: Concurrent Mark                               0.000 / 0.000       618.691 / 1136.625    406.013 / 1136.625    406.013 / 1136.625    ms
[710.562s][info   ][gc,stats    ]    Subphase: Concurrent Mark Try Flush                     0.000 / 0.000        38.926 / 148.506      31.663 / 148.506      31.663 / 148.506     ms
[710.562s][info   ][gc,stats    ]    Subphase: Concurrent Mark Try Terminate                 0.000 / 0.000         2.827 / 148.509       2.840 / 148.509       2.840 / 148.509     ms
[710.562s][info   ][gc,stats    ]    Subphase: Concurrent References Enqueue                 0.000 / 0.000         0.011 / 0.016         0.011 / 0.016         0.011 / 0.016       ms
[710.562s][info   ][gc,stats    ]    Subphase: Concurrent References Process                 0.000 / 0.000         0.815 / 1.351         0.656 / 1.351         0.656 / 1.351       ms
[710.562s][info   ][gc,stats    ]    Subphase: Concurrent Roots ClassLoaderDataGraph         0.000 / 0.000         0.604 / 1.261         0.548 / 1.503         0.548 / 1.503       ms
[710.563s][info   ][gc,stats    ]    Subphase: Concurrent Roots CodeCache                    0.000 / 0.000         0.000 / 0.000         0.000 / 0.000         0.000 / 0.000       ms
[710.563s][info   ][gc,stats    ]    Subphase: Concurrent Roots JavaThreads                  0.000 / 0.000       143.927 / 475.340      80.761 / 475.340      80.761 / 475.340     ms
[710.563s][info   ][gc,stats    ]    Subphase: Concurrent Roots OopStorageSet                0.000 / 0.000         0.162 / 0.305         0.158 / 0.370         0.158 / 0.370       ms
[710.563s][info   ][gc,stats    ]    Subphase: Concurrent Weak Roots OopStorageSet           0.000 / 0.000         5.637 / 9.700         4.481 / 9.700         4.481 / 9.700       ms
[710.563s][info   ][gc,stats    ]    Subphase: Pause Mark Try Complete                       0.000 / 0.000         0.061 / 0.195         0.053 / 0.195         0.053 / 0.195       ms
[710.563s][info   ][gc,stats    ]      System: Java Threads                                      0 / 0                90 / 137              64 / 137              64 / 137         threads
[710.564s][info   ][gc,stats    ] =========================================================================================================================================================
[720.558s][info   ][gc,stats    ] === Garbage Collection Statistics =======================================================================================================================
[720.558s][info   ][gc,stats    ]                                                              Last 10s              Last 10m              Last 10h                Total
[720.558s][info   ][gc,stats    ]                                                              Avg / Max             Avg / Max             Avg / Max             Avg / Max
[720.559s][info   ][gc,stats    ]   Collector: Garbage Collection Cycle                      0.000 / 0.000      1298.015 / 3415.907    873.533 / 3415.907    873.533 / 3415.907    ms
[720.559s][info   ][gc,stats    ]  Contention: Mark Segment Reset Contention                     0 / 0                 0 / 2                 0 / 2                 0 / 2           ops/s
[720.559s][info   ][gc,stats    ]  Contention: Mark SeqNum Reset Contention                      0 / 0                 0 / 1                 0 / 1                 0 / 1           ops/s
[720.559s][info   ][gc,stats    ]    Critical: Allocation Stall                                  0 / 0                 0 / 0                 0 / 0                 0 / 0           ops/s
[720.559s][info   ][gc,stats    ]    Critical: Allocation Stall                              0.000 / 0.000         0.000 / 0.000         0.000 / 0.000         0.000 / 0.000       ms
[720.559s][info   ][gc,stats    ]    Critical: GC Locker Stall                                   0 / 0                 0 / 0                 0 / 0                 0 / 0           ops/s
[720.560s][info   ][gc,stats    ]    Critical: GC Locker Stall                               0.000 / 0.000         0.000 / 0.000         0.000 / 0.000         0.000 / 0.000       ms
[720.560s][info   ][gc,stats    ]    Critical: Relocation Stall                                  0 / 0                 0 / 0                 0 / 0                 0 / 0           ops/s
[720.560s][info   ][gc,stats    ]    Critical: Relocation Stall                              0.000 / 0.000         0.000 / 0.000         0.000 / 0.000         0.000 / 0.000       ms
[720.560s][info   ][gc,stats    ]      Memory: Allocation Rate                                   0 / 2                 2 / 60                3 / 68                3 / 68          MB/s
[720.560s][info   ][gc,stats    ]      Memory: Defragment                                        0 / 0                 0 / 0                 0 / 0                 0 / 0           ops/s
[720.561s][info   ][gc,stats    ]      Memory: Out Of Memory                                     0 / 0                 0 / 0                 0 / 0                 0 / 0           ops/s
[720.561s][info   ][gc,stats    ]      Memory: Page Cache Flush                                  0 / 0                 0 / 0                 0 / 0                 0 / 0           MB/s
[720.561s][info   ][gc,stats    ]      Memory: Page Cache Hit L1                                 0 / 1                 1 / 30                1 / 30                1 / 30          ops/s
[720.561s][info   ][gc,stats    ]      Memory: Page Cache Hit L2                                 0 / 0                 0 / 0                 0 / 0                 0 / 0           ops/s
[720.561s][info   ][gc,stats    ]      Memory: Page Cache Hit L3                                 0 / 0                 0 / 9                 0 / 26                0 / 26          ops/s
[720.561s][info   ][gc,stats    ]      Memory: Page Cache Miss                                   0 / 0                 0 / 0                 0 / 1                 0 / 1           ops/s
[720.561s][info   ][gc,stats    ]      Memory: Uncommit                                          0 / 0                 0 / 0                 0 / 0                 0 / 0           MB/s
[720.561s][info   ][gc,stats    ]      Memory: Undo Object Allocation Failed                     0 / 0                 0 / 1                 0 / 1                 0 / 1           ops/s
[720.562s][info   ][gc,stats    ]      Memory: Undo Object Allocation Succeeded                  0 / 0                 0 / 74                0 / 74                0 / 74          ops/s
[720.562s][info   ][gc,stats    ]      Memory: Undo Page Allocation                              0 / 0                 0 / 1                 0 / 1                 0 / 1           ops/s
[720.562s][info   ][gc,stats    ]       Phase: Concurrent Mark                               0.000 / 0.000       845.445 / 1491.398    577.816 / 1491.398    577.816 / 1491.398    ms
[720.562s][info   ][gc,stats    ]       Phase: Concurrent Mark Continue                      0.000 / 0.000         0.000 / 0.000         0.000 / 0.000         0.000 / 0.000       ms
[720.562s][info   ][gc,stats    ]       Phase: Concurrent Mark Free                          0.000 / 0.000         0.002 / 0.004         0.002 / 0.004         0.002 / 0.004       ms
[720.563s][info   ][gc,stats    ]       Phase: Concurrent Process Non-Strong References      0.000 / 0.000       355.482 / 1850.321    222.917 / 1850.321    222.917 / 1850.321    ms
[720.563s][info   ][gc,stats    ]       Phase: Concurrent Relocate                           0.000 / 0.000        10.517 / 19.256       14.453 / 32.634       14.453 / 32.634      ms
[720.563s][info   ][gc,stats    ]       Phase: Concurrent Reset Relocation Set               0.000 / 0.000         0.021 / 0.040         0.019 / 0.040         0.019 / 0.040       ms
[720.563s][info   ][gc,stats    ]       Phase: Concurrent Select Relocation Set              0.000 / 0.000         5.163 / 7.405         6.585 / 15.302        6.585 / 15.302      ms
[720.563s][info   ][gc,stats    ]       Phase: Pause Mark End                                0.000 / 0.000         0.151 / 0.333         0.111 / 0.333         0.111 / 0.333       ms
[720.564s][info   ][gc,stats    ]       Phase: Pause Mark Start                              0.000 / 0.000         0.036 / 0.050         0.033 / 0.076         0.033 / 0.076       ms
[720.564s][info   ][gc,stats    ]       Phase: Pause Relocate Start                          0.000 / 0.000         0.036 / 0.079         0.031 / 0.079         0.031 / 0.079       ms
[720.564s][info   ][gc,stats    ]    Subphase: Concurrent Classes Purge                      0.000 / 0.000         3.956 / 13.941        2.831 / 13.941        2.831 / 13.941      ms
[720.564s][info   ][gc,stats    ]    Subphase: Concurrent Classes Unlink                     0.000 / 0.000       313.143 / 1768.670    195.130 / 1768.670    195.130 / 1768.670    ms
[720.564s][info   ][gc,stats    ]    Subphase: Concurrent Mark                               0.000 / 0.000       618.691 / 1136.625    406.013 / 1136.625    406.013 / 1136.625    ms
[720.565s][info   ][gc,stats    ]    Subphase: Concurrent Mark Try Flush                     0.000 / 0.000        38.926 / 148.506      31.663 / 148.506      31.663 / 148.506     ms
[720.565s][info   ][gc,stats    ]    Subphase: Concurrent Mark Try Terminate                 0.000 / 0.000         2.827 / 148.509       2.840 / 148.509       2.840 / 148.509     ms
[720.565s][info   ][gc,stats    ]    Subphase: Concurrent References Enqueue                 0.000 / 0.000         0.011 / 0.016         0.011 / 0.016         0.011 / 0.016       ms
[720.565s][info   ][gc,stats    ]    Subphase: Concurrent References Process                 0.000 / 0.000         0.815 / 1.351         0.656 / 1.351         0.656 / 1.351       ms
[720.565s][info   ][gc,stats    ]    Subphase: Concurrent Roots ClassLoaderDataGraph         0.000 / 0.000         0.604 / 1.261         0.548 / 1.503         0.548 / 1.503       ms
[720.566s][info   ][gc,stats    ]    Subphase: Concurrent Roots CodeCache                    0.000 / 0.000         0.000 / 0.000         0.000 / 0.000         0.000 / 0.000       ms
[720.566s][info   ][gc,stats    ]    Subphase: Concurrent Roots JavaThreads                  0.000 / 0.000       143.927 / 475.340      80.761 / 475.340      80.761 / 475.340     ms
[720.566s][info   ][gc,stats    ]    Subphase: Concurrent Roots OopStorageSet                0.000 / 0.000         0.162 / 0.305         0.158 / 0.370         0.158 / 0.370       ms
[720.566s][info   ][gc,stats    ]    Subphase: Concurrent Weak Roots OopStorageSet           0.000 / 0.000         5.637 / 9.700         4.481 / 9.700         4.481 / 9.700       ms
[720.566s][info   ][gc,stats    ]    Subphase: Pause Mark Try Complete                       0.000 / 0.000         0.061 / 0.195         0.053 / 0.195         0.053 / 0.195       ms
[720.566s][info   ][gc,stats    ]      System: Java Threads                                      0 / 0                90 / 137              64 / 137              64 / 137         threads
[720.567s][info   ][gc,stats    ] =========================================================================================================================================================
[730.556s][info   ][gc,stats    ] === Garbage Collection Statistics =======================================================================================================================
[730.556s][info   ][gc,stats    ]                                                              Last 10s              Last 10m              Last 10h                Total
[730.556s][info   ][gc,stats    ]                                                              Avg / Max             Avg / Max             Avg / Max             Avg / Max
[730.556s][info   ][gc,stats    ]   Collector: Garbage Collection Cycle                      0.000 / 0.000      1298.015 / 3415.907    873.533 / 3415.907    873.533 / 3415.907    ms
[730.556s][info   ][gc,stats    ]  Contention: Mark Segment Reset Contention                     0 / 0                 0 / 2                 0 / 2                 0 / 2           ops/s
[730.557s][info   ][gc,stats    ]  Contention: Mark SeqNum Reset Contention                      0 / 0                 0 / 1                 0 / 1                 0 / 1           ops/s
[730.557s][info   ][gc,stats    ]    Critical: Allocation Stall                                  0 / 0                 0 / 0                 0 / 0                 0 / 0           ops/s
[730.557s][info   ][gc,stats    ]    Critical: Allocation Stall                              0.000 / 0.000         0.000 / 0.000         0.000 / 0.000         0.000 / 0.000       ms
[730.557s][info   ][gc,stats    ]    Critical: GC Locker Stall                                   0 / 0                 0 / 0                 0 / 0                 0 / 0           ops/s
[730.557s][info   ][gc,stats    ]    Critical: GC Locker Stall                               0.000 / 0.000         0.000 / 0.000         0.000 / 0.000         0.000 / 0.000       ms
[730.557s][info   ][gc,stats    ]    Critical: Relocation Stall                                  0 / 0                 0 / 0                 0 / 0                 0 / 0           ops/s
[730.558s][info   ][gc,stats    ]    Critical: Relocation Stall                              0.000 / 0.000         0.000 / 0.000         0.000 / 0.000         0.000 / 0.000       ms
[730.558s][info   ][gc,stats    ]      Memory: Allocation Rate                                   0 / 0                 2 / 60                3 / 68                3 / 68          MB/s
[730.558s][info   ][gc,stats    ]      Memory: Defragment                                        0 / 0                 0 / 0                 0 / 0                 0 / 0           ops/s
[730.558s][info   ][gc,stats    ]      Memory: Out Of Memory                                     0 / 0                 0 / 0                 0 / 0                 0 / 0           ops/s
[730.558s][info   ][gc,stats    ]      Memory: Page Cache Flush                                  0 / 0                 0 / 0                 0 / 0                 0 / 0           MB/s
[730.558s][info   ][gc,stats    ]      Memory: Page Cache Hit L1                                 0 / 0                 1 / 30                1 / 30                1 / 30          ops/s
[730.558s][info   ][gc,stats    ]      Memory: Page Cache Hit L2                                 0 / 0                 0 / 0                 0 / 0                 0 / 0           ops/s
[730.559s][info   ][gc,stats    ]      Memory: Page Cache Hit L3                                 0 / 0                 0 / 9                 0 / 26                0 / 26          ops/s
[730.559s][info   ][gc,stats    ]      Memory: Page Cache Miss                                   0 / 0                 0 / 0                 0 / 1                 0 / 1           ops/s
[730.559s][info   ][gc,stats    ]      Memory: Uncommit                                          0 / 0                 0 / 0                 0 / 0                 0 / 0           MB/s
[730.559s][info   ][gc,stats    ]      Memory: Undo Object Allocation Failed                     0 / 0                 0 / 1                 0 / 1                 0 / 1           ops/s
[730.559s][info   ][gc,stats    ]      Memory: Undo Object Allocation Succeeded                  0 / 0                 0 / 74                0 / 74                0 / 74          ops/s
[730.560s][info   ][gc,stats    ]      Memory: Undo Page Allocation                              0 / 0                 0 / 1                 0 / 1                 0 / 1           ops/s
[730.560s][info   ][gc,stats    ]       Phase: Concurrent Mark                               0.000 / 0.000       845.445 / 1491.398    577.816 / 1491.398    577.816 / 1491.398    ms
[730.560s][info   ][gc,stats    ]       Phase: Concurrent Mark Continue                      0.000 / 0.000         0.000 / 0.000         0.000 / 0.000         0.000 / 0.000       ms
[730.560s][info   ][gc,stats    ]       Phase: Concurrent Mark Free                          0.000 / 0.000         0.002 / 0.004         0.002 / 0.004         0.002 / 0.004       ms
[730.561s][info   ][gc,stats    ]       Phase: Concurrent Process Non-Strong References      0.000 / 0.000       355.482 / 1850.321    222.917 / 1850.321    222.917 / 1850.321    ms
[730.561s][info   ][gc,stats    ]       Phase: Concurrent Relocate                           0.000 / 0.000        10.517 / 19.256       14.453 / 32.634       14.453 / 32.634      ms
[730.561s][info   ][gc,stats    ]       Phase: Concurrent Reset Relocation Set               0.000 / 0.000         0.021 / 0.040         0.019 / 0.040         0.019 / 0.040       ms
[730.561s][info   ][gc,stats    ]       Phase: Concurrent Select Relocation Set              0.000 / 0.000         5.163 / 7.405         6.585 / 15.302        6.585 / 15.302      ms
[730.561s][info   ][gc,stats    ]       Phase: Pause Mark End                                0.000 / 0.000         0.151 / 0.333         0.111 / 0.333         0.111 / 0.333       ms
[730.561s][info   ][gc,stats    ]       Phase: Pause Mark Start                              0.000 / 0.000         0.036 / 0.050         0.033 / 0.076         0.033 / 0.076       ms
[730.562s][info   ][gc,stats    ]       Phase: Pause Relocate Start                          0.000 / 0.000         0.036 / 0.079         0.031 / 0.079         0.031 / 0.079       ms
[730.562s][info   ][gc,stats    ]    Subphase: Concurrent Classes Purge                      0.000 / 0.000         3.956 / 13.941        2.831 / 13.941        2.831 / 13.941      ms
[730.562s][info   ][gc,stats    ]    Subphase: Concurrent Classes Unlink                     0.000 / 0.000       313.143 / 1768.670    195.130 / 1768.670    195.130 / 1768.670    ms
[730.562s][info   ][gc,stats    ]    Subphase: Concurrent Mark                               0.000 / 0.000       618.691 / 1136.625    406.013 / 1136.625    406.013 / 1136.625    ms
[730.562s][info   ][gc,stats    ]    Subphase: Concurrent Mark Try Flush                     0.000 / 0.000        38.926 / 148.506      31.663 / 148.506      31.663 / 148.506     ms
[730.563s][info   ][gc,stats    ]    Subphase: Concurrent Mark Try Terminate                 0.000 / 0.000         2.827 / 148.509       2.840 / 148.509       2.840 / 148.509     ms
[730.563s][info   ][gc,stats    ]    Subphase: Concurrent References Enqueue                 0.000 / 0.000         0.011 / 0.016         0.011 / 0.016         0.011 / 0.016       ms
[730.563s][info   ][gc,stats    ]    Subphase: Concurrent References Process                 0.000 / 0.000         0.815 / 1.351         0.656 / 1.351         0.656 / 1.351       ms
[730.563s][info   ][gc,stats    ]    Subphase: Concurrent Roots ClassLoaderDataGraph         0.000 / 0.000         0.604 / 1.261         0.548 / 1.503         0.548 / 1.503       ms
[730.563s][info   ][gc,stats    ]    Subphase: Concurrent Roots CodeCache                    0.000 / 0.000         0.000 / 0.000         0.000 / 0.000         0.000 / 0.000       ms
[730.564s][info   ][gc,stats    ]    Subphase: Concurrent Roots JavaThreads                  0.000 / 0.000       143.927 / 475.340      80.761 / 475.340      80.761 / 475.340     ms
[730.564s][info   ][gc,stats    ]    Subphase: Concurrent Roots OopStorageSet                0.000 / 0.000         0.162 / 0.305         0.158 / 0.370         0.158 / 0.370       ms
[730.564s][info   ][gc,stats    ]    Subphase: Concurrent Weak Roots OopStorageSet           0.000 / 0.000         5.637 / 9.700         4.481 / 9.700         4.481 / 9.700       ms
[730.564s][info   ][gc,stats    ]    Subphase: Pause Mark Try Complete                       0.000 / 0.000         0.061 / 0.195         0.053 / 0.195         0.053 / 0.195       ms
[730.564s][info   ][gc,stats    ]      System: Java Threads                                      0 / 0                90 / 137              64 / 137              64 / 137         threads
[730.564s][info   ][gc,stats    ] =========================================================================================================================================================
[740.556s][info   ][gc,stats    ] === Garbage Collection Statistics =======================================================================================================================
[740.557s][info   ][gc,stats    ]                                                              Last 10s              Last 10m              Last 10h                Total
[740.557s][info   ][gc,stats    ]                                                              Avg / Max             Avg / Max             Avg / Max             Avg / Max
[740.557s][info   ][gc,stats    ]   Collector: Garbage Collection Cycle                      0.000 / 0.000      1359.440 / 3415.907    873.533 / 3415.907    873.533 / 3415.907    ms
[740.557s][info   ][gc,stats    ]  Contention: Mark Segment Reset Contention                     0 / 0                 0 / 2                 0 / 2                 0 / 2           ops/s
[740.557s][info   ][gc,stats    ]  Contention: Mark SeqNum Reset Contention                      0 / 0                 0 / 1                 0 / 1                 0 / 1           ops/s
[740.557s][info   ][gc,stats    ]    Critical: Allocation Stall                                  0 / 0                 0 / 0                 0 / 0                 0 / 0           ops/s
[740.557s][info   ][gc,stats    ]    Critical: Allocation Stall                              0.000 / 0.000         0.000 / 0.000         0.000 / 0.000         0.000 / 0.000       ms
[740.558s][info   ][gc,stats    ]    Critical: GC Locker Stall                                   0 / 0                 0 / 0                 0 / 0                 0 / 0           ops/s
[740.558s][info   ][gc,stats    ]    Critical: GC Locker Stall                               0.000 / 0.000         0.000 / 0.000         0.000 / 0.000         0.000 / 0.000       ms
[740.558s][info   ][gc,stats    ]    Critical: Relocation Stall                                  0 / 0                 0 / 0                 0 / 0                 0 / 0           ops/s
[740.558s][info   ][gc,stats    ]    Critical: Relocation Stall                              0.000 / 0.000         0.000 / 0.000         0.000 / 0.000         0.000 / 0.000       ms
[740.558s][info   ][gc,stats    ]      Memory: Allocation Rate                                   0 / 2                 2 / 60                3 / 68                3 / 68          MB/s
[740.559s][info   ][gc,stats    ]      Memory: Defragment                                        0 / 0                 0 / 0                 0 / 0                 0 / 0           ops/s
[740.559s][info   ][gc,stats    ]      Memory: Out Of Memory                                     0 / 0                 0 / 0                 0 / 0                 0 / 0           ops/s
[740.559s][info   ][gc,stats    ]      Memory: Page Cache Flush                                  0 / 0                 0 / 0                 0 / 0                 0 / 0           MB/s
[740.559s][info   ][gc,stats    ]      Memory: Page Cache Hit L1                                 0 / 1                 1 / 30                1 / 30                1 / 30          ops/s
[740.559s][info   ][gc,stats    ]      Memory: Page Cache Hit L2                                 0 / 0                 0 / 0                 0 / 0                 0 / 0           ops/s
[740.559s][info   ][gc,stats    ]      Memory: Page Cache Hit L3                                 0 / 0                 0 / 9                 0 / 26                0 / 26          ops/s
[740.560s][info   ][gc,stats    ]      Memory: Page Cache Miss                                   0 / 0                 0 / 0                 0 / 1                 0 / 1           ops/s
[740.560s][info   ][gc,stats    ]      Memory: Uncommit                                          0 / 0                 0 / 0                 0 / 0                 0 / 0           MB/s
[740.560s][info   ][gc,stats    ]      Memory: Undo Object Allocation Failed                     0 / 0                 0 / 1                 0 / 1                 0 / 1           ops/s
[740.560s][info   ][gc,stats    ]      Memory: Undo Object Allocation Succeeded                  0 / 0                 0 / 74                0 / 74                0 / 74          ops/s
[740.560s][info   ][gc,stats    ]      Memory: Undo Page Allocation                              0 / 0                 0 / 1                 0 / 1                 0 / 1           ops/s
[740.560s][info   ][gc,stats    ]       Phase: Concurrent Mark                               0.000 / 0.000       854.080 / 1491.398    577.816 / 1491.398    577.816 / 1491.398    ms
[740.561s][info   ][gc,stats    ]       Phase: Concurrent Mark Continue                      0.000 / 0.000         0.000 / 0.000         0.000 / 0.000         0.000 / 0.000       ms
[740.561s][info   ][gc,stats    ]       Phase: Concurrent Mark Free                          0.000 / 0.000         0.002 / 0.003         0.002 / 0.004         0.002 / 0.004       ms
[740.561s][info   ][gc,stats    ]       Phase: Concurrent Process Non-Strong References      0.000 / 0.000       400.525 / 1850.321    222.917 / 1850.321    222.917 / 1850.321    ms
[740.561s][info   ][gc,stats    ]       Phase: Concurrent Relocate                           0.000 / 0.000        10.414 / 19.256       14.453 / 32.634       14.453 / 32.634      ms
[740.562s][info   ][gc,stats    ]       Phase: Concurrent Reset Relocation Set               0.000 / 0.000         0.021 / 0.032         0.019 / 0.040         0.019 / 0.040       ms
[740.562s][info   ][gc,stats    ]       Phase: Concurrent Select Relocation Set              0.000 / 0.000         5.011 / 6.170         6.585 / 15.302        6.585 / 15.302      ms
[740.562s][info   ][gc,stats    ]       Phase: Pause Mark End                                0.000 / 0.000         0.161 / 0.333         0.111 / 0.333         0.111 / 0.333       ms
[740.562s][info   ][gc,stats    ]       Phase: Pause Mark Start                              0.000 / 0.000         0.037 / 0.050         0.033 / 0.076         0.033 / 0.076       ms
[740.562s][info   ][gc,stats    ]       Phase: Pause Relocate Start                          0.000 / 0.000         0.036 / 0.079         0.031 / 0.079         0.031 / 0.079       ms
[740.562s][info   ][gc,stats    ]    Subphase: Concurrent Classes Purge                      0.000 / 0.000         3.484 / 13.941        2.831 / 13.941        2.831 / 13.941      ms
[740.563s][info   ][gc,stats    ]    Subphase: Concurrent Classes Unlink                     0.000 / 0.000       357.799 / 1768.670    195.130 / 1768.670    195.130 / 1768.670    ms
[740.563s][info   ][gc,stats    ]    Subphase: Concurrent Mark                               0.000 / 0.000       637.175 / 1136.625    406.013 / 1136.625    406.013 / 1136.625    ms
[740.563s][info   ][gc,stats    ]    Subphase: Concurrent Mark Try Flush                     0.000 / 0.000        38.552 / 148.506      31.663 / 148.506      31.663 / 148.506     ms
[740.563s][info   ][gc,stats    ]    Subphase: Concurrent Mark Try Terminate                 0.000 / 0.000         3.174 / 148.509       2.840 / 148.509       2.840 / 148.509     ms
[740.563s][info   ][gc,stats    ]    Subphase: Concurrent References Enqueue                 0.000 / 0.000         0.011 / 0.015         0.011 / 0.016         0.011 / 0.016       ms
[740.563s][info   ][gc,stats    ]    Subphase: Concurrent References Process                 0.000 / 0.000         0.867 / 1.351         0.656 / 1.351         0.656 / 1.351       ms
[740.563s][info   ][gc,stats    ]    Subphase: Concurrent Roots ClassLoaderDataGraph         0.000 / 0.000         0.650 / 1.261         0.548 / 1.503         0.548 / 1.503       ms
[740.563s][info   ][gc,stats    ]    Subphase: Concurrent Roots CodeCache                    0.000 / 0.000         0.000 / 0.000         0.000 / 0.000         0.000 / 0.000       ms
[740.564s][info   ][gc,stats    ]    Subphase: Concurrent Roots JavaThreads                  0.000 / 0.000       117.946 / 384.924      80.761 / 475.340      80.761 / 475.340     ms
[740.564s][info   ][gc,stats    ]    Subphase: Concurrent Roots OopStorageSet                0.000 / 0.000         0.181 / 0.305         0.158 / 0.370         0.158 / 0.370       ms
[740.564s][info   ][gc,stats    ]    Subphase: Concurrent Weak Roots OopStorageSet           0.000 / 0.000         5.642 / 9.700         4.481 / 9.700         4.481 / 9.700       ms
[740.564s][info   ][gc,stats    ]    Subphase: Pause Mark Try Complete                       0.000 / 0.000         0.063 / 0.195         0.053 / 0.195         0.053 / 0.195       ms
[740.564s][info   ][gc,stats    ]      System: Java Threads                                      0 / 0               100 / 137              64 / 137              64 / 137         threads
[740.565s][info   ][gc,stats    ] =========================================================================================================================================================
[750.568s][info   ][gc,stats    ] === Garbage Collection Statistics =======================================================================================================================
[750.568s][info   ][gc,stats    ]                                                              Last 10s              Last 10m              Last 10h                Total
[750.568s][info   ][gc,stats    ]                                                              Avg / Max             Avg / Max             Avg / Max             Avg / Max
[750.568s][info   ][gc,stats    ]   Collector: Garbage Collection Cycle                      0.000 / 0.000      1289.066 / 3415.907    873.533 / 3415.907    873.533 / 3415.907    ms
[750.569s][info   ][gc,stats    ]  Contention: Mark Segment Reset Contention                     0 / 0                 0 / 2                 0 / 2                 0 / 2           ops/s
[750.569s][info   ][gc,stats    ]  Contention: Mark SeqNum Reset Contention                      0 / 0                 0 / 1                 0 / 1                 0 / 1           ops/s
[750.569s][info   ][gc,stats    ]    Critical: Allocation Stall                                  0 / 0                 0 / 0                 0 / 0                 0 / 0           ops/s
[750.569s][info   ][gc,stats    ]    Critical: Allocation Stall                              0.000 / 0.000         0.000 / 0.000         0.000 / 0.000         0.000 / 0.000       ms
[750.569s][info   ][gc,stats    ]    Critical: GC Locker Stall                                   0 / 0                 0 / 0                 0 / 0                 0 / 0           ops/s
[750.569s][info   ][gc,stats    ]    Critical: GC Locker Stall                               0.000 / 0.000         0.000 / 0.000         0.000 / 0.000         0.000 / 0.000       ms
[750.569s][info   ][gc,stats    ]    Critical: Relocation Stall                                  0 / 0                 0 / 0                 0 / 0                 0 / 0           ops/s
[750.569s][info   ][gc,stats    ]    Critical: Relocation Stall                              0.000 / 0.000         0.000 / 0.000         0.000 / 0.000         0.000 / 0.000       ms
[750.569s][info   ][gc,stats    ]      Memory: Allocation Rate                                   0 / 2                 2 / 60                3 / 68                3 / 68          MB/s
[750.569s][info   ][gc,stats    ]      Memory: Defragment                                        0 / 0                 0 / 0                 0 / 0                 0 / 0           ops/s
[750.569s][info   ][gc,stats    ]      Memory: Out Of Memory                                     0 / 0                 0 / 0                 0 / 0                 0 / 0           ops/s
[750.570s][info   ][gc,stats    ]      Memory: Page Cache Flush                                  0 / 0                 0 / 0                 0 / 0                 0 / 0           MB/s
[750.570s][info   ][gc,stats    ]      Memory: Page Cache Hit L1                                 0 / 1                 1 / 30                1 / 30                1 / 30          ops/s
[750.570s][info   ][gc,stats    ]      Memory: Page Cache Hit L2                                 0 / 0                 0 / 0                 0 / 0                 0 / 0           ops/s
[750.570s][info   ][gc,stats    ]      Memory: Page Cache Hit L3                                 0 / 0                 0 / 9                 0 / 26                0 / 26          ops/s
[750.570s][info   ][gc,stats    ]      Memory: Page Cache Miss                                   0 / 0                 0 / 0                 0 / 1                 0 / 1           ops/s
[750.570s][info   ][gc,stats    ]      Memory: Uncommit                                          0 / 0                 0 / 0                 0 / 0                 0 / 0           MB/s
[750.570s][info   ][gc,stats    ]      Memory: Undo Object Allocation Failed                     0 / 0                 0 / 1                 0 / 1                 0 / 1           ops/s
[750.570s][info   ][gc,stats    ]      Memory: Undo Object Allocation Succeeded                  0 / 0                 0 / 74                0 / 74                0 / 74          ops/s
[750.570s][info   ][gc,stats    ]      Memory: Undo Page Allocation                              0 / 0                 0 / 1                 0 / 1                 0 / 1           ops/s
[750.570s][info   ][gc,stats    ]       Phase: Concurrent Mark                               0.000 / 0.000       774.415 / 1254.846    577.816 / 1491.398    577.816 / 1491.398    ms
[750.570s][info   ][gc,stats    ]       Phase: Concurrent Mark Continue                      0.000 / 0.000         0.000 / 0.000         0.000 / 0.000         0.000 / 0.000       ms
[750.571s][info   ][gc,stats    ]       Phase: Concurrent Mark Free                          0.000 / 0.000         0.002 / 0.003         0.002 / 0.004         0.002 / 0.004       ms
[750.571s][info   ][gc,stats    ]       Phase: Concurrent Process Non-Strong References      0.000 / 0.000       409.959 / 1850.321    222.917 / 1850.321    222.917 / 1850.321    ms
[750.571s][info   ][gc,stats    ]       Phase: Concurrent Relocate                           0.000 / 0.000         9.822 / 19.256       14.453 / 32.634       14.453 / 32.634      ms
[750.571s][info   ][gc,stats    ]       Phase: Concurrent Reset Relocation Set               0.000 / 0.000         0.021 / 0.032         0.019 / 0.040         0.019 / 0.040       ms
[750.571s][info   ][gc,stats    ]       Phase: Concurrent Select Relocation Set              0.000 / 0.000         5.072 / 6.170         6.585 / 15.302        6.585 / 15.302      ms
[750.571s][info   ][gc,stats    ]       Phase: Pause Mark End                                0.000 / 0.000         0.140 / 0.194         0.111 / 0.333         0.111 / 0.333       ms
[750.571s][info   ][gc,stats    ]       Phase: Pause Mark Start                              0.000 / 0.000         0.038 / 0.050         0.033 / 0.076         0.033 / 0.076       ms
[750.571s][info   ][gc,stats    ]       Phase: Pause Relocate Start                          0.000 / 0.000         0.035 / 0.079         0.031 / 0.079         0.031 / 0.079       ms
[750.571s][info   ][gc,stats    ]    Subphase: Concurrent Classes Purge                      0.000 / 0.000         3.837 / 13.941        2.831 / 13.941        2.831 / 13.941      ms
[750.571s][info   ][gc,stats    ]    Subphase: Concurrent Classes Unlink                     0.000 / 0.000       367.442 / 1768.670    195.130 / 1768.670    195.130 / 1768.670    ms
[750.571s][info   ][gc,stats    ]    Subphase: Concurrent Mark                               0.000 / 0.000       598.161 / 1136.625    406.013 / 1136.625    406.013 / 1136.625    ms
[750.571s][info   ][gc,stats    ]    Subphase: Concurrent Mark Try Flush                     0.000 / 0.000        36.550 / 148.506      31.663 / 148.506      31.663 / 148.506     ms
[750.571s][info   ][gc,stats    ]    Subphase: Concurrent Mark Try Terminate                 0.000 / 0.000         2.932 / 148.509       2.840 / 148.509       2.840 / 148.509     ms
[750.572s][info   ][gc,stats    ]    Subphase: Concurrent References Enqueue                 0.000 / 0.000         0.011 / 0.013         0.011 / 0.016         0.011 / 0.016       ms
[750.572s][info   ][gc,stats    ]    Subphase: Concurrent References Process                 0.000 / 0.000         0.806 / 1.299         0.656 / 1.351         0.656 / 1.351       ms
[750.572s][info   ][gc,stats    ]    Subphase: Concurrent Roots ClassLoaderDataGraph         0.000 / 0.000         0.639 / 1.261         0.548 / 1.503         0.548 / 1.503       ms
[750.572s][info   ][gc,stats    ]    Subphase: Concurrent Roots CodeCache                    0.000 / 0.000         0.000 / 0.000         0.000 / 0.000         0.000 / 0.000       ms
[750.572s][info   ][gc,stats    ]    Subphase: Concurrent Roots JavaThreads                  0.000 / 0.000        95.698 / 235.188      80.761 / 475.340      80.761 / 475.340     ms
[750.572s][info   ][gc,stats    ]    Subphase: Concurrent Roots OopStorageSet                0.000 / 0.000         0.182 / 0.305         0.158 / 0.370         0.158 / 0.370       ms
[750.572s][info   ][gc,stats    ]    Subphase: Concurrent Weak Roots OopStorageSet           0.000 / 0.000         5.304 / 8.681         4.481 / 9.700         4.481 / 9.700       ms
[750.572s][info   ][gc,stats    ]    Subphase: Pause Mark Try Complete                       0.000 / 0.000         0.048 / 0.077         0.053 / 0.195         0.053 / 0.195       ms
[750.572s][info   ][gc,stats    ]      System: Java Threads                                      0 / 0               104 / 137              64 / 137              64 / 137         threads
[750.572s][info   ][gc,stats    ] =========================================================================================================================================================
[760.557s][info   ][gc,stats    ] === Garbage Collection Statistics =======================================================================================================================
[760.557s][info   ][gc,stats    ]                                                              Last 10s              Last 10m              Last 10h                Total
[760.557s][info   ][gc,stats    ]                                                              Avg / Max             Avg / Max             Avg / Max             Avg / Max
[760.557s][info   ][gc,stats    ]   Collector: Garbage Collection Cycle                      0.000 / 0.000      1227.042 / 3415.907    873.533 / 3415.907    873.533 / 3415.907    ms
[760.557s][info   ][gc,stats    ]  Contention: Mark Segment Reset Contention                     0 / 0                 0 / 2                 0 / 2                 0 / 2           ops/s
[760.557s][info   ][gc,stats    ]  Contention: Mark SeqNum Reset Contention                      0 / 0                 0 / 1                 0 / 1                 0 / 1           ops/s
[760.557s][info   ][gc,stats    ]    Critical: Allocation Stall                                  0 / 0                 0 / 0                 0 / 0                 0 / 0           ops/s
[760.557s][info   ][gc,stats    ]    Critical: Allocation Stall                              0.000 / 0.000         0.000 / 0.000         0.000 / 0.000         0.000 / 0.000       ms
[760.557s][info   ][gc,stats    ]    Critical: GC Locker Stall                                   0 / 0                 0 / 0                 0 / 0                 0 / 0           ops/s
[760.559s][info   ][gc,stats    ]    Critical: GC Locker Stall                               0.000 / 0.000         0.000 / 0.000         0.000 / 0.000         0.000 / 0.000       ms
[760.559s][info   ][gc,stats    ]    Critical: Relocation Stall                                  0 / 0                 0 / 0                 0 / 0                 0 / 0           ops/s
[760.559s][info   ][gc,stats    ]    Critical: Relocation Stall                              0.000 / 0.000         0.000 / 0.000         0.000 / 0.000         0.000 / 0.000       ms
[760.559s][info   ][gc,stats    ]      Memory: Allocation Rate                                   0 / 0                 1 / 60                3 / 68                3 / 68          MB/s
[760.559s][info   ][gc,stats    ]      Memory: Defragment                                        0 / 0                 0 / 0                 0 / 0                 0 / 0           ops/s
[760.559s][info   ][gc,stats    ]      Memory: Out Of Memory                                     0 / 0                 0 / 0                 0 / 0                 0 / 0           ops/s
[760.559s][info   ][gc,stats    ]      Memory: Page Cache Flush                                  0 / 0                 0 / 0                 0 / 0                 0 / 0           MB/s
[760.559s][info   ][gc,stats    ]      Memory: Page Cache Hit L1                                 0 / 0                 0 / 30                1 / 30                1 / 30          ops/s
[760.559s][info   ][gc,stats    ]      Memory: Page Cache Hit L2                                 0 / 0                 0 / 0                 0 / 0                 0 / 0           ops/s
[760.559s][info   ][gc,stats    ]      Memory: Page Cache Hit L3                                 0 / 0                 0 / 9                 0 / 26                0 / 26          ops/s
[760.559s][info   ][gc,stats    ]      Memory: Page Cache Miss                                   0 / 0                 0 / 0                 0 / 1                 0 / 1           ops/s
[760.559s][info   ][gc,stats    ]      Memory: Uncommit                                          0 / 0                 0 / 0                 0 / 0                 0 / 0           MB/s
[760.559s][info   ][gc,stats    ]      Memory: Undo Object Allocation Failed                     0 / 0                 0 / 1                 0 / 1                 0 / 1           ops/s
[760.559s][info   ][gc,stats    ]      Memory: Undo Object Allocation Succeeded                  0 / 0                 0 / 47                0 / 74                0 / 74          ops/s
[760.559s][info   ][gc,stats    ]      Memory: Undo Page Allocation                              0 / 0                 0 / 1                 0 / 1                 0 / 1           ops/s
[761.096s][info   ][gc,stats    ]       Phase: Concurrent Mark                               0.000 / 0.000       706.299 / 1254.846    577.816 / 1491.398    577.816 / 1491.398    ms
[761.096s][info   ][gc,stats    ]       Phase: Concurrent Mark Continue                      0.000 / 0.000         0.000 / 0.000         0.000 / 0.000         0.000 / 0.000       ms
[761.096s][info   ][gc,stats    ]       Phase: Concurrent Mark Free                          0.000 / 0.000         0.002 / 0.003         0.002 / 0.004         0.002 / 0.004       ms
[761.096s][info   ][gc,stats    ]       Phase: Concurrent Process Non-Strong References      0.000 / 0.000       415.950 / 1850.321    222.917 / 1850.321    222.917 / 1850.321    ms
[761.096s][info   ][gc,stats    ]       Phase: Concurrent Relocate                           0.000 / 0.000         9.834 / 19.256       14.453 / 32.634       14.453 / 32.634      ms
[761.096s][info   ][gc,stats    ]       Phase: Concurrent Reset Relocation Set               0.000 / 0.000         0.021 / 0.032         0.019 / 0.040         0.019 / 0.040       ms
[761.096s][info   ][gc,stats    ]       Phase: Concurrent Select Relocation Set              0.000 / 0.000         4.970 / 6.170         6.585 / 15.302        6.585 / 15.302      ms
[761.096s][info   ][gc,stats    ]       Phase: Pause Mark End                                0.000 / 0.000         0.139 / 0.194         0.111 / 0.333         0.111 / 0.333       ms
[761.096s][info   ][gc,stats    ]       Phase: Pause Mark Start                              0.000 / 0.000         0.039 / 0.050         0.033 / 0.076         0.033 / 0.076       ms
[761.096s][info   ][gc,stats    ]       Phase: Pause Relocate Start                          0.000 / 0.000         0.035 / 0.079         0.031 / 0.079         0.031 / 0.079       ms
[761.096s][info   ][gc,stats    ]    Subphase: Concurrent Classes Purge                      0.000 / 0.000         2.393 / 8.672         2.831 / 13.941        2.831 / 13.941      ms
[761.096s][info   ][gc,stats    ]    Subphase: Concurrent Classes Unlink                     0.000 / 0.000       374.720 / 1768.670    195.130 / 1768.670    195.130 / 1768.670    ms
[761.096s][info   ][gc,stats    ]    Subphase: Concurrent Mark                               0.000 / 0.000       560.272 / 1136.625    406.013 / 1136.625    406.013 / 1136.625    ms
[761.097s][info   ][gc,stats    ]    Subphase: Concurrent Mark Try Flush                     0.000 / 0.000        35.476 / 148.506      31.663 / 148.506      31.663 / 148.506     ms
[761.097s][info   ][gc,stats    ]    Subphase: Concurrent Mark Try Terminate                 0.000 / 0.000         2.706 / 148.509       2.840 / 148.509       2.840 / 148.509     ms
[761.097s][info   ][gc,stats    ]    Subphase: Concurrent References Enqueue                 0.000 / 0.000         0.011 / 0.013         0.011 / 0.016         0.011 / 0.016       ms
[761.097s][info   ][gc,stats    ]    Subphase: Concurrent References Process                 0.000 / 0.000         0.788 / 1.299         0.656 / 1.351         0.656 / 1.351       ms
[761.097s][info   ][gc,stats    ]    Subphase: Concurrent Roots ClassLoaderDataGraph         0.000 / 0.000         0.630 / 1.261         0.548 / 1.503         0.548 / 1.503       ms
[761.097s][info   ][gc,stats    ]    Subphase: Concurrent Roots CodeCache                    0.000 / 0.000         0.000 / 0.000         0.000 / 0.000         0.000 / 0.000       ms
[761.097s][info   ][gc,stats    ]    Subphase: Concurrent Roots JavaThreads                  0.000 / 0.000        83.017 / 131.908      80.761 / 475.340      80.761 / 475.340     ms
[761.097s][info   ][gc,stats    ]    Subphase: Concurrent Roots OopStorageSet                0.000 / 0.000         0.179 / 0.305         0.158 / 0.370         0.158 / 0.370       ms
[761.097s][info   ][gc,stats    ]    Subphase: Concurrent Weak Roots OopStorageSet           0.000 / 0.000         4.997 / 7.758         4.481 / 9.700         4.481 / 9.700       ms
[761.097s][info   ][gc,stats    ]    Subphase: Pause Mark Try Complete                       0.000 / 0.000         0.052 / 0.077         0.053 / 0.195         0.053 / 0.195       ms
[761.097s][info   ][gc,stats    ]      System: Java Threads                                      0 / 0               108 / 137              64 / 137              64 / 137         threads
[761.097s][info   ][gc,stats    ] =========================================================================================================================================================
[770.567s][info   ][gc,stats    ] === Garbage Collection Statistics =======================================================================================================================
[770.568s][info   ][gc,stats    ]                                                              Last 10s              Last 10m              Last 10h                Total
[770.568s][info   ][gc,stats    ]                                                              Avg / Max             Avg / Max             Avg / Max             Avg / Max
[770.568s][info   ][gc,stats    ]   Collector: Garbage Collection Cycle                      0.000 / 0.000       877.841 / 1256.721    873.533 / 3415.907    873.533 / 3415.907    ms
[770.568s][info   ][gc,stats    ]  Contention: Mark Segment Reset Contention                     0 / 0                 0 / 0                 0 / 2                 0 / 2           ops/s
[770.568s][info   ][gc,stats    ]  Contention: Mark SeqNum Reset Contention                      0 / 0                 0 / 1                 0 / 1                 0 / 1           ops/s
[770.568s][info   ][gc,stats    ]    Critical: Allocation Stall                                  0 / 0                 0 / 0                 0 / 0                 0 / 0           ops/s
[770.568s][info   ][gc,stats    ]    Critical: Allocation Stall                              0.000 / 0.000         0.000 / 0.000         0.000 / 0.000         0.000 / 0.000       ms
[770.568s][info   ][gc,stats    ]    Critical: GC Locker Stall                                   0 / 0                 0 / 0                 0 / 0                 0 / 0           ops/s
[770.568s][info   ][gc,stats    ]    Critical: GC Locker Stall                               0.000 / 0.000         0.000 / 0.000         0.000 / 0.000         0.000 / 0.000       ms
[770.568s][info   ][gc,stats    ]    Critical: Relocation Stall                                  0 / 0                 0 / 0                 0 / 0                 0 / 0           ops/s
[770.568s][info   ][gc,stats    ]    Critical: Relocation Stall                              0.000 / 0.000         0.000 / 0.000         0.000 / 0.000         0.000 / 0.000       ms
[770.568s][info   ][gc,stats    ]      Memory: Allocation Rate                                   0 / 2                 1 / 60                3 / 68                3 / 68          MB/s
[770.568s][info   ][gc,stats    ]      Memory: Defragment                                        0 / 0                 0 / 0                 0 / 0                 0 / 0           ops/s
[770.568s][info   ][gc,stats    ]      Memory: Out Of Memory                                     0 / 0                 0 / 0                 0 / 0                 0 / 0           ops/s
[770.568s][info   ][gc,stats    ]      Memory: Page Cache Flush                                  0 / 0                 0 / 0                 0 / 0                 0 / 0           MB/s
[770.568s][info   ][gc,stats    ]      Memory: Page Cache Hit L1                                 0 / 1                 0 / 30                1 / 30                1 / 30          ops/s
[770.568s][info   ][gc,stats    ]      Memory: Page Cache Hit L2                                 0 / 0                 0 / 0                 0 / 0                 0 / 0           ops/s
[770.568s][info   ][gc,stats    ]      Memory: Page Cache Hit L3                                 0 / 0                 0 / 9                 0 / 26                0 / 26          ops/s
[770.568s][info   ][gc,stats    ]      Memory: Page Cache Miss                                   0 / 0                 0 / 0                 0 / 1                 0 / 1           ops/s
[770.568s][info   ][gc,stats    ]      Memory: Uncommit                                          0 / 0                 0 / 0                 0 / 0                 0 / 0           MB/s
[770.568s][info   ][gc,stats    ]      Memory: Undo Object Allocation Failed                     0 / 0                 0 / 1                 0 / 1                 0 / 1           ops/s
[770.568s][info   ][gc,stats    ]      Memory: Undo Object Allocation Succeeded                  0 / 0                 0 / 47                0 / 74                0 / 74          ops/s
[770.568s][info   ][gc,stats    ]      Memory: Undo Page Allocation                              0 / 0                 0 / 1                 0 / 1                 0 / 1           ops/s
[771.127s][info   ][gc,stats    ]       Phase: Concurrent Mark                               0.000 / 0.000       639.881 / 924.396     577.816 / 1491.398    577.816 / 1491.398    ms
[771.127s][info   ][gc,stats    ]       Phase: Concurrent Mark Continue                      0.000 / 0.000         0.000 / 0.000         0.000 / 0.000         0.000 / 0.000       ms
[771.127s][info   ][gc,stats    ]       Phase: Concurrent Mark Free                          0.000 / 0.000         0.002 / 0.003         0.002 / 0.004         0.002 / 0.004       ms
[771.127s][info   ][gc,stats    ]       Phase: Concurrent Process Non-Strong References      0.000 / 0.000       172.310 / 357.898     222.917 / 1850.321    222.917 / 1850.321    ms
[771.127s][info   ][gc,stats    ]       Phase: Concurrent Relocate                           0.000 / 0.000         9.404 / 19.256       14.453 / 32.634       14.453 / 32.634      ms
[771.127s][info   ][gc,stats    ]       Phase: Concurrent Reset Relocation Set               0.000 / 0.000         0.020 / 0.032         0.019 / 0.040         0.019 / 0.040       ms
[771.127s][info   ][gc,stats    ]       Phase: Concurrent Select Relocation Set              0.000 / 0.000         5.047 / 6.170         6.585 / 15.302        6.585 / 15.302      ms
[771.127s][info   ][gc,stats    ]       Phase: Pause Mark End                                0.000 / 0.000         0.124 / 0.194         0.111 / 0.333         0.111 / 0.333       ms
[771.127s][info   ][gc,stats    ]       Phase: Pause Mark Start                              0.000 / 0.000         0.041 / 0.050         0.033 / 0.076         0.033 / 0.076       ms
[771.127s][info   ][gc,stats    ]       Phase: Pause Relocate Start                          0.000 / 0.000         0.036 / 0.079         0.031 / 0.079         0.031 / 0.079       ms
[771.127s][info   ][gc,stats    ]    Subphase: Concurrent Classes Purge                      0.000 / 0.000         1.613 / 5.673         2.831 / 13.941        2.831 / 13.941      ms
[771.127s][info   ][gc,stats    ]    Subphase: Concurrent Classes Unlink                     0.000 / 0.000       138.469 / 289.517     195.130 / 1768.670    195.130 / 1768.670    ms
[771.127s][info   ][gc,stats    ]    Subphase: Concurrent Mark                               0.000 / 0.000       527.255 / 791.364     406.013 / 1136.625    406.013 / 1136.625    ms
[771.127s][info   ][gc,stats    ]    Subphase: Concurrent Mark Try Flush                     0.000 / 0.000        28.977 / 84.359       31.663 / 148.506      31.663 / 148.506     ms
[771.127s][info   ][gc,stats    ]    Subphase: Concurrent Mark Try Terminate                 0.000 / 0.000         2.304 / 84.362        2.840 / 148.509       2.840 / 148.509     ms
[771.128s][info   ][gc,stats    ]    Subphase: Concurrent References Enqueue                 0.000 / 0.000         0.010 / 0.013         0.011 / 0.016         0.011 / 0.016       ms
[771.128s][info   ][gc,stats    ]    Subphase: Concurrent References Process                 0.000 / 0.000         0.774 / 1.299         0.656 / 1.351         0.656 / 1.351       ms
[771.128s][info   ][gc,stats    ]    Subphase: Concurrent Roots ClassLoaderDataGraph         0.000 / 0.000         0.654 / 1.261         0.548 / 1.503         0.548 / 1.503       ms
[771.128s][info   ][gc,stats    ]    Subphase: Concurrent Roots CodeCache                    0.000 / 0.000         0.000 / 0.000         0.000 / 0.000         0.000 / 0.000       ms
[771.128s][info   ][gc,stats    ]    Subphase: Concurrent Roots JavaThreads                  0.000 / 0.000        78.504 / 131.908      80.761 / 475.340      80.761 / 475.340     ms
[771.128s][info   ][gc,stats    ]    Subphase: Concurrent Roots OopStorageSet                0.000 / 0.000         0.185 / 0.305         0.158 / 0.370         0.158 / 0.370       ms
[771.128s][info   ][gc,stats    ]    Subphase: Concurrent Weak Roots OopStorageSet           0.000 / 0.000         4.781 / 7.758         4.481 / 9.700         4.481 / 9.700       ms
[771.128s][info   ][gc,stats    ]    Subphase: Pause Mark Try Complete                       0.000 / 0.000         0.054 / 0.072         0.053 / 0.195         0.053 / 0.195       ms
[771.128s][info   ][gc,stats    ]      System: Java Threads                                      0 / 0               111 / 137              64 / 137              64 / 137         threads
[771.128s][info   ][gc,stats    ] =========================================================================================================================================================
[780.563s][info   ][gc,stats    ] === Garbage Collection Statistics =======================================================================================================================
[780.563s][info   ][gc,stats    ]                                                              Last 10s              Last 10m              Last 10h                Total
[780.563s][info   ][gc,stats    ]                                                              Avg / Max             Avg / Max             Avg / Max             Avg / Max
[780.563s][info   ][gc,stats    ]   Collector: Garbage Collection Cycle                      0.000 / 0.000       872.949 / 1256.721    873.533 / 3415.907    873.533 / 3415.907    ms
[780.563s][info   ][gc,stats    ]  Contention: Mark Segment Reset Contention                     0 / 0                 0 / 0                 0 / 2                 0 / 2           ops/s
[780.563s][info   ][gc,stats    ]  Contention: Mark SeqNum Reset Contention                      0 / 0                 0 / 0                 0 / 1                 0 / 1           ops/s
[780.563s][info   ][gc,stats    ]    Critical: Allocation Stall                                  0 / 0                 0 / 0                 0 / 0                 0 / 0           ops/s
[780.563s][info   ][gc,stats    ]    Critical: Allocation Stall                              0.000 / 0.000         0.000 / 0.000         0.000 / 0.000         0.000 / 0.000       ms
[780.563s][info   ][gc,stats    ]    Critical: GC Locker Stall                                   0 / 0                 0 / 0                 0 / 0                 0 / 0           ops/s
[780.563s][info   ][gc,stats    ]    Critical: GC Locker Stall                               0.000 / 0.000         0.000 / 0.000         0.000 / 0.000         0.000 / 0.000       ms
[780.563s][info   ][gc,stats    ]    Critical: Relocation Stall                                  0 / 0                 0 / 0                 0 / 0                 0 / 0           ops/s
[780.564s][info   ][gc,stats    ]    Critical: Relocation Stall                              0.000 / 0.000         0.000 / 0.000         0.000 / 0.000         0.000 / 0.000       ms
[780.564s][info   ][gc,stats    ]      Memory: Allocation Rate                                   0 / 0                 0 / 60                3 / 68                3 / 68          MB/s
[780.564s][info   ][gc,stats    ]      Memory: Defragment                                        0 / 0                 0 / 0                 0 / 0                 0 / 0           ops/s
[780.564s][info   ][gc,stats    ]      Memory: Out Of Memory                                     0 / 0                 0 / 0                 0 / 0                 0 / 0           ops/s
[780.564s][info   ][gc,stats    ]      Memory: Page Cache Flush                                  0 / 0                 0 / 0                 0 / 0                 0 / 0           MB/s
[780.564s][info   ][gc,stats    ]      Memory: Page Cache Hit L1                                 0 / 0                 0 / 30                1 / 30                1 / 30          ops/s
[780.564s][info   ][gc,stats    ]      Memory: Page Cache Hit L2                                 0 / 0                 0 / 0                 0 / 0                 0 / 0           ops/s
[780.564s][info   ][gc,stats    ]      Memory: Page Cache Hit L3                                 0 / 0                 0 / 9                 0 / 26                0 / 26          ops/s
[780.564s][info   ][gc,stats    ]      Memory: Page Cache Miss                                   0 / 0                 0 / 0                 0 / 1                 0 / 1           ops/s
[780.564s][info   ][gc,stats    ]      Memory: Uncommit                                          0 / 0                 0 / 0                 0 / 0                 0 / 0           MB/s
[780.564s][info   ][gc,stats    ]      Memory: Undo Object Allocation Failed                     0 / 0                 0 / 0                 0 / 1                 0 / 1           ops/s
[780.564s][info   ][gc,stats    ]      Memory: Undo Object Allocation Succeeded                  0 / 0                 0 / 6                 0 / 74                0 / 74          ops/s
[780.564s][info   ][gc,stats    ]      Memory: Undo Page Allocation                              0 / 0                 0 / 0                 0 / 1                 0 / 1           ops/s
[780.564s][info   ][gc,stats    ]       Phase: Concurrent Mark                               0.000 / 0.000       640.672 / 924.396     577.816 / 1491.398    577.816 / 1491.398    ms
[780.564s][info   ][gc,stats    ]       Phase: Concurrent Mark Continue                      0.000 / 0.000         0.000 / 0.000         0.000 / 0.000         0.000 / 0.000       ms
[780.564s][info   ][gc,stats    ]       Phase: Concurrent Mark Free                          0.000 / 0.000         0.002 / 0.002         0.002 / 0.004         0.002 / 0.004       ms
[780.564s][info   ][gc,stats    ]       Phase: Concurrent Process Non-Strong References      0.000 / 0.000       174.478 / 357.898     222.917 / 1850.321    222.917 / 1850.321    ms
[780.564s][info   ][gc,stats    ]       Phase: Concurrent Relocate                           0.000 / 0.000         9.685 / 19.256       14.453 / 32.634       14.453 / 32.634      ms
[780.564s][info   ][gc,stats    ]       Phase: Concurrent Reset Relocation Set               0.000 / 0.000         0.024 / 0.032         0.019 / 0.040         0.019 / 0.040       ms
[780.564s][info   ][gc,stats    ]       Phase: Concurrent Select Relocation Set              0.000 / 0.000         5.191 / 6.170         6.585 / 15.302        6.585 / 15.302      ms
[780.564s][info   ][gc,stats    ]       Phase: Pause Mark End                                0.000 / 0.000         0.106 / 0.179         0.111 / 0.333         0.111 / 0.333       ms
[780.565s][info   ][gc,stats    ]       Phase: Pause Mark Start                              0.000 / 0.000         0.042 / 0.050         0.033 / 0.076         0.033 / 0.076       ms
[780.565s][info   ][gc,stats    ]       Phase: Pause Relocate Start                          0.000 / 0.000         0.039 / 0.079         0.031 / 0.079         0.031 / 0.079       ms
[780.565s][info   ][gc,stats    ]    Subphase: Concurrent Classes Purge                      0.000 / 0.000         2.013 / 5.673         2.831 / 13.941        2.831 / 13.941      ms
[780.565s][info   ][gc,stats    ]    Subphase: Concurrent Classes Unlink                     0.000 / 0.000       145.280 / 289.517     195.130 / 1768.670    195.130 / 1768.670    ms
[780.565s][info   ][gc,stats    ]    Subphase: Concurrent Mark                               0.000 / 0.000       517.001 / 791.364     406.013 / 1136.625    406.013 / 1136.625    ms
[780.565s][info   ][gc,stats    ]    Subphase: Concurrent Mark Try Flush                     0.000 / 0.000        28.583 / 84.359       31.663 / 148.506      31.663 / 148.506     ms
[780.565s][info   ][gc,stats    ]    Subphase: Concurrent Mark Try Terminate                 0.000 / 0.000         2.506 / 84.362        2.840 / 148.509       2.840 / 148.509     ms
[780.565s][info   ][gc,stats    ]    Subphase: Concurrent References Enqueue                 0.000 / 0.000         0.010 / 0.013         0.011 / 0.016         0.011 / 0.016       ms
[780.565s][info   ][gc,stats    ]    Subphase: Concurrent References Process                 0.000 / 0.000         0.776 / 1.299         0.656 / 1.351         0.656 / 1.351       ms
[780.565s][info   ][gc,stats    ]    Subphase: Concurrent Roots ClassLoaderDataGraph         0.000 / 0.000         0.610 / 1.166         0.548 / 1.503         0.548 / 1.503       ms
[780.565s][info   ][gc,stats    ]    Subphase: Concurrent Roots CodeCache                    0.000 / 0.000         0.000 / 0.000         0.000 / 0.000         0.000 / 0.000       ms
[780.565s][info   ][gc,stats    ]    Subphase: Concurrent Roots JavaThreads                  0.000 / 0.000        79.094 / 131.908      80.761 / 475.340      80.761 / 475.340     ms
[780.565s][info   ][gc,stats    ]    Subphase: Concurrent Roots OopStorageSet                0.000 / 0.000         0.176 / 0.305         0.158 / 0.370         0.158 / 0.370       ms
[780.565s][info   ][gc,stats    ]    Subphase: Concurrent Weak Roots OopStorageSet           0.000 / 0.000         4.910 / 7.758         4.481 / 9.700         4.481 / 9.700       ms
[780.565s][info   ][gc,stats    ]    Subphase: Pause Mark Try Complete                       0.000 / 0.000         0.055 / 0.072         0.053 / 0.195         0.053 / 0.195       ms
[780.565s][info   ][gc,stats    ]      System: Java Threads                                      0 / 0               111 / 137              64 / 137              64 / 137         threads
[780.565s][info   ][gc,stats    ] =========================================================================================================================================================
[790.567s][info   ][gc,stats    ] === Garbage Collection Statistics =======================================================================================================================
[790.568s][info   ][gc,stats    ]                                                              Last 10s              Last 10m              Last 10h                Total
[790.568s][info   ][gc,stats    ]                                                              Avg / Max             Avg / Max             Avg / Max             Avg / Max
[790.568s][info   ][gc,stats    ]   Collector: Garbage Collection Cycle                      0.000 / 0.000       754.279 / 1256.721    873.533 / 3415.907    873.533 / 3415.907    ms
[790.568s][info   ][gc,stats    ]  Contention: Mark Segment Reset Contention                     0 / 0                 0 / 0                 0 / 2                 0 / 2           ops/s
[790.568s][info   ][gc,stats    ]  Contention: Mark SeqNum Reset Contention                      0 / 0                 0 / 0                 0 / 1                 0 / 1           ops/s
[790.568s][info   ][gc,stats    ]    Critical: Allocation Stall                                  0 / 0                 0 / 0                 0 / 0                 0 / 0           ops/s
[790.568s][info   ][gc,stats    ]    Critical: Allocation Stall                              0.000 / 0.000         0.000 / 0.000         0.000 / 0.000         0.000 / 0.000       ms
[790.568s][info   ][gc,stats    ]    Critical: GC Locker Stall                                   0 / 0                 0 / 0                 0 / 0                 0 / 0           ops/s
[790.568s][info   ][gc,stats    ]    Critical: GC Locker Stall                               0.000 / 0.000         0.000 / 0.000         0.000 / 0.000         0.000 / 0.000       ms
[790.568s][info   ][gc,stats    ]    Critical: Relocation Stall                                  0 / 0                 0 / 0                 0 / 0                 0 / 0           ops/s
[790.568s][info   ][gc,stats    ]    Critical: Relocation Stall                              0.000 / 0.000         0.000 / 0.000         0.000 / 0.000         0.000 / 0.000       ms
[790.568s][info   ][gc,stats    ]      Memory: Allocation Rate                                   0 / 0                 0 / 34                3 / 68                3 / 68          MB/s
[790.569s][info   ][gc,stats    ]      Memory: Defragment                                        0 / 0                 0 / 0                 0 / 0                 0 / 0           ops/s
[790.569s][info   ][gc,stats    ]      Memory: Out Of Memory                                     0 / 0                 0 / 0                 0 / 0                 0 / 0           ops/s
[790.569s][info   ][gc,stats    ]      Memory: Page Cache Flush                                  0 / 0                 0 / 0                 0 / 0                 0 / 0           MB/s
[790.569s][info   ][gc,stats    ]      Memory: Page Cache Hit L1                                 0 / 0                 0 / 21                1 / 30                1 / 30          ops/s
[790.569s][info   ][gc,stats    ]      Memory: Page Cache Hit L2                                 0 / 0                 0 / 0                 0 / 0                 0 / 0           ops/s
[790.569s][info   ][gc,stats    ]      Memory: Page Cache Hit L3                                 0 / 0                 0 / 0                 0 / 26                0 / 26          ops/s
[790.569s][info   ][gc,stats    ]      Memory: Page Cache Miss                                   0 / 0                 0 / 0                 0 / 1                 0 / 1           ops/s
[790.569s][info   ][gc,stats    ]      Memory: Uncommit                                          0 / 0                 0 / 0                 0 / 0                 0 / 0           MB/s
[790.569s][info   ][gc,stats    ]      Memory: Undo Object Allocation Failed                     0 / 0                 0 / 0                 0 / 1                 0 / 1           ops/s
[790.569s][info   ][gc,stats    ]      Memory: Undo Object Allocation Succeeded                  0 / 0                 0 / 5                 0 / 74                0 / 74          ops/s
[790.569s][info   ][gc,stats    ]      Memory: Undo Page Allocation                              0 / 0                 0 / 0                 0 / 1                 0 / 1           ops/s
[790.569s][info   ][gc,stats    ]       Phase: Concurrent Mark                               0.000 / 0.000       595.680 / 924.396     577.816 / 1491.398    577.816 / 1491.398    ms
[790.570s][info   ][gc,stats    ]       Phase: Concurrent Mark Continue                      0.000 / 0.000         0.000 / 0.000         0.000 / 0.000         0.000 / 0.000       ms
[790.570s][info   ][gc,stats    ]       Phase: Concurrent Mark Free                          0.000 / 0.000         0.001 / 0.002         0.002 / 0.004         0.002 / 0.004       ms
[790.570s][info   ][gc,stats    ]       Phase: Concurrent Process Non-Strong References      0.000 / 0.000       113.339 / 247.926     222.917 / 1850.321    222.917 / 1850.321    ms
[790.570s][info   ][gc,stats    ]       Phase: Concurrent Relocate                           0.000 / 0.000         9.454 / 19.256       14.453 / 32.634       14.453 / 32.634      ms
[790.570s][info   ][gc,stats    ]       Phase: Concurrent Reset Relocation Set               0.000 / 0.000         0.024 / 0.032         0.019 / 0.040         0.019 / 0.040       ms
[790.570s][info   ][gc,stats    ]       Phase: Concurrent Select Relocation Set              0.000 / 0.000         5.141 / 6.170         6.585 / 15.302        6.585 / 15.302      ms
[790.570s][info   ][gc,stats    ]       Phase: Pause Mark End                                0.000 / 0.000         0.082 / 0.176         0.111 / 0.333         0.111 / 0.333       ms
[790.570s][info   ][gc,stats    ]       Phase: Pause Mark Start                              0.000 / 0.000         0.038 / 0.050         0.033 / 0.076         0.033 / 0.076       ms
[790.570s][info   ][gc,stats    ]       Phase: Pause Relocate Start                          0.000 / 0.000         0.043 / 0.079         0.031 / 0.079         0.031 / 0.079       ms
[790.570s][info   ][gc,stats    ]    Subphase: Concurrent Classes Purge                      0.000 / 0.000         0.792 / 2.339         2.831 / 13.941        2.831 / 13.941      ms
[790.570s][info   ][gc,stats    ]    Subphase: Concurrent Classes Unlink                     0.000 / 0.000        97.200 / 215.141     195.130 / 1768.670    195.130 / 1768.670    ms
[790.570s][info   ][gc,stats    ]    Subphase: Concurrent Mark                               0.000 / 0.000       440.662 / 791.364     406.013 / 1136.625    406.013 / 1136.625    ms
[790.570s][info   ][gc,stats    ]    Subphase: Concurrent Mark Try Flush                     0.000 / 0.000        22.048 / 44.423       31.663 / 148.506      31.663 / 148.506     ms
[790.570s][info   ][gc,stats    ]    Subphase: Concurrent Mark Try Terminate                 0.000 / 0.000        12.074 / 26.206        2.840 / 148.509       2.840 / 148.509     ms
[790.571s][info   ][gc,stats    ]    Subphase: Concurrent References Enqueue                 0.000 / 0.000         0.009 / 0.012         0.011 / 0.016         0.011 / 0.016       ms
[790.571s][info   ][gc,stats    ]    Subphase: Concurrent References Process                 0.000 / 0.000         0.747 / 1.299         0.656 / 1.351         0.656 / 1.351       ms
[790.571s][info   ][gc,stats    ]    Subphase: Concurrent Roots ClassLoaderDataGraph         0.000 / 0.000         0.739 / 1.166         0.548 / 1.503         0.548 / 1.503       ms
[790.571s][info   ][gc,stats    ]    Subphase: Concurrent Roots CodeCache                    0.000 / 0.000         0.000 / 0.000         0.000 / 0.000         0.000 / 0.000       ms
[790.571s][info   ][gc,stats    ]    Subphase: Concurrent Roots JavaThreads                  0.000 / 0.000        44.414 / 118.040      80.761 / 475.340      80.761 / 475.340     ms
[790.571s][info   ][gc,stats    ]    Subphase: Concurrent Roots OopStorageSet                0.000 / 0.000         0.177 / 0.179         0.158 / 0.370         0.158 / 0.370       ms
[790.571s][info   ][gc,stats    ]    Subphase: Concurrent Weak Roots OopStorageSet           0.000 / 0.000         5.509 / 7.758         4.481 / 9.700         4.481 / 9.700       ms
[790.571s][info   ][gc,stats    ]    Subphase: Pause Mark Try Complete                       0.000 / 0.000         0.072 / 0.072         0.053 / 0.195         0.053 / 0.195       ms
[790.571s][info   ][gc,stats    ]      System: Java Threads                                      0 / 0               102 / 137              64 / 137              64 / 137         threads
[790.571s][info   ][gc,stats    ] =========================================================================================================================================================
[792.670s][info   ][gc,start    ] GC(18) Garbage Collection (Proactive)
[792.671s][info   ][gc,task     ] GC(18) Using 2 workers
[792.671s][info   ][gc,phases   ] GC(18) Pause Mark Start 0.083ms
[792.889s][info   ][gc,phases   ] GC(18) Concurrent Mark 217.239ms
[792.889s][info   ][gc,phases   ] GC(18) Pause Mark End 0.043ms
[792.890s][info   ][gc,phases   ] GC(18) Concurrent Mark Free 0.002ms
[793.364s][info   ][gc,phases   ] GC(18) Concurrent Process Non-Strong References 473.355ms
[793.364s][info   ][gc,phases   ] GC(18) Concurrent Reset Relocation Set 0.007ms
[793.373s][info   ][gc,phases   ] GC(18) Concurrent Select Relocation Set 9.063ms
[793.373s][info   ][gc,phases   ] GC(18) Pause Relocate Start 0.033ms
[793.407s][info   ][gc,phases   ] GC(18) Concurrent Relocate 33.849ms
[793.407s][info   ][gc,load     ] GC(18) Load: 0.00/0.00/0.00
[793.407s][info   ][gc,mmu      ] GC(18) MMU: 2ms/83.4%, 5ms/93.4%, 10ms/96.7%, 20ms/98.3%, 50ms/99.3%, 100ms/99.7%
[793.407s][info   ][gc,marking  ] GC(18) Mark: 2 stripe(s), 2 proactive flush(es), 1 terminate flush(es), 0 completion(s), 0 continuation(s) 
[793.408s][info   ][gc,marking  ] GC(18) Mark Stack Usage: 32M
[793.408s][info   ][gc,nmethod  ] GC(18) NMethods: 7080 registered, 2837 unregistered
[793.408s][info   ][gc,metaspace] GC(18) Metaspace: 123M used, 125M committed, 1152M reserved
[793.408s][info   ][gc,ref      ] GC(18) Soft: 20785 encountered, 19643 discovered, 17372 enqueued
[793.408s][info   ][gc,ref      ] GC(18) Weak: 10803 encountered, 1028 discovered, 346 enqueued
[793.408s][info   ][gc,ref      ] GC(18) Final: 35 encountered, 0 discovered, 0 enqueued
[793.408s][info   ][gc,ref      ] GC(18) Phantom: 581 encountered, 311 discovered, 0 enqueued
[793.408s][info   ][gc,reloc    ] GC(18) Small Pages: 64 / 128M, Empty: 6M, Relocated: 17M, In-Place: 0
[793.408s][info   ][gc,reloc    ] GC(18) Medium Pages: 1 / 16M, Empty: 0M, Relocated: 0M, In-Place: 0
[793.408s][info   ][gc,reloc    ] GC(18) Large Pages: 0 / 0M, Empty: 0M, Relocated: 0M, In-Place: 0
[793.408s][info   ][gc,reloc    ] GC(18) Forwarding Usage: 6M
[793.408s][info   ][gc,heap     ] GC(18) Min Capacity: 512M(100%)
[793.408s][info   ][gc,heap     ] GC(18) Max Capacity: 512M(100%)
[793.409s][info   ][gc,heap     ] GC(18) Soft Max Capacity: 512M(100%)
[793.409s][info   ][gc,heap     ] GC(18)                Mark Start          Mark End        Relocate Start      Relocate End           High               Low         
[793.409s][info   ][gc,heap     ] GC(18)  Capacity:      512M (100%)        512M (100%)        512M (100%)        512M (100%)        512M (100%)        512M (100%)   
[793.409s][info   ][gc,heap     ] GC(18)      Free:      368M (72%)         362M (71%)         362M (71%)         400M (78%)         400M (78%)         356M (70%)    
[793.409s][info   ][gc,heap     ] GC(18)      Used:      144M (28%)         150M (29%)         150M (29%)         112M (22%)         156M (30%)         112M (22%)    
[793.409s][info   ][gc,heap     ] GC(18)      Live:         -                69M (14%)          69M (14%)          69M (14%)            -                  -          
[793.409s][info   ][gc,heap     ] GC(18) Allocated:         -                 6M (1%)           12M (2%)           11M (2%)             -                  -          
[793.409s][info   ][gc,heap     ] GC(18)   Garbage:         -                74M (15%)          68M (13%)          30M (6%)             -                  -          
[793.409s][info   ][gc,heap     ] GC(18) Reclaimed:         -                  -                 6M (1%)           43M (9%)             -                  -          
[793.409s][info   ][gc          ] GC(18) Garbage Collection (Proactive) 144M(28%)->112M(22%)
[800.571s][info   ][gc,stats    ] === Garbage Collection Statistics =======================================================================================================================
[800.571s][info   ][gc,stats    ]                                                              Last 10s              Last 10m              Last 10h                Total
[800.571s][info   ][gc,stats    ]                                                              Avg / Max             Avg / Max             Avg / Max             Avg / Max
[800.571s][info   ][gc,stats    ]   Collector: Garbage Collection Cycle                    736.961 / 736.961     509.132 / 736.961     866.345 / 3415.907    866.345 / 3415.907    ms
[800.571s][info   ][gc,stats    ]  Contention: Mark Segment Reset Contention                     0 / 1                 0 / 1                 0 / 2                 0 / 2           ops/s
[800.571s][info   ][gc,stats    ]  Contention: Mark SeqNum Reset Contention                      0 / 0                 0 / 0                 0 / 1                 0 / 1           ops/s
[800.571s][info   ][gc,stats    ]    Critical: Allocation Stall                                  0 / 0                 0 / 0                 0 / 0                 0 / 0           ops/s
[800.572s][info   ][gc,stats    ]    Critical: Allocation Stall                              0.000 / 0.000         0.000 / 0.000         0.000 / 0.000         0.000 / 0.000       ms
[800.572s][info   ][gc,stats    ]    Critical: GC Locker Stall                                   0 / 0                 0 / 0                 0 / 0                 0 / 0           ops/s
[800.572s][info   ][gc,stats    ]    Critical: GC Locker Stall                               0.000 / 0.000         0.000 / 0.000         0.000 / 0.000         0.000 / 0.000       ms
[800.572s][info   ][gc,stats    ]    Critical: Relocation Stall                                  0 / 0                 0 / 0                 0 / 0                 0 / 0           ops/s
[800.572s][info   ][gc,stats    ]    Critical: Relocation Stall                              0.000 / 0.000         0.000 / 0.000         0.000 / 0.000         0.000 / 0.000       ms
[800.572s][info   ][gc,stats    ]      Memory: Allocation Rate                                   1 / 12                0 / 12                3 / 68                3 / 68          MB/s
[800.572s][info   ][gc,stats    ]      Memory: Defragment                                        0 / 0                 0 / 0                 0 / 0                 0 / 0           ops/s
[800.572s][info   ][gc,stats    ]      Memory: Out Of Memory                                     0 / 0                 0 / 0                 0 / 0                 0 / 0           ops/s
[800.572s][info   ][gc,stats    ]      Memory: Page Cache Flush                                  0 / 0                 0 / 0                 0 / 0                 0 / 0           MB/s
[800.573s][info   ][gc,stats    ]      Memory: Page Cache Hit L1                                 1 / 15                0 / 15                1 / 30                1 / 30          ops/s
[800.573s][info   ][gc,stats    ]      Memory: Page Cache Hit L2                                 0 / 0                 0 / 0                 0 / 0                 0 / 0           ops/s
[800.573s][info   ][gc,stats    ]      Memory: Page Cache Hit L3                                 0 / 0                 0 / 0                 0 / 26                0 / 26          ops/s
[800.573s][info   ][gc,stats    ]      Memory: Page Cache Miss                                   0 / 0                 0 / 0                 0 / 1                 0 / 1           ops/s
[800.573s][info   ][gc,stats    ]      Memory: Uncommit                                          0 / 0                 0 / 0                 0 / 0                 0 / 0           MB/s
[800.573s][info   ][gc,stats    ]      Memory: Undo Object Allocation Failed                     0 / 0                 0 / 0                 0 / 1                 0 / 1           ops/s
[800.573s][info   ][gc,stats    ]      Memory: Undo Object Allocation Succeeded                  0 / 0                 0 / 0                 0 / 74                0 / 74          ops/s
[800.573s][info   ][gc,stats    ]      Memory: Undo Page Allocation                              0 / 0                 0 / 0                 0 / 1                 0 / 1           ops/s
[800.573s][info   ][gc,stats    ]       Phase: Concurrent Mark                             217.239 / 217.239     232.092 / 246.946     558.838 / 1491.398    558.838 / 1491.398    ms
[800.573s][info   ][gc,stats    ]       Phase: Concurrent Mark Continue                      0.000 / 0.000         0.000 / 0.000         0.000 / 0.000         0.000 / 0.000       ms
[800.573s][info   ][gc,stats    ]       Phase: Concurrent Mark Free                          0.002 / 0.002         0.002 / 0.002         0.002 / 0.004         0.002 / 0.004       ms
[800.574s][info   ][gc,stats    ]       Phase: Concurrent Process Non-Strong References    473.355 / 473.355     249.710 / 473.355     236.098 / 1850.321    236.098 / 1850.321    ms
[800.574s][info   ][gc,stats    ]       Phase: Concurrent Relocate                          33.849 / 33.849       18.185 / 33.849       15.473 / 33.849       15.473 / 33.849      ms
[800.574s][info   ][gc,stats    ]       Phase: Concurrent Reset Relocation Set               0.007 / 0.007         0.014 / 0.022         0.018 / 0.040         0.018 / 0.040       ms
[800.574s][info   ][gc,stats    ]       Phase: Concurrent Select Relocation Set              9.063 / 9.063         6.584 / 9.063         6.715 / 15.302        6.715 / 15.302      ms
[800.574s][info   ][gc,stats    ]       Phase: Pause Mark End                                0.043 / 0.043         0.038 / 0.043         0.107 / 0.333         0.107 / 0.333       ms
[800.574s][info   ][gc,stats    ]       Phase: Pause Mark Start                              0.083 / 0.083         0.067 / 0.083         0.036 / 0.083         0.036 / 0.083       ms
[800.574s][info   ][gc,stats    ]       Phase: Pause Relocate Start                          0.033 / 0.033         0.028 / 0.033         0.031 / 0.079         0.031 / 0.079       ms
[800.574s][info   ][gc,stats    ]    Subphase: Concurrent Classes Purge                     14.226 / 14.226        7.122 / 14.226        3.431 / 14.226        3.431 / 14.226      ms
[800.574s][info   ][gc,stats    ]    Subphase: Concurrent Classes Unlink                   451.391 / 451.391     236.525 / 451.391     208.617 / 1768.670    208.617 / 1768.670    ms
[800.574s][info   ][gc,stats    ]    Subphase: Concurrent Mark                             202.964 / 206.315     220.138 / 238.125     393.707 / 1136.625    393.707 / 1136.625    ms
[800.574s][info   ][gc,stats    ]    Subphase: Concurrent Mark Try Flush                     0.150 / 0.186         0.152 / 0.186        30.942 / 148.506      30.942 / 148.506     ms
[800.574s][info   ][gc,stats    ]    Subphase: Concurrent Mark Try Terminate                 2.557 / 7.539         2.003 / 7.539         2.839 / 148.509       2.839 / 148.509     ms
[800.575s][info   ][gc,stats    ]    Subphase: Concurrent References Enqueue                 0.014 / 0.014         0.011 / 0.014         0.012 / 0.016         0.012 / 0.016       ms
[800.575s][info   ][gc,stats    ]    Subphase: Concurrent References Process                 2.501 / 2.501         1.387 / 2.501         0.753 / 2.501         0.753 / 2.501       ms
[800.575s][info   ][gc,stats    ]    Subphase: Concurrent Roots ClassLoaderDataGraph         1.200 / 2.051         0.985 / 2.051         0.587 / 2.051         0.587 / 2.051       ms
[800.575s][info   ][gc,stats    ]    Subphase: Concurrent Roots CodeCache                    0.000 / 0.000         0.000 / 0.000         0.000 / 0.000         0.000 / 0.000       ms
[800.575s][info   ][gc,stats    ]    Subphase: Concurrent Roots JavaThreads                  8.791 / 9.596         8.196 / 9.596        76.399 / 475.340      76.399 / 475.340     ms
[800.575s][info   ][gc,stats    ]    Subphase: Concurrent Roots OopStorageSet                0.580 / 0.708         0.378 / 0.708         0.184 / 0.708         0.184 / 0.708       ms
[800.575s][info   ][gc,stats    ]    Subphase: Concurrent Weak Roots OopStorageSet           4.703 / 4.708         4.243 / 4.708         4.495 / 9.700         4.495 / 9.700       ms
[800.575s][info   ][gc,stats    ]    Subphase: Pause Mark Try Complete                       0.000 / 0.000         0.000 / 0.000         0.053 / 0.195         0.053 / 0.195       ms
[800.575s][info   ][gc,stats    ]      System: Java Threads                                     47 / 47               46 / 47               63 / 137              63 / 137         threads
[800.575s][info   ][gc,stats    ] =========================================================================================================================================================
[810.556s][info   ][gc,stats    ] === Garbage Collection Statistics =======================================================================================================================
[810.556s][info   ][gc,stats    ]                                                              Last 10s              Last 10m              Last 10h                Total
[810.556s][info   ][gc,stats    ]                                                              Avg / Max             Avg / Max             Avg / Max             Avg / Max
[810.557s][info   ][gc,stats    ]   Collector: Garbage Collection Cycle                      0.000 / 0.000       509.132 / 736.961     866.345 / 3415.907    866.345 / 3415.907    ms
[810.557s][info   ][gc,stats    ]  Contention: Mark Segment Reset Contention                     0 / 0                 0 / 1                 0 / 2                 0 / 2           ops/s
[810.557s][info   ][gc,stats    ]  Contention: Mark SeqNum Reset Contention                      0 / 0                 0 / 0                 0 / 1                 0 / 1           ops/s
[810.557s][info   ][gc,stats    ]    Critical: Allocation Stall                                  0 / 0                 0 / 0                 0 / 0                 0 / 0           ops/s
[810.557s][info   ][gc,stats    ]    Critical: Allocation Stall                              0.000 / 0.000         0.000 / 0.000         0.000 / 0.000         0.000 / 0.000       ms
[810.557s][info   ][gc,stats    ]    Critical: GC Locker Stall                                   0 / 0                 0 / 0                 0 / 0                 0 / 0           ops/s
[810.557s][info   ][gc,stats    ]    Critical: GC Locker Stall                               0.000 / 0.000         0.000 / 0.000         0.000 / 0.000         0.000 / 0.000       ms
[810.557s][info   ][gc,stats    ]    Critical: Relocation Stall                                  0 / 0                 0 / 0                 0 / 0                 0 / 0           ops/s
[810.557s][info   ][gc,stats    ]    Critical: Relocation Stall                              0.000 / 0.000         0.000 / 0.000         0.000 / 0.000         0.000 / 0.000       ms
[810.558s][info   ][gc,stats    ]      Memory: Allocation Rate                                   0 / 2                 0 / 12                3 / 68                3 / 68          MB/s
[810.558s][info   ][gc,stats    ]      Memory: Defragment                                        0 / 0                 0 / 0                 0 / 0                 0 / 0           ops/s
[810.558s][info   ][gc,stats    ]      Memory: Out Of Memory                                     0 / 0                 0 / 0                 0 / 0                 0 / 0           ops/s
[810.558s][info   ][gc,stats    ]      Memory: Page Cache Flush                                  0 / 0                 0 / 0                 0 / 0                 0 / 0           MB/s
[810.558s][info   ][gc,stats    ]      Memory: Page Cache Hit L1                                 0 / 1                 0 / 15                1 / 30                1 / 30          ops/s
[810.558s][info   ][gc,stats    ]      Memory: Page Cache Hit L2                                 0 / 0                 0 / 0                 0 / 0                 0 / 0           ops/s
[810.558s][info   ][gc,stats    ]      Memory: Page Cache Hit L3                                 0 / 0                 0 / 0                 0 / 26                0 / 26          ops/s
[810.558s][info   ][gc,stats    ]      Memory: Page Cache Miss                                   0 / 0                 0 / 0                 0 / 1                 0 / 1           ops/s
[810.559s][info   ][gc,stats    ]      Memory: Uncommit                                          0 / 0                 0 / 0                 0 / 0                 0 / 0           MB/s
[810.559s][info   ][gc,stats    ]      Memory: Undo Object Allocation Failed                     0 / 0                 0 / 0                 0 / 1                 0 / 1           ops/s
[810.559s][info   ][gc,stats    ]      Memory: Undo Object Allocation Succeeded                  0 / 0                 0 / 0                 0 / 74                0 / 74          ops/s
[810.559s][info   ][gc,stats    ]      Memory: Undo Page Allocation                              0 / 0                 0 / 0                 0 / 1                 0 / 1           ops/s
[810.559s][info   ][gc,stats    ]       Phase: Concurrent Mark                               0.000 / 0.000       232.092 / 246.946     558.838 / 1491.398    558.838 / 1491.398    ms
[810.559s][info   ][gc,stats    ]       Phase: Concurrent Mark Continue                      0.000 / 0.000         0.000 / 0.000         0.000 / 0.000         0.000 / 0.000       ms
[810.559s][info   ][gc,stats    ]       Phase: Concurrent Mark Free                          0.000 / 0.000         0.002 / 0.002         0.002 / 0.004         0.002 / 0.004       ms
[810.560s][info   ][gc,stats    ]       Phase: Concurrent Process Non-Strong References      0.000 / 0.000       249.710 / 473.355     236.098 / 1850.321    236.098 / 1850.321    ms
[810.560s][info   ][gc,stats    ]       Phase: Concurrent Relocate                           0.000 / 0.000        18.185 / 33.849       15.473 / 33.849       15.473 / 33.849      ms
[810.560s][info   ][gc,stats    ]       Phase: Concurrent Reset Relocation Set               0.000 / 0.000         0.014 / 0.022         0.018 / 0.040         0.018 / 0.040       ms
[810.560s][info   ][gc,stats    ]       Phase: Concurrent Select Relocation Set              0.000 / 0.000         6.584 / 9.063         6.715 / 15.302        6.715 / 15.302      ms
[810.560s][info   ][gc,stats    ]       Phase: Pause Mark End                                0.000 / 0.000         0.038 / 0.043         0.107 / 0.333         0.107 / 0.333       ms
[810.560s][info   ][gc,stats    ]       Phase: Pause Mark Start                              0.000 / 0.000         0.067 / 0.083         0.036 / 0.083         0.036 / 0.083       ms
[810.560s][info   ][gc,stats    ]       Phase: Pause Relocate Start                          0.000 / 0.000         0.028 / 0.033         0.031 / 0.079         0.031 / 0.079       ms
[810.561s][info   ][gc,stats    ]    Subphase: Concurrent Classes Purge                      0.000 / 0.000         7.122 / 14.226        3.431 / 14.226        3.431 / 14.226      ms
[810.561s][info   ][gc,stats    ]    Subphase: Concurrent Classes Unlink                     0.000 / 0.000       236.525 / 451.391     208.617 / 1768.670    208.617 / 1768.670    ms
[810.561s][info   ][gc,stats    ]    Subphase: Concurrent Mark                               0.000 / 0.000       220.138 / 238.125     393.707 / 1136.625    393.707 / 1136.625    ms
[810.561s][info   ][gc,stats    ]    Subphase: Concurrent Mark Try Flush                     0.000 / 0.000         0.152 / 0.186        30.942 / 148.506      30.942 / 148.506     ms
[810.561s][info   ][gc,stats    ]    Subphase: Concurrent Mark Try Terminate                 0.000 / 0.000         2.003 / 7.539         2.839 / 148.509       2.839 / 148.509     ms
[810.561s][info   ][gc,stats    ]    Subphase: Concurrent References Enqueue                 0.000 / 0.000         0.011 / 0.014         0.012 / 0.016         0.012 / 0.016       ms
[810.561s][info   ][gc,stats    ]    Subphase: Concurrent References Process                 0.000 / 0.000         1.387 / 2.501         0.753 / 2.501         0.753 / 2.501       ms
[810.562s][info   ][gc,stats    ]    Subphase: Concurrent Roots ClassLoaderDataGraph         0.000 / 0.000         0.985 / 2.051         0.587 / 2.051         0.587 / 2.051       ms
[810.562s][info   ][gc,stats    ]    Subphase: Concurrent Roots CodeCache                    0.000 / 0.000         0.000 / 0.000         0.000 / 0.000         0.000 / 0.000       ms
[810.562s][info   ][gc,stats    ]    Subphase: Concurrent Roots JavaThreads                  0.000 / 0.000         8.196 / 9.596        76.399 / 475.340      76.399 / 475.340     ms
[810.562s][info   ][gc,stats    ]    Subphase: Concurrent Roots OopStorageSet                0.000 / 0.000         0.378 / 0.708         0.184 / 0.708         0.184 / 0.708       ms
[810.562s][info   ][gc,stats    ]    Subphase: Concurrent Weak Roots OopStorageSet           0.000 / 0.000         4.243 / 4.708         4.495 / 9.700         4.495 / 9.700       ms
[810.562s][info   ][gc,stats    ]    Subphase: Pause Mark Try Complete                       0.000 / 0.000         0.000 / 0.000         0.053 / 0.195         0.053 / 0.195       ms
[810.562s][info   ][gc,stats    ]      System: Java Threads                                      0 / 0                46 / 47               63 / 137              63 / 137         threads
[810.563s][info   ][gc,stats    ] =========================================================================================================================================================
[820.559s][info   ][gc,stats    ] === Garbage Collection Statistics =======================================================================================================================
[820.559s][info   ][gc,stats    ]                                                              Last 10s              Last 10m              Last 10h                Total
[820.559s][info   ][gc,stats    ]                                                              Avg / Max             Avg / Max             Avg / Max             Avg / Max
[820.559s][info   ][gc,stats    ]   Collector: Garbage Collection Cycle                      0.000 / 0.000       509.132 / 736.961     866.345 / 3415.907    866.345 / 3415.907    ms
[820.560s][info   ][gc,stats    ]  Contention: Mark Segment Reset Contention                     0 / 0                 0 / 1                 0 / 2                 0 / 2           ops/s
[820.560s][info   ][gc,stats    ]  Contention: Mark SeqNum Reset Contention                      0 / 0                 0 / 0                 0 / 1                 0 / 1           ops/s
[820.560s][info   ][gc,stats    ]    Critical: Allocation Stall                                  0 / 0                 0 / 0                 0 / 0                 0 / 0           ops/s
[820.560s][info   ][gc,stats    ]    Critical: Allocation Stall                              0.000 / 0.000         0.000 / 0.000         0.000 / 0.000         0.000 / 0.000       ms
[820.560s][info   ][gc,stats    ]    Critical: GC Locker Stall                                   0 / 0                 0 / 0                 0 / 0                 0 / 0           ops/s
[820.560s][info   ][gc,stats    ]    Critical: GC Locker Stall                               0.000 / 0.000         0.000 / 0.000         0.000 / 0.000         0.000 / 0.000       ms
[820.560s][info   ][gc,stats    ]    Critical: Relocation Stall                                  0 / 0                 0 / 0                 0 / 0                 0 / 0           ops/s
[820.560s][info   ][gc,stats    ]    Critical: Relocation Stall                              0.000 / 0.000         0.000 / 0.000         0.000 / 0.000         0.000 / 0.000       ms
[820.561s][info   ][gc,stats    ]      Memory: Allocation Rate                                   0 / 0                 0 / 12                3 / 68                3 / 68          MB/s
[820.561s][info   ][gc,stats    ]      Memory: Defragment                                        0 / 0                 0 / 0                 0 / 0                 0 / 0           ops/s
[820.561s][info   ][gc,stats    ]      Memory: Out Of Memory                                     0 / 0                 0 / 0                 0 / 0                 0 / 0           ops/s
[820.561s][info   ][gc,stats    ]      Memory: Page Cache Flush                                  0 / 0                 0 / 0                 0 / 0                 0 / 0           MB/s
[820.561s][info   ][gc,stats    ]      Memory: Page Cache Hit L1                                 0 / 0                 0 / 15                1 / 30                1 / 30          ops/s
[820.561s][info   ][gc,stats    ]      Memory: Page Cache Hit L2                                 0 / 0                 0 / 0                 0 / 0                 0 / 0           ops/s
[820.561s][info   ][gc,stats    ]      Memory: Page Cache Hit L3                                 0 / 0                 0 / 0                 0 / 26                0 / 26          ops/s
[820.562s][info   ][gc,stats    ]      Memory: Page Cache Miss                                   0 / 0                 0 / 0                 0 / 1                 0 / 1           ops/s
[820.562s][info   ][gc,stats    ]      Memory: Uncommit                                          0 / 0                 0 / 0                 0 / 0                 0 / 0           MB/s
[820.562s][info   ][gc,stats    ]      Memory: Undo Object Allocation Failed                     0 / 0                 0 / 0                 0 / 1                 0 / 1           ops/s
[820.562s][info   ][gc,stats    ]      Memory: Undo Object Allocation Succeeded                  0 / 0                 0 / 0                 0 / 74                0 / 74          ops/s
[820.562s][info   ][gc,stats    ]      Memory: Undo Page Allocation                              0 / 0                 0 / 0                 0 / 1                 0 / 1           ops/s
[820.562s][info   ][gc,stats    ]       Phase: Concurrent Mark                               0.000 / 0.000       232.092 / 246.946     558.838 / 1491.398    558.838 / 1491.398    ms
[820.562s][info   ][gc,stats    ]       Phase: Concurrent Mark Continue                      0.000 / 0.000         0.000 / 0.000         0.000 / 0.000         0.000 / 0.000       ms
[820.563s][info   ][gc,stats    ]       Phase: Concurrent Mark Free                          0.000 / 0.000         0.002 / 0.002         0.002 / 0.004         0.002 / 0.004       ms
[820.563s][info   ][gc,stats    ]       Phase: Concurrent Process Non-Strong References      0.000 / 0.000       249.710 / 473.355     236.098 / 1850.321    236.098 / 1850.321    ms
[820.563s][info   ][gc,stats    ]       Phase: Concurrent Relocate                           0.000 / 0.000        18.185 / 33.849       15.473 / 33.849       15.473 / 33.849      ms
[820.563s][info   ][gc,stats    ]       Phase: Concurrent Reset Relocation Set               0.000 / 0.000         0.014 / 0.022         0.018 / 0.040         0.018 / 0.040       ms
[820.563s][info   ][gc,stats    ]       Phase: Concurrent Select Relocation Set              0.000 / 0.000         6.584 / 9.063         6.715 / 15.302        6.715 / 15.302      ms
[820.563s][info   ][gc,stats    ]       Phase: Pause Mark End                                0.000 / 0.000         0.038 / 0.043         0.107 / 0.333         0.107 / 0.333       ms
[820.564s][info   ][gc,stats    ]       Phase: Pause Mark Start                              0.000 / 0.000         0.067 / 0.083         0.036 / 0.083         0.036 / 0.083       ms
[820.564s][info   ][gc,stats    ]       Phase: Pause Relocate Start                          0.000 / 0.000         0.028 / 0.033         0.031 / 0.079         0.031 / 0.079       ms
[820.564s][info   ][gc,stats    ]    Subphase: Concurrent Classes Purge                      0.000 / 0.000         7.122 / 14.226        3.431 / 14.226        3.431 / 14.226      ms
[820.564s][info   ][gc,stats    ]    Subphase: Concurrent Classes Unlink                     0.000 / 0.000       236.525 / 451.391     208.617 / 1768.670    208.617 / 1768.670    ms
[820.564s][info   ][gc,stats    ]    Subphase: Concurrent Mark                               0.000 / 0.000       220.138 / 238.125     393.707 / 1136.625    393.707 / 1136.625    ms
[820.564s][info   ][gc,stats    ]    Subphase: Concurrent Mark Try Flush                     0.000 / 0.000         0.152 / 0.186        30.942 / 148.506      30.942 / 148.506     ms
[820.564s][info   ][gc,stats    ]    Subphase: Concurrent Mark Try Terminate                 0.000 / 0.000         2.003 / 7.539         2.839 / 148.509       2.839 / 148.509     ms
[820.565s][info   ][gc,stats    ]    Subphase: Concurrent References Enqueue                 0.000 / 0.000         0.011 / 0.014         0.012 / 0.016         0.012 / 0.016       ms
[820.565s][info   ][gc,stats    ]    Subphase: Concurrent References Process                 0.000 / 0.000         1.387 / 2.501         0.753 / 2.501         0.753 / 2.501       ms
[820.565s][info   ][gc,stats    ]    Subphase: Concurrent Roots ClassLoaderDataGraph         0.000 / 0.000         0.985 / 2.051         0.587 / 2.051         0.587 / 2.051       ms
[820.565s][info   ][gc,stats    ]    Subphase: Concurrent Roots CodeCache                    0.000 / 0.000         0.000 / 0.000         0.000 / 0.000         0.000 / 0.000       ms
[820.565s][info   ][gc,stats    ]    Subphase: Concurrent Roots JavaThreads                  0.000 / 0.000         8.196 / 9.596        76.399 / 475.340      76.399 / 475.340     ms
[820.566s][info   ][gc,stats    ]    Subphase: Concurrent Roots OopStorageSet                0.000 / 0.000         0.378 / 0.708         0.184 / 0.708         0.184 / 0.708       ms
[820.566s][info   ][gc,stats    ]    Subphase: Concurrent Weak Roots OopStorageSet           0.000 / 0.000         4.243 / 4.708         4.495 / 9.700         4.495 / 9.700       ms
[820.566s][info   ][gc,stats    ]    Subphase: Pause Mark Try Complete                       0.000 / 0.000         0.000 / 0.000         0.053 / 0.195         0.053 / 0.195       ms
[820.566s][info   ][gc,stats    ]      System: Java Threads                                      0 / 0                46 / 47               63 / 137              63 / 137         threads
[820.566s][info   ][gc,stats    ] =========================================================================================================================================================
[830.569s][info   ][gc,stats    ] === Garbage Collection Statistics =======================================================================================================================
[830.569s][info   ][gc,stats    ]                                                              Last 10s              Last 10m              Last 10h                Total
[830.569s][info   ][gc,stats    ]                                                              Avg / Max             Avg / Max             Avg / Max             Avg / Max
[830.569s][info   ][gc,stats    ]   Collector: Garbage Collection Cycle                      0.000 / 0.000       509.132 / 736.961     866.345 / 3415.907    866.345 / 3415.907    ms
[830.569s][info   ][gc,stats    ]  Contention: Mark Segment Reset Contention                     0 / 0                 0 / 1                 0 / 2                 0 / 2           ops/s
[830.569s][info   ][gc,stats    ]  Contention: Mark SeqNum Reset Contention                      0 / 0                 0 / 0                 0 / 1                 0 / 1           ops/s
[830.569s][info   ][gc,stats    ]    Critical: Allocation Stall                                  0 / 0                 0 / 0                 0 / 0                 0 / 0           ops/s
[830.570s][info   ][gc,stats    ]    Critical: Allocation Stall                              0.000 / 0.000         0.000 / 0.000         0.000 / 0.000         0.000 / 0.000       ms
[830.570s][info   ][gc,stats    ]    Critical: GC Locker Stall                                   0 / 0                 0 / 0                 0 / 0                 0 / 0           ops/s
[830.570s][info   ][gc,stats    ]    Critical: GC Locker Stall                               0.000 / 0.000         0.000 / 0.000         0.000 / 0.000         0.000 / 0.000       ms
[830.570s][info   ][gc,stats    ]    Critical: Relocation Stall                                  0 / 0                 0 / 0                 0 / 0                 0 / 0           ops/s
[830.570s][info   ][gc,stats    ]    Critical: Relocation Stall                              0.000 / 0.000         0.000 / 0.000         0.000 / 0.000         0.000 / 0.000       ms
[830.570s][info   ][gc,stats    ]      Memory: Allocation Rate                                   0 / 0                 0 / 12                3 / 68                3 / 68          MB/s
[830.570s][info   ][gc,stats    ]      Memory: Defragment                                        0 / 0                 0 / 0                 0 / 0                 0 / 0           ops/s
[830.571s][info   ][gc,stats    ]      Memory: Out Of Memory                                     0 / 0                 0 / 0                 0 / 0                 0 / 0           ops/s
[830.571s][info   ][gc,stats    ]      Memory: Page Cache Flush                                  0 / 0                 0 / 0                 0 / 0                 0 / 0           MB/s
[830.571s][info   ][gc,stats    ]      Memory: Page Cache Hit L1                                 0 / 0                 0 / 15                1 / 30                1 / 30          ops/s
[830.571s][info   ][gc,stats    ]      Memory: Page Cache Hit L2                                 0 / 0                 0 / 0                 0 / 0                 0 / 0           ops/s
[830.571s][info   ][gc,stats    ]      Memory: Page Cache Hit L3                                 0 / 0                 0 / 0                 0 / 26                0 / 26          ops/s
[830.571s][info   ][gc,stats    ]      Memory: Page Cache Miss                                   0 / 0                 0 / 0                 0 / 1                 0 / 1           ops/s
[830.571s][info   ][gc,stats    ]      Memory: Uncommit                                          0 / 0                 0 / 0                 0 / 0                 0 / 0           MB/s
[830.571s][info   ][gc,stats    ]      Memory: Undo Object Allocation Failed                     0 / 0                 0 / 0                 0 / 1                 0 / 1           ops/s
[830.571s][info   ][gc,stats    ]      Memory: Undo Object Allocation Succeeded                  0 / 0                 0 / 0                 0 / 74                0 / 74          ops/s
[830.571s][info   ][gc,stats    ]      Memory: Undo Page Allocation                              0 / 0                 0 / 0                 0 / 1                 0 / 1           ops/s
[830.571s][info   ][gc,stats    ]       Phase: Concurrent Mark                               0.000 / 0.000       232.092 / 246.946     558.838 / 1491.398    558.838 / 1491.398    ms
[830.571s][info   ][gc,stats    ]       Phase: Concurrent Mark Continue                      0.000 / 0.000         0.000 / 0.000         0.000 / 0.000         0.000 / 0.000       ms
[830.571s][info   ][gc,stats    ]       Phase: Concurrent Mark Free                          0.000 / 0.000         0.002 / 0.002         0.002 / 0.004         0.002 / 0.004       ms
[830.571s][info   ][gc,stats    ]       Phase: Concurrent Process Non-Strong References      0.000 / 0.000       249.710 / 473.355     236.098 / 1850.321    236.098 / 1850.321    ms
[830.571s][info   ][gc,stats    ]       Phase: Concurrent Relocate                           0.000 / 0.000        18.185 / 33.849       15.473 / 33.849       15.473 / 33.849      ms
[830.571s][info   ][gc,stats    ]       Phase: Concurrent Reset Relocation Set               0.000 / 0.000         0.014 / 0.022         0.018 / 0.040         0.018 / 0.040       ms
[830.571s][info   ][gc,stats    ]       Phase: Concurrent Select Relocation Set              0.000 / 0.000         6.584 / 9.063         6.715 / 15.302        6.715 / 15.302      ms
[830.572s][info   ][gc,stats    ]       Phase: Pause Mark End                                0.000 / 0.000         0.038 / 0.043         0.107 / 0.333         0.107 / 0.333       ms
[830.572s][info   ][gc,stats    ]       Phase: Pause Mark Start                              0.000 / 0.000         0.067 / 0.083         0.036 / 0.083         0.036 / 0.083       ms
[830.572s][info   ][gc,stats    ]       Phase: Pause Relocate Start                          0.000 / 0.000         0.028 / 0.033         0.031 / 0.079         0.031 / 0.079       ms
[830.572s][info   ][gc,stats    ]    Subphase: Concurrent Classes Purge                      0.000 / 0.000         7.122 / 14.226        3.431 / 14.226        3.431 / 14.226      ms
[830.572s][info   ][gc,stats    ]    Subphase: Concurrent Classes Unlink                     0.000 / 0.000       236.525 / 451.391     208.617 / 1768.670    208.617 / 1768.670    ms
[830.572s][info   ][gc,stats    ]    Subphase: Concurrent Mark                               0.000 / 0.000       220.138 / 238.125     393.707 / 1136.625    393.707 / 1136.625    ms
[830.572s][info   ][gc,stats    ]    Subphase: Concurrent Mark Try Flush                     0.000 / 0.000         0.152 / 0.186        30.942 / 148.506      30.942 / 148.506     ms
[830.572s][info   ][gc,stats    ]    Subphase: Concurrent Mark Try Terminate                 0.000 / 0.000         2.003 / 7.539         2.839 / 148.509       2.839 / 148.509     ms
[830.572s][info   ][gc,stats    ]    Subphase: Concurrent References Enqueue                 0.000 / 0.000         0.011 / 0.014         0.012 / 0.016         0.012 / 0.016       ms
[830.572s][info   ][gc,stats    ]    Subphase: Concurrent References Process                 0.000 / 0.000         1.387 / 2.501         0.753 / 2.501         0.753 / 2.501       ms
[830.572s][info   ][gc,stats    ]    Subphase: Concurrent Roots ClassLoaderDataGraph         0.000 / 0.000         0.985 / 2.051         0.587 / 2.051         0.587 / 2.051       ms
[830.572s][info   ][gc,stats    ]    Subphase: Concurrent Roots CodeCache                    0.000 / 0.000         0.000 / 0.000         0.000 / 0.000         0.000 / 0.000       ms
[830.572s][info   ][gc,stats    ]    Subphase: Concurrent Roots JavaThreads                  0.000 / 0.000         8.196 / 9.596        76.399 / 475.340      76.399 / 475.340     ms
[830.572s][info   ][gc,stats    ]    Subphase: Concurrent Roots OopStorageSet                0.000 / 0.000         0.378 / 0.708         0.184 / 0.708         0.184 / 0.708       ms
[830.572s][info   ][gc,stats    ]    Subphase: Concurrent Weak Roots OopStorageSet           0.000 / 0.000         4.243 / 4.708         4.495 / 9.700         4.495 / 9.700       ms
[830.572s][info   ][gc,stats    ]    Subphase: Pause Mark Try Complete                       0.000 / 0.000         0.000 / 0.000         0.053 / 0.195         0.053 / 0.195       ms
[830.573s][info   ][gc,stats    ]      System: Java Threads                                      0 / 0                46 / 47               63 / 137              63 / 137         threads
[830.573s][info   ][gc,stats    ] =========================================================================================================================================================
[840.560s][info   ][gc,stats    ] === Garbage Collection Statistics =======================================================================================================================
[840.560s][info   ][gc,stats    ]                                                              Last 10s              Last 10m              Last 10h                Total
[840.560s][info   ][gc,stats    ]                                                              Avg / Max             Avg / Max             Avg / Max             Avg / Max
[840.560s][info   ][gc,stats    ]   Collector: Garbage Collection Cycle                      0.000 / 0.000       509.132 / 736.961     866.345 / 3415.907    866.345 / 3415.907    ms
[840.560s][info   ][gc,stats    ]  Contention: Mark Segment Reset Contention                     0 / 0                 0 / 1                 0 / 2                 0 / 2           ops/s
[840.560s][info   ][gc,stats    ]  Contention: Mark SeqNum Reset Contention                      0 / 0                 0 / 0                 0 / 1                 0 / 1           ops/s
[840.561s][info   ][gc,stats    ]    Critical: Allocation Stall                                  0 / 0                 0 / 0                 0 / 0                 0 / 0           ops/s
[840.561s][info   ][gc,stats    ]    Critical: Allocation Stall                              0.000 / 0.000         0.000 / 0.000         0.000 / 0.000         0.000 / 0.000       ms
[840.561s][info   ][gc,stats    ]    Critical: GC Locker Stall                                   0 / 0                 0 / 0                 0 / 0                 0 / 0           ops/s
[840.561s][info   ][gc,stats    ]    Critical: GC Locker Stall                               0.000 / 0.000         0.000 / 0.000         0.000 / 0.000         0.000 / 0.000       ms
[840.561s][info   ][gc,stats    ]    Critical: Relocation Stall                                  0 / 0                 0 / 0                 0 / 0                 0 / 0           ops/s
[840.561s][info   ][gc,stats    ]    Critical: Relocation Stall                              0.000 / 0.000         0.000 / 0.000         0.000 / 0.000         0.000 / 0.000       ms
[840.562s][info   ][gc,stats    ]      Memory: Allocation Rate                                   0 / 2                 0 / 12                3 / 68                3 / 68          MB/s
[840.562s][info   ][gc,stats    ]      Memory: Defragment                                        0 / 0                 0 / 0                 0 / 0                 0 / 0           ops/s
[840.562s][info   ][gc,stats    ]      Memory: Out Of Memory                                     0 / 0                 0 / 0                 0 / 0                 0 / 0           ops/s
[840.562s][info   ][gc,stats    ]      Memory: Page Cache Flush                                  0 / 0                 0 / 0                 0 / 0                 0 / 0           MB/s
[840.563s][info   ][gc,stats    ]      Memory: Page Cache Hit L1                                 0 / 1                 0 / 15                1 / 30                1 / 30          ops/s
[840.563s][info   ][gc,stats    ]      Memory: Page Cache Hit L2                                 0 / 0                 0 / 0                 0 / 0                 0 / 0           ops/s
[840.563s][info   ][gc,stats    ]      Memory: Page Cache Hit L3                                 0 / 0                 0 / 0                 0 / 26                0 / 26          ops/s
[840.563s][info   ][gc,stats    ]      Memory: Page Cache Miss                                   0 / 0                 0 / 0                 0 / 1                 0 / 1           ops/s
[840.563s][info   ][gc,stats    ]      Memory: Uncommit                                          0 / 0                 0 / 0                 0 / 0                 0 / 0           MB/s
[840.563s][info   ][gc,stats    ]      Memory: Undo Object Allocation Failed                     0 / 0                 0 / 0                 0 / 1                 0 / 1           ops/s
[840.563s][info   ][gc,stats    ]      Memory: Undo Object Allocation Succeeded                  0 / 0                 0 / 0                 0 / 74                0 / 74          ops/s
[840.563s][info   ][gc,stats    ]      Memory: Undo Page Allocation                              0 / 0                 0 / 0                 0 / 1                 0 / 1           ops/s
[840.564s][info   ][gc,stats    ]       Phase: Concurrent Mark                               0.000 / 0.000       232.092 / 246.946     558.838 / 1491.398    558.838 / 1491.398    ms
[840.564s][info   ][gc,stats    ]       Phase: Concurrent Mark Continue                      0.000 / 0.000         0.000 / 0.000         0.000 / 0.000         0.000 / 0.000       ms
[840.564s][info   ][gc,stats    ]       Phase: Concurrent Mark Free                          0.000 / 0.000         0.002 / 0.002         0.002 / 0.004         0.002 / 0.004       ms
[840.564s][info   ][gc,stats    ]       Phase: Concurrent Process Non-Strong References      0.000 / 0.000       249.710 / 473.355     236.098 / 1850.321    236.098 / 1850.321    ms
[840.564s][info   ][gc,stats    ]       Phase: Concurrent Relocate                           0.000 / 0.000        18.185 / 33.849       15.473 / 33.849       15.473 / 33.849      ms
[840.564s][info   ][gc,stats    ]       Phase: Concurrent Reset Relocation Set               0.000 / 0.000         0.014 / 0.022         0.018 / 0.040         0.018 / 0.040       ms
[840.565s][info   ][gc,stats    ]       Phase: Concurrent Select Relocation Set              0.000 / 0.000         6.584 / 9.063         6.715 / 15.302        6.715 / 15.302      ms
[840.565s][info   ][gc,stats    ]       Phase: Pause Mark End                                0.000 / 0.000         0.038 / 0.043         0.107 / 0.333         0.107 / 0.333       ms
[840.565s][info   ][gc,stats    ]       Phase: Pause Mark Start                              0.000 / 0.000         0.067 / 0.083         0.036 / 0.083         0.036 / 0.083       ms
[840.565s][info   ][gc,stats    ]       Phase: Pause Relocate Start                          0.000 / 0.000         0.028 / 0.033         0.031 / 0.079         0.031 / 0.079       ms
[840.565s][info   ][gc,stats    ]    Subphase: Concurrent Classes Purge                      0.000 / 0.000         7.122 / 14.226        3.431 / 14.226        3.431 / 14.226      ms
[840.565s][info   ][gc,stats    ]    Subphase: Concurrent Classes Unlink                     0.000 / 0.000       236.525 / 451.391     208.617 / 1768.670    208.617 / 1768.670    ms
[840.566s][info   ][gc,stats    ]    Subphase: Concurrent Mark                               0.000 / 0.000       220.138 / 238.125     393.707 / 1136.625    393.707 / 1136.625    ms
[840.566s][info   ][gc,stats    ]    Subphase: Concurrent Mark Try Flush                     0.000 / 0.000         0.152 / 0.186        30.942 / 148.506      30.942 / 148.506     ms
[840.566s][info   ][gc,stats    ]    Subphase: Concurrent Mark Try Terminate                 0.000 / 0.000         2.003 / 7.539         2.839 / 148.509       2.839 / 148.509     ms
[840.566s][info   ][gc,stats    ]    Subphase: Concurrent References Enqueue                 0.000 / 0.000         0.011 / 0.014         0.012 / 0.016         0.012 / 0.016       ms
[840.566s][info   ][gc,stats    ]    Subphase: Concurrent References Process                 0.000 / 0.000         1.387 / 2.501         0.753 / 2.501         0.753 / 2.501       ms
[840.566s][info   ][gc,stats    ]    Subphase: Concurrent Roots ClassLoaderDataGraph         0.000 / 0.000         0.985 / 2.051         0.587 / 2.051         0.587 / 2.051       ms
[840.566s][info   ][gc,stats    ]    Subphase: Concurrent Roots CodeCache                    0.000 / 0.000         0.000 / 0.000         0.000 / 0.000         0.000 / 0.000       ms
[840.567s][info   ][gc,stats    ]    Subphase: Concurrent Roots JavaThreads                  0.000 / 0.000         8.196 / 9.596        76.399 / 475.340      76.399 / 475.340     ms
[840.567s][info   ][gc,stats    ]    Subphase: Concurrent Roots OopStorageSet                0.000 / 0.000         0.378 / 0.708         0.184 / 0.708         0.184 / 0.708       ms
[840.567s][info   ][gc,stats    ]    Subphase: Concurrent Weak Roots OopStorageSet           0.000 / 0.000         4.243 / 4.708         4.495 / 9.700         4.495 / 9.700       ms
[840.567s][info   ][gc,stats    ]    Subphase: Pause Mark Try Complete                       0.000 / 0.000         0.000 / 0.000         0.053 / 0.195         0.053 / 0.195       ms
[840.567s][info   ][gc,stats    ]      System: Java Threads                                      0 / 0                46 / 47               63 / 137              63 / 137         threads
[840.567s][info   ][gc,stats    ] =========================================================================================================================================================
[850.561s][info   ][gc,stats    ] === Garbage Collection Statistics =======================================================================================================================
[850.562s][info   ][gc,stats    ]                                                              Last 10s              Last 10m              Last 10h                Total
[850.562s][info   ][gc,stats    ]                                                              Avg / Max             Avg / Max             Avg / Max             Avg / Max
[850.562s][info   ][gc,stats    ]   Collector: Garbage Collection Cycle                      0.000 / 0.000       509.132 / 736.961     866.345 / 3415.907    866.345 / 3415.907    ms
[850.562s][info   ][gc,stats    ]  Contention: Mark Segment Reset Contention                     0 / 0                 0 / 1                 0 / 2                 0 / 2           ops/s
[850.562s][info   ][gc,stats    ]  Contention: Mark SeqNum Reset Contention                      0 / 0                 0 / 0                 0 / 1                 0 / 1           ops/s
[850.562s][info   ][gc,stats    ]    Critical: Allocation Stall                                  0 / 0                 0 / 0                 0 / 0                 0 / 0           ops/s
[850.563s][info   ][gc,stats    ]    Critical: Allocation Stall                              0.000 / 0.000         0.000 / 0.000         0.000 / 0.000         0.000 / 0.000       ms
[850.563s][info   ][gc,stats    ]    Critical: GC Locker Stall                                   0 / 0                 0 / 0                 0 / 0                 0 / 0           ops/s
[850.563s][info   ][gc,stats    ]    Critical: GC Locker Stall                               0.000 / 0.000         0.000 / 0.000         0.000 / 0.000         0.000 / 0.000       ms
[850.563s][info   ][gc,stats    ]    Critical: Relocation Stall                                  0 / 0                 0 / 0                 0 / 0                 0 / 0           ops/s
[850.563s][info   ][gc,stats    ]    Critical: Relocation Stall                              0.000 / 0.000         0.000 / 0.000         0.000 / 0.000         0.000 / 0.000       ms
[850.563s][info   ][gc,stats    ]      Memory: Allocation Rate                                   0 / 0                 0 / 12                3 / 68                3 / 68          MB/s
[850.564s][info   ][gc,stats    ]      Memory: Defragment                                        0 / 0                 0 / 0                 0 / 0                 0 / 0           ops/s
[850.564s][info   ][gc,stats    ]      Memory: Out Of Memory                                     0 / 0                 0 / 0                 0 / 0                 0 / 0           ops/s
[850.564s][info   ][gc,stats    ]      Memory: Page Cache Flush                                  0 / 0                 0 / 0                 0 / 0                 0 / 0           MB/s
[850.564s][info   ][gc,stats    ]      Memory: Page Cache Hit L1                                 0 / 0                 0 / 15                1 / 30                1 / 30          ops/s
[850.564s][info   ][gc,stats    ]      Memory: Page Cache Hit L2                                 0 / 0                 0 / 0                 0 / 0                 0 / 0           ops/s
[850.564s][info   ][gc,stats    ]      Memory: Page Cache Hit L3                                 0 / 0                 0 / 0                 0 / 26                0 / 26          ops/s
[850.564s][info   ][gc,stats    ]      Memory: Page Cache Miss                                   0 / 0                 0 / 0                 0 / 1                 0 / 1           ops/s
[850.565s][info   ][gc,stats    ]      Memory: Uncommit                                          0 / 0                 0 / 0                 0 / 0                 0 / 0           MB/s
[850.565s][info   ][gc,stats    ]      Memory: Undo Object Allocation Failed                     0 / 0                 0 / 0                 0 / 1                 0 / 1           ops/s
[850.565s][info   ][gc,stats    ]      Memory: Undo Object Allocation Succeeded                  0 / 0                 0 / 0                 0 / 74                0 / 74          ops/s
[850.565s][info   ][gc,stats    ]      Memory: Undo Page Allocation                              0 / 0                 0 / 0                 0 / 1                 0 / 1           ops/s
[850.565s][info   ][gc,stats    ]       Phase: Concurrent Mark                               0.000 / 0.000       232.092 / 246.946     558.838 / 1491.398    558.838 / 1491.398    ms
[850.565s][info   ][gc,stats    ]       Phase: Concurrent Mark Continue                      0.000 / 0.000         0.000 / 0.000         0.000 / 0.000         0.000 / 0.000       ms
[850.566s][info   ][gc,stats    ]       Phase: Concurrent Mark Free                          0.000 / 0.000         0.002 / 0.002         0.002 / 0.004         0.002 / 0.004       ms
[850.566s][info   ][gc,stats    ]       Phase: Concurrent Process Non-Strong References      0.000 / 0.000       249.710 / 473.355     236.098 / 1850.321    236.098 / 1850.321    ms
[850.566s][info   ][gc,stats    ]       Phase: Concurrent Relocate                           0.000 / 0.000        18.185 / 33.849       15.473 / 33.849       15.473 / 33.849      ms
[850.566s][info   ][gc,stats    ]       Phase: Concurrent Reset Relocation Set               0.000 / 0.000         0.014 / 0.022         0.018 / 0.040         0.018 / 0.040       ms
[850.566s][info   ][gc,stats    ]       Phase: Concurrent Select Relocation Set              0.000 / 0.000         6.584 / 9.063         6.715 / 15.302        6.715 / 15.302      ms
[850.566s][info   ][gc,stats    ]       Phase: Pause Mark End                                0.000 / 0.000         0.038 / 0.043         0.107 / 0.333         0.107 / 0.333       ms
[850.567s][info   ][gc,stats    ]       Phase: Pause Mark Start                              0.000 / 0.000         0.067 / 0.083         0.036 / 0.083         0.036 / 0.083       ms
[850.567s][info   ][gc,stats    ]       Phase: Pause Relocate Start                          0.000 / 0.000         0.028 / 0.033         0.031 / 0.079         0.031 / 0.079       ms
[850.567s][info   ][gc,stats    ]    Subphase: Concurrent Classes Purge                      0.000 / 0.000         7.122 / 14.226        3.431 / 14.226        3.431 / 14.226      ms
[850.567s][info   ][gc,stats    ]    Subphase: Concurrent Classes Unlink                     0.000 / 0.000       236.525 / 451.391     208.617 / 1768.670    208.617 / 1768.670    ms
[850.567s][info   ][gc,stats    ]    Subphase: Concurrent Mark                               0.000 / 0.000       220.138 / 238.125     393.707 / 1136.625    393.707 / 1136.625    ms
[850.568s][info   ][gc,stats    ]    Subphase: Concurrent Mark Try Flush                     0.000 / 0.000         0.152 / 0.186        30.942 / 148.506      30.942 / 148.506     ms
[850.568s][info   ][gc,stats    ]    Subphase: Concurrent Mark Try Terminate                 0.000 / 0.000         2.003 / 7.539         2.839 / 148.509       2.839 / 148.509     ms
[850.568s][info   ][gc,stats    ]    Subphase: Concurrent References Enqueue                 0.000 / 0.000         0.011 / 0.014         0.012 / 0.016         0.012 / 0.016       ms
[850.568s][info   ][gc,stats    ]    Subphase: Concurrent References Process                 0.000 / 0.000         1.387 / 2.501         0.753 / 2.501         0.753 / 2.501       ms
[850.568s][info   ][gc,stats    ]    Subphase: Concurrent Roots ClassLoaderDataGraph         0.000 / 0.000         0.985 / 2.051         0.587 / 2.051         0.587 / 2.051       ms
[850.568s][info   ][gc,stats    ]    Subphase: Concurrent Roots CodeCache                    0.000 / 0.000         0.000 / 0.000         0.000 / 0.000         0.000 / 0.000       ms
[850.569s][info   ][gc,stats    ]    Subphase: Concurrent Roots JavaThreads                  0.000 / 0.000         8.196 / 9.596        76.399 / 475.340      76.399 / 475.340     ms
[850.569s][info   ][gc,stats    ]    Subphase: Concurrent Roots OopStorageSet                0.000 / 0.000         0.378 / 0.708         0.184 / 0.708         0.184 / 0.708       ms
[850.569s][info   ][gc,stats    ]    Subphase: Concurrent Weak Roots OopStorageSet           0.000 / 0.000         4.243 / 4.708         4.495 / 9.700         4.495 / 9.700       ms
[850.569s][info   ][gc,stats    ]    Subphase: Pause Mark Try Complete                       0.000 / 0.000         0.000 / 0.000         0.053 / 0.195         0.053 / 0.195       ms
[850.569s][info   ][gc,stats    ]      System: Java Threads                                      0 / 0                46 / 47               63 / 137              63 / 137         threads
[850.569s][info   ][gc,stats    ] =========================================================================================================================================================
[860.570s][info   ][gc,stats    ] === Garbage Collection Statistics =======================================================================================================================
[860.570s][info   ][gc,stats    ]                                                              Last 10s              Last 10m              Last 10h                Total
[860.571s][info   ][gc,stats    ]                                                              Avg / Max             Avg / Max             Avg / Max             Avg / Max
[860.571s][info   ][gc,stats    ]   Collector: Garbage Collection Cycle                      0.000 / 0.000       509.132 / 736.961     866.345 / 3415.907    866.345 / 3415.907    ms
[860.571s][info   ][gc,stats    ]  Contention: Mark Segment Reset Contention                     0 / 0                 0 / 1                 0 / 2                 0 / 2           ops/s
[860.571s][info   ][gc,stats    ]  Contention: Mark SeqNum Reset Contention                      0 / 0                 0 / 0                 0 / 1                 0 / 1           ops/s
[860.571s][info   ][gc,stats    ]    Critical: Allocation Stall                                  0 / 0                 0 / 0                 0 / 0                 0 / 0           ops/s
[860.572s][info   ][gc,stats    ]    Critical: Allocation Stall                              0.000 / 0.000         0.000 / 0.000         0.000 / 0.000         0.000 / 0.000       ms
[860.572s][info   ][gc,stats    ]    Critical: GC Locker Stall                                   0 / 0                 0 / 0                 0 / 0                 0 / 0           ops/s
[860.572s][info   ][gc,stats    ]    Critical: GC Locker Stall                               0.000 / 0.000         0.000 / 0.000         0.000 / 0.000         0.000 / 0.000       ms
[860.572s][info   ][gc,stats    ]    Critical: Relocation Stall                                  0 / 0                 0 / 0                 0 / 0                 0 / 0           ops/s
[860.572s][info   ][gc,stats    ]    Critical: Relocation Stall                              0.000 / 0.000         0.000 / 0.000         0.000 / 0.000         0.000 / 0.000       ms
[860.572s][info   ][gc,stats    ]      Memory: Allocation Rate                                   0 / 2                 0 / 12                3 / 68                3 / 68          MB/s
[860.573s][info   ][gc,stats    ]      Memory: Defragment                                        0 / 0                 0 / 0                 0 / 0                 0 / 0           ops/s
[860.573s][info   ][gc,stats    ]      Memory: Out Of Memory                                     0 / 0                 0 / 0                 0 / 0                 0 / 0           ops/s
[860.573s][info   ][gc,stats    ]      Memory: Page Cache Flush                                  0 / 0                 0 / 0                 0 / 0                 0 / 0           MB/s
[860.573s][info   ][gc,stats    ]      Memory: Page Cache Hit L1                                 0 / 1                 0 / 15                1 / 30                1 / 30          ops/s
[860.573s][info   ][gc,stats    ]      Memory: Page Cache Hit L2                                 0 / 0                 0 / 0                 0 / 0                 0 / 0           ops/s
[860.573s][info   ][gc,stats    ]      Memory: Page Cache Hit L3                                 0 / 0                 0 / 0                 0 / 26                0 / 26          ops/s
[860.574s][info   ][gc,stats    ]      Memory: Page Cache Miss                                   0 / 0                 0 / 0                 0 / 1                 0 / 1           ops/s
[860.574s][info   ][gc,stats    ]      Memory: Uncommit                                          0 / 0                 0 / 0                 0 / 0                 0 / 0           MB/s
[860.574s][info   ][gc,stats    ]      Memory: Undo Object Allocation Failed                     0 / 0                 0 / 0                 0 / 1                 0 / 1           ops/s
[860.574s][info   ][gc,stats    ]      Memory: Undo Object Allocation Succeeded                  0 / 0                 0 / 0                 0 / 74                0 / 74          ops/s
[860.574s][info   ][gc,stats    ]      Memory: Undo Page Allocation                              0 / 0                 0 / 0                 0 / 1                 0 / 1           ops/s
[860.574s][info   ][gc,stats    ]       Phase: Concurrent Mark                               0.000 / 0.000       232.092 / 246.946     558.838 / 1491.398    558.838 / 1491.398    ms
[860.574s][info   ][gc,stats    ]       Phase: Concurrent Mark Continue                      0.000 / 0.000         0.000 / 0.000         0.000 / 0.000         0.000 / 0.000       ms
[860.575s][info   ][gc,stats    ]       Phase: Concurrent Mark Free                          0.000 / 0.000         0.002 / 0.002         0.002 / 0.004         0.002 / 0.004       ms
[860.575s][info   ][gc,stats    ]       Phase: Concurrent Process Non-Strong References      0.000 / 0.000       249.710 / 473.355     236.098 / 1850.321    236.098 / 1850.321    ms
[860.575s][info   ][gc,stats    ]       Phase: Concurrent Relocate                           0.000 / 0.000        18.185 / 33.849       15.473 / 33.849       15.473 / 33.849      ms
[860.575s][info   ][gc,stats    ]       Phase: Concurrent Reset Relocation Set               0.000 / 0.000         0.014 / 0.022         0.018 / 0.040         0.018 / 0.040       ms
[860.575s][info   ][gc,stats    ]       Phase: Concurrent Select Relocation Set              0.000 / 0.000         6.584 / 9.063         6.715 / 15.302        6.715 / 15.302      ms
[860.576s][info   ][gc,stats    ]       Phase: Pause Mark End                                0.000 / 0.000         0.038 / 0.043         0.107 / 0.333         0.107 / 0.333       ms
[860.576s][info   ][gc,stats    ]       Phase: Pause Mark Start                              0.000 / 0.000         0.067 / 0.083         0.036 / 0.083         0.036 / 0.083       ms
[860.576s][info   ][gc,stats    ]       Phase: Pause Relocate Start                          0.000 / 0.000         0.028 / 0.033         0.031 / 0.079         0.031 / 0.079       ms
[860.576s][info   ][gc,stats    ]    Subphase: Concurrent Classes Purge                      0.000 / 0.000         7.122 / 14.226        3.431 / 14.226        3.431 / 14.226      ms
[860.576s][info   ][gc,stats    ]    Subphase: Concurrent Classes Unlink                     0.000 / 0.000       236.525 / 451.391     208.617 / 1768.670    208.617 / 1768.670    ms
[860.577s][info   ][gc,stats    ]    Subphase: Concurrent Mark                               0.000 / 0.000       220.138 / 238.125     393.707 / 1136.625    393.707 / 1136.625    ms
[860.577s][info   ][gc,stats    ]    Subphase: Concurrent Mark Try Flush                     0.000 / 0.000         0.152 / 0.186        30.942 / 148.506      30.942 / 148.506     ms
[860.577s][info   ][gc,stats    ]    Subphase: Concurrent Mark Try Terminate                 0.000 / 0.000         2.003 / 7.539         2.839 / 148.509       2.839 / 148.509     ms
[860.577s][info   ][gc,stats    ]    Subphase: Concurrent References Enqueue                 0.000 / 0.000         0.011 / 0.014         0.012 / 0.016         0.012 / 0.016       ms
[860.577s][info   ][gc,stats    ]    Subphase: Concurrent References Process                 0.000 / 0.000         1.387 / 2.501         0.753 / 2.501         0.753 / 2.501       ms
[860.577s][info   ][gc,stats    ]    Subphase: Concurrent Roots ClassLoaderDataGraph         0.000 / 0.000         0.985 / 2.051         0.587 / 2.051         0.587 / 2.051       ms
[860.577s][info   ][gc,stats    ]    Subphase: Concurrent Roots CodeCache                    0.000 / 0.000         0.000 / 0.000         0.000 / 0.000         0.000 / 0.000       ms
[860.578s][info   ][gc,stats    ]    Subphase: Concurrent Roots JavaThreads                  0.000 / 0.000         8.196 / 9.596        76.399 / 475.340      76.399 / 475.340     ms
[860.578s][info   ][gc,stats    ]    Subphase: Concurrent Roots OopStorageSet                0.000 / 0.000         0.378 / 0.708         0.184 / 0.708         0.184 / 0.708       ms
[860.578s][info   ][gc,stats    ]    Subphase: Concurrent Weak Roots OopStorageSet           0.000 / 0.000         4.243 / 4.708         4.495 / 9.700         4.495 / 9.700       ms
[860.578s][info   ][gc,stats    ]    Subphase: Pause Mark Try Complete                       0.000 / 0.000         0.000 / 0.000         0.053 / 0.195         0.053 / 0.195       ms
[860.578s][info   ][gc,stats    ]      System: Java Threads                                      0 / 0                46 / 47               63 / 137              63 / 137         threads
[860.578s][info   ][gc,stats    ] =========================================================================================================================================================
[870.567s][info   ][gc,stats    ] === Garbage Collection Statistics =======================================================================================================================
[870.567s][info   ][gc,stats    ]                                                              Last 10s              Last 10m              Last 10h                Total
[870.567s][info   ][gc,stats    ]                                                              Avg / Max             Avg / Max             Avg / Max             Avg / Max
[870.567s][info   ][gc,stats    ]   Collector: Garbage Collection Cycle                      0.000 / 0.000       509.132 / 736.961     866.345 / 3415.907    866.345 / 3415.907    ms
[870.568s][info   ][gc,stats    ]  Contention: Mark Segment Reset Contention                     0 / 0                 0 / 1                 0 / 2                 0 / 2           ops/s
[870.568s][info   ][gc,stats    ]  Contention: Mark SeqNum Reset Contention                      0 / 0                 0 / 0                 0 / 1                 0 / 1           ops/s
[870.568s][info   ][gc,stats    ]    Critical: Allocation Stall                                  0 / 0                 0 / 0                 0 / 0                 0 / 0           ops/s
[870.568s][info   ][gc,stats    ]    Critical: Allocation Stall                              0.000 / 0.000         0.000 / 0.000         0.000 / 0.000         0.000 / 0.000       ms
[870.568s][info   ][gc,stats    ]    Critical: GC Locker Stall                                   0 / 0                 0 / 0                 0 / 0                 0 / 0           ops/s
[870.568s][info   ][gc,stats    ]    Critical: GC Locker Stall                               0.000 / 0.000         0.000 / 0.000         0.000 / 0.000         0.000 / 0.000       ms
[870.568s][info   ][gc,stats    ]    Critical: Relocation Stall                                  0 / 0                 0 / 0                 0 / 0                 0 / 0           ops/s
[870.568s][info   ][gc,stats    ]    Critical: Relocation Stall                              0.000 / 0.000         0.000 / 0.000         0.000 / 0.000         0.000 / 0.000       ms
[870.568s][info   ][gc,stats    ]      Memory: Allocation Rate                                   0 / 0                 0 / 12                3 / 68                3 / 68          MB/s
[870.568s][info   ][gc,stats    ]      Memory: Defragment                                        0 / 0                 0 / 0                 0 / 0                 0 / 0           ops/s
[870.568s][info   ][gc,stats    ]      Memory: Out Of Memory                                     0 / 0                 0 / 0                 0 / 0                 0 / 0           ops/s
[870.568s][info   ][gc,stats    ]      Memory: Page Cache Flush                                  0 / 0                 0 / 0                 0 / 0                 0 / 0           MB/s
[870.568s][info   ][gc,stats    ]      Memory: Page Cache Hit L1                                 0 / 0                 0 / 15                1 / 30                1 / 30          ops/s
[870.568s][info   ][gc,stats    ]      Memory: Page Cache Hit L2                                 0 / 0                 0 / 0                 0 / 0                 0 / 0           ops/s
[870.569s][info   ][gc,stats    ]      Memory: Page Cache Hit L3                                 0 / 0                 0 / 0                 0 / 26                0 / 26          ops/s
[870.569s][info   ][gc,stats    ]      Memory: Page Cache Miss                                   0 / 0                 0 / 0                 0 / 1                 0 / 1           ops/s
[870.569s][info   ][gc,stats    ]      Memory: Uncommit                                          0 / 0                 0 / 0                 0 / 0                 0 / 0           MB/s
[870.569s][info   ][gc,stats    ]      Memory: Undo Object Allocation Failed                     0 / 0                 0 / 0                 0 / 1                 0 / 1           ops/s
[870.569s][info   ][gc,stats    ]      Memory: Undo Object Allocation Succeeded                  0 / 0                 0 / 0                 0 / 74                0 / 74          ops/s
[870.569s][info   ][gc,stats    ]      Memory: Undo Page Allocation                              0 / 0                 0 / 0                 0 / 1                 0 / 1           ops/s
[870.569s][info   ][gc,stats    ]       Phase: Concurrent Mark                               0.000 / 0.000       232.092 / 246.946     558.838 / 1491.398    558.838 / 1491.398    ms
[870.569s][info   ][gc,stats    ]       Phase: Concurrent Mark Continue                      0.000 / 0.000         0.000 / 0.000         0.000 / 0.000         0.000 / 0.000       ms
[870.569s][info   ][gc,stats    ]       Phase: Concurrent Mark Free                          0.000 / 0.000         0.002 / 0.002         0.002 / 0.004         0.002 / 0.004       ms
[870.569s][info   ][gc,stats    ]       Phase: Concurrent Process Non-Strong References      0.000 / 0.000       249.710 / 473.355     236.098 / 1850.321    236.098 / 1850.321    ms
[870.569s][info   ][gc,stats    ]       Phase: Concurrent Relocate                           0.000 / 0.000        18.185 / 33.849       15.473 / 33.849       15.473 / 33.849      ms
[870.569s][info   ][gc,stats    ]       Phase: Concurrent Reset Relocation Set               0.000 / 0.000         0.014 / 0.022         0.018 / 0.040         0.018 / 0.040       ms
[870.570s][info   ][gc,stats    ]       Phase: Concurrent Select Relocation Set              0.000 / 0.000         6.584 / 9.063         6.715 / 15.302        6.715 / 15.302      ms
[870.570s][info   ][gc,stats    ]       Phase: Pause Mark End                                0.000 / 0.000         0.038 / 0.043         0.107 / 0.333         0.107 / 0.333       ms
[870.570s][info   ][gc,stats    ]       Phase: Pause Mark Start                              0.000 / 0.000         0.067 / 0.083         0.036 / 0.083         0.036 / 0.083       ms
[870.570s][info   ][gc,stats    ]       Phase: Pause Relocate Start                          0.000 / 0.000         0.028 / 0.033         0.031 / 0.079         0.031 / 0.079       ms
[870.570s][info   ][gc,stats    ]    Subphase: Concurrent Classes Purge                      0.000 / 0.000         7.122 / 14.226        3.431 / 14.226        3.431 / 14.226      ms
[870.570s][info   ][gc,stats    ]    Subphase: Concurrent Classes Unlink                     0.000 / 0.000       236.525 / 451.391     208.617 / 1768.670    208.617 / 1768.670    ms
[870.570s][info   ][gc,stats    ]    Subphase: Concurrent Mark                               0.000 / 0.000       220.138 / 238.125     393.707 / 1136.625    393.707 / 1136.625    ms
[870.570s][info   ][gc,stats    ]    Subphase: Concurrent Mark Try Flush                     0.000 / 0.000         0.152 / 0.186        30.942 / 148.506      30.942 / 148.506     ms
[870.571s][info   ][gc,stats    ]    Subphase: Concurrent Mark Try Terminate                 0.000 / 0.000         2.003 / 7.539         2.839 / 148.509       2.839 / 148.509     ms
[870.571s][info   ][gc,stats    ]    Subphase: Concurrent References Enqueue                 0.000 / 0.000         0.011 / 0.014         0.012 / 0.016         0.012 / 0.016       ms
[870.571s][info   ][gc,stats    ]    Subphase: Concurrent References Process                 0.000 / 0.000         1.387 / 2.501         0.753 / 2.501         0.753 / 2.501       ms
[870.571s][info   ][gc,stats    ]    Subphase: Concurrent Roots ClassLoaderDataGraph         0.000 / 0.000         0.985 / 2.051         0.587 / 2.051         0.587 / 2.051       ms
[870.571s][info   ][gc,stats    ]    Subphase: Concurrent Roots CodeCache                    0.000 / 0.000         0.000 / 0.000         0.000 / 0.000         0.000 / 0.000       ms
[870.571s][info   ][gc,stats    ]    Subphase: Concurrent Roots JavaThreads                  0.000 / 0.000         8.196 / 9.596        76.399 / 475.340      76.399 / 475.340     ms
[870.571s][info   ][gc,stats    ]    Subphase: Concurrent Roots OopStorageSet                0.000 / 0.000         0.378 / 0.708         0.184 / 0.708         0.184 / 0.708       ms
[870.571s][info   ][gc,stats    ]    Subphase: Concurrent Weak Roots OopStorageSet           0.000 / 0.000         4.243 / 4.708         4.495 / 9.700         4.495 / 9.700       ms
[870.571s][info   ][gc,stats    ]    Subphase: Pause Mark Try Complete                       0.000 / 0.000         0.000 / 0.000         0.053 / 0.195         0.053 / 0.195       ms
[870.571s][info   ][gc,stats    ]      System: Java Threads                                      0 / 0                46 / 47               63 / 137              63 / 137         threads
[870.572s][info   ][gc,stats    ] =========================================================================================================================================================
[880.569s][info   ][gc,stats    ] === Garbage Collection Statistics =======================================================================================================================
[880.570s][info   ][gc,stats    ]                                                              Last 10s              Last 10m              Last 10h                Total
[880.570s][info   ][gc,stats    ]                                                              Avg / Max             Avg / Max             Avg / Max             Avg / Max
[880.570s][info   ][gc,stats    ]   Collector: Garbage Collection Cycle                      0.000 / 0.000       509.132 / 736.961     866.345 / 3415.907    866.345 / 3415.907    ms
[880.570s][info   ][gc,stats    ]  Contention: Mark Segment Reset Contention                     0 / 0                 0 / 1                 0 / 2                 0 / 2           ops/s
[880.570s][info   ][gc,stats    ]  Contention: Mark SeqNum Reset Contention                      0 / 0                 0 / 0                 0 / 1                 0 / 1           ops/s
[880.570s][info   ][gc,stats    ]    Critical: Allocation Stall                                  0 / 0                 0 / 0                 0 / 0                 0 / 0           ops/s
[880.570s][info   ][gc,stats    ]    Critical: Allocation Stall                              0.000 / 0.000         0.000 / 0.000         0.000 / 0.000         0.000 / 0.000       ms
[880.571s][info   ][gc,stats    ]    Critical: GC Locker Stall                                   0 / 0                 0 / 0                 0 / 0                 0 / 0           ops/s
[880.571s][info   ][gc,stats    ]    Critical: GC Locker Stall                               0.000 / 0.000         0.000 / 0.000         0.000 / 0.000         0.000 / 0.000       ms
[880.571s][info   ][gc,stats    ]    Critical: Relocation Stall                                  0 / 0                 0 / 0                 0 / 0                 0 / 0           ops/s
[880.571s][info   ][gc,stats    ]    Critical: Relocation Stall                              0.000 / 0.000         0.000 / 0.000         0.000 / 0.000         0.000 / 0.000       ms
[880.571s][info   ][gc,stats    ]      Memory: Allocation Rate                                   0 / 0                 0 / 12                3 / 68                3 / 68          MB/s
[880.571s][info   ][gc,stats    ]      Memory: Defragment                                        0 / 0                 0 / 0                 0 / 0                 0 / 0           ops/s
[880.572s][info   ][gc,stats    ]      Memory: Out Of Memory                                     0 / 0                 0 / 0                 0 / 0                 0 / 0           ops/s
[880.572s][info   ][gc,stats    ]      Memory: Page Cache Flush                                  0 / 0                 0 / 0                 0 / 0                 0 / 0           MB/s
[880.572s][info   ][gc,stats    ]      Memory: Page Cache Hit L1                                 0 / 0                 0 / 15                1 / 30                1 / 30          ops/s
[880.572s][info   ][gc,stats    ]      Memory: Page Cache Hit L2                                 0 / 0                 0 / 0                 0 / 0                 0 / 0           ops/s
[880.572s][info   ][gc,stats    ]      Memory: Page Cache Hit L3                                 0 / 0                 0 / 0                 0 / 26                0 / 26          ops/s
[880.572s][info   ][gc,stats    ]      Memory: Page Cache Miss                                   0 / 0                 0 / 0                 0 / 1                 0 / 1           ops/s
[880.573s][info   ][gc,stats    ]      Memory: Uncommit                                          0 / 0                 0 / 0                 0 / 0                 0 / 0           MB/s
[880.573s][info   ][gc,stats    ]      Memory: Undo Object Allocation Failed                     0 / 0                 0 / 0                 0 / 1                 0 / 1           ops/s
[880.573s][info   ][gc,stats    ]      Memory: Undo Object Allocation Succeeded                  0 / 0                 0 / 0                 0 / 74                0 / 74          ops/s
[880.573s][info   ][gc,stats    ]      Memory: Undo Page Allocation                              0 / 0                 0 / 0                 0 / 1                 0 / 1           ops/s
[880.573s][info   ][gc,stats    ]       Phase: Concurrent Mark                               0.000 / 0.000       232.092 / 246.946     558.838 / 1491.398    558.838 / 1491.398    ms
[880.574s][info   ][gc,stats    ]       Phase: Concurrent Mark Continue                      0.000 / 0.000         0.000 / 0.000         0.000 / 0.000         0.000 / 0.000       ms
[880.574s][info   ][gc,stats    ]       Phase: Concurrent Mark Free                          0.000 / 0.000         0.002 / 0.002         0.002 / 0.004         0.002 / 0.004       ms
[880.574s][info   ][gc,stats    ]       Phase: Concurrent Process Non-Strong References      0.000 / 0.000       249.710 / 473.355     236.098 / 1850.321    236.098 / 1850.321    ms
[880.574s][info   ][gc,stats    ]       Phase: Concurrent Relocate                           0.000 / 0.000        18.185 / 33.849       15.473 / 33.849       15.473 / 33.849      ms
[880.574s][info   ][gc,stats    ]       Phase: Concurrent Reset Relocation Set               0.000 / 0.000         0.014 / 0.022         0.018 / 0.040         0.018 / 0.040       ms
[880.574s][info   ][gc,stats    ]       Phase: Concurrent Select Relocation Set              0.000 / 0.000         6.584 / 9.063         6.715 / 15.302        6.715 / 15.302      ms
[880.574s][info   ][gc,stats    ]       Phase: Pause Mark End                                0.000 / 0.000         0.038 / 0.043         0.107 / 0.333         0.107 / 0.333       ms
[880.574s][info   ][gc,stats    ]       Phase: Pause Mark Start                              0.000 / 0.000         0.067 / 0.083         0.036 / 0.083         0.036 / 0.083       ms
[880.574s][info   ][gc,stats    ]       Phase: Pause Relocate Start                          0.000 / 0.000         0.028 / 0.033         0.031 / 0.079         0.031 / 0.079       ms
[880.574s][info   ][gc,stats    ]    Subphase: Concurrent Classes Purge                      0.000 / 0.000         7.122 / 14.226        3.431 / 14.226        3.431 / 14.226      ms
[880.574s][info   ][gc,stats    ]    Subphase: Concurrent Classes Unlink                     0.000 / 0.000       236.525 / 451.391     208.617 / 1768.670    208.617 / 1768.670    ms
[880.574s][info   ][gc,stats    ]    Subphase: Concurrent Mark                               0.000 / 0.000       220.138 / 238.125     393.707 / 1136.625    393.707 / 1136.625    ms
[880.575s][info   ][gc,stats    ]    Subphase: Concurrent Mark Try Flush                     0.000 / 0.000         0.152 / 0.186        30.942 / 148.506      30.942 / 148.506     ms
[880.575s][info   ][gc,stats    ]    Subphase: Concurrent Mark Try Terminate                 0.000 / 0.000         2.003 / 7.539         2.839 / 148.509       2.839 / 148.509     ms
[880.575s][info   ][gc,stats    ]    Subphase: Concurrent References Enqueue                 0.000 / 0.000         0.011 / 0.014         0.012 / 0.016         0.012 / 0.016       ms
[880.575s][info   ][gc,stats    ]    Subphase: Concurrent References Process                 0.000 / 0.000         1.387 / 2.501         0.753 / 2.501         0.753 / 2.501       ms
[880.575s][info   ][gc,stats    ]    Subphase: Concurrent Roots ClassLoaderDataGraph         0.000 / 0.000         0.985 / 2.051         0.587 / 2.051         0.587 / 2.051       ms
[880.576s][info   ][gc,stats    ]    Subphase: Concurrent Roots CodeCache                    0.000 / 0.000         0.000 / 0.000         0.000 / 0.000         0.000 / 0.000       ms
[880.576s][info   ][gc,stats    ]    Subphase: Concurrent Roots JavaThreads                  0.000 / 0.000         8.196 / 9.596        76.399 / 475.340      76.399 / 475.340     ms
[880.576s][info   ][gc,stats    ]    Subphase: Concurrent Roots OopStorageSet                0.000 / 0.000         0.378 / 0.708         0.184 / 0.708         0.184 / 0.708       ms
[880.576s][info   ][gc,stats    ]    Subphase: Concurrent Weak Roots OopStorageSet           0.000 / 0.000         4.243 / 4.708         4.495 / 9.700         4.495 / 9.700       ms
[880.576s][info   ][gc,stats    ]    Subphase: Pause Mark Try Complete                       0.000 / 0.000         0.000 / 0.000         0.053 / 0.195         0.053 / 0.195       ms
[880.577s][info   ][gc,stats    ]      System: Java Threads                                      0 / 0                46 / 47               63 / 137              63 / 137         threads
[880.577s][info   ][gc,stats    ] =========================================================================================================================================================
[890.567s][info   ][gc,stats    ] === Garbage Collection Statistics =======================================================================================================================
[890.567s][info   ][gc,stats    ]                                                              Last 10s              Last 10m              Last 10h                Total
[890.568s][info   ][gc,stats    ]                                                              Avg / Max             Avg / Max             Avg / Max             Avg / Max
[890.568s][info   ][gc,stats    ]   Collector: Garbage Collection Cycle                      0.000 / 0.000       509.132 / 736.961     866.345 / 3415.907    866.345 / 3415.907    ms
[890.568s][info   ][gc,stats    ]  Contention: Mark Segment Reset Contention                     0 / 0                 0 / 1                 0 / 2                 0 / 2           ops/s
[890.568s][info   ][gc,stats    ]  Contention: Mark SeqNum Reset Contention                      0 / 0                 0 / 0                 0 / 1                 0 / 1           ops/s
[890.568s][info   ][gc,stats    ]    Critical: Allocation Stall                                  0 / 0                 0 / 0                 0 / 0                 0 / 0           ops/s
[890.568s][info   ][gc,stats    ]    Critical: Allocation Stall                              0.000 / 0.000         0.000 / 0.000         0.000 / 0.000         0.000 / 0.000       ms
[890.568s][info   ][gc,stats    ]    Critical: GC Locker Stall                                   0 / 0                 0 / 0                 0 / 0                 0 / 0           ops/s
[890.569s][info   ][gc,stats    ]    Critical: GC Locker Stall                               0.000 / 0.000         0.000 / 0.000         0.000 / 0.000         0.000 / 0.000       ms
[890.569s][info   ][gc,stats    ]    Critical: Relocation Stall                                  0 / 0                 0 / 0                 0 / 0                 0 / 0           ops/s
[890.569s][info   ][gc,stats    ]    Critical: Relocation Stall                              0.000 / 0.000         0.000 / 0.000         0.000 / 0.000         0.000 / 0.000       ms
[890.569s][info   ][gc,stats    ]      Memory: Allocation Rate                                   0 / 2                 0 / 12                3 / 68                3 / 68          MB/s
[890.569s][info   ][gc,stats    ]      Memory: Defragment                                        0 / 0                 0 / 0                 0 / 0                 0 / 0           ops/s
[890.569s][info   ][gc,stats    ]      Memory: Out Of Memory                                     0 / 0                 0 / 0                 0 / 0                 0 / 0           ops/s
[890.570s][info   ][gc,stats    ]      Memory: Page Cache Flush                                  0 / 0                 0 / 0                 0 / 0                 0 / 0           MB/s
[890.570s][info   ][gc,stats    ]      Memory: Page Cache Hit L1                                 0 / 1                 0 / 15                1 / 30                1 / 30          ops/s
[890.570s][info   ][gc,stats    ]      Memory: Page Cache Hit L2                                 0 / 0                 0 / 0                 0 / 0                 0 / 0           ops/s
[890.570s][info   ][gc,stats    ]      Memory: Page Cache Hit L3                                 0 / 0                 0 / 0                 0 / 26                0 / 26          ops/s
[890.570s][info   ][gc,stats    ]      Memory: Page Cache Miss                                   0 / 0                 0 / 0                 0 / 1                 0 / 1           ops/s
[890.570s][info   ][gc,stats    ]      Memory: Uncommit                                          0 / 0                 0 / 0                 0 / 0                 0 / 0           MB/s
[890.571s][info   ][gc,stats    ]      Memory: Undo Object Allocation Failed                     0 / 0                 0 / 0                 0 / 1                 0 / 1           ops/s
[890.571s][info   ][gc,stats    ]      Memory: Undo Object Allocation Succeeded                  0 / 0                 0 / 0                 0 / 74                0 / 74          ops/s
[890.571s][info   ][gc,stats    ]      Memory: Undo Page Allocation                              0 / 0                 0 / 0                 0 / 1                 0 / 1           ops/s
[890.571s][info   ][gc,stats    ]       Phase: Concurrent Mark                               0.000 / 0.000       232.092 / 246.946     558.838 / 1491.398    558.838 / 1491.398    ms
[890.571s][info   ][gc,stats    ]       Phase: Concurrent Mark Continue                      0.000 / 0.000         0.000 / 0.000         0.000 / 0.000         0.000 / 0.000       ms
[890.572s][info   ][gc,stats    ]       Phase: Concurrent Mark Free                          0.000 / 0.000         0.002 / 0.002         0.002 / 0.004         0.002 / 0.004       ms
[890.572s][info   ][gc,stats    ]       Phase: Concurrent Process Non-Strong References      0.000 / 0.000       249.710 / 473.355     236.098 / 1850.321    236.098 / 1850.321    ms
[890.572s][info   ][gc,stats    ]       Phase: Concurrent Relocate                           0.000 / 0.000        18.185 / 33.849       15.473 / 33.849       15.473 / 33.849      ms
[890.572s][info   ][gc,stats    ]       Phase: Concurrent Reset Relocation Set               0.000 / 0.000         0.014 / 0.022         0.018 / 0.040         0.018 / 0.040       ms
[890.572s][info   ][gc,stats    ]       Phase: Concurrent Select Relocation Set              0.000 / 0.000         6.584 / 9.063         6.715 / 15.302        6.715 / 15.302      ms
[890.572s][info   ][gc,stats    ]       Phase: Pause Mark End                                0.000 / 0.000         0.038 / 0.043         0.107 / 0.333         0.107 / 0.333       ms
[890.573s][info   ][gc,stats    ]       Phase: Pause Mark Start                              0.000 / 0.000         0.067 / 0.083         0.036 / 0.083         0.036 / 0.083       ms
[890.573s][info   ][gc,stats    ]       Phase: Pause Relocate Start                          0.000 / 0.000         0.028 / 0.033         0.031 / 0.079         0.031 / 0.079       ms
[890.573s][info   ][gc,stats    ]    Subphase: Concurrent Classes Purge                      0.000 / 0.000         7.122 / 14.226        3.431 / 14.226        3.431 / 14.226      ms
[890.573s][info   ][gc,stats    ]    Subphase: Concurrent Classes Unlink                     0.000 / 0.000       236.525 / 451.391     208.617 / 1768.670    208.617 / 1768.670    ms
[890.573s][info   ][gc,stats    ]    Subphase: Concurrent Mark                               0.000 / 0.000       220.138 / 238.125     393.707 / 1136.625    393.707 / 1136.625    ms
[890.574s][info   ][gc,stats    ]    Subphase: Concurrent Mark Try Flush                     0.000 / 0.000         0.152 / 0.186        30.942 / 148.506      30.942 / 148.506     ms
[890.574s][info   ][gc,stats    ]    Subphase: Concurrent Mark Try Terminate                 0.000 / 0.000         2.003 / 7.539         2.839 / 148.509       2.839 / 148.509     ms
[890.574s][info   ][gc,stats    ]    Subphase: Concurrent References Enqueue                 0.000 / 0.000         0.011 / 0.014         0.012 / 0.016         0.012 / 0.016       ms
[890.574s][info   ][gc,stats    ]    Subphase: Concurrent References Process                 0.000 / 0.000         1.387 / 2.501         0.753 / 2.501         0.753 / 2.501       ms
[890.574s][info   ][gc,stats    ]    Subphase: Concurrent Roots ClassLoaderDataGraph         0.000 / 0.000         0.985 / 2.051         0.587 / 2.051         0.587 / 2.051       ms
[890.574s][info   ][gc,stats    ]    Subphase: Concurrent Roots CodeCache                    0.000 / 0.000         0.000 / 0.000         0.000 / 0.000         0.000 / 0.000       ms
[890.575s][info   ][gc,stats    ]    Subphase: Concurrent Roots JavaThreads                  0.000 / 0.000         8.196 / 9.596        76.399 / 475.340      76.399 / 475.340     ms
[890.575s][info   ][gc,stats    ]    Subphase: Concurrent Roots OopStorageSet                0.000 / 0.000         0.378 / 0.708         0.184 / 0.708         0.184 / 0.708       ms
[890.575s][info   ][gc,stats    ]    Subphase: Concurrent Weak Roots OopStorageSet           0.000 / 0.000         4.243 / 4.708         4.495 / 9.700         4.495 / 9.700       ms
[890.575s][info   ][gc,stats    ]    Subphase: Pause Mark Try Complete                       0.000 / 0.000         0.000 / 0.000         0.053 / 0.195         0.053 / 0.195       ms
[890.575s][info   ][gc,stats    ]      System: Java Threads                                      0 / 0                46 / 47               63 / 137              63 / 137         threads
[890.576s][info   ][gc,stats    ] =========================================================================================================================================================
[900.557s][info   ][gc,stats    ] === Garbage Collection Statistics =======================================================================================================================
[900.557s][info   ][gc,stats    ]                                                              Last 10s              Last 10m              Last 10h                Total
[900.557s][info   ][gc,stats    ]                                                              Avg / Max             Avg / Max             Avg / Max             Avg / Max
[900.557s][info   ][gc,stats    ]   Collector: Garbage Collection Cycle                      0.000 / 0.000       509.132 / 736.961     866.345 / 3415.907    866.345 / 3415.907    ms
[900.557s][info   ][gc,stats    ]  Contention: Mark Segment Reset Contention                     0 / 0                 0 / 1                 0 / 2                 0 / 2           ops/s
[900.558s][info   ][gc,stats    ]  Contention: Mark SeqNum Reset Contention                      0 / 0                 0 / 0                 0 / 1                 0 / 1           ops/s
[900.558s][info   ][gc,stats    ]    Critical: Allocation Stall                                  0 / 0                 0 / 0                 0 / 0                 0 / 0           ops/s
[900.558s][info   ][gc,stats    ]    Critical: Allocation Stall                              0.000 / 0.000         0.000 / 0.000         0.000 / 0.000         0.000 / 0.000       ms
[900.558s][info   ][gc,stats    ]    Critical: GC Locker Stall                                   0 / 0                 0 / 0                 0 / 0                 0 / 0           ops/s
[900.558s][info   ][gc,stats    ]    Critical: GC Locker Stall                               0.000 / 0.000         0.000 / 0.000         0.000 / 0.000         0.000 / 0.000       ms
[900.558s][info   ][gc,stats    ]    Critical: Relocation Stall                                  0 / 0                 0 / 0                 0 / 0                 0 / 0           ops/s
[900.559s][info   ][gc,stats    ]    Critical: Relocation Stall                              0.000 / 0.000         0.000 / 0.000         0.000 / 0.000         0.000 / 0.000       ms
[900.559s][info   ][gc,stats    ]      Memory: Allocation Rate                                   0 / 0                 0 / 12                3 / 68                3 / 68          MB/s
[900.559s][info   ][gc,stats    ]      Memory: Defragment                                        0 / 0                 0 / 0                 0 / 0                 0 / 0           ops/s
[900.559s][info   ][gc,stats    ]      Memory: Out Of Memory                                     0 / 0                 0 / 0                 0 / 0                 0 / 0           ops/s
[900.559s][info   ][gc,stats    ]      Memory: Page Cache Flush                                  0 / 0                 0 / 0                 0 / 0                 0 / 0           MB/s
[900.559s][info   ][gc,stats    ]      Memory: Page Cache Hit L1                                 0 / 0                 0 / 15                1 / 30                1 / 30          ops/s
[900.559s][info   ][gc,stats    ]      Memory: Page Cache Hit L2                                 0 / 0                 0 / 0                 0 / 0                 0 / 0           ops/s
[900.559s][info   ][gc,stats    ]      Memory: Page Cache Hit L3                                 0 / 0                 0 / 0                 0 / 26                0 / 26          ops/s
[900.560s][info   ][gc,stats    ]      Memory: Page Cache Miss                                   0 / 0                 0 / 0                 0 / 1                 0 / 1           ops/s
[900.560s][info   ][gc,stats    ]      Memory: Uncommit                                          0 / 0                 0 / 0                 0 / 0                 0 / 0           MB/s
[900.560s][info   ][gc,stats    ]      Memory: Undo Object Allocation Failed                     0 / 0                 0 / 0                 0 / 1                 0 / 1           ops/s
[900.560s][info   ][gc,stats    ]      Memory: Undo Object Allocation Succeeded                  0 / 0                 0 / 0                 0 / 74                0 / 74          ops/s
[900.560s][info   ][gc,stats    ]      Memory: Undo Page Allocation                              0 / 0                 0 / 0                 0 / 1                 0 / 1           ops/s
[900.560s][info   ][gc,stats    ]       Phase: Concurrent Mark                               0.000 / 0.000       232.092 / 246.946     558.838 / 1491.398    558.838 / 1491.398    ms
[900.560s][info   ][gc,stats    ]       Phase: Concurrent Mark Continue                      0.000 / 0.000         0.000 / 0.000         0.000 / 0.000         0.000 / 0.000       ms
[900.560s][info   ][gc,stats    ]       Phase: Concurrent Mark Free                          0.000 / 0.000         0.002 / 0.002         0.002 / 0.004         0.002 / 0.004       ms
[900.561s][info   ][gc,stats    ]       Phase: Concurrent Process Non-Strong References      0.000 / 0.000       249.710 / 473.355     236.098 / 1850.321    236.098 / 1850.321    ms
[900.561s][info   ][gc,stats    ]       Phase: Concurrent Relocate                           0.000 / 0.000        18.185 / 33.849       15.473 / 33.849       15.473 / 33.849      ms
[900.561s][info   ][gc,stats    ]       Phase: Concurrent Reset Relocation Set               0.000 / 0.000         0.014 / 0.022         0.018 / 0.040         0.018 / 0.040       ms
[900.561s][info   ][gc,stats    ]       Phase: Concurrent Select Relocation Set              0.000 / 0.000         6.584 / 9.063         6.715 / 15.302        6.715 / 15.302      ms
[900.561s][info   ][gc,stats    ]       Phase: Pause Mark End                                0.000 / 0.000         0.038 / 0.043         0.107 / 0.333         0.107 / 0.333       ms
[900.562s][info   ][gc,stats    ]       Phase: Pause Mark Start                              0.000 / 0.000         0.067 / 0.083         0.036 / 0.083         0.036 / 0.083       ms
[900.562s][info   ][gc,stats    ]       Phase: Pause Relocate Start                          0.000 / 0.000         0.028 / 0.033         0.031 / 0.079         0.031 / 0.079       ms
[900.562s][info   ][gc,stats    ]    Subphase: Concurrent Classes Purge                      0.000 / 0.000         7.122 / 14.226        3.431 / 14.226        3.431 / 14.226      ms
[900.562s][info   ][gc,stats    ]    Subphase: Concurrent Classes Unlink                     0.000 / 0.000       236.525 / 451.391     208.617 / 1768.670    208.617 / 1768.670    ms
[900.562s][info   ][gc,stats    ]    Subphase: Concurrent Mark                               0.000 / 0.000       220.138 / 238.125     393.707 / 1136.625    393.707 / 1136.625    ms
[900.563s][info   ][gc,stats    ]    Subphase: Concurrent Mark Try Flush                     0.000 / 0.000         0.152 / 0.186        30.942 / 148.506      30.942 / 148.506     ms
[900.563s][info   ][gc,stats    ]    Subphase: Concurrent Mark Try Terminate                 0.000 / 0.000         2.003 / 7.539         2.839 / 148.509       2.839 / 148.509     ms
[900.563s][info   ][gc,stats    ]    Subphase: Concurrent References Enqueue                 0.000 / 0.000         0.011 / 0.014         0.012 / 0.016         0.012 / 0.016       ms
[900.563s][info   ][gc,stats    ]    Subphase: Concurrent References Process                 0.000 / 0.000         1.387 / 2.501         0.753 / 2.501         0.753 / 2.501       ms
[900.563s][info   ][gc,stats    ]    Subphase: Concurrent Roots ClassLoaderDataGraph         0.000 / 0.000         0.985 / 2.051         0.587 / 2.051         0.587 / 2.051       ms
[900.563s][info   ][gc,stats    ]    Subphase: Concurrent Roots CodeCache                    0.000 / 0.000         0.000 / 0.000         0.000 / 0.000         0.000 / 0.000       ms
[900.564s][info   ][gc,stats    ]    Subphase: Concurrent Roots JavaThreads                  0.000 / 0.000         8.196 / 9.596        76.399 / 475.340      76.399 / 475.340     ms
[900.564s][info   ][gc,stats    ]    Subphase: Concurrent Roots OopStorageSet                0.000 / 0.000         0.378 / 0.708         0.184 / 0.708         0.184 / 0.708       ms
[900.564s][info   ][gc,stats    ]    Subphase: Concurrent Weak Roots OopStorageSet           0.000 / 0.000         4.243 / 4.708         4.495 / 9.700         4.495 / 9.700       ms
[900.564s][info   ][gc,stats    ]    Subphase: Pause Mark Try Complete                       0.000 / 0.000         0.000 / 0.000         0.053 / 0.195         0.053 / 0.195       ms
[900.564s][info   ][gc,stats    ]      System: Java Threads                                      0 / 0                46 / 47               63 / 137              63 / 137         threads
[900.564s][info   ][gc,stats    ] =========================================================================================================================================================
[910.560s][info   ][gc,stats    ] === Garbage Collection Statistics =======================================================================================================================
[910.560s][info   ][gc,stats    ]                                                              Last 10s              Last 10m              Last 10h                Total
[910.560s][info   ][gc,stats    ]                                                              Avg / Max             Avg / Max             Avg / Max             Avg / Max
[910.560s][info   ][gc,stats    ]   Collector: Garbage Collection Cycle                      0.000 / 0.000       509.132 / 736.961     866.345 / 3415.907    866.345 / 3415.907    ms
[910.560s][info   ][gc,stats    ]  Contention: Mark Segment Reset Contention                     0 / 0                 0 / 1                 0 / 2                 0 / 2           ops/s
[910.560s][info   ][gc,stats    ]  Contention: Mark SeqNum Reset Contention                      0 / 0                 0 / 0                 0 / 1                 0 / 1           ops/s
[910.560s][info   ][gc,stats    ]    Critical: Allocation Stall                                  0 / 0                 0 / 0                 0 / 0                 0 / 0           ops/s
[910.560s][info   ][gc,stats    ]    Critical: Allocation Stall                              0.000 / 0.000         0.000 / 0.000         0.000 / 0.000         0.000 / 0.000       ms
[910.560s][info   ][gc,stats    ]    Critical: GC Locker Stall                                   0 / 0                 0 / 0                 0 / 0                 0 / 0           ops/s
[910.561s][info   ][gc,stats    ]    Critical: GC Locker Stall                               0.000 / 0.000         0.000 / 0.000         0.000 / 0.000         0.000 / 0.000       ms
[910.561s][info   ][gc,stats    ]    Critical: Relocation Stall                                  0 / 0                 0 / 0                 0 / 0                 0 / 0           ops/s
[910.561s][info   ][gc,stats    ]    Critical: Relocation Stall                              0.000 / 0.000         0.000 / 0.000         0.000 / 0.000         0.000 / 0.000       ms
[910.561s][info   ][gc,stats    ]      Memory: Allocation Rate                                   0 / 0                 0 / 12                3 / 68                3 / 68          MB/s
[910.561s][info   ][gc,stats    ]      Memory: Defragment                                        0 / 0                 0 / 0                 0 / 0                 0 / 0           ops/s
[910.561s][info   ][gc,stats    ]      Memory: Out Of Memory                                     0 / 0                 0 / 0                 0 / 0                 0 / 0           ops/s
[910.561s][info   ][gc,stats    ]      Memory: Page Cache Flush                                  0 / 0                 0 / 0                 0 / 0                 0 / 0           MB/s
[910.561s][info   ][gc,stats    ]      Memory: Page Cache Hit L1                                 0 / 0                 0 / 15                1 / 30                1 / 30          ops/s
[910.561s][info   ][gc,stats    ]      Memory: Page Cache Hit L2                                 0 / 0                 0 / 0                 0 / 0                 0 / 0           ops/s
[910.561s][info   ][gc,stats    ]      Memory: Page Cache Hit L3                                 0 / 0                 0 / 0                 0 / 26                0 / 26          ops/s
[910.562s][info   ][gc,stats    ]      Memory: Page Cache Miss                                   0 / 0                 0 / 0                 0 / 1                 0 / 1           ops/s
[910.562s][info   ][gc,stats    ]      Memory: Uncommit                                          0 / 0                 0 / 0                 0 / 0                 0 / 0           MB/s
[910.562s][info   ][gc,stats    ]      Memory: Undo Object Allocation Failed                     0 / 0                 0 / 0                 0 / 1                 0 / 1           ops/s
[910.562s][info   ][gc,stats    ]      Memory: Undo Object Allocation Succeeded                  0 / 0                 0 / 0                 0 / 74                0 / 74          ops/s
[910.562s][info   ][gc,stats    ]      Memory: Undo Page Allocation                              0 / 0                 0 / 0                 0 / 1                 0 / 1           ops/s
[910.562s][info   ][gc,stats    ]       Phase: Concurrent Mark                               0.000 / 0.000       232.092 / 246.946     558.838 / 1491.398    558.838 / 1491.398    ms
[910.562s][info   ][gc,stats    ]       Phase: Concurrent Mark Continue                      0.000 / 0.000         0.000 / 0.000         0.000 / 0.000         0.000 / 0.000       ms
[910.562s][info   ][gc,stats    ]       Phase: Concurrent Mark Free                          0.000 / 0.000         0.002 / 0.002         0.002 / 0.004         0.002 / 0.004       ms
[910.562s][info   ][gc,stats    ]       Phase: Concurrent Process Non-Strong References      0.000 / 0.000       249.710 / 473.355     236.098 / 1850.321    236.098 / 1850.321    ms
[910.562s][info   ][gc,stats    ]       Phase: Concurrent Relocate                           0.000 / 0.000        18.185 / 33.849       15.473 / 33.849       15.473 / 33.849      ms
[910.563s][info   ][gc,stats    ]       Phase: Concurrent Reset Relocation Set               0.000 / 0.000         0.014 / 0.022         0.018 / 0.040         0.018 / 0.040       ms
[910.563s][info   ][gc,stats    ]       Phase: Concurrent Select Relocation Set              0.000 / 0.000         6.584 / 9.063         6.715 / 15.302        6.715 / 15.302      ms
[910.563s][info   ][gc,stats    ]       Phase: Pause Mark End                                0.000 / 0.000         0.038 / 0.043         0.107 / 0.333         0.107 / 0.333       ms
[910.563s][info   ][gc,stats    ]       Phase: Pause Mark Start                              0.000 / 0.000         0.067 / 0.083         0.036 / 0.083         0.036 / 0.083       ms
[910.563s][info   ][gc,stats    ]       Phase: Pause Relocate Start                          0.000 / 0.000         0.028 / 0.033         0.031 / 0.079         0.031 / 0.079       ms
[910.563s][info   ][gc,stats    ]    Subphase: Concurrent Classes Purge                      0.000 / 0.000         7.122 / 14.226        3.431 / 14.226        3.431 / 14.226      ms
[910.563s][info   ][gc,stats    ]    Subphase: Concurrent Classes Unlink                     0.000 / 0.000       236.525 / 451.391     208.617 / 1768.670    208.617 / 1768.670    ms
[910.563s][info   ][gc,stats    ]    Subphase: Concurrent Mark                               0.000 / 0.000       220.138 / 238.125     393.707 / 1136.625    393.707 / 1136.625    ms
[910.563s][info   ][gc,stats    ]    Subphase: Concurrent Mark Try Flush                     0.000 / 0.000         0.152 / 0.186        30.942 / 148.506      30.942 / 148.506     ms
[910.563s][info   ][gc,stats    ]    Subphase: Concurrent Mark Try Terminate                 0.000 / 0.000         2.003 / 7.539         2.839 / 148.509       2.839 / 148.509     ms
[910.564s][info   ][gc,stats    ]    Subphase: Concurrent References Enqueue                 0.000 / 0.000         0.011 / 0.014         0.012 / 0.016         0.012 / 0.016       ms
[910.564s][info   ][gc,stats    ]    Subphase: Concurrent References Process                 0.000 / 0.000         1.387 / 2.501         0.753 / 2.501         0.753 / 2.501       ms
[910.564s][info   ][gc,stats    ]    Subphase: Concurrent Roots ClassLoaderDataGraph         0.000 / 0.000         0.985 / 2.051         0.587 / 2.051         0.587 / 2.051       ms
[910.564s][info   ][gc,stats    ]    Subphase: Concurrent Roots CodeCache                    0.000 / 0.000         0.000 / 0.000         0.000 / 0.000         0.000 / 0.000       ms
[910.564s][info   ][gc,stats    ]    Subphase: Concurrent Roots JavaThreads                  0.000 / 0.000         8.196 / 9.596        76.399 / 475.340      76.399 / 475.340     ms
[910.564s][info   ][gc,stats    ]    Subphase: Concurrent Roots OopStorageSet                0.000 / 0.000         0.378 / 0.708         0.184 / 0.708         0.184 / 0.708       ms
[910.564s][info   ][gc,stats    ]    Subphase: Concurrent Weak Roots OopStorageSet           0.000 / 0.000         4.243 / 4.708         4.495 / 9.700         4.495 / 9.700       ms
[910.564s][info   ][gc,stats    ]    Subphase: Pause Mark Try Complete                       0.000 / 0.000         0.000 / 0.000         0.053 / 0.195         0.053 / 0.195       ms
[910.565s][info   ][gc,stats    ]      System: Java Threads                                      0 / 0                46 / 47               63 / 137              63 / 137         threads
[910.565s][info   ][gc,stats    ] =========================================================================================================================================================
[920.562s][info   ][gc,stats    ] === Garbage Collection Statistics =======================================================================================================================
[920.562s][info   ][gc,stats    ]                                                              Last 10s              Last 10m              Last 10h                Total
[920.562s][info   ][gc,stats    ]                                                              Avg / Max             Avg / Max             Avg / Max             Avg / Max
[920.562s][info   ][gc,stats    ]   Collector: Garbage Collection Cycle                      0.000 / 0.000       509.132 / 736.961     866.345 / 3415.907    866.345 / 3415.907    ms
[920.562s][info   ][gc,stats    ]  Contention: Mark Segment Reset Contention                     0 / 0                 0 / 1                 0 / 2                 0 / 2           ops/s
[920.562s][info   ][gc,stats    ]  Contention: Mark SeqNum Reset Contention                      0 / 0                 0 / 0                 0 / 1                 0 / 1           ops/s
[920.563s][info   ][gc,stats    ]    Critical: Allocation Stall                                  0 / 0                 0 / 0                 0 / 0                 0 / 0           ops/s
[920.563s][info   ][gc,stats    ]    Critical: Allocation Stall                              0.000 / 0.000         0.000 / 0.000         0.000 / 0.000         0.000 / 0.000       ms
[920.563s][info   ][gc,stats    ]    Critical: GC Locker Stall                                   0 / 0                 0 / 0                 0 / 0                 0 / 0           ops/s
[920.563s][info   ][gc,stats    ]    Critical: GC Locker Stall                               0.000 / 0.000         0.000 / 0.000         0.000 / 0.000         0.000 / 0.000       ms
[920.563s][info   ][gc,stats    ]    Critical: Relocation Stall                                  0 / 0                 0 / 0                 0 / 0                 0 / 0           ops/s
[920.563s][info   ][gc,stats    ]    Critical: Relocation Stall                              0.000 / 0.000         0.000 / 0.000         0.000 / 0.000         0.000 / 0.000       ms
[920.563s][info   ][gc,stats    ]      Memory: Allocation Rate                                   0 / 2                 0 / 12                3 / 68                3 / 68          MB/s
[920.563s][info   ][gc,stats    ]      Memory: Defragment                                        0 / 0                 0 / 0                 0 / 0                 0 / 0           ops/s
[920.563s][info   ][gc,stats    ]      Memory: Out Of Memory                                     0 / 0                 0 / 0                 0 / 0                 0 / 0           ops/s
[920.563s][info   ][gc,stats    ]      Memory: Page Cache Flush                                  0 / 0                 0 / 0                 0 / 0                 0 / 0           MB/s
[920.563s][info   ][gc,stats    ]      Memory: Page Cache Hit L1                                 0 / 1                 0 / 15                1 / 30                1 / 30          ops/s
[920.564s][info   ][gc,stats    ]      Memory: Page Cache Hit L2                                 0 / 0                 0 / 0                 0 / 0                 0 / 0           ops/s
[920.564s][info   ][gc,stats    ]      Memory: Page Cache Hit L3                                 0 / 0                 0 / 0                 0 / 26                0 / 26          ops/s
[920.564s][info   ][gc,stats    ]      Memory: Page Cache Miss                                   0 / 0                 0 / 0                 0 / 1                 0 / 1           ops/s
[920.564s][info   ][gc,stats    ]      Memory: Uncommit                                          0 / 0                 0 / 0                 0 / 0                 0 / 0           MB/s
[920.564s][info   ][gc,stats    ]      Memory: Undo Object Allocation Failed                     0 / 0                 0 / 0                 0 / 1                 0 / 1           ops/s
[920.564s][info   ][gc,stats    ]      Memory: Undo Object Allocation Succeeded                  0 / 0                 0 / 0                 0 / 74                0 / 74          ops/s
[920.564s][info   ][gc,stats    ]      Memory: Undo Page Allocation                              0 / 0                 0 / 0                 0 / 1                 0 / 1           ops/s
[920.564s][info   ][gc,stats    ]       Phase: Concurrent Mark                               0.000 / 0.000       232.092 / 246.946     558.838 / 1491.398    558.838 / 1491.398    ms
[920.564s][info   ][gc,stats    ]       Phase: Concurrent Mark Continue                      0.000 / 0.000         0.000 / 0.000         0.000 / 0.000         0.000 / 0.000       ms
[920.564s][info   ][gc,stats    ]       Phase: Concurrent Mark Free                          0.000 / 0.000         0.002 / 0.002         0.002 / 0.004         0.002 / 0.004       ms
[920.564s][info   ][gc,stats    ]       Phase: Concurrent Process Non-Strong References      0.000 / 0.000       249.710 / 473.355     236.098 / 1850.321    236.098 / 1850.321    ms
[920.564s][info   ][gc,stats    ]       Phase: Concurrent Relocate                           0.000 / 0.000        18.185 / 33.849       15.473 / 33.849       15.473 / 33.849      ms
[920.564s][info   ][gc,stats    ]       Phase: Concurrent Reset Relocation Set               0.000 / 0.000         0.014 / 0.022         0.018 / 0.040         0.018 / 0.040       ms
[920.564s][info   ][gc,stats    ]       Phase: Concurrent Select Relocation Set              0.000 / 0.000         6.584 / 9.063         6.715 / 15.302        6.715 / 15.302      ms
[920.565s][info   ][gc,stats    ]       Phase: Pause Mark End                                0.000 / 0.000         0.038 / 0.043         0.107 / 0.333         0.107 / 0.333       ms
[920.565s][info   ][gc,stats    ]       Phase: Pause Mark Start                              0.000 / 0.000         0.067 / 0.083         0.036 / 0.083         0.036 / 0.083       ms
[920.565s][info   ][gc,stats    ]       Phase: Pause Relocate Start                          0.000 / 0.000         0.028 / 0.033         0.031 / 0.079         0.031 / 0.079       ms
[920.565s][info   ][gc,stats    ]    Subphase: Concurrent Classes Purge                      0.000 / 0.000         7.122 / 14.226        3.431 / 14.226        3.431 / 14.226      ms
[920.565s][info   ][gc,stats    ]    Subphase: Concurrent Classes Unlink                     0.000 / 0.000       236.525 / 451.391     208.617 / 1768.670    208.617 / 1768.670    ms
[920.565s][info   ][gc,stats    ]    Subphase: Concurrent Mark                               0.000 / 0.000       220.138 / 238.125     393.707 / 1136.625    393.707 / 1136.625    ms
[920.565s][info   ][gc,stats    ]    Subphase: Concurrent Mark Try Flush                     0.000 / 0.000         0.152 / 0.186        30.942 / 148.506      30.942 / 148.506     ms
[920.565s][info   ][gc,stats    ]    Subphase: Concurrent Mark Try Terminate                 0.000 / 0.000         2.003 / 7.539         2.839 / 148.509       2.839 / 148.509     ms
[920.565s][info   ][gc,stats    ]    Subphase: Concurrent References Enqueue                 0.000 / 0.000         0.011 / 0.014         0.012 / 0.016         0.012 / 0.016       ms
[920.566s][info   ][gc,stats    ]    Subphase: Concurrent References Process                 0.000 / 0.000         1.387 / 2.501         0.753 / 2.501         0.753 / 2.501       ms
[920.566s][info   ][gc,stats    ]    Subphase: Concurrent Roots ClassLoaderDataGraph         0.000 / 0.000         0.985 / 2.051         0.587 / 2.051         0.587 / 2.051       ms
[920.566s][info   ][gc,stats    ]    Subphase: Concurrent Roots CodeCache                    0.000 / 0.000         0.000 / 0.000         0.000 / 0.000         0.000 / 0.000       ms
[920.566s][info   ][gc,stats    ]    Subphase: Concurrent Roots JavaThreads                  0.000 / 0.000         8.196 / 9.596        76.399 / 475.340      76.399 / 475.340     ms
[920.566s][info   ][gc,stats    ]    Subphase: Concurrent Roots OopStorageSet                0.000 / 0.000         0.378 / 0.708         0.184 / 0.708         0.184 / 0.708       ms
[920.566s][info   ][gc,stats    ]    Subphase: Concurrent Weak Roots OopStorageSet           0.000 / 0.000         4.243 / 4.708         4.495 / 9.700         4.495 / 9.700       ms
[920.566s][info   ][gc,stats    ]    Subphase: Pause Mark Try Complete                       0.000 / 0.000         0.000 / 0.000         0.053 / 0.195         0.053 / 0.195       ms
[920.566s][info   ][gc,stats    ]      System: Java Threads                                      0 / 0                46 / 47               63 / 137              63 / 137         threads
[920.567s][info   ][gc,stats    ] =========================================================================================================================================================
[930.570s][info   ][gc,stats    ] === Garbage Collection Statistics =======================================================================================================================
[930.570s][info   ][gc,stats    ]                                                              Last 10s              Last 10m              Last 10h                Total
[930.570s][info   ][gc,stats    ]                                                              Avg / Max             Avg / Max             Avg / Max             Avg / Max
[930.570s][info   ][gc,stats    ]   Collector: Garbage Collection Cycle                      0.000 / 0.000       509.132 / 736.961     866.345 / 3415.907    866.345 / 3415.907    ms
[930.570s][info   ][gc,stats    ]  Contention: Mark Segment Reset Contention                     0 / 0                 0 / 1                 0 / 2                 0 / 2           ops/s
[930.570s][info   ][gc,stats    ]  Contention: Mark SeqNum Reset Contention                      0 / 0                 0 / 0                 0 / 1                 0 / 1           ops/s
[930.571s][info   ][gc,stats    ]    Critical: Allocation Stall                                  0 / 0                 0 / 0                 0 / 0                 0 / 0           ops/s
[930.571s][info   ][gc,stats    ]    Critical: Allocation Stall                              0.000 / 0.000         0.000 / 0.000         0.000 / 0.000         0.000 / 0.000       ms
[930.571s][info   ][gc,stats    ]    Critical: GC Locker Stall                                   0 / 0                 0 / 0                 0 / 0                 0 / 0           ops/s
[930.571s][info   ][gc,stats    ]    Critical: GC Locker Stall                               0.000 / 0.000         0.000 / 0.000         0.000 / 0.000         0.000 / 0.000       ms
[930.571s][info   ][gc,stats    ]    Critical: Relocation Stall                                  0 / 0                 0 / 0                 0 / 0                 0 / 0           ops/s
[930.571s][info   ][gc,stats    ]    Critical: Relocation Stall                              0.000 / 0.000         0.000 / 0.000         0.000 / 0.000         0.000 / 0.000       ms
[930.571s][info   ][gc,stats    ]      Memory: Allocation Rate                                   0 / 0                 0 / 12                3 / 68                3 / 68          MB/s
[930.571s][info   ][gc,stats    ]      Memory: Defragment                                        0 / 0                 0 / 0                 0 / 0                 0 / 0           ops/s
[930.571s][info   ][gc,stats    ]      Memory: Out Of Memory                                     0 / 0                 0 / 0                 0 / 0                 0 / 0           ops/s
[930.571s][info   ][gc,stats    ]      Memory: Page Cache Flush                                  0 / 0                 0 / 0                 0 / 0                 0 / 0           MB/s
[930.571s][info   ][gc,stats    ]      Memory: Page Cache Hit L1                                 0 / 0                 0 / 15                1 / 30                1 / 30          ops/s
[930.572s][info   ][gc,stats    ]      Memory: Page Cache Hit L2                                 0 / 0                 0 / 0                 0 / 0                 0 / 0           ops/s
[930.572s][info   ][gc,stats    ]      Memory: Page Cache Hit L3                                 0 / 0                 0 / 0                 0 / 26                0 / 26          ops/s
[930.572s][info   ][gc,stats    ]      Memory: Page Cache Miss                                   0 / 0                 0 / 0                 0 / 1                 0 / 1           ops/s
[930.572s][info   ][gc,stats    ]      Memory: Uncommit                                          0 / 0                 0 / 0                 0 / 0                 0 / 0           MB/s
[930.572s][info   ][gc,stats    ]      Memory: Undo Object Allocation Failed                     0 / 0                 0 / 0                 0 / 1                 0 / 1           ops/s
[930.572s][info   ][gc,stats    ]      Memory: Undo Object Allocation Succeeded                  0 / 0                 0 / 0                 0 / 74                0 / 74          ops/s
[930.572s][info   ][gc,stats    ]      Memory: Undo Page Allocation                              0 / 0                 0 / 0                 0 / 1                 0 / 1           ops/s
[930.572s][info   ][gc,stats    ]       Phase: Concurrent Mark                               0.000 / 0.000       232.092 / 246.946     558.838 / 1491.398    558.838 / 1491.398    ms
[930.572s][info   ][gc,stats    ]       Phase: Concurrent Mark Continue                      0.000 / 0.000         0.000 / 0.000         0.000 / 0.000         0.000 / 0.000       ms
[930.572s][info   ][gc,stats    ]       Phase: Concurrent Mark Free                          0.000 / 0.000         0.002 / 0.002         0.002 / 0.004         0.002 / 0.004       ms
[930.572s][info   ][gc,stats    ]       Phase: Concurrent Process Non-Strong References      0.000 / 0.000       249.710 / 473.355     236.098 / 1850.321    236.098 / 1850.321    ms
[930.572s][info   ][gc,stats    ]       Phase: Concurrent Relocate                           0.000 / 0.000        18.185 / 33.849       15.473 / 33.849       15.473 / 33.849      ms
[930.573s][info   ][gc,stats    ]       Phase: Concurrent Reset Relocation Set               0.000 / 0.000         0.014 / 0.022         0.018 / 0.040         0.018 / 0.040       ms
[930.573s][info   ][gc,stats    ]       Phase: Concurrent Select Relocation Set              0.000 / 0.000         6.584 / 9.063         6.715 / 15.302        6.715 / 15.302      ms
[930.573s][info   ][gc,stats    ]       Phase: Pause Mark End                                0.000 / 0.000         0.038 / 0.043         0.107 / 0.333         0.107 / 0.333       ms
[930.573s][info   ][gc,stats    ]       Phase: Pause Mark Start                              0.000 / 0.000         0.067 / 0.083         0.036 / 0.083         0.036 / 0.083       ms
[930.573s][info   ][gc,stats    ]       Phase: Pause Relocate Start                          0.000 / 0.000         0.028 / 0.033         0.031 / 0.079         0.031 / 0.079       ms
[930.573s][info   ][gc,stats    ]    Subphase: Concurrent Classes Purge                      0.000 / 0.000         7.122 / 14.226        3.431 / 14.226        3.431 / 14.226      ms
[930.573s][info   ][gc,stats    ]    Subphase: Concurrent Classes Unlink                     0.000 / 0.000       236.525 / 451.391     208.617 / 1768.670    208.617 / 1768.670    ms
[930.573s][info   ][gc,stats    ]    Subphase: Concurrent Mark                               0.000 / 0.000       220.138 / 238.125     393.707 / 1136.625    393.707 / 1136.625    ms
[930.573s][info   ][gc,stats    ]    Subphase: Concurrent Mark Try Flush                     0.000 / 0.000         0.152 / 0.186        30.942 / 148.506      30.942 / 148.506     ms
[930.573s][info   ][gc,stats    ]    Subphase: Concurrent Mark Try Terminate                 0.000 / 0.000         2.003 / 7.539         2.839 / 148.509       2.839 / 148.509     ms
[930.574s][info   ][gc,stats    ]    Subphase: Concurrent References Enqueue                 0.000 / 0.000         0.011 / 0.014         0.012 / 0.016         0.012 / 0.016       ms
[930.574s][info   ][gc,stats    ]    Subphase: Concurrent References Process                 0.000 / 0.000         1.387 / 2.501         0.753 / 2.501         0.753 / 2.501       ms
[930.574s][info   ][gc,stats    ]    Subphase: Concurrent Roots ClassLoaderDataGraph         0.000 / 0.000         0.985 / 2.051         0.587 / 2.051         0.587 / 2.051       ms
[930.574s][info   ][gc,stats    ]    Subphase: Concurrent Roots CodeCache                    0.000 / 0.000         0.000 / 0.000         0.000 / 0.000         0.000 / 0.000       ms
[930.574s][info   ][gc,stats    ]    Subphase: Concurrent Roots JavaThreads                  0.000 / 0.000         8.196 / 9.596        76.399 / 475.340      76.399 / 475.340     ms
[930.574s][info   ][gc,stats    ]    Subphase: Concurrent Roots OopStorageSet                0.000 / 0.000         0.378 / 0.708         0.184 / 0.708         0.184 / 0.708       ms
[930.574s][info   ][gc,stats    ]    Subphase: Concurrent Weak Roots OopStorageSet           0.000 / 0.000         4.243 / 4.708         4.495 / 9.700         4.495 / 9.700       ms
[930.574s][info   ][gc,stats    ]    Subphase: Pause Mark Try Complete                       0.000 / 0.000         0.000 / 0.000         0.053 / 0.195         0.053 / 0.195       ms
[930.574s][info   ][gc,stats    ]      System: Java Threads                                      0 / 0                46 / 47               63 / 137              63 / 137         threads
[930.574s][info   ][gc,stats    ] =========================================================================================================================================================
[940.561s][info   ][gc,stats    ] === Garbage Collection Statistics =======================================================================================================================
[940.562s][info   ][gc,stats    ]                                                              Last 10s              Last 10m              Last 10h                Total
[940.562s][info   ][gc,stats    ]                                                              Avg / Max             Avg / Max             Avg / Max             Avg / Max
[940.562s][info   ][gc,stats    ]   Collector: Garbage Collection Cycle                      0.000 / 0.000       509.132 / 736.961     866.345 / 3415.907    866.345 / 3415.907    ms
[940.562s][info   ][gc,stats    ]  Contention: Mark Segment Reset Contention                     0 / 0                 0 / 1                 0 / 2                 0 / 2           ops/s
[940.562s][info   ][gc,stats    ]  Contention: Mark SeqNum Reset Contention                      0 / 0                 0 / 0                 0 / 1                 0 / 1           ops/s
[940.563s][info   ][gc,stats    ]    Critical: Allocation Stall                                  0 / 0                 0 / 0                 0 / 0                 0 / 0           ops/s
[940.563s][info   ][gc,stats    ]    Critical: Allocation Stall                              0.000 / 0.000         0.000 / 0.000         0.000 / 0.000         0.000 / 0.000       ms
[940.563s][info   ][gc,stats    ]    Critical: GC Locker Stall                                   0 / 0                 0 / 0                 0 / 0                 0 / 0           ops/s
[940.563s][info   ][gc,stats    ]    Critical: GC Locker Stall                               0.000 / 0.000         0.000 / 0.000         0.000 / 0.000         0.000 / 0.000       ms
[940.563s][info   ][gc,stats    ]    Critical: Relocation Stall                                  0 / 0                 0 / 0                 0 / 0                 0 / 0           ops/s
[940.564s][info   ][gc,stats    ]    Critical: Relocation Stall                              0.000 / 0.000         0.000 / 0.000         0.000 / 0.000         0.000 / 0.000       ms
[940.564s][info   ][gc,stats    ]      Memory: Allocation Rate                                   0 / 0                 0 / 12                3 / 68                3 / 68          MB/s
[940.564s][info   ][gc,stats    ]      Memory: Defragment                                        0 / 0                 0 / 0                 0 / 0                 0 / 0           ops/s
[940.564s][info   ][gc,stats    ]      Memory: Out Of Memory                                     0 / 0                 0 / 0                 0 / 0                 0 / 0           ops/s
[940.564s][info   ][gc,stats    ]      Memory: Page Cache Flush                                  0 / 0                 0 / 0                 0 / 0                 0 / 0           MB/s
[940.565s][info   ][gc,stats    ]      Memory: Page Cache Hit L1                                 0 / 0                 0 / 15                1 / 30                1 / 30          ops/s
[940.565s][info   ][gc,stats    ]      Memory: Page Cache Hit L2                                 0 / 0                 0 / 0                 0 / 0                 0 / 0           ops/s
[940.565s][info   ][gc,stats    ]      Memory: Page Cache Hit L3                                 0 / 0                 0 / 0                 0 / 26                0 / 26          ops/s
[940.565s][info   ][gc,stats    ]      Memory: Page Cache Miss                                   0 / 0                 0 / 0                 0 / 1                 0 / 1           ops/s
[940.565s][info   ][gc,stats    ]      Memory: Uncommit                                          0 / 0                 0 / 0                 0 / 0                 0 / 0           MB/s
[940.565s][info   ][gc,stats    ]      Memory: Undo Object Allocation Failed                     0 / 0                 0 / 0                 0 / 1                 0 / 1           ops/s
[940.566s][info   ][gc,stats    ]      Memory: Undo Object Allocation Succeeded                  0 / 0                 0 / 0                 0 / 74                0 / 74          ops/s
[940.566s][info   ][gc,stats    ]      Memory: Undo Page Allocation                              0 / 0                 0 / 0                 0 / 1                 0 / 1           ops/s
[940.566s][info   ][gc,stats    ]       Phase: Concurrent Mark                               0.000 / 0.000       232.092 / 246.946     558.838 / 1491.398    558.838 / 1491.398    ms
[940.566s][info   ][gc,stats    ]       Phase: Concurrent Mark Continue                      0.000 / 0.000         0.000 / 0.000         0.000 / 0.000         0.000 / 0.000       ms
[940.566s][info   ][gc,stats    ]       Phase: Concurrent Mark Free                          0.000 / 0.000         0.002 / 0.002         0.002 / 0.004         0.002 / 0.004       ms
[940.566s][info   ][gc,stats    ]       Phase: Concurrent Process Non-Strong References      0.000 / 0.000       249.710 / 473.355     236.098 / 1850.321    236.098 / 1850.321    ms
[940.566s][info   ][gc,stats    ]       Phase: Concurrent Relocate                           0.000 / 0.000        18.185 / 33.849       15.473 / 33.849       15.473 / 33.849      ms
[940.567s][info   ][gc,stats    ]       Phase: Concurrent Reset Relocation Set               0.000 / 0.000         0.014 / 0.022         0.018 / 0.040         0.018 / 0.040       ms
[940.567s][info   ][gc,stats    ]       Phase: Concurrent Select Relocation Set              0.000 / 0.000         6.584 / 9.063         6.715 / 15.302        6.715 / 15.302      ms
[940.567s][info   ][gc,stats    ]       Phase: Pause Mark End                                0.000 / 0.000         0.038 / 0.043         0.107 / 0.333         0.107 / 0.333       ms
[940.567s][info   ][gc,stats    ]       Phase: Pause Mark Start                              0.000 / 0.000         0.067 / 0.083         0.036 / 0.083         0.036 / 0.083       ms
[940.567s][info   ][gc,stats    ]       Phase: Pause Relocate Start                          0.000 / 0.000         0.028 / 0.033         0.031 / 0.079         0.031 / 0.079       ms
[940.568s][info   ][gc,stats    ]    Subphase: Concurrent Classes Purge                      0.000 / 0.000         7.122 / 14.226        3.431 / 14.226        3.431 / 14.226      ms
[940.568s][info   ][gc,stats    ]    Subphase: Concurrent Classes Unlink                     0.000 / 0.000       236.525 / 451.391     208.617 / 1768.670    208.617 / 1768.670    ms
[940.568s][info   ][gc,stats    ]    Subphase: Concurrent Mark                               0.000 / 0.000       220.138 / 238.125     393.707 / 1136.625    393.707 / 1136.625    ms
[940.568s][info   ][gc,stats    ]    Subphase: Concurrent Mark Try Flush                     0.000 / 0.000         0.152 / 0.186        30.942 / 148.506      30.942 / 148.506     ms
[940.568s][info   ][gc,stats    ]    Subphase: Concurrent Mark Try Terminate                 0.000 / 0.000         2.003 / 7.539         2.839 / 148.509       2.839 / 148.509     ms
[940.568s][info   ][gc,stats    ]    Subphase: Concurrent References Enqueue                 0.000 / 0.000         0.011 / 0.014         0.012 / 0.016         0.012 / 0.016       ms
[940.569s][info   ][gc,stats    ]    Subphase: Concurrent References Process                 0.000 / 0.000         1.387 / 2.501         0.753 / 2.501         0.753 / 2.501       ms
[940.569s][info   ][gc,stats    ]    Subphase: Concurrent Roots ClassLoaderDataGraph         0.000 / 0.000         0.985 / 2.051         0.587 / 2.051         0.587 / 2.051       ms
[940.569s][info   ][gc,stats    ]    Subphase: Concurrent Roots CodeCache                    0.000 / 0.000         0.000 / 0.000         0.000 / 0.000         0.000 / 0.000       ms
[940.570s][info   ][gc,stats    ]    Subphase: Concurrent Roots JavaThreads                  0.000 / 0.000         8.196 / 9.596        76.399 / 475.340      76.399 / 475.340     ms
[940.570s][info   ][gc,stats    ]    Subphase: Concurrent Roots OopStorageSet                0.000 / 0.000         0.378 / 0.708         0.184 / 0.708         0.184 / 0.708       ms
[940.570s][info   ][gc,stats    ]    Subphase: Concurrent Weak Roots OopStorageSet           0.000 / 0.000         4.243 / 4.708         4.495 / 9.700         4.495 / 9.700       ms
[940.570s][info   ][gc,stats    ]    Subphase: Pause Mark Try Complete                       0.000 / 0.000         0.000 / 0.000         0.053 / 0.195         0.053 / 0.195       ms
[940.570s][info   ][gc,stats    ]      System: Java Threads                                      0 / 0                46 / 47               63 / 137              63 / 137         threads
[940.570s][info   ][gc,stats    ] =========================================================================================================================================================
[950.562s][info   ][gc,stats    ] === Garbage Collection Statistics =======================================================================================================================
[950.563s][info   ][gc,stats    ]                                                              Last 10s              Last 10m              Last 10h                Total
[950.563s][info   ][gc,stats    ]                                                              Avg / Max             Avg / Max             Avg / Max             Avg / Max
[950.563s][info   ][gc,stats    ]   Collector: Garbage Collection Cycle                      0.000 / 0.000       509.132 / 736.961     866.345 / 3415.907    866.345 / 3415.907    ms
[950.563s][info   ][gc,stats    ]  Contention: Mark Segment Reset Contention                     0 / 0                 0 / 1                 0 / 2                 0 / 2           ops/s
[950.563s][info   ][gc,stats    ]  Contention: Mark SeqNum Reset Contention                      0 / 0                 0 / 0                 0 / 1                 0 / 1           ops/s
[950.563s][info   ][gc,stats    ]    Critical: Allocation Stall                                  0 / 0                 0 / 0                 0 / 0                 0 / 0           ops/s
[950.564s][info   ][gc,stats    ]    Critical: Allocation Stall                              0.000 / 0.000         0.000 / 0.000         0.000 / 0.000         0.000 / 0.000       ms
[950.564s][info   ][gc,stats    ]    Critical: GC Locker Stall                                   0 / 0                 0 / 0                 0 / 0                 0 / 0           ops/s
[950.564s][info   ][gc,stats    ]    Critical: GC Locker Stall                               0.000 / 0.000         0.000 / 0.000         0.000 / 0.000         0.000 / 0.000       ms
[950.564s][info   ][gc,stats    ]    Critical: Relocation Stall                                  0 / 0                 0 / 0                 0 / 0                 0 / 0           ops/s
[950.564s][info   ][gc,stats    ]    Critical: Relocation Stall                              0.000 / 0.000         0.000 / 0.000         0.000 / 0.000         0.000 / 0.000       ms
[950.564s][info   ][gc,stats    ]      Memory: Allocation Rate                                   0 / 2                 0 / 12                3 / 68                3 / 68          MB/s
[950.564s][info   ][gc,stats    ]      Memory: Defragment                                        0 / 0                 0 / 0                 0 / 0                 0 / 0           ops/s
[950.565s][info   ][gc,stats    ]      Memory: Out Of Memory                                     0 / 0                 0 / 0                 0 / 0                 0 / 0           ops/s
[950.565s][info   ][gc,stats    ]      Memory: Page Cache Flush                                  0 / 0                 0 / 0                 0 / 0                 0 / 0           MB/s
[950.565s][info   ][gc,stats    ]      Memory: Page Cache Hit L1                                 0 / 1                 0 / 15                1 / 30                1 / 30          ops/s
[950.565s][info   ][gc,stats    ]      Memory: Page Cache Hit L2                                 0 / 0                 0 / 0                 0 / 0                 0 / 0           ops/s
[950.565s][info   ][gc,stats    ]      Memory: Page Cache Hit L3                                 0 / 0                 0 / 0                 0 / 26                0 / 26          ops/s
[950.566s][info   ][gc,stats    ]      Memory: Page Cache Miss                                   0 / 0                 0 / 0                 0 / 1                 0 / 1           ops/s
[950.566s][info   ][gc,stats    ]      Memory: Uncommit                                          0 / 0                 0 / 0                 0 / 0                 0 / 0           MB/s
[950.566s][info   ][gc,stats    ]      Memory: Undo Object Allocation Failed                     0 / 0                 0 / 0                 0 / 1                 0 / 1           ops/s
[950.566s][info   ][gc,stats    ]      Memory: Undo Object Allocation Succeeded                  0 / 0                 0 / 0                 0 / 74                0 / 74          ops/s
[950.566s][info   ][gc,stats    ]      Memory: Undo Page Allocation                              0 / 0                 0 / 0                 0 / 1                 0 / 1           ops/s
[950.566s][info   ][gc,stats    ]       Phase: Concurrent Mark                               0.000 / 0.000       232.092 / 246.946     558.838 / 1491.398    558.838 / 1491.398    ms
[950.566s][info   ][gc,stats    ]       Phase: Concurrent Mark Continue                      0.000 / 0.000         0.000 / 0.000         0.000 / 0.000         0.000 / 0.000       ms
[950.566s][info   ][gc,stats    ]       Phase: Concurrent Mark Free                          0.000 / 0.000         0.002 / 0.002         0.002 / 0.004         0.002 / 0.004       ms
[950.567s][info   ][gc,stats    ]       Phase: Concurrent Process Non-Strong References      0.000 / 0.000       249.710 / 473.355     236.098 / 1850.321    236.098 / 1850.321    ms
[950.567s][info   ][gc,stats    ]       Phase: Concurrent Relocate                           0.000 / 0.000        18.185 / 33.849       15.473 / 33.849       15.473 / 33.849      ms
[950.567s][info   ][gc,stats    ]       Phase: Concurrent Reset Relocation Set               0.000 / 0.000         0.014 / 0.022         0.018 / 0.040         0.018 / 0.040       ms
[950.567s][info   ][gc,stats    ]       Phase: Concurrent Select Relocation Set              0.000 / 0.000         6.584 / 9.063         6.715 / 15.302        6.715 / 15.302      ms
[950.567s][info   ][gc,stats    ]       Phase: Pause Mark End                                0.000 / 0.000         0.038 / 0.043         0.107 / 0.333         0.107 / 0.333       ms
[950.567s][info   ][gc,stats    ]       Phase: Pause Mark Start                              0.000 / 0.000         0.067 / 0.083         0.036 / 0.083         0.036 / 0.083       ms
[950.567s][info   ][gc,stats    ]       Phase: Pause Relocate Start                          0.000 / 0.000         0.028 / 0.033         0.031 / 0.079         0.031 / 0.079       ms
[950.567s][info   ][gc,stats    ]    Subphase: Concurrent Classes Purge                      0.000 / 0.000         7.122 / 14.226        3.431 / 14.226        3.431 / 14.226      ms
[950.567s][info   ][gc,stats    ]    Subphase: Concurrent Classes Unlink                     0.000 / 0.000       236.525 / 451.391     208.617 / 1768.670    208.617 / 1768.670    ms
[950.567s][info   ][gc,stats    ]    Subphase: Concurrent Mark                               0.000 / 0.000       220.138 / 238.125     393.707 / 1136.625    393.707 / 1136.625    ms
[950.567s][info   ][gc,stats    ]    Subphase: Concurrent Mark Try Flush                     0.000 / 0.000         0.152 / 0.186        30.942 / 148.506      30.942 / 148.506     ms
[950.568s][info   ][gc,stats    ]    Subphase: Concurrent Mark Try Terminate                 0.000 / 0.000         2.003 / 7.539         2.839 / 148.509       2.839 / 148.509     ms
[950.568s][info   ][gc,stats    ]    Subphase: Concurrent References Enqueue                 0.000 / 0.000         0.011 / 0.014         0.012 / 0.016         0.012 / 0.016       ms
[950.568s][info   ][gc,stats    ]    Subphase: Concurrent References Process                 0.000 / 0.000         1.387 / 2.501         0.753 / 2.501         0.753 / 2.501       ms
[950.568s][info   ][gc,stats    ]    Subphase: Concurrent Roots ClassLoaderDataGraph         0.000 / 0.000         0.985 / 2.051         0.587 / 2.051         0.587 / 2.051       ms
[950.568s][info   ][gc,stats    ]    Subphase: Concurrent Roots CodeCache                    0.000 / 0.000         0.000 / 0.000         0.000 / 0.000         0.000 / 0.000       ms
[950.568s][info   ][gc,stats    ]    Subphase: Concurrent Roots JavaThreads                  0.000 / 0.000         8.196 / 9.596        76.399 / 475.340      76.399 / 475.340     ms
[950.568s][info   ][gc,stats    ]    Subphase: Concurrent Roots OopStorageSet                0.000 / 0.000         0.378 / 0.708         0.184 / 0.708         0.184 / 0.708       ms
[950.568s][info   ][gc,stats    ]    Subphase: Concurrent Weak Roots OopStorageSet           0.000 / 0.000         4.243 / 4.708         4.495 / 9.700         4.495 / 9.700       ms
[950.569s][info   ][gc,stats    ]    Subphase: Pause Mark Try Complete                       0.000 / 0.000         0.000 / 0.000         0.053 / 0.195         0.053 / 0.195       ms
[950.569s][info   ][gc,stats    ]      System: Java Threads                                      0 / 0                46 / 47               63 / 137              63 / 137         threads
[950.569s][info   ][gc,stats    ] =========================================================================================================================================================
[960.558s][info   ][gc,stats    ] === Garbage Collection Statistics =======================================================================================================================
[960.558s][info   ][gc,stats    ]                                                              Last 10s              Last 10m              Last 10h                Total
[960.558s][info   ][gc,stats    ]                                                              Avg / Max             Avg / Max             Avg / Max             Avg / Max
[960.558s][info   ][gc,stats    ]   Collector: Garbage Collection Cycle                      0.000 / 0.000       509.132 / 736.961     866.345 / 3415.907    866.345 / 3415.907    ms
[960.559s][info   ][gc,stats    ]  Contention: Mark Segment Reset Contention                     0 / 0                 0 / 1                 0 / 2                 0 / 2           ops/s
[960.559s][info   ][gc,stats    ]  Contention: Mark SeqNum Reset Contention                      0 / 0                 0 / 0                 0 / 1                 0 / 1           ops/s
[960.559s][info   ][gc,stats    ]    Critical: Allocation Stall                                  0 / 0                 0 / 0                 0 / 0                 0 / 0           ops/s
[960.559s][info   ][gc,stats    ]    Critical: Allocation Stall                              0.000 / 0.000         0.000 / 0.000         0.000 / 0.000         0.000 / 0.000       ms
[960.559s][info   ][gc,stats    ]    Critical: GC Locker Stall                                   0 / 0                 0 / 0                 0 / 0                 0 / 0           ops/s
[960.559s][info   ][gc,stats    ]    Critical: GC Locker Stall                               0.000 / 0.000         0.000 / 0.000         0.000 / 0.000         0.000 / 0.000       ms
[960.559s][info   ][gc,stats    ]    Critical: Relocation Stall                                  0 / 0                 0 / 0                 0 / 0                 0 / 0           ops/s
[960.559s][info   ][gc,stats    ]    Critical: Relocation Stall                              0.000 / 0.000         0.000 / 0.000         0.000 / 0.000         0.000 / 0.000       ms
[960.560s][info   ][gc,stats    ]      Memory: Allocation Rate                                   0 / 2                 0 / 12                3 / 68                3 / 68          MB/s
[960.560s][info   ][gc,stats    ]      Memory: Defragment                                        0 / 0                 0 / 0                 0 / 0                 0 / 0           ops/s
[960.560s][info   ][gc,stats    ]      Memory: Out Of Memory                                     0 / 0                 0 / 0                 0 / 0                 0 / 0           ops/s
[960.560s][info   ][gc,stats    ]      Memory: Page Cache Flush                                  0 / 0                 0 / 0                 0 / 0                 0 / 0           MB/s
[960.560s][info   ][gc,stats    ]      Memory: Page Cache Hit L1                                 0 / 1                 0 / 15                1 / 30                1 / 30          ops/s
[960.560s][info   ][gc,stats    ]      Memory: Page Cache Hit L2                                 0 / 0                 0 / 0                 0 / 0                 0 / 0           ops/s
[960.561s][info   ][gc,stats    ]      Memory: Page Cache Hit L3                                 0 / 0                 0 / 0                 0 / 26                0 / 26          ops/s
[960.561s][info   ][gc,stats    ]      Memory: Page Cache Miss                                   0 / 0                 0 / 0                 0 / 1                 0 / 1           ops/s
[960.561s][info   ][gc,stats    ]      Memory: Uncommit                                          0 / 0                 0 / 0                 0 / 0                 0 / 0           MB/s
[960.561s][info   ][gc,stats    ]      Memory: Undo Object Allocation Failed                     0 / 0                 0 / 0                 0 / 1                 0 / 1           ops/s
[960.561s][info   ][gc,stats    ]      Memory: Undo Object Allocation Succeeded                  0 / 0                 0 / 0                 0 / 74                0 / 74          ops/s
[960.561s][info   ][gc,stats    ]      Memory: Undo Page Allocation                              0 / 0                 0 / 0                 0 / 1                 0 / 1           ops/s
[960.561s][info   ][gc,stats    ]       Phase: Concurrent Mark                               0.000 / 0.000       232.092 / 246.946     558.838 / 1491.398    558.838 / 1491.398    ms
[960.562s][info   ][gc,stats    ]       Phase: Concurrent Mark Continue                      0.000 / 0.000         0.000 / 0.000         0.000 / 0.000         0.000 / 0.000       ms
[960.562s][info   ][gc,stats    ]       Phase: Concurrent Mark Free                          0.000 / 0.000         0.002 / 0.002         0.002 / 0.004         0.002 / 0.004       ms
[960.562s][info   ][gc,stats    ]       Phase: Concurrent Process Non-Strong References      0.000 / 0.000       249.710 / 473.355     236.098 / 1850.321    236.098 / 1850.321    ms
[960.562s][info   ][gc,stats    ]       Phase: Concurrent Relocate                           0.000 / 0.000        18.185 / 33.849       15.473 / 33.849       15.473 / 33.849      ms
[960.562s][info   ][gc,stats    ]       Phase: Concurrent Reset Relocation Set               0.000 / 0.000         0.014 / 0.022         0.018 / 0.040         0.018 / 0.040       ms
[960.562s][info   ][gc,stats    ]       Phase: Concurrent Select Relocation Set              0.000 / 0.000         6.584 / 9.063         6.715 / 15.302        6.715 / 15.302      ms
[960.562s][info   ][gc,stats    ]       Phase: Pause Mark End                                0.000 / 0.000         0.038 / 0.043         0.107 / 0.333         0.107 / 0.333       ms
[960.562s][info   ][gc,stats    ]       Phase: Pause Mark Start                              0.000 / 0.000         0.067 / 0.083         0.036 / 0.083         0.036 / 0.083       ms
[960.562s][info   ][gc,stats    ]       Phase: Pause Relocate Start                          0.000 / 0.000         0.028 / 0.033         0.031 / 0.079         0.031 / 0.079       ms
[960.562s][info   ][gc,stats    ]    Subphase: Concurrent Classes Purge                      0.000 / 0.000         7.122 / 14.226        3.431 / 14.226        3.431 / 14.226      ms
[960.562s][info   ][gc,stats    ]    Subphase: Concurrent Classes Unlink                     0.000 / 0.000       236.525 / 451.391     208.617 / 1768.670    208.617 / 1768.670    ms
[960.563s][info   ][gc,stats    ]    Subphase: Concurrent Mark                               0.000 / 0.000       220.138 / 238.125     393.707 / 1136.625    393.707 / 1136.625    ms
[960.563s][info   ][gc,stats    ]    Subphase: Concurrent Mark Try Flush                     0.000 / 0.000         0.152 / 0.186        30.942 / 148.506      30.942 / 148.506     ms
[960.563s][info   ][gc,stats    ]    Subphase: Concurrent Mark Try Terminate                 0.000 / 0.000         2.003 / 7.539         2.839 / 148.509       2.839 / 148.509     ms
[960.563s][info   ][gc,stats    ]    Subphase: Concurrent References Enqueue                 0.000 / 0.000         0.011 / 0.014         0.012 / 0.016         0.012 / 0.016       ms
[960.563s][info   ][gc,stats    ]    Subphase: Concurrent References Process                 0.000 / 0.000         1.387 / 2.501         0.753 / 2.501         0.753 / 2.501       ms
[960.563s][info   ][gc,stats    ]    Subphase: Concurrent Roots ClassLoaderDataGraph         0.000 / 0.000         0.985 / 2.051         0.587 / 2.051         0.587 / 2.051       ms
[960.563s][info   ][gc,stats    ]    Subphase: Concurrent Roots CodeCache                    0.000 / 0.000         0.000 / 0.000         0.000 / 0.000         0.000 / 0.000       ms
[960.563s][info   ][gc,stats    ]    Subphase: Concurrent Roots JavaThreads                  0.000 / 0.000         8.196 / 9.596        76.399 / 475.340      76.399 / 475.340     ms
[960.563s][info   ][gc,stats    ]    Subphase: Concurrent Roots OopStorageSet                0.000 / 0.000         0.378 / 0.708         0.184 / 0.708         0.184 / 0.708       ms
[960.563s][info   ][gc,stats    ]    Subphase: Concurrent Weak Roots OopStorageSet           0.000 / 0.000         4.243 / 4.708         4.495 / 9.700         4.495 / 9.700       ms
[960.563s][info   ][gc,stats    ]    Subphase: Pause Mark Try Complete                       0.000 / 0.000         0.000 / 0.000         0.053 / 0.195         0.053 / 0.195       ms
[960.563s][info   ][gc,stats    ]      System: Java Threads                                      0 / 0                46 / 47               63 / 137              63 / 137         threads
[960.563s][info   ][gc,stats    ] =========================================================================================================================================================
[970.567s][info   ][gc,stats    ] === Garbage Collection Statistics =======================================================================================================================
[970.567s][info   ][gc,stats    ]                                                              Last 10s              Last 10m              Last 10h                Total
[970.567s][info   ][gc,stats    ]                                                              Avg / Max             Avg / Max             Avg / Max             Avg / Max
[970.567s][info   ][gc,stats    ]   Collector: Garbage Collection Cycle                      0.000 / 0.000       509.132 / 736.961     866.345 / 3415.907    866.345 / 3415.907    ms
[970.567s][info   ][gc,stats    ]  Contention: Mark Segment Reset Contention                     0 / 0                 0 / 1                 0 / 2                 0 / 2           ops/s
[970.568s][info   ][gc,stats    ]  Contention: Mark SeqNum Reset Contention                      0 / 0                 0 / 0                 0 / 1                 0 / 1           ops/s
[970.568s][info   ][gc,stats    ]    Critical: Allocation Stall                                  0 / 0                 0 / 0                 0 / 0                 0 / 0           ops/s
[970.568s][info   ][gc,stats    ]    Critical: Allocation Stall                              0.000 / 0.000         0.000 / 0.000         0.000 / 0.000         0.000 / 0.000       ms
[970.568s][info   ][gc,stats    ]    Critical: GC Locker Stall                                   0 / 0                 0 / 0                 0 / 0                 0 / 0           ops/s
[970.568s][info   ][gc,stats    ]    Critical: GC Locker Stall                               0.000 / 0.000         0.000 / 0.000         0.000 / 0.000         0.000 / 0.000       ms
[970.568s][info   ][gc,stats    ]    Critical: Relocation Stall                                  0 / 0                 0 / 0                 0 / 0                 0 / 0           ops/s
[970.568s][info   ][gc,stats    ]    Critical: Relocation Stall                              0.000 / 0.000         0.000 / 0.000         0.000 / 0.000         0.000 / 0.000       ms
[970.568s][info   ][gc,stats    ]      Memory: Allocation Rate                                   0 / 0                 0 / 12                2 / 68                2 / 68          MB/s
[970.568s][info   ][gc,stats    ]      Memory: Defragment                                        0 / 0                 0 / 0                 0 / 0                 0 / 0           ops/s
[970.568s][info   ][gc,stats    ]      Memory: Out Of Memory                                     0 / 0                 0 / 0                 0 / 0                 0 / 0           ops/s
[970.568s][info   ][gc,stats    ]      Memory: Page Cache Flush                                  0 / 0                 0 / 0                 0 / 0                 0 / 0           MB/s
[970.569s][info   ][gc,stats    ]      Memory: Page Cache Hit L1                                 0 / 0                 0 / 15                1 / 30                1 / 30          ops/s
[970.569s][info   ][gc,stats    ]      Memory: Page Cache Hit L2                                 0 / 0                 0 / 0                 0 / 0                 0 / 0           ops/s
[970.569s][info   ][gc,stats    ]      Memory: Page Cache Hit L3                                 0 / 0                 0 / 0                 0 / 26                0 / 26          ops/s
[970.569s][info   ][gc,stats    ]      Memory: Page Cache Miss                                   0 / 0                 0 / 0                 0 / 1                 0 / 1           ops/s
[970.569s][info   ][gc,stats    ]      Memory: Uncommit                                          0 / 0                 0 / 0                 0 / 0                 0 / 0           MB/s
[970.569s][info   ][gc,stats    ]      Memory: Undo Object Allocation Failed                     0 / 0                 0 / 0                 0 / 1                 0 / 1           ops/s
[970.569s][info   ][gc,stats    ]      Memory: Undo Object Allocation Succeeded                  0 / 0                 0 / 0                 0 / 74                0 / 74          ops/s
[970.569s][info   ][gc,stats    ]      Memory: Undo Page Allocation                              0 / 0                 0 / 0                 0 / 1                 0 / 1           ops/s
[970.569s][info   ][gc,stats    ]       Phase: Concurrent Mark                               0.000 / 0.000       232.092 / 246.946     558.838 / 1491.398    558.838 / 1491.398    ms
[970.569s][info   ][gc,stats    ]       Phase: Concurrent Mark Continue                      0.000 / 0.000         0.000 / 0.000         0.000 / 0.000         0.000 / 0.000       ms
[970.569s][info   ][gc,stats    ]       Phase: Concurrent Mark Free                          0.000 / 0.000         0.002 / 0.002         0.002 / 0.004         0.002 / 0.004       ms
[970.569s][info   ][gc,stats    ]       Phase: Concurrent Process Non-Strong References      0.000 / 0.000       249.710 / 473.355     236.098 / 1850.321    236.098 / 1850.321    ms
[970.570s][info   ][gc,stats    ]       Phase: Concurrent Relocate                           0.000 / 0.000        18.185 / 33.849       15.473 / 33.849       15.473 / 33.849      ms
[970.570s][info   ][gc,stats    ]       Phase: Concurrent Reset Relocation Set               0.000 / 0.000         0.014 / 0.022         0.018 / 0.040         0.018 / 0.040       ms
[970.570s][info   ][gc,stats    ]       Phase: Concurrent Select Relocation Set              0.000 / 0.000         6.584 / 9.063         6.715 / 15.302        6.715 / 15.302      ms
[970.570s][info   ][gc,stats    ]       Phase: Pause Mark End                                0.000 / 0.000         0.038 / 0.043         0.107 / 0.333         0.107 / 0.333       ms
[970.570s][info   ][gc,stats    ]       Phase: Pause Mark Start                              0.000 / 0.000         0.067 / 0.083         0.036 / 0.083         0.036 / 0.083       ms
[970.570s][info   ][gc,stats    ]       Phase: Pause Relocate Start                          0.000 / 0.000         0.028 / 0.033         0.031 / 0.079         0.031 / 0.079       ms
[970.570s][info   ][gc,stats    ]    Subphase: Concurrent Classes Purge                      0.000 / 0.000         7.122 / 14.226        3.431 / 14.226        3.431 / 14.226      ms
[970.570s][info   ][gc,stats    ]    Subphase: Concurrent Classes Unlink                     0.000 / 0.000       236.525 / 451.391     208.617 / 1768.670    208.617 / 1768.670    ms
[970.570s][info   ][gc,stats    ]    Subphase: Concurrent Mark                               0.000 / 0.000       220.138 / 238.125     393.707 / 1136.625    393.707 / 1136.625    ms
[970.570s][info   ][gc,stats    ]    Subphase: Concurrent Mark Try Flush                     0.000 / 0.000         0.152 / 0.186        30.942 / 148.506      30.942 / 148.506     ms
[970.570s][info   ][gc,stats    ]    Subphase: Concurrent Mark Try Terminate                 0.000 / 0.000         2.003 / 7.539         2.839 / 148.509       2.839 / 148.509     ms
[970.571s][info   ][gc,stats    ]    Subphase: Concurrent References Enqueue                 0.000 / 0.000         0.011 / 0.014         0.012 / 0.016         0.012 / 0.016       ms
[970.571s][info   ][gc,stats    ]    Subphase: Concurrent References Process                 0.000 / 0.000         1.387 / 2.501         0.753 / 2.501         0.753 / 2.501       ms
[970.571s][info   ][gc,stats    ]    Subphase: Concurrent Roots ClassLoaderDataGraph         0.000 / 0.000         0.985 / 2.051         0.587 / 2.051         0.587 / 2.051       ms
[970.571s][info   ][gc,stats    ]    Subphase: Concurrent Roots CodeCache                    0.000 / 0.000         0.000 / 0.000         0.000 / 0.000         0.000 / 0.000       ms
[970.571s][info   ][gc,stats    ]    Subphase: Concurrent Roots JavaThreads                  0.000 / 0.000         8.196 / 9.596        76.399 / 475.340      76.399 / 475.340     ms
[970.571s][info   ][gc,stats    ]    Subphase: Concurrent Roots OopStorageSet                0.000 / 0.000         0.378 / 0.708         0.184 / 0.708         0.184 / 0.708       ms
[970.571s][info   ][gc,stats    ]    Subphase: Concurrent Weak Roots OopStorageSet           0.000 / 0.000         4.243 / 4.708         4.495 / 9.700         4.495 / 9.700       ms
[970.571s][info   ][gc,stats    ]    Subphase: Pause Mark Try Complete                       0.000 / 0.000         0.000 / 0.000         0.053 / 0.195         0.053 / 0.195       ms
[970.571s][info   ][gc,stats    ]      System: Java Threads                                      0 / 0                46 / 47               63 / 137              63 / 137         threads
[970.571s][info   ][gc,stats    ] =========================================================================================================================================================
[980.563s][info   ][gc,stats    ] === Garbage Collection Statistics =======================================================================================================================
[980.563s][info   ][gc,stats    ]                                                              Last 10s              Last 10m              Last 10h                Total
[980.563s][info   ][gc,stats    ]                                                              Avg / Max             Avg / Max             Avg / Max             Avg / Max
[980.563s][info   ][gc,stats    ]   Collector: Garbage Collection Cycle                      0.000 / 0.000       509.132 / 736.961     866.345 / 3415.907    866.345 / 3415.907    ms
[980.564s][info   ][gc,stats    ]  Contention: Mark Segment Reset Contention                     0 / 0                 0 / 1                 0 / 2                 0 / 2           ops/s
[980.564s][info   ][gc,stats    ]  Contention: Mark SeqNum Reset Contention                      0 / 0                 0 / 0                 0 / 1                 0 / 1           ops/s
[980.564s][info   ][gc,stats    ]    Critical: Allocation Stall                                  0 / 0                 0 / 0                 0 / 0                 0 / 0           ops/s
[980.564s][info   ][gc,stats    ]    Critical: Allocation Stall                              0.000 / 0.000         0.000 / 0.000         0.000 / 0.000         0.000 / 0.000       ms
[980.564s][info   ][gc,stats    ]    Critical: GC Locker Stall                                   0 / 0                 0 / 0                 0 / 0                 0 / 0           ops/s
[980.564s][info   ][gc,stats    ]    Critical: GC Locker Stall                               0.000 / 0.000         0.000 / 0.000         0.000 / 0.000         0.000 / 0.000       ms
[980.564s][info   ][gc,stats    ]    Critical: Relocation Stall                                  0 / 0                 0 / 0                 0 / 0                 0 / 0           ops/s
[980.564s][info   ][gc,stats    ]    Critical: Relocation Stall                              0.000 / 0.000         0.000 / 0.000         0.000 / 0.000         0.000 / 0.000       ms
[980.564s][info   ][gc,stats    ]      Memory: Allocation Rate                                   0 / 2                 0 / 12                2 / 68                2 / 68          MB/s
[980.564s][info   ][gc,stats    ]      Memory: Defragment                                        0 / 0                 0 / 0                 0 / 0                 0 / 0           ops/s
[980.565s][info   ][gc,stats    ]      Memory: Out Of Memory                                     0 / 0                 0 / 0                 0 / 0                 0 / 0           ops/s
[980.565s][info   ][gc,stats    ]      Memory: Page Cache Flush                                  0 / 0                 0 / 0                 0 / 0                 0 / 0           MB/s
[980.565s][info   ][gc,stats    ]      Memory: Page Cache Hit L1                                 0 / 1                 0 / 15                1 / 30                1 / 30          ops/s
[980.565s][info   ][gc,stats    ]      Memory: Page Cache Hit L2                                 0 / 0                 0 / 0                 0 / 0                 0 / 0           ops/s
[980.565s][info   ][gc,stats    ]      Memory: Page Cache Hit L3                                 0 / 0                 0 / 0                 0 / 26                0 / 26          ops/s
[980.565s][info   ][gc,stats    ]      Memory: Page Cache Miss                                   0 / 0                 0 / 0                 0 / 1                 0 / 1           ops/s
[980.565s][info   ][gc,stats    ]      Memory: Uncommit                                          0 / 0                 0 / 0                 0 / 0                 0 / 0           MB/s
[980.565s][info   ][gc,stats    ]      Memory: Undo Object Allocation Failed                     0 / 0                 0 / 0                 0 / 1                 0 / 1           ops/s
[980.565s][info   ][gc,stats    ]      Memory: Undo Object Allocation Succeeded                  0 / 0                 0 / 0                 0 / 74                0 / 74          ops/s
[980.565s][info   ][gc,stats    ]      Memory: Undo Page Allocation                              0 / 0                 0 / 0                 0 / 1                 0 / 1           ops/s
[980.565s][info   ][gc,stats    ]       Phase: Concurrent Mark                               0.000 / 0.000       232.092 / 246.946     558.838 / 1491.398    558.838 / 1491.398    ms
[980.566s][info   ][gc,stats    ]       Phase: Concurrent Mark Continue                      0.000 / 0.000         0.000 / 0.000         0.000 / 0.000         0.000 / 0.000       ms
[980.566s][info   ][gc,stats    ]       Phase: Concurrent Mark Free                          0.000 / 0.000         0.002 / 0.002         0.002 / 0.004         0.002 / 0.004       ms
[980.566s][info   ][gc,stats    ]       Phase: Concurrent Process Non-Strong References      0.000 / 0.000       249.710 / 473.355     236.098 / 1850.321    236.098 / 1850.321    ms
[980.566s][info   ][gc,stats    ]       Phase: Concurrent Relocate                           0.000 / 0.000        18.185 / 33.849       15.473 / 33.849       15.473 / 33.849      ms
[980.566s][info   ][gc,stats    ]       Phase: Concurrent Reset Relocation Set               0.000 / 0.000         0.014 / 0.022         0.018 / 0.040         0.018 / 0.040       ms
[980.566s][info   ][gc,stats    ]       Phase: Concurrent Select Relocation Set              0.000 / 0.000         6.584 / 9.063         6.715 / 15.302        6.715 / 15.302      ms
[980.566s][info   ][gc,stats    ]       Phase: Pause Mark End                                0.000 / 0.000         0.038 / 0.043         0.107 / 0.333         0.107 / 0.333       ms
[980.566s][info   ][gc,stats    ]       Phase: Pause Mark Start                              0.000 / 0.000         0.067 / 0.083         0.036 / 0.083         0.036 / 0.083       ms
[980.566s][info   ][gc,stats    ]       Phase: Pause Relocate Start                          0.000 / 0.000         0.028 / 0.033         0.031 / 0.079         0.031 / 0.079       ms
[980.567s][info   ][gc,stats    ]    Subphase: Concurrent Classes Purge                      0.000 / 0.000         7.122 / 14.226        3.431 / 14.226        3.431 / 14.226      ms
[980.567s][info   ][gc,stats    ]    Subphase: Concurrent Classes Unlink                     0.000 / 0.000       236.525 / 451.391     208.617 / 1768.670    208.617 / 1768.670    ms
[980.567s][info   ][gc,stats    ]    Subphase: Concurrent Mark                               0.000 / 0.000       220.138 / 238.125     393.707 / 1136.625    393.707 / 1136.625    ms
[980.567s][info   ][gc,stats    ]    Subphase: Concurrent Mark Try Flush                     0.000 / 0.000         0.152 / 0.186        30.942 / 148.506      30.942 / 148.506     ms
[980.567s][info   ][gc,stats    ]    Subphase: Concurrent Mark Try Terminate                 0.000 / 0.000         2.003 / 7.539         2.839 / 148.509       2.839 / 148.509     ms
[980.567s][info   ][gc,stats    ]    Subphase: Concurrent References Enqueue                 0.000 / 0.000         0.011 / 0.014         0.012 / 0.016         0.012 / 0.016       ms
[980.567s][info   ][gc,stats    ]    Subphase: Concurrent References Process                 0.000 / 0.000         1.387 / 2.501         0.753 / 2.501         0.753 / 2.501       ms
[980.567s][info   ][gc,stats    ]    Subphase: Concurrent Roots ClassLoaderDataGraph         0.000 / 0.000         0.985 / 2.051         0.587 / 2.051         0.587 / 2.051       ms
[980.567s][info   ][gc,stats    ]    Subphase: Concurrent Roots CodeCache                    0.000 / 0.000         0.000 / 0.000         0.000 / 0.000         0.000 / 0.000       ms
[980.568s][info   ][gc,stats    ]    Subphase: Concurrent Roots JavaThreads                  0.000 / 0.000         8.196 / 9.596        76.399 / 475.340      76.399 / 475.340     ms
[980.568s][info   ][gc,stats    ]    Subphase: Concurrent Roots OopStorageSet                0.000 / 0.000         0.378 / 0.708         0.184 / 0.708         0.184 / 0.708       ms
[980.568s][info   ][gc,stats    ]    Subphase: Concurrent Weak Roots OopStorageSet           0.000 / 0.000         4.243 / 4.708         4.495 / 9.700         4.495 / 9.700       ms
[980.568s][info   ][gc,stats    ]    Subphase: Pause Mark Try Complete                       0.000 / 0.000         0.000 / 0.000         0.053 / 0.195         0.053 / 0.195       ms
[980.568s][info   ][gc,stats    ]      System: Java Threads                                      0 / 0                46 / 47               63 / 137              63 / 137         threads
[980.568s][info   ][gc,stats    ] =========================================================================================================================================================
[990.570s][info   ][gc,stats    ] === Garbage Collection Statistics =======================================================================================================================
[990.570s][info   ][gc,stats    ]                                                              Last 10s              Last 10m              Last 10h                Total
[990.570s][info   ][gc,stats    ]                                                              Avg / Max             Avg / Max             Avg / Max             Avg / Max
[990.571s][info   ][gc,stats    ]   Collector: Garbage Collection Cycle                      0.000 / 0.000       509.132 / 736.961     866.345 / 3415.907    866.345 / 3415.907    ms
[990.571s][info   ][gc,stats    ]  Contention: Mark Segment Reset Contention                     0 / 0                 0 / 1                 0 / 2                 0 / 2           ops/s
[990.571s][info   ][gc,stats    ]  Contention: Mark SeqNum Reset Contention                      0 / 0                 0 / 0                 0 / 1                 0 / 1           ops/s
[990.571s][info   ][gc,stats    ]    Critical: Allocation Stall                                  0 / 0                 0 / 0                 0 / 0                 0 / 0           ops/s
[990.571s][info   ][gc,stats    ]    Critical: Allocation Stall                              0.000 / 0.000         0.000 / 0.000         0.000 / 0.000         0.000 / 0.000       ms
[990.571s][info   ][gc,stats    ]    Critical: GC Locker Stall                                   0 / 0                 0 / 0                 0 / 0                 0 / 0           ops/s
[990.571s][info   ][gc,stats    ]    Critical: GC Locker Stall                               0.000 / 0.000         0.000 / 0.000         0.000 / 0.000         0.000 / 0.000       ms
[990.571s][info   ][gc,stats    ]    Critical: Relocation Stall                                  0 / 0                 0 / 0                 0 / 0                 0 / 0           ops/s
[990.572s][info   ][gc,stats    ]    Critical: Relocation Stall                              0.000 / 0.000         0.000 / 0.000         0.000 / 0.000         0.000 / 0.000       ms
[990.572s][info   ][gc,stats    ]      Memory: Allocation Rate                                   0 / 0                 0 / 12                2 / 68                2 / 68          MB/s
[990.572s][info   ][gc,stats    ]      Memory: Defragment                                        0 / 0                 0 / 0                 0 / 0                 0 / 0           ops/s
[990.572s][info   ][gc,stats    ]      Memory: Out Of Memory                                     0 / 0                 0 / 0                 0 / 0                 0 / 0           ops/s
[990.572s][info   ][gc,stats    ]      Memory: Page Cache Flush                                  0 / 0                 0 / 0                 0 / 0                 0 / 0           MB/s
[990.572s][info   ][gc,stats    ]      Memory: Page Cache Hit L1                                 0 / 0                 0 / 15                1 / 30                1 / 30          ops/s
[990.572s][info   ][gc,stats    ]      Memory: Page Cache Hit L2                                 0 / 0                 0 / 0                 0 / 0                 0 / 0           ops/s
[990.572s][info   ][gc,stats    ]      Memory: Page Cache Hit L3                                 0 / 0                 0 / 0                 0 / 26                0 / 26          ops/s
[990.573s][info   ][gc,stats    ]      Memory: Page Cache Miss                                   0 / 0                 0 / 0                 0 / 1                 0 / 1           ops/s
[990.573s][info   ][gc,stats    ]      Memory: Uncommit                                          0 / 0                 0 / 0                 0 / 0                 0 / 0           MB/s
[990.573s][info   ][gc,stats    ]      Memory: Undo Object Allocation Failed                     0 / 0                 0 / 0                 0 / 1                 0 / 1           ops/s
[990.573s][info   ][gc,stats    ]      Memory: Undo Object Allocation Succeeded                  0 / 0                 0 / 0                 0 / 74                0 / 74          ops/s
[990.573s][info   ][gc,stats    ]      Memory: Undo Page Allocation                              0 / 0                 0 / 0                 0 / 1                 0 / 1           ops/s
[990.574s][info   ][gc,stats    ]       Phase: Concurrent Mark                               0.000 / 0.000       232.092 / 246.946     558.838 / 1491.398    558.838 / 1491.398    ms
[990.574s][info   ][gc,stats    ]       Phase: Concurrent Mark Continue                      0.000 / 0.000         0.000 / 0.000         0.000 / 0.000         0.000 / 0.000       ms
[990.574s][info   ][gc,stats    ]       Phase: Concurrent Mark Free                          0.000 / 0.000         0.002 / 0.002         0.002 / 0.004         0.002 / 0.004       ms
[990.574s][info   ][gc,stats    ]       Phase: Concurrent Process Non-Strong References      0.000 / 0.000       249.710 / 473.355     236.098 / 1850.321    236.098 / 1850.321    ms
[990.574s][info   ][gc,stats    ]       Phase: Concurrent Relocate                           0.000 / 0.000        18.185 / 33.849       15.473 / 33.849       15.473 / 33.849      ms
[990.574s][info   ][gc,stats    ]       Phase: Concurrent Reset Relocation Set               0.000 / 0.000         0.014 / 0.022         0.018 / 0.040         0.018 / 0.040       ms
[990.574s][info   ][gc,stats    ]       Phase: Concurrent Select Relocation Set              0.000 / 0.000         6.584 / 9.063         6.715 / 15.302        6.715 / 15.302      ms
[990.575s][info   ][gc,stats    ]       Phase: Pause Mark End                                0.000 / 0.000         0.038 / 0.043         0.107 / 0.333         0.107 / 0.333       ms
[990.575s][info   ][gc,stats    ]       Phase: Pause Mark Start                              0.000 / 0.000         0.067 / 0.083         0.036 / 0.083         0.036 / 0.083       ms
[990.575s][info   ][gc,stats    ]       Phase: Pause Relocate Start                          0.000 / 0.000         0.028 / 0.033         0.031 / 0.079         0.031 / 0.079       ms
[990.575s][info   ][gc,stats    ]    Subphase: Concurrent Classes Purge                      0.000 / 0.000         7.122 / 14.226        3.431 / 14.226        3.431 / 14.226      ms
[990.575s][info   ][gc,stats    ]    Subphase: Concurrent Classes Unlink                     0.000 / 0.000       236.525 / 451.391     208.617 / 1768.670    208.617 / 1768.670    ms
[990.575s][info   ][gc,stats    ]    Subphase: Concurrent Mark                               0.000 / 0.000       220.138 / 238.125     393.707 / 1136.625    393.707 / 1136.625    ms
[990.575s][info   ][gc,stats    ]    Subphase: Concurrent Mark Try Flush                     0.000 / 0.000         0.152 / 0.186        30.942 / 148.506      30.942 / 148.506     ms
[990.575s][info   ][gc,stats    ]    Subphase: Concurrent Mark Try Terminate                 0.000 / 0.000         2.003 / 7.539         2.839 / 148.509       2.839 / 148.509     ms
[990.576s][info   ][gc,stats    ]    Subphase: Concurrent References Enqueue                 0.000 / 0.000         0.011 / 0.014         0.012 / 0.016         0.012 / 0.016       ms
[990.576s][info   ][gc,stats    ]    Subphase: Concurrent References Process                 0.000 / 0.000         1.387 / 2.501         0.753 / 2.501         0.753 / 2.501       ms
[990.576s][info   ][gc,stats    ]    Subphase: Concurrent Roots ClassLoaderDataGraph         0.000 / 0.000         0.985 / 2.051         0.587 / 2.051         0.587 / 2.051       ms
[990.576s][info   ][gc,stats    ]    Subphase: Concurrent Roots CodeCache                    0.000 / 0.000         0.000 / 0.000         0.000 / 0.000         0.000 / 0.000       ms
[990.576s][info   ][gc,stats    ]    Subphase: Concurrent Roots JavaThreads                  0.000 / 0.000         8.196 / 9.596        76.399 / 475.340      76.399 / 475.340     ms
[990.577s][info   ][gc,stats    ]    Subphase: Concurrent Roots OopStorageSet                0.000 / 0.000         0.378 / 0.708         0.184 / 0.708         0.184 / 0.708       ms
[990.577s][info   ][gc,stats    ]    Subphase: Concurrent Weak Roots OopStorageSet           0.000 / 0.000         4.243 / 4.708         4.495 / 9.700         4.495 / 9.700       ms
[990.577s][info   ][gc,stats    ]    Subphase: Pause Mark Try Complete                       0.000 / 0.000         0.000 / 0.000         0.053 / 0.195         0.053 / 0.195       ms
[990.577s][info   ][gc,stats    ]      System: Java Threads                                      0 / 0                46 / 47               63 / 137              63 / 137         threads
[990.577s][info   ][gc,stats    ] =========================================================================================================================================================
[1000.563s][info   ][gc,stats    ] === Garbage Collection Statistics =======================================================================================================================
[1000.563s][info   ][gc,stats    ]                                                              Last 10s              Last 10m              Last 10h                Total
[1000.563s][info   ][gc,stats    ]                                                              Avg / Max             Avg / Max             Avg / Max             Avg / Max
[1000.563s][info   ][gc,stats    ]   Collector: Garbage Collection Cycle                      0.000 / 0.000       509.132 / 736.961     866.345 / 3415.907    866.345 / 3415.907    ms
[1000.563s][info   ][gc,stats    ]  Contention: Mark Segment Reset Contention                     0 / 0                 0 / 1                 0 / 2                 0 / 2           ops/s
[1000.563s][info   ][gc,stats    ]  Contention: Mark SeqNum Reset Contention                      0 / 0                 0 / 0                 0 / 1                 0 / 1           ops/s
[1000.563s][info   ][gc,stats    ]    Critical: Allocation Stall                                  0 / 0                 0 / 0                 0 / 0                 0 / 0           ops/s
[1000.563s][info   ][gc,stats    ]    Critical: Allocation Stall                              0.000 / 0.000         0.000 / 0.000         0.000 / 0.000         0.000 / 0.000       ms
[1000.564s][info   ][gc,stats    ]    Critical: GC Locker Stall                                   0 / 0                 0 / 0                 0 / 0                 0 / 0           ops/s
[1000.564s][info   ][gc,stats    ]    Critical: GC Locker Stall                               0.000 / 0.000         0.000 / 0.000         0.000 / 0.000         0.000 / 0.000       ms
[1000.564s][info   ][gc,stats    ]    Critical: Relocation Stall                                  0 / 0                 0 / 0                 0 / 0                 0 / 0           ops/s
[1000.564s][info   ][gc,stats    ]    Critical: Relocation Stall                              0.000 / 0.000         0.000 / 0.000         0.000 / 0.000         0.000 / 0.000       ms
[1000.564s][info   ][gc,stats    ]      Memory: Allocation Rate                                   0 / 0                 0 / 12                2 / 68                2 / 68          MB/s
[1000.564s][info   ][gc,stats    ]      Memory: Defragment                                        0 / 0                 0 / 0                 0 / 0                 0 / 0           ops/s
[1000.564s][info   ][gc,stats    ]      Memory: Out Of Memory                                     0 / 0                 0 / 0                 0 / 0                 0 / 0           ops/s
[1000.564s][info   ][gc,stats    ]      Memory: Page Cache Flush                                  0 / 0                 0 / 0                 0 / 0                 0 / 0           MB/s
[1000.564s][info   ][gc,stats    ]      Memory: Page Cache Hit L1                                 0 / 0                 0 / 15                1 / 30                1 / 30          ops/s
[1000.564s][info   ][gc,stats    ]      Memory: Page Cache Hit L2                                 0 / 0                 0 / 0                 0 / 0                 0 / 0           ops/s
[1000.564s][info   ][gc,stats    ]      Memory: Page Cache Hit L3                                 0 / 0                 0 / 0                 0 / 26                0 / 26          ops/s
[1000.565s][info   ][gc,stats    ]      Memory: Page Cache Miss                                   0 / 0                 0 / 0                 0 / 1                 0 / 1           ops/s
[1000.565s][info   ][gc,stats    ]      Memory: Uncommit                                          0 / 0                 0 / 0                 0 / 0                 0 / 0           MB/s
[1000.565s][info   ][gc,stats    ]      Memory: Undo Object Allocation Failed                     0 / 0                 0 / 0                 0 / 1                 0 / 1           ops/s
[1000.565s][info   ][gc,stats    ]      Memory: Undo Object Allocation Succeeded                  0 / 0                 0 / 0                 0 / 74                0 / 74          ops/s
[1000.565s][info   ][gc,stats    ]      Memory: Undo Page Allocation                              0 / 0                 0 / 0                 0 / 1                 0 / 1           ops/s
[1000.565s][info   ][gc,stats    ]       Phase: Concurrent Mark                               0.000 / 0.000       232.092 / 246.946     558.838 / 1491.398    558.838 / 1491.398    ms
[1000.565s][info   ][gc,stats    ]       Phase: Concurrent Mark Continue                      0.000 / 0.000         0.000 / 0.000         0.000 / 0.000         0.000 / 0.000       ms
[1000.565s][info   ][gc,stats    ]       Phase: Concurrent Mark Free                          0.000 / 0.000         0.002 / 0.002         0.002 / 0.004         0.002 / 0.004       ms
[1000.565s][info   ][gc,stats    ]       Phase: Concurrent Process Non-Strong References      0.000 / 0.000       249.710 / 473.355     236.098 / 1850.321    236.098 / 1850.321    ms
[1000.565s][info   ][gc,stats    ]       Phase: Concurrent Relocate                           0.000 / 0.000        18.185 / 33.849       15.473 / 33.849       15.473 / 33.849      ms
[1000.565s][info   ][gc,stats    ]       Phase: Concurrent Reset Relocation Set               0.000 / 0.000         0.014 / 0.022         0.018 / 0.040         0.018 / 0.040       ms
[1000.565s][info   ][gc,stats    ]       Phase: Concurrent Select Relocation Set              0.000 / 0.000         6.584 / 9.063         6.715 / 15.302        6.715 / 15.302      ms
[1000.566s][info   ][gc,stats    ]       Phase: Pause Mark End                                0.000 / 0.000         0.038 / 0.043         0.107 / 0.333         0.107 / 0.333       ms
[1000.566s][info   ][gc,stats    ]       Phase: Pause Mark Start                              0.000 / 0.000         0.067 / 0.083         0.036 / 0.083         0.036 / 0.083       ms
[1000.566s][info   ][gc,stats    ]       Phase: Pause Relocate Start                          0.000 / 0.000         0.028 / 0.033         0.031 / 0.079         0.031 / 0.079       ms
[1000.566s][info   ][gc,stats    ]    Subphase: Concurrent Classes Purge                      0.000 / 0.000         7.122 / 14.226        3.431 / 14.226        3.431 / 14.226      ms
[1000.566s][info   ][gc,stats    ]    Subphase: Concurrent Classes Unlink                     0.000 / 0.000       236.525 / 451.391     208.617 / 1768.670    208.617 / 1768.670    ms
[1000.566s][info   ][gc,stats    ]    Subphase: Concurrent Mark                               0.000 / 0.000       220.138 / 238.125     393.707 / 1136.625    393.707 / 1136.625    ms
[1000.566s][info   ][gc,stats    ]    Subphase: Concurrent Mark Try Flush                     0.000 / 0.000         0.152 / 0.186        30.942 / 148.506      30.942 / 148.506     ms
[1000.566s][info   ][gc,stats    ]    Subphase: Concurrent Mark Try Terminate                 0.000 / 0.000         2.003 / 7.539         2.839 / 148.509       2.839 / 148.509     ms
[1000.566s][info   ][gc,stats    ]    Subphase: Concurrent References Enqueue                 0.000 / 0.000         0.011 / 0.014         0.012 / 0.016         0.012 / 0.016       ms
[1000.566s][info   ][gc,stats    ]    Subphase: Concurrent References Process                 0.000 / 0.000         1.387 / 2.501         0.753 / 2.501         0.753 / 2.501       ms
[1000.566s][info   ][gc,stats    ]    Subphase: Concurrent Roots ClassLoaderDataGraph         0.000 / 0.000         0.985 / 2.051         0.587 / 2.051         0.587 / 2.051       ms
[1000.566s][info   ][gc,stats    ]    Subphase: Concurrent Roots CodeCache                    0.000 / 0.000         0.000 / 0.000         0.000 / 0.000         0.000 / 0.000       ms
[1000.566s][info   ][gc,stats    ]    Subphase: Concurrent Roots JavaThreads                  0.000 / 0.000         8.196 / 9.596        76.399 / 475.340      76.399 / 475.340     ms
[1000.566s][info   ][gc,stats    ]    Subphase: Concurrent Roots OopStorageSet                0.000 / 0.000         0.378 / 0.708         0.184 / 0.708         0.184 / 0.708       ms
[1000.566s][info   ][gc,stats    ]    Subphase: Concurrent Weak Roots OopStorageSet           0.000 / 0.000         4.243 / 4.708         4.495 / 9.700         4.495 / 9.700       ms
[1000.566s][info   ][gc,stats    ]    Subphase: Pause Mark Try Complete                       0.000 / 0.000         0.000 / 0.000         0.053 / 0.195         0.053 / 0.195       ms
[1000.567s][info   ][gc,stats    ]      System: Java Threads                                      0 / 0                46 / 47               63 / 137              63 / 137         threads
[1000.567s][info   ][gc,stats    ] =========================================================================================================================================================
[1010.561s][info   ][gc,stats    ] === Garbage Collection Statistics =======================================================================================================================
[1010.561s][info   ][gc,stats    ]                                                              Last 10s              Last 10m              Last 10h                Total
[1010.561s][info   ][gc,stats    ]                                                              Avg / Max             Avg / Max             Avg / Max             Avg / Max
[1010.561s][info   ][gc,stats    ]   Collector: Garbage Collection Cycle                      0.000 / 0.000       509.132 / 736.961     866.345 / 3415.907    866.345 / 3415.907    ms
[1010.562s][info   ][gc,stats    ]  Contention: Mark Segment Reset Contention                     0 / 0                 0 / 1                 0 / 2                 0 / 2           ops/s
[1010.562s][info   ][gc,stats    ]  Contention: Mark SeqNum Reset Contention                      0 / 0                 0 / 0                 0 / 1                 0 / 1           ops/s
[1010.562s][info   ][gc,stats    ]    Critical: Allocation Stall                                  0 / 0                 0 / 0                 0 / 0                 0 / 0           ops/s
[1010.562s][info   ][gc,stats    ]    Critical: Allocation Stall                              0.000 / 0.000         0.000 / 0.000         0.000 / 0.000         0.000 / 0.000       ms
[1010.562s][info   ][gc,stats    ]    Critical: GC Locker Stall                                   0 / 0                 0 / 0                 0 / 0                 0 / 0           ops/s
[1010.562s][info   ][gc,stats    ]    Critical: GC Locker Stall                               0.000 / 0.000         0.000 / 0.000         0.000 / 0.000         0.000 / 0.000       ms
[1010.562s][info   ][gc,stats    ]    Critical: Relocation Stall                                  0 / 0                 0 / 0                 0 / 0                 0 / 0           ops/s
[1010.563s][info   ][gc,stats    ]    Critical: Relocation Stall                              0.000 / 0.000         0.000 / 0.000         0.000 / 0.000         0.000 / 0.000       ms
[1010.563s][info   ][gc,stats    ]      Memory: Allocation Rate                                   0 / 2                 0 / 12                2 / 68                2 / 68          MB/s
[1010.563s][info   ][gc,stats    ]      Memory: Defragment                                        0 / 0                 0 / 0                 0 / 0                 0 / 0           ops/s
[1010.563s][info   ][gc,stats    ]      Memory: Out Of Memory                                     0 / 0                 0 / 0                 0 / 0                 0 / 0           ops/s
[1010.564s][info   ][gc,stats    ]      Memory: Page Cache Flush                                  0 / 0                 0 / 0                 0 / 0                 0 / 0           MB/s
[1010.564s][info   ][gc,stats    ]      Memory: Page Cache Hit L1                                 0 / 1                 0 / 15                1 / 30                1 / 30          ops/s
[1010.564s][info   ][gc,stats    ]      Memory: Page Cache Hit L2                                 0 / 0                 0 / 0                 0 / 0                 0 / 0           ops/s
[1010.564s][info   ][gc,stats    ]      Memory: Page Cache Hit L3                                 0 / 0                 0 / 0                 0 / 26                0 / 26          ops/s
[1010.564s][info   ][gc,stats    ]      Memory: Page Cache Miss                                   0 / 0                 0 / 0                 0 / 1                 0 / 1           ops/s
[1010.564s][info   ][gc,stats    ]      Memory: Uncommit                                          0 / 0                 0 / 0                 0 / 0                 0 / 0           MB/s
[1010.565s][info   ][gc,stats    ]      Memory: Undo Object Allocation Failed                     0 / 0                 0 / 0                 0 / 1                 0 / 1           ops/s
[1010.565s][info   ][gc,stats    ]      Memory: Undo Object Allocation Succeeded                  0 / 0                 0 / 0                 0 / 74                0 / 74          ops/s
[1010.565s][info   ][gc,stats    ]      Memory: Undo Page Allocation                              0 / 0                 0 / 0                 0 / 1                 0 / 1           ops/s
[1010.565s][info   ][gc,stats    ]       Phase: Concurrent Mark                               0.000 / 0.000       232.092 / 246.946     558.838 / 1491.398    558.838 / 1491.398    ms
[1010.565s][info   ][gc,stats    ]       Phase: Concurrent Mark Continue                      0.000 / 0.000         0.000 / 0.000         0.000 / 0.000         0.000 / 0.000       ms
[1010.565s][info   ][gc,stats    ]       Phase: Concurrent Mark Free                          0.000 / 0.000         0.002 / 0.002         0.002 / 0.004         0.002 / 0.004       ms
[1010.565s][info   ][gc,stats    ]       Phase: Concurrent Process Non-Strong References      0.000 / 0.000       249.710 / 473.355     236.098 / 1850.321    236.098 / 1850.321    ms
[1010.565s][info   ][gc,stats    ]       Phase: Concurrent Relocate                           0.000 / 0.000        18.185 / 33.849       15.473 / 33.849       15.473 / 33.849      ms
[1010.565s][info   ][gc,stats    ]       Phase: Concurrent Reset Relocation Set               0.000 / 0.000         0.014 / 0.022         0.018 / 0.040         0.018 / 0.040       ms
[1010.565s][info   ][gc,stats    ]       Phase: Concurrent Select Relocation Set              0.000 / 0.000         6.584 / 9.063         6.715 / 15.302        6.715 / 15.302      ms
[1010.565s][info   ][gc,stats    ]       Phase: Pause Mark End                                0.000 / 0.000         0.038 / 0.043         0.107 / 0.333         0.107 / 0.333       ms
[1010.566s][info   ][gc,stats    ]       Phase: Pause Mark Start                              0.000 / 0.000         0.067 / 0.083         0.036 / 0.083         0.036 / 0.083       ms
[1010.566s][info   ][gc,stats    ]       Phase: Pause Relocate Start                          0.000 / 0.000         0.028 / 0.033         0.031 / 0.079         0.031 / 0.079       ms
[1010.566s][info   ][gc,stats    ]    Subphase: Concurrent Classes Purge                      0.000 / 0.000         7.122 / 14.226        3.431 / 14.226        3.431 / 14.226      ms
[1010.566s][info   ][gc,stats    ]    Subphase: Concurrent Classes Unlink                     0.000 / 0.000       236.525 / 451.391     208.617 / 1768.670    208.617 / 1768.670    ms
[1010.567s][info   ][gc,stats    ]    Subphase: Concurrent Mark                               0.000 / 0.000       220.138 / 238.125     393.707 / 1136.625    393.707 / 1136.625    ms
[1010.567s][info   ][gc,stats    ]    Subphase: Concurrent Mark Try Flush                     0.000 / 0.000         0.152 / 0.186        30.942 / 148.506      30.942 / 148.506     ms
[1010.567s][info   ][gc,stats    ]    Subphase: Concurrent Mark Try Terminate                 0.000 / 0.000         2.003 / 7.539         2.839 / 148.509       2.839 / 148.509     ms
[1010.567s][info   ][gc,stats    ]    Subphase: Concurrent References Enqueue                 0.000 / 0.000         0.011 / 0.014         0.012 / 0.016         0.012 / 0.016       ms
[1010.567s][info   ][gc,stats    ]    Subphase: Concurrent References Process                 0.000 / 0.000         1.387 / 2.501         0.753 / 2.501         0.753 / 2.501       ms
[1010.568s][info   ][gc,stats    ]    Subphase: Concurrent Roots ClassLoaderDataGraph         0.000 / 0.000         0.985 / 2.051         0.587 / 2.051         0.587 / 2.051       ms
[1010.568s][info   ][gc,stats    ]    Subphase: Concurrent Roots CodeCache                    0.000 / 0.000         0.000 / 0.000         0.000 / 0.000         0.000 / 0.000       ms
[1010.568s][info   ][gc,stats    ]    Subphase: Concurrent Roots JavaThreads                  0.000 / 0.000         8.196 / 9.596        76.399 / 475.340      76.399 / 475.340     ms
[1010.568s][info   ][gc,stats    ]    Subphase: Concurrent Roots OopStorageSet                0.000 / 0.000         0.378 / 0.708         0.184 / 0.708         0.184 / 0.708       ms
[1010.568s][info   ][gc,stats    ]    Subphase: Concurrent Weak Roots OopStorageSet           0.000 / 0.000         4.243 / 4.708         4.495 / 9.700         4.495 / 9.700       ms
[1010.568s][info   ][gc,stats    ]    Subphase: Pause Mark Try Complete                       0.000 / 0.000         0.000 / 0.000         0.053 / 0.195         0.053 / 0.195       ms
[1010.568s][info   ][gc,stats    ]      System: Java Threads                                      0 / 0                46 / 47               63 / 137              63 / 137         threads
[1010.569s][info   ][gc,stats    ] =========================================================================================================================================================
[1020.560s][info   ][gc,stats    ] === Garbage Collection Statistics =======================================================================================================================
[1020.560s][info   ][gc,stats    ]                                                              Last 10s              Last 10m              Last 10h                Total
[1020.560s][info   ][gc,stats    ]                                                              Avg / Max             Avg / Max             Avg / Max             Avg / Max
[1020.560s][info   ][gc,stats    ]   Collector: Garbage Collection Cycle                      0.000 / 0.000       509.132 / 736.961     866.345 / 3415.907    866.345 / 3415.907    ms
[1020.560s][info   ][gc,stats    ]  Contention: Mark Segment Reset Contention                     0 / 0                 0 / 1                 0 / 2                 0 / 2           ops/s
[1020.560s][info   ][gc,stats    ]  Contention: Mark SeqNum Reset Contention                      0 / 0                 0 / 0                 0 / 1                 0 / 1           ops/s
[1020.560s][info   ][gc,stats    ]    Critical: Allocation Stall                                  0 / 0                 0 / 0                 0 / 0                 0 / 0           ops/s
[1020.560s][info   ][gc,stats    ]    Critical: Allocation Stall                              0.000 / 0.000         0.000 / 0.000         0.000 / 0.000         0.000 / 0.000       ms
[1020.560s][info   ][gc,stats    ]    Critical: GC Locker Stall                                   0 / 0                 0 / 0                 0 / 0                 0 / 0           ops/s
[1020.560s][info   ][gc,stats    ]    Critical: GC Locker Stall                               0.000 / 0.000         0.000 / 0.000         0.000 / 0.000         0.000 / 0.000       ms
[1020.560s][info   ][gc,stats    ]    Critical: Relocation Stall                                  0 / 0                 0 / 0                 0 / 0                 0 / 0           ops/s
[1020.560s][info   ][gc,stats    ]    Critical: Relocation Stall                              0.000 / 0.000         0.000 / 0.000         0.000 / 0.000         0.000 / 0.000       ms
[1020.560s][info   ][gc,stats    ]      Memory: Allocation Rate                                   0 / 0                 0 / 12                2 / 68                2 / 68          MB/s
[1020.560s][info   ][gc,stats    ]      Memory: Defragment                                        0 / 0                 0 / 0                 0 / 0                 0 / 0           ops/s
[1020.560s][info   ][gc,stats    ]      Memory: Out Of Memory                                     0 / 0                 0 / 0                 0 / 0                 0 / 0           ops/s
[1020.560s][info   ][gc,stats    ]      Memory: Page Cache Flush                                  0 / 0                 0 / 0                 0 / 0                 0 / 0           MB/s
[1020.560s][info   ][gc,stats    ]      Memory: Page Cache Hit L1                                 0 / 0                 0 / 15                1 / 30                1 / 30          ops/s
[1020.560s][info   ][gc,stats    ]      Memory: Page Cache Hit L2                                 0 / 0                 0 / 0                 0 / 0                 0 / 0           ops/s
[1020.561s][info   ][gc,stats    ]      Memory: Page Cache Hit L3                                 0 / 0                 0 / 0                 0 / 26                0 / 26          ops/s
[1020.561s][info   ][gc,stats    ]      Memory: Page Cache Miss                                   0 / 0                 0 / 0                 0 / 1                 0 / 1           ops/s
[1020.561s][info   ][gc,stats    ]      Memory: Uncommit                                          0 / 0                 0 / 0                 0 / 0                 0 / 0           MB/s
[1020.561s][info   ][gc,stats    ]      Memory: Undo Object Allocation Failed                     0 / 0                 0 / 0                 0 / 1                 0 / 1           ops/s
[1020.561s][info   ][gc,stats    ]      Memory: Undo Object Allocation Succeeded                  0 / 0                 0 / 0                 0 / 74                0 / 74          ops/s
[1020.561s][info   ][gc,stats    ]      Memory: Undo Page Allocation                              0 / 0                 0 / 0                 0 / 1                 0 / 1           ops/s
[1020.561s][info   ][gc,stats    ]       Phase: Concurrent Mark                               0.000 / 0.000       232.092 / 246.946     558.838 / 1491.398    558.838 / 1491.398    ms
[1020.561s][info   ][gc,stats    ]       Phase: Concurrent Mark Continue                      0.000 / 0.000         0.000 / 0.000         0.000 / 0.000         0.000 / 0.000       ms
[1020.561s][info   ][gc,stats    ]       Phase: Concurrent Mark Free                          0.000 / 0.000         0.002 / 0.002         0.002 / 0.004         0.002 / 0.004       ms
[1020.561s][info   ][gc,stats    ]       Phase: Concurrent Process Non-Strong References      0.000 / 0.000       249.710 / 473.355     236.098 / 1850.321    236.098 / 1850.321    ms
[1020.561s][info   ][gc,stats    ]       Phase: Concurrent Relocate                           0.000 / 0.000        18.185 / 33.849       15.473 / 33.849       15.473 / 33.849      ms
[1020.561s][info   ][gc,stats    ]       Phase: Concurrent Reset Relocation Set               0.000 / 0.000         0.014 / 0.022         0.018 / 0.040         0.018 / 0.040       ms
[1020.561s][info   ][gc,stats    ]       Phase: Concurrent Select Relocation Set              0.000 / 0.000         6.584 / 9.063         6.715 / 15.302        6.715 / 15.302      ms
[1020.561s][info   ][gc,stats    ]       Phase: Pause Mark End                                0.000 / 0.000         0.038 / 0.043         0.107 / 0.333         0.107 / 0.333       ms
[1020.561s][info   ][gc,stats    ]       Phase: Pause Mark Start                              0.000 / 0.000         0.067 / 0.083         0.036 / 0.083         0.036 / 0.083       ms
[1020.561s][info   ][gc,stats    ]       Phase: Pause Relocate Start                          0.000 / 0.000         0.028 / 0.033         0.031 / 0.079         0.031 / 0.079       ms
[1020.562s][info   ][gc,stats    ]    Subphase: Concurrent Classes Purge                      0.000 / 0.000         7.122 / 14.226        3.431 / 14.226        3.431 / 14.226      ms
[1020.562s][info   ][gc,stats    ]    Subphase: Concurrent Classes Unlink                     0.000 / 0.000       236.525 / 451.391     208.617 / 1768.670    208.617 / 1768.670    ms
[1020.562s][info   ][gc,stats    ]    Subphase: Concurrent Mark                               0.000 / 0.000       220.138 / 238.125     393.707 / 1136.625    393.707 / 1136.625    ms
[1020.562s][info   ][gc,stats    ]    Subphase: Concurrent Mark Try Flush                     0.000 / 0.000         0.152 / 0.186        30.942 / 148.506      30.942 / 148.506     ms
[1020.562s][info   ][gc,stats    ]    Subphase: Concurrent Mark Try Terminate                 0.000 / 0.000         2.003 / 7.539         2.839 / 148.509       2.839 / 148.509     ms
[1020.562s][info   ][gc,stats    ]    Subphase: Concurrent References Enqueue                 0.000 / 0.000         0.011 / 0.014         0.012 / 0.016         0.012 / 0.016       ms
[1020.562s][info   ][gc,stats    ]    Subphase: Concurrent References Process                 0.000 / 0.000         1.387 / 2.501         0.753 / 2.501         0.753 / 2.501       ms
[1020.562s][info   ][gc,stats    ]    Subphase: Concurrent Roots ClassLoaderDataGraph         0.000 / 0.000         0.985 / 2.051         0.587 / 2.051         0.587 / 2.051       ms
[1020.562s][info   ][gc,stats    ]    Subphase: Concurrent Roots CodeCache                    0.000 / 0.000         0.000 / 0.000         0.000 / 0.000         0.000 / 0.000       ms
[1020.562s][info   ][gc,stats    ]    Subphase: Concurrent Roots JavaThreads                  0.000 / 0.000         8.196 / 9.596        76.399 / 475.340      76.399 / 475.340     ms
[1020.562s][info   ][gc,stats    ]    Subphase: Concurrent Roots OopStorageSet                0.000 / 0.000         0.378 / 0.708         0.184 / 0.708         0.184 / 0.708       ms
[1020.562s][info   ][gc,stats    ]    Subphase: Concurrent Weak Roots OopStorageSet           0.000 / 0.000         4.243 / 4.708         4.495 / 9.700         4.495 / 9.700       ms
[1020.562s][info   ][gc,stats    ]    Subphase: Pause Mark Try Complete                       0.000 / 0.000         0.000 / 0.000         0.053 / 0.195         0.053 / 0.195       ms
[1020.562s][info   ][gc,stats    ]      System: Java Threads                                      0 / 0                46 / 47               63 / 137              63 / 137         threads
[1020.562s][info   ][gc,stats    ] =========================================================================================================================================================
[1030.565s][info   ][gc,stats    ] === Garbage Collection Statistics =======================================================================================================================
[1030.565s][info   ][gc,stats    ]                                                              Last 10s              Last 10m              Last 10h                Total
[1030.565s][info   ][gc,stats    ]                                                              Avg / Max             Avg / Max             Avg / Max             Avg / Max
[1030.565s][info   ][gc,stats    ]   Collector: Garbage Collection Cycle                      0.000 / 0.000       509.132 / 736.961     866.345 / 3415.907    866.345 / 3415.907    ms
[1030.566s][info   ][gc,stats    ]  Contention: Mark Segment Reset Contention                     0 / 0                 0 / 1                 0 / 2                 0 / 2           ops/s
[1030.566s][info   ][gc,stats    ]  Contention: Mark SeqNum Reset Contention                      0 / 0                 0 / 0                 0 / 1                 0 / 1           ops/s
[1030.566s][info   ][gc,stats    ]    Critical: Allocation Stall                                  0 / 0                 0 / 0                 0 / 0                 0 / 0           ops/s
[1030.566s][info   ][gc,stats    ]    Critical: Allocation Stall                              0.000 / 0.000         0.000 / 0.000         0.000 / 0.000         0.000 / 0.000       ms
[1030.566s][info   ][gc,stats    ]    Critical: GC Locker Stall                                   0 / 0                 0 / 0                 0 / 0                 0 / 0           ops/s
[1030.567s][info   ][gc,stats    ]    Critical: GC Locker Stall                               0.000 / 0.000         0.000 / 0.000         0.000 / 0.000         0.000 / 0.000       ms
[1030.567s][info   ][gc,stats    ]    Critical: Relocation Stall                                  0 / 0                 0 / 0                 0 / 0                 0 / 0           ops/s
[1030.567s][info   ][gc,stats    ]    Critical: Relocation Stall                              0.000 / 0.000         0.000 / 0.000         0.000 / 0.000         0.000 / 0.000       ms
[1030.567s][info   ][gc,stats    ]      Memory: Allocation Rate                                   0 / 0                 0 / 12                2 / 68                2 / 68          MB/s
[1030.567s][info   ][gc,stats    ]      Memory: Defragment                                        0 / 0                 0 / 0                 0 / 0                 0 / 0           ops/s
[1030.567s][info   ][gc,stats    ]      Memory: Out Of Memory                                     0 / 0                 0 / 0                 0 / 0                 0 / 0           ops/s
[1030.568s][info   ][gc,stats    ]      Memory: Page Cache Flush                                  0 / 0                 0 / 0                 0 / 0                 0 / 0           MB/s
[1030.568s][info   ][gc,stats    ]      Memory: Page Cache Hit L1                                 0 / 0                 0 / 15                1 / 30                1 / 30          ops/s
[1030.568s][info   ][gc,stats    ]      Memory: Page Cache Hit L2                                 0 / 0                 0 / 0                 0 / 0                 0 / 0           ops/s
[1030.568s][info   ][gc,stats    ]      Memory: Page Cache Hit L3                                 0 / 0                 0 / 0                 0 / 26                0 / 26          ops/s
[1030.568s][info   ][gc,stats    ]      Memory: Page Cache Miss                                   0 / 0                 0 / 0                 0 / 1                 0 / 1           ops/s
[1030.568s][info   ][gc,stats    ]      Memory: Uncommit                                          0 / 0                 0 / 0                 0 / 0                 0 / 0           MB/s
[1030.569s][info   ][gc,stats    ]      Memory: Undo Object Allocation Failed                     0 / 0                 0 / 0                 0 / 1                 0 / 1           ops/s
[1030.569s][info   ][gc,stats    ]      Memory: Undo Object Allocation Succeeded                  0 / 0                 0 / 0                 0 / 74                0 / 74          ops/s
[1030.569s][info   ][gc,stats    ]      Memory: Undo Page Allocation                              0 / 0                 0 / 0                 0 / 1                 0 / 1           ops/s
[1030.569s][info   ][gc,stats    ]       Phase: Concurrent Mark                               0.000 / 0.000       232.092 / 246.946     558.838 / 1491.398    558.838 / 1491.398    ms
[1030.570s][info   ][gc,stats    ]       Phase: Concurrent Mark Continue                      0.000 / 0.000         0.000 / 0.000         0.000 / 0.000         0.000 / 0.000       ms
[1030.570s][info   ][gc,stats    ]       Phase: Concurrent Mark Free                          0.000 / 0.000         0.002 / 0.002         0.002 / 0.004         0.002 / 0.004       ms
[1030.570s][info   ][gc,stats    ]       Phase: Concurrent Process Non-Strong References      0.000 / 0.000       249.710 / 473.355     236.098 / 1850.321    236.098 / 1850.321    ms
[1030.570s][info   ][gc,stats    ]       Phase: Concurrent Relocate                           0.000 / 0.000        18.185 / 33.849       15.473 / 33.849       15.473 / 33.849      ms
[1030.570s][info   ][gc,stats    ]       Phase: Concurrent Reset Relocation Set               0.000 / 0.000         0.014 / 0.022         0.018 / 0.040         0.018 / 0.040       ms
[1030.571s][info   ][gc,stats    ]       Phase: Concurrent Select Relocation Set              0.000 / 0.000         6.584 / 9.063         6.715 / 15.302        6.715 / 15.302      ms
[1030.571s][info   ][gc,stats    ]       Phase: Pause Mark End                                0.000 / 0.000         0.038 / 0.043         0.107 / 0.333         0.107 / 0.333       ms
[1030.571s][info   ][gc,stats    ]       Phase: Pause Mark Start                              0.000 / 0.000         0.067 / 0.083         0.036 / 0.083         0.036 / 0.083       ms
[1030.571s][info   ][gc,stats    ]       Phase: Pause Relocate Start                          0.000 / 0.000         0.028 / 0.033         0.031 / 0.079         0.031 / 0.079       ms
[1030.571s][info   ][gc,stats    ]    Subphase: Concurrent Classes Purge                      0.000 / 0.000         7.122 / 14.226        3.431 / 14.226        3.431 / 14.226      ms
[1030.571s][info   ][gc,stats    ]    Subphase: Concurrent Classes Unlink                     0.000 / 0.000       236.525 / 451.391     208.617 / 1768.670    208.617 / 1768.670    ms
[1030.571s][info   ][gc,stats    ]    Subphase: Concurrent Mark                               0.000 / 0.000       220.138 / 238.125     393.707 / 1136.625    393.707 / 1136.625    ms
[1030.571s][info   ][gc,stats    ]    Subphase: Concurrent Mark Try Flush                     0.000 / 0.000         0.152 / 0.186        30.942 / 148.506      30.942 / 148.506     ms
[1030.571s][info   ][gc,stats    ]    Subphase: Concurrent Mark Try Terminate                 0.000 / 0.000         2.003 / 7.539         2.839 / 148.509       2.839 / 148.509     ms
[1030.571s][info   ][gc,stats    ]    Subphase: Concurrent References Enqueue                 0.000 / 0.000         0.011 / 0.014         0.012 / 0.016         0.012 / 0.016       ms
[1030.571s][info   ][gc,stats    ]    Subphase: Concurrent References Process                 0.000 / 0.000         1.387 / 2.501         0.753 / 2.501         0.753 / 2.501       ms
[1030.571s][info   ][gc,stats    ]    Subphase: Concurrent Roots ClassLoaderDataGraph         0.000 / 0.000         0.985 / 2.051         0.587 / 2.051         0.587 / 2.051       ms
[1030.572s][info   ][gc,stats    ]    Subphase: Concurrent Roots CodeCache                    0.000 / 0.000         0.000 / 0.000         0.000 / 0.000         0.000 / 0.000       ms
[1030.572s][info   ][gc,stats    ]    Subphase: Concurrent Roots JavaThreads                  0.000 / 0.000         8.196 / 9.596        76.399 / 475.340      76.399 / 475.340     ms
[1030.572s][info   ][gc,stats    ]    Subphase: Concurrent Roots OopStorageSet                0.000 / 0.000         0.378 / 0.708         0.184 / 0.708         0.184 / 0.708       ms
[1030.572s][info   ][gc,stats    ]    Subphase: Concurrent Weak Roots OopStorageSet           0.000 / 0.000         4.243 / 4.708         4.495 / 9.700         4.495 / 9.700       ms
[1030.572s][info   ][gc,stats    ]    Subphase: Pause Mark Try Complete                       0.000 / 0.000         0.000 / 0.000         0.053 / 0.195         0.053 / 0.195       ms
[1030.572s][info   ][gc,stats    ]      System: Java Threads                                      0 / 0                46 / 47               63 / 137              63 / 137         threads
[1030.572s][info   ][gc,stats    ] =========================================================================================================================================================
[1040.560s][info   ][gc,stats    ] === Garbage Collection Statistics =======================================================================================================================
[1040.560s][info   ][gc,stats    ]                                                              Last 10s              Last 10m              Last 10h                Total
[1040.560s][info   ][gc,stats    ]                                                              Avg / Max             Avg / Max             Avg / Max             Avg / Max
[1040.560s][info   ][gc,stats    ]   Collector: Garbage Collection Cycle                      0.000 / 0.000       509.132 / 736.961     866.345 / 3415.907    866.345 / 3415.907    ms
[1040.560s][info   ][gc,stats    ]  Contention: Mark Segment Reset Contention                     0 / 0                 0 / 1                 0 / 2                 0 / 2           ops/s
[1040.561s][info   ][gc,stats    ]  Contention: Mark SeqNum Reset Contention                      0 / 0                 0 / 0                 0 / 1                 0 / 1           ops/s
[1040.561s][info   ][gc,stats    ]    Critical: Allocation Stall                                  0 / 0                 0 / 0                 0 / 0                 0 / 0           ops/s
[1040.561s][info   ][gc,stats    ]    Critical: Allocation Stall                              0.000 / 0.000         0.000 / 0.000         0.000 / 0.000         0.000 / 0.000       ms
[1040.561s][info   ][gc,stats    ]    Critical: GC Locker Stall                                   0 / 0                 0 / 0                 0 / 0                 0 / 0           ops/s
[1040.561s][info   ][gc,stats    ]    Critical: GC Locker Stall                               0.000 / 0.000         0.000 / 0.000         0.000 / 0.000         0.000 / 0.000       ms
[1040.561s][info   ][gc,stats    ]    Critical: Relocation Stall                                  0 / 0                 0 / 0                 0 / 0                 0 / 0           ops/s
[1040.562s][info   ][gc,stats    ]    Critical: Relocation Stall                              0.000 / 0.000         0.000 / 0.000         0.000 / 0.000         0.000 / 0.000       ms
[1040.562s][info   ][gc,stats    ]      Memory: Allocation Rate                                   0 / 0                 0 / 12                2 / 68                2 / 68          MB/s
[1040.562s][info   ][gc,stats    ]      Memory: Defragment                                        0 / 0                 0 / 0                 0 / 0                 0 / 0           ops/s
[1040.562s][info   ][gc,stats    ]      Memory: Out Of Memory                                     0 / 0                 0 / 0                 0 / 0                 0 / 0           ops/s
[1040.562s][info   ][gc,stats    ]      Memory: Page Cache Flush                                  0 / 0                 0 / 0                 0 / 0                 0 / 0           MB/s
[1040.562s][info   ][gc,stats    ]      Memory: Page Cache Hit L1                                 0 / 0                 0 / 15                1 / 30                1 / 30          ops/s
[1040.563s][info   ][gc,stats    ]      Memory: Page Cache Hit L2                                 0 / 0                 0 / 0                 0 / 0                 0 / 0           ops/s
[1040.563s][info   ][gc,stats    ]      Memory: Page Cache Hit L3                                 0 / 0                 0 / 0                 0 / 26                0 / 26          ops/s
[1040.563s][info   ][gc,stats    ]      Memory: Page Cache Miss                                   0 / 0                 0 / 0                 0 / 1                 0 / 1           ops/s
[1040.563s][info   ][gc,stats    ]      Memory: Uncommit                                          0 / 0                 0 / 0                 0 / 0                 0 / 0           MB/s
[1040.563s][info   ][gc,stats    ]      Memory: Undo Object Allocation Failed                     0 / 0                 0 / 0                 0 / 1                 0 / 1           ops/s
[1040.563s][info   ][gc,stats    ]      Memory: Undo Object Allocation Succeeded                  0 / 0                 0 / 0                 0 / 74                0 / 74          ops/s
[1040.564s][info   ][gc,stats    ]      Memory: Undo Page Allocation                              0 / 0                 0 / 0                 0 / 1                 0 / 1           ops/s
[1040.564s][info   ][gc,stats    ]       Phase: Concurrent Mark                               0.000 / 0.000       232.092 / 246.946     558.838 / 1491.398    558.838 / 1491.398    ms
[1040.564s][info   ][gc,stats    ]       Phase: Concurrent Mark Continue                      0.000 / 0.000         0.000 / 0.000         0.000 / 0.000         0.000 / 0.000       ms
[1040.564s][info   ][gc,stats    ]       Phase: Concurrent Mark Free                          0.000 / 0.000         0.002 / 0.002         0.002 / 0.004         0.002 / 0.004       ms
[1040.564s][info   ][gc,stats    ]       Phase: Concurrent Process Non-Strong References      0.000 / 0.000       249.710 / 473.355     236.098 / 1850.321    236.098 / 1850.321    ms
[1040.564s][info   ][gc,stats    ]       Phase: Concurrent Relocate                           0.000 / 0.000        18.185 / 33.849       15.473 / 33.849       15.473 / 33.849      ms
[1040.565s][info   ][gc,stats    ]       Phase: Concurrent Reset Relocation Set               0.000 / 0.000         0.014 / 0.022         0.018 / 0.040         0.018 / 0.040       ms
[1040.565s][info   ][gc,stats    ]       Phase: Concurrent Select Relocation Set              0.000 / 0.000         6.584 / 9.063         6.715 / 15.302        6.715 / 15.302      ms
[1040.565s][info   ][gc,stats    ]       Phase: Pause Mark End                                0.000 / 0.000         0.038 / 0.043         0.107 / 0.333         0.107 / 0.333       ms
[1040.565s][info   ][gc,stats    ]       Phase: Pause Mark Start                              0.000 / 0.000         0.067 / 0.083         0.036 / 0.083         0.036 / 0.083       ms
[1040.565s][info   ][gc,stats    ]       Phase: Pause Relocate Start                          0.000 / 0.000         0.028 / 0.033         0.031 / 0.079         0.031 / 0.079       ms
[1040.565s][info   ][gc,stats    ]    Subphase: Concurrent Classes Purge                      0.000 / 0.000         7.122 / 14.226        3.431 / 14.226        3.431 / 14.226      ms
[1040.565s][info   ][gc,stats    ]    Subphase: Concurrent Classes Unlink                     0.000 / 0.000       236.525 / 451.391     208.617 / 1768.670    208.617 / 1768.670    ms
[1040.566s][info   ][gc,stats    ]    Subphase: Concurrent Mark                               0.000 / 0.000       220.138 / 238.125     393.707 / 1136.625    393.707 / 1136.625    ms
[1040.566s][info   ][gc,stats    ]    Subphase: Concurrent Mark Try Flush                     0.000 / 0.000         0.152 / 0.186        30.942 / 148.506      30.942 / 148.506     ms
[1040.566s][info   ][gc,stats    ]    Subphase: Concurrent Mark Try Terminate                 0.000 / 0.000         2.003 / 7.539         2.839 / 148.509       2.839 / 148.509     ms
[1040.566s][info   ][gc,stats    ]    Subphase: Concurrent References Enqueue                 0.000 / 0.000         0.011 / 0.014         0.012 / 0.016         0.012 / 0.016       ms
[1040.566s][info   ][gc,stats    ]    Subphase: Concurrent References Process                 0.000 / 0.000         1.387 / 2.501         0.753 / 2.501         0.753 / 2.501       ms
[1040.566s][info   ][gc,stats    ]    Subphase: Concurrent Roots ClassLoaderDataGraph         0.000 / 0.000         0.985 / 2.051         0.587 / 2.051         0.587 / 2.051       ms
[1040.566s][info   ][gc,stats    ]    Subphase: Concurrent Roots CodeCache                    0.000 / 0.000         0.000 / 0.000         0.000 / 0.000         0.000 / 0.000       ms
[1040.567s][info   ][gc,stats    ]    Subphase: Concurrent Roots JavaThreads                  0.000 / 0.000         8.196 / 9.596        76.399 / 475.340      76.399 / 475.340     ms
[1040.567s][info   ][gc,stats    ]    Subphase: Concurrent Roots OopStorageSet                0.000 / 0.000         0.378 / 0.708         0.184 / 0.708         0.184 / 0.708       ms
[1040.567s][info   ][gc,stats    ]    Subphase: Concurrent Weak Roots OopStorageSet           0.000 / 0.000         4.243 / 4.708         4.495 / 9.700         4.495 / 9.700       ms
[1040.567s][info   ][gc,stats    ]    Subphase: Pause Mark Try Complete                       0.000 / 0.000         0.000 / 0.000         0.053 / 0.195         0.053 / 0.195       ms
[1040.567s][info   ][gc,stats    ]      System: Java Threads                                      0 / 0                46 / 47               63 / 137              63 / 137         threads
[1040.567s][info   ][gc,stats    ] =========================================================================================================================================================
[1050.559s][info   ][gc,stats    ] === Garbage Collection Statistics =======================================================================================================================
[1050.559s][info   ][gc,stats    ]                                                              Last 10s              Last 10m              Last 10h                Total
[1050.559s][info   ][gc,stats    ]                                                              Avg / Max             Avg / Max             Avg / Max             Avg / Max
[1050.559s][info   ][gc,stats    ]   Collector: Garbage Collection Cycle                      0.000 / 0.000       509.132 / 736.961     866.345 / 3415.907    866.345 / 3415.907    ms
[1050.559s][info   ][gc,stats    ]  Contention: Mark Segment Reset Contention                     0 / 0                 0 / 1                 0 / 2                 0 / 2           ops/s
[1050.559s][info   ][gc,stats    ]  Contention: Mark SeqNum Reset Contention                      0 / 0                 0 / 0                 0 / 1                 0 / 1           ops/s
[1050.559s][info   ][gc,stats    ]    Critical: Allocation Stall                                  0 / 0                 0 / 0                 0 / 0                 0 / 0           ops/s
[1050.560s][info   ][gc,stats    ]    Critical: Allocation Stall                              0.000 / 0.000         0.000 / 0.000         0.000 / 0.000         0.000 / 0.000       ms
[1050.560s][info   ][gc,stats    ]    Critical: GC Locker Stall                                   0 / 0                 0 / 0                 0 / 0                 0 / 0           ops/s
[1050.560s][info   ][gc,stats    ]    Critical: GC Locker Stall                               0.000 / 0.000         0.000 / 0.000         0.000 / 0.000         0.000 / 0.000       ms
[1050.560s][info   ][gc,stats    ]    Critical: Relocation Stall                                  0 / 0                 0 / 0                 0 / 0                 0 / 0           ops/s
[1050.560s][info   ][gc,stats    ]    Critical: Relocation Stall                              0.000 / 0.000         0.000 / 0.000         0.000 / 0.000         0.000 / 0.000       ms
[1050.560s][info   ][gc,stats    ]      Memory: Allocation Rate                                   0 / 0                 0 / 12                2 / 68                2 / 68          MB/s
[1050.560s][info   ][gc,stats    ]      Memory: Defragment                                        0 / 0                 0 / 0                 0 / 0                 0 / 0           ops/s
[1050.560s][info   ][gc,stats    ]      Memory: Out Of Memory                                     0 / 0                 0 / 0                 0 / 0                 0 / 0           ops/s
[1050.560s][info   ][gc,stats    ]      Memory: Page Cache Flush                                  0 / 0                 0 / 0                 0 / 0                 0 / 0           MB/s
[1050.560s][info   ][gc,stats    ]      Memory: Page Cache Hit L1                                 0 / 0                 0 / 15                1 / 30                1 / 30          ops/s
[1050.560s][info   ][gc,stats    ]      Memory: Page Cache Hit L2                                 0 / 0                 0 / 0                 0 / 0                 0 / 0           ops/s
[1050.560s][info   ][gc,stats    ]      Memory: Page Cache Hit L3                                 0 / 0                 0 / 0                 0 / 26                0 / 26          ops/s
[1050.560s][info   ][gc,stats    ]      Memory: Page Cache Miss                                   0 / 0                 0 / 0                 0 / 1                 0 / 1           ops/s
[1050.560s][info   ][gc,stats    ]      Memory: Uncommit                                          0 / 0                 0 / 0                 0 / 0                 0 / 0           MB/s
[1050.560s][info   ][gc,stats    ]      Memory: Undo Object Allocation Failed                     0 / 0                 0 / 0                 0 / 1                 0 / 1           ops/s
[1050.560s][info   ][gc,stats    ]      Memory: Undo Object Allocation Succeeded                  0 / 0                 0 / 0                 0 / 74                0 / 74          ops/s
[1050.560s][info   ][gc,stats    ]      Memory: Undo Page Allocation                              0 / 0                 0 / 0                 0 / 1                 0 / 1           ops/s
[1050.567s][info   ][gc,stats    ]       Phase: Concurrent Mark                               0.000 / 0.000       232.092 / 246.946     558.838 / 1491.398    558.838 / 1491.398    ms
[1050.567s][info   ][gc,stats    ]       Phase: Concurrent Mark Continue                      0.000 / 0.000         0.000 / 0.000         0.000 / 0.000         0.000 / 0.000       ms
[1050.567s][info   ][gc,stats    ]       Phase: Concurrent Mark Free                          0.000 / 0.000         0.002 / 0.002         0.002 / 0.004         0.002 / 0.004       ms
[1050.567s][info   ][gc,stats    ]       Phase: Concurrent Process Non-Strong References      0.000 / 0.000       249.710 / 473.355     236.098 / 1850.321    236.098 / 1850.321    ms
[1050.567s][info   ][gc,stats    ]       Phase: Concurrent Relocate                           0.000 / 0.000        18.185 / 33.849       15.473 / 33.849       15.473 / 33.849      ms
[1050.567s][info   ][gc,stats    ]       Phase: Concurrent Reset Relocation Set               0.000 / 0.000         0.014 / 0.022         0.018 / 0.040         0.018 / 0.040       ms
[1050.568s][info   ][gc,stats    ]       Phase: Concurrent Select Relocation Set              0.000 / 0.000         6.584 / 9.063         6.715 / 15.302        6.715 / 15.302      ms
[1050.568s][info   ][gc,stats    ]       Phase: Pause Mark End                                0.000 / 0.000         0.038 / 0.043         0.107 / 0.333         0.107 / 0.333       ms
[1050.568s][info   ][gc,stats    ]       Phase: Pause Mark Start                              0.000 / 0.000         0.067 / 0.083         0.036 / 0.083         0.036 / 0.083       ms
[1050.568s][info   ][gc,stats    ]       Phase: Pause Relocate Start                          0.000 / 0.000         0.028 / 0.033         0.031 / 0.079         0.031 / 0.079       ms
[1050.568s][info   ][gc,stats    ]    Subphase: Concurrent Classes Purge                      0.000 / 0.000         7.122 / 14.226        3.431 / 14.226        3.431 / 14.226      ms
[1050.568s][info   ][gc,stats    ]    Subphase: Concurrent Classes Unlink                     0.000 / 0.000       236.525 / 451.391     208.617 / 1768.670    208.617 / 1768.670    ms
[1050.568s][info   ][gc,stats    ]    Subphase: Concurrent Mark                               0.000 / 0.000       220.138 / 238.125     393.707 / 1136.625    393.707 / 1136.625    ms
[1050.568s][info   ][gc,stats    ]    Subphase: Concurrent Mark Try Flush                     0.000 / 0.000         0.152 / 0.186        30.942 / 148.506      30.942 / 148.506     ms
[1050.568s][info   ][gc,stats    ]    Subphase: Concurrent Mark Try Terminate                 0.000 / 0.000         2.003 / 7.539         2.839 / 148.509       2.839 / 148.509     ms
[1050.568s][info   ][gc,stats    ]    Subphase: Concurrent References Enqueue                 0.000 / 0.000         0.011 / 0.014         0.012 / 0.016         0.012 / 0.016       ms
[1050.568s][info   ][gc,stats    ]    Subphase: Concurrent References Process                 0.000 / 0.000         1.387 / 2.501         0.753 / 2.501         0.753 / 2.501       ms
[1050.568s][info   ][gc,stats    ]    Subphase: Concurrent Roots ClassLoaderDataGraph         0.000 / 0.000         0.985 / 2.051         0.587 / 2.051         0.587 / 2.051       ms
[1050.568s][info   ][gc,stats    ]    Subphase: Concurrent Roots CodeCache                    0.000 / 0.000         0.000 / 0.000         0.000 / 0.000         0.000 / 0.000       ms
[1050.568s][info   ][gc,stats    ]    Subphase: Concurrent Roots JavaThreads                  0.000 / 0.000         8.196 / 9.596        76.399 / 475.340      76.399 / 475.340     ms
[1050.568s][info   ][gc,stats    ]    Subphase: Concurrent Roots OopStorageSet                0.000 / 0.000         0.378 / 0.708         0.184 / 0.708         0.184 / 0.708       ms
[1050.568s][info   ][gc,stats    ]    Subphase: Concurrent Weak Roots OopStorageSet           0.000 / 0.000         4.243 / 4.708         4.495 / 9.700         4.495 / 9.700       ms
[1050.568s][info   ][gc,stats    ]    Subphase: Pause Mark Try Complete                       0.000 / 0.000         0.000 / 0.000         0.053 / 0.195         0.053 / 0.195       ms
[1050.568s][info   ][gc,stats    ]      System: Java Threads                                      0 / 0                46 / 47               63 / 137              63 / 137         threads
[1050.569s][info   ][gc,stats    ] =========================================================================================================================================================
[1060.568s][info   ][gc,stats    ] === Garbage Collection Statistics =======================================================================================================================
[1060.568s][info   ][gc,stats    ]                                                              Last 10s              Last 10m              Last 10h                Total
[1060.568s][info   ][gc,stats    ]                                                              Avg / Max             Avg / Max             Avg / Max             Avg / Max
[1060.568s][info   ][gc,stats    ]   Collector: Garbage Collection Cycle                      0.000 / 0.000       509.132 / 736.961     866.345 / 3415.907    866.345 / 3415.907    ms
[1060.568s][info   ][gc,stats    ]  Contention: Mark Segment Reset Contention                     0 / 0                 0 / 1                 0 / 2                 0 / 2           ops/s
[1060.568s][info   ][gc,stats    ]  Contention: Mark SeqNum Reset Contention                      0 / 0                 0 / 0                 0 / 1                 0 / 1           ops/s
[1060.568s][info   ][gc,stats    ]    Critical: Allocation Stall                                  0 / 0                 0 / 0                 0 / 0                 0 / 0           ops/s
[1060.569s][info   ][gc,stats    ]    Critical: Allocation Stall                              0.000 / 0.000         0.000 / 0.000         0.000 / 0.000         0.000 / 0.000       ms
[1060.569s][info   ][gc,stats    ]    Critical: GC Locker Stall                                   0 / 0                 0 / 0                 0 / 0                 0 / 0           ops/s
[1060.569s][info   ][gc,stats    ]    Critical: GC Locker Stall                               0.000 / 0.000         0.000 / 0.000         0.000 / 0.000         0.000 / 0.000       ms
[1060.569s][info   ][gc,stats    ]    Critical: Relocation Stall                                  0 / 0                 0 / 0                 0 / 0                 0 / 0           ops/s
[1060.569s][info   ][gc,stats    ]    Critical: Relocation Stall                              0.000 / 0.000         0.000 / 0.000         0.000 / 0.000         0.000 / 0.000       ms
[1060.569s][info   ][gc,stats    ]      Memory: Allocation Rate                                   0 / 0                 0 / 12                2 / 68                2 / 68          MB/s
[1060.569s][info   ][gc,stats    ]      Memory: Defragment                                        0 / 0                 0 / 0                 0 / 0                 0 / 0           ops/s
[1060.569s][info   ][gc,stats    ]      Memory: Out Of Memory                                     0 / 0                 0 / 0                 0 / 0                 0 / 0           ops/s
[1060.569s][info   ][gc,stats    ]      Memory: Page Cache Flush                                  0 / 0                 0 / 0                 0 / 0                 0 / 0           MB/s
[1060.569s][info   ][gc,stats    ]      Memory: Page Cache Hit L1                                 0 / 0                 0 / 15                1 / 30                1 / 30          ops/s
[1060.570s][info   ][gc,stats    ]      Memory: Page Cache Hit L2                                 0 / 0                 0 / 0                 0 / 0                 0 / 0           ops/s
[1060.570s][info   ][gc,stats    ]      Memory: Page Cache Hit L3                                 0 / 0                 0 / 0                 0 / 26                0 / 26          ops/s
[1060.570s][info   ][gc,stats    ]      Memory: Page Cache Miss                                   0 / 0                 0 / 0                 0 / 1                 0 / 1           ops/s
[1060.570s][info   ][gc,stats    ]      Memory: Uncommit                                          0 / 0                 0 / 0                 0 / 0                 0 / 0           MB/s
[1060.570s][info   ][gc,stats    ]      Memory: Undo Object Allocation Failed                     0 / 0                 0 / 0                 0 / 1                 0 / 1           ops/s
[1060.570s][info   ][gc,stats    ]      Memory: Undo Object Allocation Succeeded                  0 / 0                 0 / 0                 0 / 74                0 / 74          ops/s
[1060.570s][info   ][gc,stats    ]      Memory: Undo Page Allocation                              0 / 0                 0 / 0                 0 / 1                 0 / 1           ops/s
[1060.570s][info   ][gc,stats    ]       Phase: Concurrent Mark                               0.000 / 0.000       232.092 / 246.946     558.838 / 1491.398    558.838 / 1491.398    ms
[1060.570s][info   ][gc,stats    ]       Phase: Concurrent Mark Continue                      0.000 / 0.000         0.000 / 0.000         0.000 / 0.000         0.000 / 0.000       ms
[1060.570s][info   ][gc,stats    ]       Phase: Concurrent Mark Free                          0.000 / 0.000         0.002 / 0.002         0.002 / 0.004         0.002 / 0.004       ms
[1060.570s][info   ][gc,stats    ]       Phase: Concurrent Process Non-Strong References      0.000 / 0.000       249.710 / 473.355     236.098 / 1850.321    236.098 / 1850.321    ms
[1060.570s][info   ][gc,stats    ]       Phase: Concurrent Relocate                           0.000 / 0.000        18.185 / 33.849       15.473 / 33.849       15.473 / 33.849      ms
[1060.571s][info   ][gc,stats    ]       Phase: Concurrent Reset Relocation Set               0.000 / 0.000         0.014 / 0.022         0.018 / 0.040         0.018 / 0.040       ms
[1060.571s][info   ][gc,stats    ]       Phase: Concurrent Select Relocation Set              0.000 / 0.000         6.584 / 9.063         6.715 / 15.302        6.715 / 15.302      ms
[1060.571s][info   ][gc,stats    ]       Phase: Pause Mark End                                0.000 / 0.000         0.038 / 0.043         0.107 / 0.333         0.107 / 0.333       ms
[1060.571s][info   ][gc,stats    ]       Phase: Pause Mark Start                              0.000 / 0.000         0.067 / 0.083         0.036 / 0.083         0.036 / 0.083       ms
[1060.571s][info   ][gc,stats    ]       Phase: Pause Relocate Start                          0.000 / 0.000         0.028 / 0.033         0.031 / 0.079         0.031 / 0.079       ms
[1060.571s][info   ][gc,stats    ]    Subphase: Concurrent Classes Purge                      0.000 / 0.000         7.122 / 14.226        3.431 / 14.226        3.431 / 14.226      ms
[1060.571s][info   ][gc,stats    ]    Subphase: Concurrent Classes Unlink                     0.000 / 0.000       236.525 / 451.391     208.617 / 1768.670    208.617 / 1768.670    ms
[1060.571s][info   ][gc,stats    ]    Subphase: Concurrent Mark                               0.000 / 0.000       220.138 / 238.125     393.707 / 1136.625    393.707 / 1136.625    ms
[1060.571s][info   ][gc,stats    ]    Subphase: Concurrent Mark Try Flush                     0.000 / 0.000         0.152 / 0.186        30.942 / 148.506      30.942 / 148.506     ms
[1060.571s][info   ][gc,stats    ]    Subphase: Concurrent Mark Try Terminate                 0.000 / 0.000         2.003 / 7.539         2.839 / 148.509       2.839 / 148.509     ms
[1060.571s][info   ][gc,stats    ]    Subphase: Concurrent References Enqueue                 0.000 / 0.000         0.011 / 0.014         0.012 / 0.016         0.012 / 0.016       ms
[1060.572s][info   ][gc,stats    ]    Subphase: Concurrent References Process                 0.000 / 0.000         1.387 / 2.501         0.753 / 2.501         0.753 / 2.501       ms
[1060.572s][info   ][gc,stats    ]    Subphase: Concurrent Roots ClassLoaderDataGraph         0.000 / 0.000         0.985 / 2.051         0.587 / 2.051         0.587 / 2.051       ms
[1060.572s][info   ][gc,stats    ]    Subphase: Concurrent Roots CodeCache                    0.000 / 0.000         0.000 / 0.000         0.000 / 0.000         0.000 / 0.000       ms
[1060.572s][info   ][gc,stats    ]    Subphase: Concurrent Roots JavaThreads                  0.000 / 0.000         8.196 / 9.596        76.399 / 475.340      76.399 / 475.340     ms
[1060.572s][info   ][gc,stats    ]    Subphase: Concurrent Roots OopStorageSet                0.000 / 0.000         0.378 / 0.708         0.184 / 0.708         0.184 / 0.708       ms
[1060.572s][info   ][gc,stats    ]    Subphase: Concurrent Weak Roots OopStorageSet           0.000 / 0.000         4.243 / 4.708         4.495 / 9.700         4.495 / 9.700       ms
[1060.572s][info   ][gc,stats    ]    Subphase: Pause Mark Try Complete                       0.000 / 0.000         0.000 / 0.000         0.053 / 0.195         0.053 / 0.195       ms
[1060.572s][info   ][gc,stats    ]      System: Java Threads                                      0 / 0                46 / 47               63 / 137              63 / 137         threads
[1060.572s][info   ][gc,stats    ] =========================================================================================================================================================
[1070.566s][info   ][gc,stats    ] === Garbage Collection Statistics =======================================================================================================================
[1070.567s][info   ][gc,stats    ]                                                              Last 10s              Last 10m              Last 10h                Total
[1070.567s][info   ][gc,stats    ]                                                              Avg / Max             Avg / Max             Avg / Max             Avg / Max
[1070.567s][info   ][gc,stats    ]   Collector: Garbage Collection Cycle                      0.000 / 0.000       509.132 / 736.961     866.345 / 3415.907    866.345 / 3415.907    ms
[1070.567s][info   ][gc,stats    ]  Contention: Mark Segment Reset Contention                     0 / 0                 0 / 1                 0 / 2                 0 / 2           ops/s
[1070.567s][info   ][gc,stats    ]  Contention: Mark SeqNum Reset Contention                      0 / 0                 0 / 0                 0 / 1                 0 / 1           ops/s
[1070.568s][info   ][gc,stats    ]    Critical: Allocation Stall                                  0 / 0                 0 / 0                 0 / 0                 0 / 0           ops/s
[1070.568s][info   ][gc,stats    ]    Critical: Allocation Stall                              0.000 / 0.000         0.000 / 0.000         0.000 / 0.000         0.000 / 0.000       ms
[1070.568s][info   ][gc,stats    ]    Critical: GC Locker Stall                                   0 / 0                 0 / 0                 0 / 0                 0 / 0           ops/s
[1070.568s][info   ][gc,stats    ]    Critical: GC Locker Stall                               0.000 / 0.000         0.000 / 0.000         0.000 / 0.000         0.000 / 0.000       ms
[1070.568s][info   ][gc,stats    ]    Critical: Relocation Stall                                  0 / 0                 0 / 0                 0 / 0                 0 / 0           ops/s
[1070.568s][info   ][gc,stats    ]    Critical: Relocation Stall                              0.000 / 0.000         0.000 / 0.000         0.000 / 0.000         0.000 / 0.000       ms
[1070.569s][info   ][gc,stats    ]      Memory: Allocation Rate                                   0 / 2                 0 / 12                2 / 68                2 / 68          MB/s
[1070.569s][info   ][gc,stats    ]      Memory: Defragment                                        0 / 0                 0 / 0                 0 / 0                 0 / 0           ops/s
[1070.569s][info   ][gc,stats    ]      Memory: Out Of Memory                                     0 / 0                 0 / 0                 0 / 0                 0 / 0           ops/s
[1070.569s][info   ][gc,stats    ]      Memory: Page Cache Flush                                  0 / 0                 0 / 0                 0 / 0                 0 / 0           MB/s
[1070.569s][info   ][gc,stats    ]      Memory: Page Cache Hit L1                                 0 / 1                 0 / 15                1 / 30                1 / 30          ops/s
[1070.569s][info   ][gc,stats    ]      Memory: Page Cache Hit L2                                 0 / 0                 0 / 0                 0 / 0                 0 / 0           ops/s
[1070.569s][info   ][gc,stats    ]      Memory: Page Cache Hit L3                                 0 / 0                 0 / 0                 0 / 26                0 / 26          ops/s
[1070.569s][info   ][gc,stats    ]      Memory: Page Cache Miss                                   0 / 0                 0 / 0                 0 / 1                 0 / 1           ops/s
[1070.569s][info   ][gc,stats    ]      Memory: Uncommit                                          0 / 0                 0 / 0                 0 / 0                 0 / 0           MB/s
[1070.569s][info   ][gc,stats    ]      Memory: Undo Object Allocation Failed                     0 / 0                 0 / 0                 0 / 1                 0 / 1           ops/s
[1070.569s][info   ][gc,stats    ]      Memory: Undo Object Allocation Succeeded                  0 / 0                 0 / 0                 0 / 74                0 / 74          ops/s
[1070.569s][info   ][gc,stats    ]      Memory: Undo Page Allocation                              0 / 0                 0 / 0                 0 / 1                 0 / 1           ops/s
[1070.569s][info   ][gc,stats    ]       Phase: Concurrent Mark                               0.000 / 0.000       232.092 / 246.946     558.838 / 1491.398    558.838 / 1491.398    ms
[1070.569s][info   ][gc,stats    ]       Phase: Concurrent Mark Continue                      0.000 / 0.000         0.000 / 0.000         0.000 / 0.000         0.000 / 0.000       ms
[1070.569s][info   ][gc,stats    ]       Phase: Concurrent Mark Free                          0.000 / 0.000         0.002 / 0.002         0.002 / 0.004         0.002 / 0.004       ms
[1070.569s][info   ][gc,stats    ]       Phase: Concurrent Process Non-Strong References      0.000 / 0.000       249.710 / 473.355     236.098 / 1850.321    236.098 / 1850.321    ms
[1070.570s][info   ][gc,stats    ]       Phase: Concurrent Relocate                           0.000 / 0.000        18.185 / 33.849       15.473 / 33.849       15.473 / 33.849      ms
[1070.570s][info   ][gc,stats    ]       Phase: Concurrent Reset Relocation Set               0.000 / 0.000         0.014 / 0.022         0.018 / 0.040         0.018 / 0.040       ms
[1070.570s][info   ][gc,stats    ]       Phase: Concurrent Select Relocation Set              0.000 / 0.000         6.584 / 9.063         6.715 / 15.302        6.715 / 15.302      ms
[1070.570s][info   ][gc,stats    ]       Phase: Pause Mark End                                0.000 / 0.000         0.038 / 0.043         0.107 / 0.333         0.107 / 0.333       ms
[1070.570s][info   ][gc,stats    ]       Phase: Pause Mark Start                              0.000 / 0.000         0.067 / 0.083         0.036 / 0.083         0.036 / 0.083       ms
[1070.570s][info   ][gc,stats    ]       Phase: Pause Relocate Start                          0.000 / 0.000         0.028 / 0.033         0.031 / 0.079         0.031 / 0.079       ms
[1070.571s][info   ][gc,stats    ]    Subphase: Concurrent Classes Purge                      0.000 / 0.000         7.122 / 14.226        3.431 / 14.226        3.431 / 14.226      ms
[1070.571s][info   ][gc,stats    ]    Subphase: Concurrent Classes Unlink                     0.000 / 0.000       236.525 / 451.391     208.617 / 1768.670    208.617 / 1768.670    ms
[1070.571s][info   ][gc,stats    ]    Subphase: Concurrent Mark                               0.000 / 0.000       220.138 / 238.125     393.707 / 1136.625    393.707 / 1136.625    ms
[1070.571s][info   ][gc,stats    ]    Subphase: Concurrent Mark Try Flush                     0.000 / 0.000         0.152 / 0.186        30.942 / 148.506      30.942 / 148.506     ms
[1070.571s][info   ][gc,stats    ]    Subphase: Concurrent Mark Try Terminate                 0.000 / 0.000         2.003 / 7.539         2.839 / 148.509       2.839 / 148.509     ms
[1070.571s][info   ][gc,stats    ]    Subphase: Concurrent References Enqueue                 0.000 / 0.000         0.011 / 0.014         0.012 / 0.016         0.012 / 0.016       ms
[1070.571s][info   ][gc,stats    ]    Subphase: Concurrent References Process                 0.000 / 0.000         1.387 / 2.501         0.753 / 2.501         0.753 / 2.501       ms
[1070.571s][info   ][gc,stats    ]    Subphase: Concurrent Roots ClassLoaderDataGraph         0.000 / 0.000         0.985 / 2.051         0.587 / 2.051         0.587 / 2.051       ms
[1070.572s][info   ][gc,stats    ]    Subphase: Concurrent Roots CodeCache                    0.000 / 0.000         0.000 / 0.000         0.000 / 0.000         0.000 / 0.000       ms
[1070.572s][info   ][gc,stats    ]    Subphase: Concurrent Roots JavaThreads                  0.000 / 0.000         8.196 / 9.596        76.399 / 475.340      76.399 / 475.340     ms
[1070.572s][info   ][gc,stats    ]    Subphase: Concurrent Roots OopStorageSet                0.000 / 0.000         0.378 / 0.708         0.184 / 0.708         0.184 / 0.708       ms
[1070.572s][info   ][gc,stats    ]    Subphase: Concurrent Weak Roots OopStorageSet           0.000 / 0.000         4.243 / 4.708         4.495 / 9.700         4.495 / 9.700       ms
[1070.572s][info   ][gc,stats    ]    Subphase: Pause Mark Try Complete                       0.000 / 0.000         0.000 / 0.000         0.053 / 0.195         0.053 / 0.195       ms
[1070.572s][info   ][gc,stats    ]      System: Java Threads                                      0 / 0                46 / 47               63 / 137              63 / 137         threads
[1070.573s][info   ][gc,stats    ] =========================================================================================================================================================
[1080.562s][info   ][gc,stats    ] === Garbage Collection Statistics =======================================================================================================================
[1080.563s][info   ][gc,stats    ]                                                              Last 10s              Last 10m              Last 10h                Total
[1080.563s][info   ][gc,stats    ]                                                              Avg / Max             Avg / Max             Avg / Max             Avg / Max
[1080.563s][info   ][gc,stats    ]   Collector: Garbage Collection Cycle                      0.000 / 0.000       509.132 / 736.961     866.345 / 3415.907    866.345 / 3415.907    ms
[1080.563s][info   ][gc,stats    ]  Contention: Mark Segment Reset Contention                     0 / 0                 0 / 1                 0 / 2                 0 / 2           ops/s
[1080.563s][info   ][gc,stats    ]  Contention: Mark SeqNum Reset Contention                      0 / 0                 0 / 0                 0 / 1                 0 / 1           ops/s
[1080.564s][info   ][gc,stats    ]    Critical: Allocation Stall                                  0 / 0                 0 / 0                 0 / 0                 0 / 0           ops/s
[1080.564s][info   ][gc,stats    ]    Critical: Allocation Stall                              0.000 / 0.000         0.000 / 0.000         0.000 / 0.000         0.000 / 0.000       ms
[1080.564s][info   ][gc,stats    ]    Critical: GC Locker Stall                                   0 / 0                 0 / 0                 0 / 0                 0 / 0           ops/s
[1080.564s][info   ][gc,stats    ]    Critical: GC Locker Stall                               0.000 / 0.000         0.000 / 0.000         0.000 / 0.000         0.000 / 0.000       ms
[1080.565s][info   ][gc,stats    ]    Critical: Relocation Stall                                  0 / 0                 0 / 0                 0 / 0                 0 / 0           ops/s
[1080.565s][info   ][gc,stats    ]    Critical: Relocation Stall                              0.000 / 0.000         0.000 / 0.000         0.000 / 0.000         0.000 / 0.000       ms
[1080.565s][info   ][gc,stats    ]      Memory: Allocation Rate                                   0 / 2                 0 / 12                2 / 68                2 / 68          MB/s
[1080.565s][info   ][gc,stats    ]      Memory: Defragment                                        0 / 0                 0 / 0                 0 / 0                 0 / 0           ops/s
[1080.565s][info   ][gc,stats    ]      Memory: Out Of Memory                                     0 / 0                 0 / 0                 0 / 0                 0 / 0           ops/s
[1080.565s][info   ][gc,stats    ]      Memory: Page Cache Flush                                  0 / 0                 0 / 0                 0 / 0                 0 / 0           MB/s
[1080.566s][info   ][gc,stats    ]      Memory: Page Cache Hit L1                                 0 / 1                 0 / 15                1 / 30                1 / 30          ops/s
[1080.566s][info   ][gc,stats    ]      Memory: Page Cache Hit L2                                 0 / 0                 0 / 0                 0 / 0                 0 / 0           ops/s
[1080.566s][info   ][gc,stats    ]      Memory: Page Cache Hit L3                                 0 / 0                 0 / 0                 0 / 26                0 / 26          ops/s
[1080.566s][info   ][gc,stats    ]      Memory: Page Cache Miss                                   0 / 0                 0 / 0                 0 / 1                 0 / 1           ops/s
[1080.566s][info   ][gc,stats    ]      Memory: Uncommit                                          0 / 0                 0 / 0                 0 / 0                 0 / 0           MB/s
[1080.566s][info   ][gc,stats    ]      Memory: Undo Object Allocation Failed                     0 / 0                 0 / 0                 0 / 1                 0 / 1           ops/s
[1080.566s][info   ][gc,stats    ]      Memory: Undo Object Allocation Succeeded                  0 / 0                 0 / 0                 0 / 74                0 / 74          ops/s
[1080.567s][info   ][gc,stats    ]      Memory: Undo Page Allocation                              0 / 0                 0 / 0                 0 / 1                 0 / 1           ops/s
[1080.567s][info   ][gc,stats    ]       Phase: Concurrent Mark                               0.000 / 0.000       232.092 / 246.946     558.838 / 1491.398    558.838 / 1491.398    ms
[1080.567s][info   ][gc,stats    ]       Phase: Concurrent Mark Continue                      0.000 / 0.000         0.000 / 0.000         0.000 / 0.000         0.000 / 0.000       ms
[1080.567s][info   ][gc,stats    ]       Phase: Concurrent Mark Free                          0.000 / 0.000         0.002 / 0.002         0.002 / 0.004         0.002 / 0.004       ms
[1080.567s][info   ][gc,stats    ]       Phase: Concurrent Process Non-Strong References      0.000 / 0.000       249.710 / 473.355     236.098 / 1850.321    236.098 / 1850.321    ms
[1080.567s][info   ][gc,stats    ]       Phase: Concurrent Relocate                           0.000 / 0.000        18.185 / 33.849       15.473 / 33.849       15.473 / 33.849      ms
[1080.567s][info   ][gc,stats    ]       Phase: Concurrent Reset Relocation Set               0.000 / 0.000         0.014 / 0.022         0.018 / 0.040         0.018 / 0.040       ms
[1080.568s][info   ][gc,stats    ]       Phase: Concurrent Select Relocation Set              0.000 / 0.000         6.584 / 9.063         6.715 / 15.302        6.715 / 15.302      ms
[1080.568s][info   ][gc,stats    ]       Phase: Pause Mark End                                0.000 / 0.000         0.038 / 0.043         0.107 / 0.333         0.107 / 0.333       ms
[1080.568s][info   ][gc,stats    ]       Phase: Pause Mark Start                              0.000 / 0.000         0.067 / 0.083         0.036 / 0.083         0.036 / 0.083       ms
[1080.568s][info   ][gc,stats    ]       Phase: Pause Relocate Start                          0.000 / 0.000         0.028 / 0.033         0.031 / 0.079         0.031 / 0.079       ms
[1080.568s][info   ][gc,stats    ]    Subphase: Concurrent Classes Purge                      0.000 / 0.000         7.122 / 14.226        3.431 / 14.226        3.431 / 14.226      ms
[1080.569s][info   ][gc,stats    ]    Subphase: Concurrent Classes Unlink                     0.000 / 0.000       236.525 / 451.391     208.617 / 1768.670    208.617 / 1768.670    ms
[1080.569s][info   ][gc,stats    ]    Subphase: Concurrent Mark                               0.000 / 0.000       220.138 / 238.125     393.707 / 1136.625    393.707 / 1136.625    ms
[1080.569s][info   ][gc,stats    ]    Subphase: Concurrent Mark Try Flush                     0.000 / 0.000         0.152 / 0.186        30.942 / 148.506      30.942 / 148.506     ms
[1080.569s][info   ][gc,stats    ]    Subphase: Concurrent Mark Try Terminate                 0.000 / 0.000         2.003 / 7.539         2.839 / 148.509       2.839 / 148.509     ms
[1080.569s][info   ][gc,stats    ]    Subphase: Concurrent References Enqueue                 0.000 / 0.000         0.011 / 0.014         0.012 / 0.016         0.012 / 0.016       ms
[1080.569s][info   ][gc,stats    ]    Subphase: Concurrent References Process                 0.000 / 0.000         1.387 / 2.501         0.753 / 2.501         0.753 / 2.501       ms
[1080.569s][info   ][gc,stats    ]    Subphase: Concurrent Roots ClassLoaderDataGraph         0.000 / 0.000         0.985 / 2.051         0.587 / 2.051         0.587 / 2.051       ms
[1080.569s][info   ][gc,stats    ]    Subphase: Concurrent Roots CodeCache                    0.000 / 0.000         0.000 / 0.000         0.000 / 0.000         0.000 / 0.000       ms
[1080.570s][info   ][gc,stats    ]    Subphase: Concurrent Roots JavaThreads                  0.000 / 0.000         8.196 / 9.596        76.399 / 475.340      76.399 / 475.340     ms
[1080.570s][info   ][gc,stats    ]    Subphase: Concurrent Roots OopStorageSet                0.000 / 0.000         0.378 / 0.708         0.184 / 0.708         0.184 / 0.708       ms
[1080.570s][info   ][gc,stats    ]    Subphase: Concurrent Weak Roots OopStorageSet           0.000 / 0.000         4.243 / 4.708         4.495 / 9.700         4.495 / 9.700       ms
[1080.570s][info   ][gc,stats    ]    Subphase: Pause Mark Try Complete                       0.000 / 0.000         0.000 / 0.000         0.053 / 0.195         0.053 / 0.195       ms
[1080.570s][info   ][gc,stats    ]      System: Java Threads                                      0 / 0                46 / 47               63 / 137              63 / 137         threads
[1080.570s][info   ][gc,stats    ] =========================================================================================================================================================
[1090.557s][info   ][gc,stats    ] === Garbage Collection Statistics =======================================================================================================================
[1090.558s][info   ][gc,stats    ]                                                              Last 10s              Last 10m              Last 10h                Total
[1090.558s][info   ][gc,stats    ]                                                              Avg / Max             Avg / Max             Avg / Max             Avg / Max
[1090.558s][info   ][gc,stats    ]   Collector: Garbage Collection Cycle                      0.000 / 0.000       509.132 / 736.961     866.345 / 3415.907    866.345 / 3415.907    ms
[1090.558s][info   ][gc,stats    ]  Contention: Mark Segment Reset Contention                     0 / 0                 0 / 1                 0 / 2                 0 / 2           ops/s
[1090.558s][info   ][gc,stats    ]  Contention: Mark SeqNum Reset Contention                      0 / 0                 0 / 0                 0 / 1                 0 / 1           ops/s
[1090.559s][info   ][gc,stats    ]    Critical: Allocation Stall                                  0 / 0                 0 / 0                 0 / 0                 0 / 0           ops/s
[1090.559s][info   ][gc,stats    ]    Critical: Allocation Stall                              0.000 / 0.000         0.000 / 0.000         0.000 / 0.000         0.000 / 0.000       ms
[1090.559s][info   ][gc,stats    ]    Critical: GC Locker Stall                                   0 / 0                 0 / 0                 0 / 0                 0 / 0           ops/s
[1090.559s][info   ][gc,stats    ]    Critical: GC Locker Stall                               0.000 / 0.000         0.000 / 0.000         0.000 / 0.000         0.000 / 0.000       ms
[1090.559s][info   ][gc,stats    ]    Critical: Relocation Stall                                  0 / 0                 0 / 0                 0 / 0                 0 / 0           ops/s
[1090.559s][info   ][gc,stats    ]    Critical: Relocation Stall                              0.000 / 0.000         0.000 / 0.000         0.000 / 0.000         0.000 / 0.000       ms
[1090.559s][info   ][gc,stats    ]      Memory: Allocation Rate                                   0 / 0                 0 / 12                2 / 68                2 / 68          MB/s
[1090.559s][info   ][gc,stats    ]      Memory: Defragment                                        0 / 0                 0 / 0                 0 / 0                 0 / 0           ops/s
[1090.559s][info   ][gc,stats    ]      Memory: Out Of Memory                                     0 / 0                 0 / 0                 0 / 0                 0 / 0           ops/s
[1090.559s][info   ][gc,stats    ]      Memory: Page Cache Flush                                  0 / 0                 0 / 0                 0 / 0                 0 / 0           MB/s
[1090.560s][info   ][gc,stats    ]      Memory: Page Cache Hit L1                                 0 / 0                 0 / 15                1 / 30                1 / 30          ops/s
[1090.560s][info   ][gc,stats    ]      Memory: Page Cache Hit L2                                 0 / 0                 0 / 0                 0 / 0                 0 / 0           ops/s
[1090.560s][info   ][gc,stats    ]      Memory: Page Cache Hit L3                                 0 / 0                 0 / 0                 0 / 26                0 / 26          ops/s
[1090.560s][info   ][gc,stats    ]      Memory: Page Cache Miss                                   0 / 0                 0 / 0                 0 / 1                 0 / 1           ops/s
[1090.560s][info   ][gc,stats    ]      Memory: Uncommit                                          0 / 0                 0 / 0                 0 / 0                 0 / 0           MB/s
[1090.560s][info   ][gc,stats    ]      Memory: Undo Object Allocation Failed                     0 / 0                 0 / 0                 0 / 1                 0 / 1           ops/s
[1090.561s][info   ][gc,stats    ]      Memory: Undo Object Allocation Succeeded                  0 / 0                 0 / 0                 0 / 74                0 / 74          ops/s
[1090.561s][info   ][gc,stats    ]      Memory: Undo Page Allocation                              0 / 0                 0 / 0                 0 / 1                 0 / 1           ops/s
[1090.561s][info   ][gc,stats    ]       Phase: Concurrent Mark                               0.000 / 0.000       232.092 / 246.946     558.838 / 1491.398    558.838 / 1491.398    ms
[1090.561s][info   ][gc,stats    ]       Phase: Concurrent Mark Continue                      0.000 / 0.000         0.000 / 0.000         0.000 / 0.000         0.000 / 0.000       ms
[1090.561s][info   ][gc,stats    ]       Phase: Concurrent Mark Free                          0.000 / 0.000         0.002 / 0.002         0.002 / 0.004         0.002 / 0.004       ms
[1090.561s][info   ][gc,stats    ]       Phase: Concurrent Process Non-Strong References      0.000 / 0.000       249.710 / 473.355     236.098 / 1850.321    236.098 / 1850.321    ms
[1090.561s][info   ][gc,stats    ]       Phase: Concurrent Relocate                           0.000 / 0.000        18.185 / 33.849       15.473 / 33.849       15.473 / 33.849      ms
[1090.561s][info   ][gc,stats    ]       Phase: Concurrent Reset Relocation Set               0.000 / 0.000         0.014 / 0.022         0.018 / 0.040         0.018 / 0.040       ms
[1090.561s][info   ][gc,stats    ]       Phase: Concurrent Select Relocation Set              0.000 / 0.000         6.584 / 9.063         6.715 / 15.302        6.715 / 15.302      ms
[1090.561s][info   ][gc,stats    ]       Phase: Pause Mark End                                0.000 / 0.000         0.038 / 0.043         0.107 / 0.333         0.107 / 0.333       ms
[1090.561s][info   ][gc,stats    ]       Phase: Pause Mark Start                              0.000 / 0.000         0.067 / 0.083         0.036 / 0.083         0.036 / 0.083       ms
[1090.561s][info   ][gc,stats    ]       Phase: Pause Relocate Start                          0.000 / 0.000         0.028 / 0.033         0.031 / 0.079         0.031 / 0.079       ms
[1090.562s][info   ][gc,stats    ]    Subphase: Concurrent Classes Purge                      0.000 / 0.000         7.122 / 14.226        3.431 / 14.226        3.431 / 14.226      ms
[1090.562s][info   ][gc,stats    ]    Subphase: Concurrent Classes Unlink                     0.000 / 0.000       236.525 / 451.391     208.617 / 1768.670    208.617 / 1768.670    ms
[1090.562s][info   ][gc,stats    ]    Subphase: Concurrent Mark                               0.000 / 0.000       220.138 / 238.125     393.707 / 1136.625    393.707 / 1136.625    ms
[1090.562s][info   ][gc,stats    ]    Subphase: Concurrent Mark Try Flush                     0.000 / 0.000         0.152 / 0.186        30.942 / 148.506      30.942 / 148.506     ms
[1090.562s][info   ][gc,stats    ]    Subphase: Concurrent Mark Try Terminate                 0.000 / 0.000         2.003 / 7.539         2.839 / 148.509       2.839 / 148.509     ms
[1090.562s][info   ][gc,stats    ]    Subphase: Concurrent References Enqueue                 0.000 / 0.000         0.011 / 0.014         0.012 / 0.016         0.012 / 0.016       ms
[1090.562s][info   ][gc,stats    ]    Subphase: Concurrent References Process                 0.000 / 0.000         1.387 / 2.501         0.753 / 2.501         0.753 / 2.501       ms
[1090.562s][info   ][gc,stats    ]    Subphase: Concurrent Roots ClassLoaderDataGraph         0.000 / 0.000         0.985 / 2.051         0.587 / 2.051         0.587 / 2.051       ms
[1090.562s][info   ][gc,stats    ]    Subphase: Concurrent Roots CodeCache                    0.000 / 0.000         0.000 / 0.000         0.000 / 0.000         0.000 / 0.000       ms
[1090.563s][info   ][gc,stats    ]    Subphase: Concurrent Roots JavaThreads                  0.000 / 0.000         8.196 / 9.596        76.399 / 475.340      76.399 / 475.340     ms
[1090.563s][info   ][gc,stats    ]    Subphase: Concurrent Roots OopStorageSet                0.000 / 0.000         0.378 / 0.708         0.184 / 0.708         0.184 / 0.708       ms
[1090.563s][info   ][gc,stats    ]    Subphase: Concurrent Weak Roots OopStorageSet           0.000 / 0.000         4.243 / 4.708         4.495 / 9.700         4.495 / 9.700       ms
[1090.563s][info   ][gc,stats    ]    Subphase: Pause Mark Try Complete                       0.000 / 0.000         0.000 / 0.000         0.053 / 0.195         0.053 / 0.195       ms
[1090.563s][info   ][gc,stats    ]      System: Java Threads                                      0 / 0                46 / 47               63 / 137              63 / 137         threads
[1090.564s][info   ][gc,stats    ] =========================================================================================================================================================
[1093.463s][info   ][gc,start    ] GC(19) Garbage Collection (Proactive)
[1093.463s][info   ][gc,task     ] GC(19) Using 2 workers
[1093.463s][info   ][gc,phases   ] GC(19) Pause Mark Start 0.057ms
[1093.708s][info   ][gc,phases   ] GC(19) Concurrent Mark 244.297ms
[1093.708s][info   ][gc,phases   ] GC(19) Pause Mark End 0.045ms
[1093.709s][info   ][gc,phases   ] GC(19) Concurrent Mark Free 0.002ms
[1093.787s][info   ][gc,phases   ] GC(19) Concurrent Process Non-Strong References 77.869ms
[1093.787s][info   ][gc,phases   ] GC(19) Concurrent Reset Relocation Set 0.008ms
[1093.794s][info   ][gc,phases   ] GC(19) Concurrent Select Relocation Set 7.448ms
[1093.794s][info   ][gc,phases   ] GC(19) Pause Relocate Start 0.037ms
[1093.812s][info   ][gc,phases   ] GC(19) Concurrent Relocate 17.696ms
[1093.813s][info   ][gc,load     ] GC(19) Load: 0.00/0.00/0.00
[1093.813s][info   ][gc,mmu      ] GC(19) MMU: 2ms/83.4%, 5ms/93.4%, 10ms/96.7%, 20ms/98.3%, 50ms/99.3%, 100ms/99.7%
[1093.813s][info   ][gc,marking  ] GC(19) Mark: 2 stripe(s), 2 proactive flush(es), 1 terminate flush(es), 0 completion(s), 0 continuation(s) 
[1093.813s][info   ][gc,marking  ] GC(19) Mark Stack Usage: 32M
[1093.813s][info   ][gc,nmethod  ] GC(19) NMethods: 7240 registered, 2838 unregistered
[1093.813s][info   ][gc,metaspace] GC(19) Metaspace: 123M used, 125M committed, 1152M reserved
[1093.813s][info   ][gc,ref      ] GC(19) Soft: 3362 encountered, 2840 discovered, 608 enqueued
[1093.813s][info   ][gc,ref      ] GC(19) Weak: 10487 encountered, 6912 discovered, 40 enqueued
[1093.813s][info   ][gc,ref      ] GC(19) Final: 35 encountered, 0 discovered, 0 enqueued
[1093.813s][info   ][gc,ref      ] GC(19) Phantom: 582 encountered, 280 discovered, 0 enqueued
[1093.814s][info   ][gc,reloc    ] GC(19) Small Pages: 59 / 118M, Empty: 2M, Relocated: 5M, In-Place: 0
[1093.814s][info   ][gc,reloc    ] GC(19) Medium Pages: 1 / 16M, Empty: 0M, Relocated: 0M, In-Place: 0
[1093.814s][info   ][gc,reloc    ] GC(19) Large Pages: 0 / 0M, Empty: 0M, Relocated: 0M, In-Place: 0
[1093.814s][info   ][gc,reloc    ] GC(19) Forwarding Usage: 1M
[1093.814s][info   ][gc,heap     ] GC(19) Min Capacity: 512M(100%)
[1093.814s][info   ][gc,heap     ] GC(19) Max Capacity: 512M(100%)
[1093.814s][info   ][gc,heap     ] GC(19) Soft Max Capacity: 512M(100%)
[1093.814s][info   ][gc,heap     ] GC(19)                Mark Start          Mark End        Relocate Start      Relocate End           High               Low         
[1093.814s][info   ][gc,heap     ] GC(19)  Capacity:      512M (100%)        512M (100%)        512M (100%)        512M (100%)        512M (100%)        512M (100%)   
[1093.814s][info   ][gc,heap     ] GC(19)      Free:      378M (74%)         374M (73%)         376M (73%)         404M (79%)         404M (79%)         370M (72%)    
[1093.814s][info   ][gc,heap     ] GC(19)      Used:      134M (26%)         138M (27%)         136M (27%)         108M (21%)         142M (28%)         108M (21%)    
[1093.814s][info   ][gc,heap     ] GC(19)      Live:         -                68M (13%)          68M (13%)          68M (13%)            -                  -          
[1093.814s][info   ][gc,heap     ] GC(19) Allocated:         -                 4M (1%)            4M (1%)            7M (2%)             -                  -          
[1093.814s][info   ][gc,heap     ] GC(19)   Garbage:         -                65M (13%)          63M (12%)          31M (6%)             -                  -          
[1093.814s][info   ][gc,heap     ] GC(19) Reclaimed:         -                  -                 2M (0%)           33M (7%)             -                  -          
[1093.814s][info   ][gc          ] GC(19) Garbage Collection (Proactive) 134M(26%)->108M(21%)
[1100.558s][info   ][gc,stats    ] === Garbage Collection Statistics =======================================================================================================================
[1100.558s][info   ][gc,stats    ]                                                              Last 10s              Last 10m              Last 10h                Total
[1100.558s][info   ][gc,stats    ]                                                              Avg / Max             Avg / Max             Avg / Max             Avg / Max
[1100.558s][info   ][gc,stats    ]   Collector: Garbage Collection Cycle                    349.949 / 349.949     543.455 / 736.961     840.525 / 3415.907    840.525 / 3415.907    ms
[1100.559s][info   ][gc,stats    ]  Contention: Mark Segment Reset Contention                     0 / 2                 0 / 2                 0 / 2                 0 / 2           ops/s
[1100.559s][info   ][gc,stats    ]  Contention: Mark SeqNum Reset Contention                      0 / 0                 0 / 0                 0 / 1                 0 / 1           ops/s
[1100.559s][info   ][gc,stats    ]    Critical: Allocation Stall                                  0 / 0                 0 / 0                 0 / 0                 0 / 0           ops/s
[1100.559s][info   ][gc,stats    ]    Critical: Allocation Stall                              0.000 / 0.000         0.000 / 0.000         0.000 / 0.000         0.000 / 0.000       ms
[1100.559s][info   ][gc,stats    ]    Critical: GC Locker Stall                                   0 / 0                 0 / 0                 0 / 0                 0 / 0           ops/s
[1100.559s][info   ][gc,stats    ]    Critical: GC Locker Stall                               0.000 / 0.000         0.000 / 0.000         0.000 / 0.000         0.000 / 0.000       ms
[1100.560s][info   ][gc,stats    ]    Critical: Relocation Stall                                  0 / 0                 0 / 0                 0 / 0                 0 / 0           ops/s
[1100.560s][info   ][gc,stats    ]    Critical: Relocation Stall                              0.000 / 0.000         0.000 / 0.000         0.000 / 0.000         0.000 / 0.000       ms
[1100.560s][info   ][gc,stats    ]      Memory: Allocation Rate                                   1 / 10                0 / 12                2 / 68                2 / 68          MB/s
[1100.560s][info   ][gc,stats    ]      Memory: Defragment                                        0 / 0                 0 / 0                 0 / 0                 0 / 0           ops/s
[1100.560s][info   ][gc,stats    ]      Memory: Out Of Memory                                     0 / 0                 0 / 0                 0 / 0                 0 / 0           ops/s
[1100.560s][info   ][gc,stats    ]      Memory: Page Cache Flush                                  0 / 0                 0 / 0                 0 / 0                 0 / 0           MB/s
[1100.561s][info   ][gc,stats    ]      Memory: Page Cache Hit L1                                 1 / 9                 0 / 15                1 / 30                1 / 30          ops/s
[1100.561s][info   ][gc,stats    ]      Memory: Page Cache Hit L2                                 0 / 0                 0 / 0                 0 / 0                 0 / 0           ops/s
[1100.561s][info   ][gc,stats    ]      Memory: Page Cache Hit L3                                 0 / 0                 0 / 0                 0 / 26                0 / 26          ops/s
[1100.561s][info   ][gc,stats    ]      Memory: Page Cache Miss                                   0 / 0                 0 / 0                 0 / 1                 0 / 1           ops/s
[1100.561s][info   ][gc,stats    ]      Memory: Uncommit                                          0 / 0                 0 / 0                 0 / 0                 0 / 0           MB/s
[1100.561s][info   ][gc,stats    ]      Memory: Undo Object Allocation Failed                     0 / 0                 0 / 0                 0 / 1                 0 / 1           ops/s
[1100.561s][info   ][gc,stats    ]      Memory: Undo Object Allocation Succeeded                  0 / 0                 0 / 0                 0 / 74                0 / 74          ops/s
[1100.561s][info   ][gc,stats    ]      Memory: Undo Page Allocation                              0 / 0                 0 / 0                 0 / 1                 0 / 1           ops/s
[1100.561s][info   ][gc,stats    ]       Phase: Concurrent Mark                             244.297 / 244.297     230.768 / 244.297     543.111 / 1491.398    543.111 / 1491.398    ms
[1100.561s][info   ][gc,stats    ]       Phase: Concurrent Mark Continue                      0.000 / 0.000         0.000 / 0.000         0.000 / 0.000         0.000 / 0.000       ms
[1100.562s][info   ][gc,stats    ]       Phase: Concurrent Mark Free                          0.002 / 0.002         0.002 / 0.002         0.002 / 0.004         0.002 / 0.004       ms
[1100.562s][info   ][gc,stats    ]       Phase: Concurrent Process Non-Strong References     77.869 / 77.869      275.612 / 473.355     228.186 / 1850.321    228.186 / 1850.321    ms
[1100.562s][info   ][gc,stats    ]       Phase: Concurrent Relocate                          17.696 / 17.696       25.772 / 33.849       15.585 / 33.849       15.585 / 33.849      ms
[1100.562s][info   ][gc,stats    ]       Phase: Concurrent Reset Relocation Set               0.008 / 0.008         0.007 / 0.008         0.017 / 0.040         0.017 / 0.040       ms
[1100.562s][info   ][gc,stats    ]       Phase: Concurrent Select Relocation Set              7.448 / 7.448         8.256 / 9.063         6.752 / 15.302        6.752 / 15.302      ms
[1100.562s][info   ][gc,stats    ]       Phase: Pause Mark End                                0.045 / 0.045         0.044 / 0.045         0.104 / 0.333         0.104 / 0.333       ms
[1100.563s][info   ][gc,stats    ]       Phase: Pause Mark Start                              0.057 / 0.057         0.070 / 0.083         0.037 / 0.083         0.037 / 0.083       ms
[1100.563s][info   ][gc,stats    ]       Phase: Pause Relocate Start                          0.037 / 0.037         0.035 / 0.037         0.031 / 0.079         0.031 / 0.079       ms
[1100.563s][info   ][gc,stats    ]    Subphase: Concurrent Classes Purge                      1.046 / 1.046         7.636 / 14.226        3.311 / 14.226        3.311 / 14.226      ms
[1100.563s][info   ][gc,stats    ]    Subphase: Concurrent Classes Unlink                    55.730 / 55.730      253.561 / 451.391     200.973 / 1768.670    200.973 / 1768.670    ms
[1100.563s][info   ][gc,stats    ]    Subphase: Concurrent Mark                             229.209 / 235.611     216.086 / 235.611     384.307 / 1136.625    384.307 / 1136.625    ms
[1100.563s][info   ][gc,stats    ]    Subphase: Concurrent Mark Try Flush                     0.154 / 0.189         0.152 / 0.189        30.253 / 148.506      30.253 / 148.506     ms
[1100.564s][info   ][gc,stats    ]    Subphase: Concurrent Mark Try Terminate                 4.485 / 13.309        3.521 / 13.309        2.844 / 148.509       2.844 / 148.509     ms
[1100.564s][info   ][gc,stats    ]    Subphase: Concurrent References Enqueue                 0.013 / 0.013         0.014 / 0.014         0.012 / 0.016         0.012 / 0.016       ms
[1100.564s][info   ][gc,stats    ]    Subphase: Concurrent References Process                 1.201 / 1.201         1.851 / 2.501         0.775 / 2.501         0.775 / 2.501       ms
[1100.564s][info   ][gc,stats    ]    Subphase: Concurrent Roots ClassLoaderDataGraph         1.159 / 2.002         1.179 / 2.051         0.620 / 2.051         0.620 / 2.051       ms
[1100.564s][info   ][gc,stats    ]    Subphase: Concurrent Roots CodeCache                    0.000 / 0.000         0.000 / 0.000         0.000 / 0.000         0.000 / 0.000       ms
[1100.564s][info   ][gc,stats    ]    Subphase: Concurrent Roots JavaThreads                  6.519 / 7.439         7.655 / 9.596        72.406 / 475.340      72.406 / 475.340     ms
[1100.564s][info   ][gc,stats    ]    Subphase: Concurrent Roots OopStorageSet                0.673 / 0.690         0.626 / 0.708         0.211 / 0.708         0.211 / 0.708       ms
[1100.564s][info   ][gc,stats    ]    Subphase: Concurrent Weak Roots OopStorageSet           5.389 / 5.394         5.046 / 5.394         4.546 / 9.700         4.546 / 9.700       ms
[1100.564s][info   ][gc,stats    ]    Subphase: Pause Mark Try Complete                       0.000 / 0.000         0.000 / 0.000         0.053 / 0.195         0.053 / 0.195       ms
[1100.564s][info   ][gc,stats    ]      System: Java Threads                                     49 / 49               48 / 49               62 / 137              62 / 137         threads
[1100.565s][info   ][gc,stats    ] =========================================================================================================================================================
[1110.564s][info   ][gc,stats    ] === Garbage Collection Statistics =======================================================================================================================
[1110.564s][info   ][gc,stats    ]                                                              Last 10s              Last 10m              Last 10h                Total
[1110.565s][info   ][gc,stats    ]                                                              Avg / Max             Avg / Max             Avg / Max             Avg / Max
[1110.565s][info   ][gc,stats    ]   Collector: Garbage Collection Cycle                      0.000 / 0.000       543.455 / 736.961     840.525 / 3415.907    840.525 / 3415.907    ms
[1110.565s][info   ][gc,stats    ]  Contention: Mark Segment Reset Contention                     0 / 0                 0 / 2                 0 / 2                 0 / 2           ops/s
[1110.565s][info   ][gc,stats    ]  Contention: Mark SeqNum Reset Contention                      0 / 0                 0 / 0                 0 / 1                 0 / 1           ops/s
[1110.565s][info   ][gc,stats    ]    Critical: Allocation Stall                                  0 / 0                 0 / 0                 0 / 0                 0 / 0           ops/s
[1110.565s][info   ][gc,stats    ]    Critical: Allocation Stall                              0.000 / 0.000         0.000 / 0.000         0.000 / 0.000         0.000 / 0.000       ms
[1110.565s][info   ][gc,stats    ]    Critical: GC Locker Stall                                   0 / 0                 0 / 0                 0 / 0                 0 / 0           ops/s
[1110.565s][info   ][gc,stats    ]    Critical: GC Locker Stall                               0.000 / 0.000         0.000 / 0.000         0.000 / 0.000         0.000 / 0.000       ms
[1110.566s][info   ][gc,stats    ]    Critical: Relocation Stall                                  0 / 0                 0 / 0                 0 / 0                 0 / 0           ops/s
[1110.566s][info   ][gc,stats    ]    Critical: Relocation Stall                              0.000 / 0.000         0.000 / 0.000         0.000 / 0.000         0.000 / 0.000       ms
[1110.566s][info   ][gc,stats    ]      Memory: Allocation Rate                                   0 / 0                 0 / 12                2 / 68                2 / 68          MB/s
[1110.566s][info   ][gc,stats    ]      Memory: Defragment                                        0 / 0                 0 / 0                 0 / 0                 0 / 0           ops/s
[1110.566s][info   ][gc,stats    ]      Memory: Out Of Memory                                     0 / 0                 0 / 0                 0 / 0                 0 / 0           ops/s
[1110.566s][info   ][gc,stats    ]      Memory: Page Cache Flush                                  0 / 0                 0 / 0                 0 / 0                 0 / 0           MB/s
[1110.566s][info   ][gc,stats    ]      Memory: Page Cache Hit L1                                 0 / 0                 0 / 15                1 / 30                1 / 30          ops/s
[1110.566s][info   ][gc,stats    ]      Memory: Page Cache Hit L2                                 0 / 0                 0 / 0                 0 / 0                 0 / 0           ops/s
[1110.567s][info   ][gc,stats    ]      Memory: Page Cache Hit L3                                 0 / 0                 0 / 0                 0 / 26                0 / 26          ops/s
[1110.567s][info   ][gc,stats    ]      Memory: Page Cache Miss                                   0 / 0                 0 / 0                 0 / 1                 0 / 1           ops/s
[1110.567s][info   ][gc,stats    ]      Memory: Uncommit                                          0 / 0                 0 / 0                 0 / 0                 0 / 0           MB/s
[1110.567s][info   ][gc,stats    ]      Memory: Undo Object Allocation Failed                     0 / 0                 0 / 0                 0 / 1                 0 / 1           ops/s
[1110.567s][info   ][gc,stats    ]      Memory: Undo Object Allocation Succeeded                  0 / 0                 0 / 0                 0 / 74                0 / 74          ops/s
[1110.567s][info   ][gc,stats    ]      Memory: Undo Page Allocation                              0 / 0                 0 / 0                 0 / 1                 0 / 1           ops/s
[1110.568s][info   ][gc,stats    ]       Phase: Concurrent Mark                               0.000 / 0.000       230.768 / 244.297     543.111 / 1491.398    543.111 / 1491.398    ms
[1110.568s][info   ][gc,stats    ]       Phase: Concurrent Mark Continue                      0.000 / 0.000         0.000 / 0.000         0.000 / 0.000         0.000 / 0.000       ms
[1110.568s][info   ][gc,stats    ]       Phase: Concurrent Mark Free                          0.000 / 0.000         0.002 / 0.002         0.002 / 0.004         0.002 / 0.004       ms
[1110.568s][info   ][gc,stats    ]       Phase: Concurrent Process Non-Strong References      0.000 / 0.000       275.612 / 473.355     228.186 / 1850.321    228.186 / 1850.321    ms
[1110.568s][info   ][gc,stats    ]       Phase: Concurrent Relocate                           0.000 / 0.000        25.772 / 33.849       15.585 / 33.849       15.585 / 33.849      ms
[1110.568s][info   ][gc,stats    ]       Phase: Concurrent Reset Relocation Set               0.000 / 0.000         0.007 / 0.008         0.017 / 0.040         0.017 / 0.040       ms
[1110.568s][info   ][gc,stats    ]       Phase: Concurrent Select Relocation Set              0.000 / 0.000         8.256 / 9.063         6.752 / 15.302        6.752 / 15.302      ms
[1110.568s][info   ][gc,stats    ]       Phase: Pause Mark End                                0.000 / 0.000         0.044 / 0.045         0.104 / 0.333         0.104 / 0.333       ms
[1110.568s][info   ][gc,stats    ]       Phase: Pause Mark Start                              0.000 / 0.000         0.070 / 0.083         0.037 / 0.083         0.037 / 0.083       ms
[1110.569s][info   ][gc,stats    ]       Phase: Pause Relocate Start                          0.000 / 0.000         0.035 / 0.037         0.031 / 0.079         0.031 / 0.079       ms
[1110.569s][info   ][gc,stats    ]    Subphase: Concurrent Classes Purge                      0.000 / 0.000         7.636 / 14.226        3.311 / 14.226        3.311 / 14.226      ms
[1110.569s][info   ][gc,stats    ]    Subphase: Concurrent Classes Unlink                     0.000 / 0.000       253.561 / 451.391     200.973 / 1768.670    200.973 / 1768.670    ms
[1110.569s][info   ][gc,stats    ]    Subphase: Concurrent Mark                               0.000 / 0.000       216.086 / 235.611     384.307 / 1136.625    384.307 / 1136.625    ms
[1110.569s][info   ][gc,stats    ]    Subphase: Concurrent Mark Try Flush                     0.000 / 0.000         0.152 / 0.189        30.253 / 148.506      30.253 / 148.506     ms
[1110.569s][info   ][gc,stats    ]    Subphase: Concurrent Mark Try Terminate                 0.000 / 0.000         3.521 / 13.309        2.844 / 148.509       2.844 / 148.509     ms
[1110.570s][info   ][gc,stats    ]    Subphase: Concurrent References Enqueue                 0.000 / 0.000         0.014 / 0.014         0.012 / 0.016         0.012 / 0.016       ms
[1110.570s][info   ][gc,stats    ]    Subphase: Concurrent References Process                 0.000 / 0.000         1.851 / 2.501         0.775 / 2.501         0.775 / 2.501       ms
[1110.570s][info   ][gc,stats    ]    Subphase: Concurrent Roots ClassLoaderDataGraph         0.000 / 0.000         1.179 / 2.051         0.620 / 2.051         0.620 / 2.051       ms
[1110.570s][info   ][gc,stats    ]    Subphase: Concurrent Roots CodeCache                    0.000 / 0.000         0.000 / 0.000         0.000 / 0.000         0.000 / 0.000       ms
[1110.570s][info   ][gc,stats    ]    Subphase: Concurrent Roots JavaThreads                  0.000 / 0.000         7.655 / 9.596        72.406 / 475.340      72.406 / 475.340     ms
[1110.570s][info   ][gc,stats    ]    Subphase: Concurrent Roots OopStorageSet                0.000 / 0.000         0.626 / 0.708         0.211 / 0.708         0.211 / 0.708       ms
[1110.570s][info   ][gc,stats    ]    Subphase: Concurrent Weak Roots OopStorageSet           0.000 / 0.000         5.046 / 5.394         4.546 / 9.700         4.546 / 9.700       ms
[1110.571s][info   ][gc,stats    ]    Subphase: Pause Mark Try Complete                       0.000 / 0.000         0.000 / 0.000         0.053 / 0.195         0.053 / 0.195       ms
[1110.571s][info   ][gc,stats    ]      System: Java Threads                                      0 / 0                48 / 49               62 / 137              62 / 137         threads
[1110.571s][info   ][gc,stats    ] =========================================================================================================================================================
[1120.558s][info   ][gc,stats    ] === Garbage Collection Statistics =======================================================================================================================
[1120.559s][info   ][gc,stats    ]                                                              Last 10s              Last 10m              Last 10h                Total
[1120.559s][info   ][gc,stats    ]                                                              Avg / Max             Avg / Max             Avg / Max             Avg / Max
[1120.559s][info   ][gc,stats    ]   Collector: Garbage Collection Cycle                      0.000 / 0.000       543.455 / 736.961     840.525 / 3415.907    840.525 / 3415.907    ms
[1120.559s][info   ][gc,stats    ]  Contention: Mark Segment Reset Contention                     0 / 0                 0 / 2                 0 / 2                 0 / 2           ops/s
[1120.559s][info   ][gc,stats    ]  Contention: Mark SeqNum Reset Contention                      0 / 0                 0 / 0                 0 / 1                 0 / 1           ops/s
[1120.559s][info   ][gc,stats    ]    Critical: Allocation Stall                                  0 / 0                 0 / 0                 0 / 0                 0 / 0           ops/s
[1120.560s][info   ][gc,stats    ]    Critical: Allocation Stall                              0.000 / 0.000         0.000 / 0.000         0.000 / 0.000         0.000 / 0.000       ms
[1120.560s][info   ][gc,stats    ]    Critical: GC Locker Stall                                   0 / 0                 0 / 0                 0 / 0                 0 / 0           ops/s
[1120.560s][info   ][gc,stats    ]    Critical: GC Locker Stall                               0.000 / 0.000         0.000 / 0.000         0.000 / 0.000         0.000 / 0.000       ms
[1120.560s][info   ][gc,stats    ]    Critical: Relocation Stall                                  0 / 0                 0 / 0                 0 / 0                 0 / 0           ops/s
[1120.560s][info   ][gc,stats    ]    Critical: Relocation Stall                              0.000 / 0.000         0.000 / 0.000         0.000 / 0.000         0.000 / 0.000       ms
[1120.560s][info   ][gc,stats    ]      Memory: Allocation Rate                                   0 / 2                 0 / 12                2 / 68                2 / 68          MB/s
[1120.560s][info   ][gc,stats    ]      Memory: Defragment                                        0 / 0                 0 / 0                 0 / 0                 0 / 0           ops/s
[1120.560s][info   ][gc,stats    ]      Memory: Out Of Memory                                     0 / 0                 0 / 0                 0 / 0                 0 / 0           ops/s
[1120.560s][info   ][gc,stats    ]      Memory: Page Cache Flush                                  0 / 0                 0 / 0                 0 / 0                 0 / 0           MB/s
[1120.560s][info   ][gc,stats    ]      Memory: Page Cache Hit L1                                 0 / 1                 0 / 15                1 / 30                1 / 30          ops/s
[1120.560s][info   ][gc,stats    ]      Memory: Page Cache Hit L2                                 0 / 0                 0 / 0                 0 / 0                 0 / 0           ops/s
[1120.560s][info   ][gc,stats    ]      Memory: Page Cache Hit L3                                 0 / 0                 0 / 0                 0 / 26                0 / 26          ops/s
[1120.561s][info   ][gc,stats    ]      Memory: Page Cache Miss                                   0 / 0                 0 / 0                 0 / 1                 0 / 1           ops/s
[1120.561s][info   ][gc,stats    ]      Memory: Uncommit                                          0 / 0                 0 / 0                 0 / 0                 0 / 0           MB/s
[1120.561s][info   ][gc,stats    ]      Memory: Undo Object Allocation Failed                     0 / 0                 0 / 0                 0 / 1                 0 / 1           ops/s
[1120.561s][info   ][gc,stats    ]      Memory: Undo Object Allocation Succeeded                  0 / 0                 0 / 0                 0 / 74                0 / 74          ops/s
[1120.561s][info   ][gc,stats    ]      Memory: Undo Page Allocation                              0 / 0                 0 / 0                 0 / 1                 0 / 1           ops/s
[1120.561s][info   ][gc,stats    ]       Phase: Concurrent Mark                               0.000 / 0.000       230.768 / 244.297     543.111 / 1491.398    543.111 / 1491.398    ms
[1120.561s][info   ][gc,stats    ]       Phase: Concurrent Mark Continue                      0.000 / 0.000         0.000 / 0.000         0.000 / 0.000         0.000 / 0.000       ms
[1120.561s][info   ][gc,stats    ]       Phase: Concurrent Mark Free                          0.000 / 0.000         0.002 / 0.002         0.002 / 0.004         0.002 / 0.004       ms
[1120.561s][info   ][gc,stats    ]       Phase: Concurrent Process Non-Strong References      0.000 / 0.000       275.612 / 473.355     228.186 / 1850.321    228.186 / 1850.321    ms
[1120.561s][info   ][gc,stats    ]       Phase: Concurrent Relocate                           0.000 / 0.000        25.772 / 33.849       15.585 / 33.849       15.585 / 33.849      ms
[1120.561s][info   ][gc,stats    ]       Phase: Concurrent Reset Relocation Set               0.000 / 0.000         0.007 / 0.008         0.017 / 0.040         0.017 / 0.040       ms
[1120.562s][info   ][gc,stats    ]       Phase: Concurrent Select Relocation Set              0.000 / 0.000         8.256 / 9.063         6.752 / 15.302        6.752 / 15.302      ms
[1120.562s][info   ][gc,stats    ]       Phase: Pause Mark End                                0.000 / 0.000         0.044 / 0.045         0.104 / 0.333         0.104 / 0.333       ms
[1120.562s][info   ][gc,stats    ]       Phase: Pause Mark Start                              0.000 / 0.000         0.070 / 0.083         0.037 / 0.083         0.037 / 0.083       ms
[1120.562s][info   ][gc,stats    ]       Phase: Pause Relocate Start                          0.000 / 0.000         0.035 / 0.037         0.031 / 0.079         0.031 / 0.079       ms
[1120.562s][info   ][gc,stats    ]    Subphase: Concurrent Classes Purge                      0.000 / 0.000         7.636 / 14.226        3.311 / 14.226        3.311 / 14.226      ms
[1120.562s][info   ][gc,stats    ]    Subphase: Concurrent Classes Unlink                     0.000 / 0.000       253.561 / 451.391     200.973 / 1768.670    200.973 / 1768.670    ms
[1120.562s][info   ][gc,stats    ]    Subphase: Concurrent Mark                               0.000 / 0.000       216.086 / 235.611     384.307 / 1136.625    384.307 / 1136.625    ms
[1120.562s][info   ][gc,stats    ]    Subphase: Concurrent Mark Try Flush                     0.000 / 0.000         0.152 / 0.189        30.253 / 148.506      30.253 / 148.506     ms
[1120.562s][info   ][gc,stats    ]    Subphase: Concurrent Mark Try Terminate                 0.000 / 0.000         3.521 / 13.309        2.844 / 148.509       2.844 / 148.509     ms
[1120.562s][info   ][gc,stats    ]    Subphase: Concurrent References Enqueue                 0.000 / 0.000         0.014 / 0.014         0.012 / 0.016         0.012 / 0.016       ms
[1120.562s][info   ][gc,stats    ]    Subphase: Concurrent References Process                 0.000 / 0.000         1.851 / 2.501         0.775 / 2.501         0.775 / 2.501       ms
[1120.563s][info   ][gc,stats    ]    Subphase: Concurrent Roots ClassLoaderDataGraph         0.000 / 0.000         1.179 / 2.051         0.620 / 2.051         0.620 / 2.051       ms
[1120.563s][info   ][gc,stats    ]    Subphase: Concurrent Roots CodeCache                    0.000 / 0.000         0.000 / 0.000         0.000 / 0.000         0.000 / 0.000       ms
[1120.563s][info   ][gc,stats    ]    Subphase: Concurrent Roots JavaThreads                  0.000 / 0.000         7.655 / 9.596        72.406 / 475.340      72.406 / 475.340     ms
[1120.563s][info   ][gc,stats    ]    Subphase: Concurrent Roots OopStorageSet                0.000 / 0.000         0.626 / 0.708         0.211 / 0.708         0.211 / 0.708       ms
[1120.563s][info   ][gc,stats    ]    Subphase: Concurrent Weak Roots OopStorageSet           0.000 / 0.000         5.046 / 5.394         4.546 / 9.700         4.546 / 9.700       ms
[1120.563s][info   ][gc,stats    ]    Subphase: Pause Mark Try Complete                       0.000 / 0.000         0.000 / 0.000         0.053 / 0.195         0.053 / 0.195       ms
[1120.563s][info   ][gc,stats    ]      System: Java Threads                                      0 / 0                48 / 49               62 / 137              62 / 137         threads
[1120.563s][info   ][gc,stats    ] =========================================================================================================================================================
[1130.561s][info   ][gc,stats    ] === Garbage Collection Statistics =======================================================================================================================
[1130.561s][info   ][gc,stats    ]                                                              Last 10s              Last 10m              Last 10h                Total
[1130.562s][info   ][gc,stats    ]                                                              Avg / Max             Avg / Max             Avg / Max             Avg / Max
[1130.562s][info   ][gc,stats    ]   Collector: Garbage Collection Cycle                      0.000 / 0.000       543.455 / 736.961     840.525 / 3415.907    840.525 / 3415.907    ms
[1130.562s][info   ][gc,stats    ]  Contention: Mark Segment Reset Contention                     0 / 0                 0 / 2                 0 / 2                 0 / 2           ops/s
[1130.562s][info   ][gc,stats    ]  Contention: Mark SeqNum Reset Contention                      0 / 0                 0 / 0                 0 / 1                 0 / 1           ops/s
[1130.562s][info   ][gc,stats    ]    Critical: Allocation Stall                                  0 / 0                 0 / 0                 0 / 0                 0 / 0           ops/s
[1130.562s][info   ][gc,stats    ]    Critical: Allocation Stall                              0.000 / 0.000         0.000 / 0.000         0.000 / 0.000         0.000 / 0.000       ms
[1130.562s][info   ][gc,stats    ]    Critical: GC Locker Stall                                   0 / 0                 0 / 0                 0 / 0                 0 / 0           ops/s
[1130.562s][info   ][gc,stats    ]    Critical: GC Locker Stall                               0.000 / 0.000         0.000 / 0.000         0.000 / 0.000         0.000 / 0.000       ms
[1130.563s][info   ][gc,stats    ]    Critical: Relocation Stall                                  0 / 0                 0 / 0                 0 / 0                 0 / 0           ops/s
[1130.563s][info   ][gc,stats    ]    Critical: Relocation Stall                              0.000 / 0.000         0.000 / 0.000         0.000 / 0.000         0.000 / 0.000       ms
[1130.563s][info   ][gc,stats    ]      Memory: Allocation Rate                                   0 / 0                 0 / 12                2 / 68                2 / 68          MB/s
[1130.563s][info   ][gc,stats    ]      Memory: Defragment                                        0 / 0                 0 / 0                 0 / 0                 0 / 0           ops/s
[1130.563s][info   ][gc,stats    ]      Memory: Out Of Memory                                     0 / 0                 0 / 0                 0 / 0                 0 / 0           ops/s
[1130.563s][info   ][gc,stats    ]      Memory: Page Cache Flush                                  0 / 0                 0 / 0                 0 / 0                 0 / 0           MB/s
[1130.563s][info   ][gc,stats    ]      Memory: Page Cache Hit L1                                 0 / 0                 0 / 15                1 / 30                1 / 30          ops/s
[1130.564s][info   ][gc,stats    ]      Memory: Page Cache Hit L2                                 0 / 0                 0 / 0                 0 / 0                 0 / 0           ops/s
[1130.564s][info   ][gc,stats    ]      Memory: Page Cache Hit L3                                 0 / 0                 0 / 0                 0 / 26                0 / 26          ops/s
[1130.564s][info   ][gc,stats    ]      Memory: Page Cache Miss                                   0 / 0                 0 / 0                 0 / 1                 0 / 1           ops/s
[1130.564s][info   ][gc,stats    ]      Memory: Uncommit                                          0 / 0                 0 / 0                 0 / 0                 0 / 0           MB/s
[1130.564s][info   ][gc,stats    ]      Memory: Undo Object Allocation Failed                     0 / 0                 0 / 0                 0 / 1                 0 / 1           ops/s
[1130.564s][info   ][gc,stats    ]      Memory: Undo Object Allocation Succeeded                  0 / 0                 0 / 0                 0 / 74                0 / 74          ops/s
[1130.564s][info   ][gc,stats    ]      Memory: Undo Page Allocation                              0 / 0                 0 / 0                 0 / 1                 0 / 1           ops/s
[1130.564s][info   ][gc,stats    ]       Phase: Concurrent Mark                               0.000 / 0.000       230.768 / 244.297     543.111 / 1491.398    543.111 / 1491.398    ms
[1130.564s][info   ][gc,stats    ]       Phase: Concurrent Mark Continue                      0.000 / 0.000         0.000 / 0.000         0.000 / 0.000         0.000 / 0.000       ms
[1130.564s][info   ][gc,stats    ]       Phase: Concurrent Mark Free                          0.000 / 0.000         0.002 / 0.002         0.002 / 0.004         0.002 / 0.004       ms
[1130.565s][info   ][gc,stats    ]       Phase: Concurrent Process Non-Strong References      0.000 / 0.000       275.612 / 473.355     228.186 / 1850.321    228.186 / 1850.321    ms
[1130.565s][info   ][gc,stats    ]       Phase: Concurrent Relocate                           0.000 / 0.000        25.772 / 33.849       15.585 / 33.849       15.585 / 33.849      ms
[1130.565s][info   ][gc,stats    ]       Phase: Concurrent Reset Relocation Set               0.000 / 0.000         0.007 / 0.008         0.017 / 0.040         0.017 / 0.040       ms
[1130.565s][info   ][gc,stats    ]       Phase: Concurrent Select Relocation Set              0.000 / 0.000         8.256 / 9.063         6.752 / 15.302        6.752 / 15.302      ms
[1130.565s][info   ][gc,stats    ]       Phase: Pause Mark End                                0.000 / 0.000         0.044 / 0.045         0.104 / 0.333         0.104 / 0.333       ms
[1130.565s][info   ][gc,stats    ]       Phase: Pause Mark Start                              0.000 / 0.000         0.070 / 0.083         0.037 / 0.083         0.037 / 0.083       ms
[1130.565s][info   ][gc,stats    ]       Phase: Pause Relocate Start                          0.000 / 0.000         0.035 / 0.037         0.031 / 0.079         0.031 / 0.079       ms
[1130.566s][info   ][gc,stats    ]    Subphase: Concurrent Classes Purge                      0.000 / 0.000         7.636 / 14.226        3.311 / 14.226        3.311 / 14.226      ms
[1130.566s][info   ][gc,stats    ]    Subphase: Concurrent Classes Unlink                     0.000 / 0.000       253.561 / 451.391     200.973 / 1768.670    200.973 / 1768.670    ms
[1130.566s][info   ][gc,stats    ]    Subphase: Concurrent Mark                               0.000 / 0.000       216.086 / 235.611     384.307 / 1136.625    384.307 / 1136.625    ms
[1130.566s][info   ][gc,stats    ]    Subphase: Concurrent Mark Try Flush                     0.000 / 0.000         0.152 / 0.189        30.253 / 148.506      30.253 / 148.506     ms
[1130.566s][info   ][gc,stats    ]    Subphase: Concurrent Mark Try Terminate                 0.000 / 0.000         3.521 / 13.309        2.844 / 148.509       2.844 / 148.509     ms
[1130.566s][info   ][gc,stats    ]    Subphase: Concurrent References Enqueue                 0.000 / 0.000         0.014 / 0.014         0.012 / 0.016         0.012 / 0.016       ms
[1130.566s][info   ][gc,stats    ]    Subphase: Concurrent References Process                 0.000 / 0.000         1.851 / 2.501         0.775 / 2.501         0.775 / 2.501       ms
[1130.567s][info   ][gc,stats    ]    Subphase: Concurrent Roots ClassLoaderDataGraph         0.000 / 0.000         1.179 / 2.051         0.620 / 2.051         0.620 / 2.051       ms
[1130.567s][info   ][gc,stats    ]    Subphase: Concurrent Roots CodeCache                    0.000 / 0.000         0.000 / 0.000         0.000 / 0.000         0.000 / 0.000       ms
[1130.567s][info   ][gc,stats    ]    Subphase: Concurrent Roots JavaThreads                  0.000 / 0.000         7.655 / 9.596        72.406 / 475.340      72.406 / 475.340     ms
[1130.567s][info   ][gc,stats    ]    Subphase: Concurrent Roots OopStorageSet                0.000 / 0.000         0.626 / 0.708         0.211 / 0.708         0.211 / 0.708       ms
[1130.567s][info   ][gc,stats    ]    Subphase: Concurrent Weak Roots OopStorageSet           0.000 / 0.000         5.046 / 5.394         4.546 / 9.700         4.546 / 9.700       ms
[1130.567s][info   ][gc,stats    ]    Subphase: Pause Mark Try Complete                       0.000 / 0.000         0.000 / 0.000         0.053 / 0.195         0.053 / 0.195       ms
[1130.567s][info   ][gc,stats    ]      System: Java Threads                                      0 / 0                48 / 49               62 / 137              62 / 137         threads
[1130.567s][info   ][gc,stats    ] =========================================================================================================================================================
[1140.567s][info   ][gc,stats    ] === Garbage Collection Statistics =======================================================================================================================
[1140.567s][info   ][gc,stats    ]                                                              Last 10s              Last 10m              Last 10h                Total
[1140.567s][info   ][gc,stats    ]                                                              Avg / Max             Avg / Max             Avg / Max             Avg / Max
[1140.568s][info   ][gc,stats    ]   Collector: Garbage Collection Cycle                      0.000 / 0.000       543.455 / 736.961     840.525 / 3415.907    840.525 / 3415.907    ms
[1140.568s][info   ][gc,stats    ]  Contention: Mark Segment Reset Contention                     0 / 0                 0 / 2                 0 / 2                 0 / 2           ops/s
[1140.568s][info   ][gc,stats    ]  Contention: Mark SeqNum Reset Contention                      0 / 0                 0 / 0                 0 / 1                 0 / 1           ops/s
[1140.568s][info   ][gc,stats    ]    Critical: Allocation Stall                                  0 / 0                 0 / 0                 0 / 0                 0 / 0           ops/s
[1140.568s][info   ][gc,stats    ]    Critical: Allocation Stall                              0.000 / 0.000         0.000 / 0.000         0.000 / 0.000         0.000 / 0.000       ms
[1140.568s][info   ][gc,stats    ]    Critical: GC Locker Stall                                   0 / 0                 0 / 0                 0 / 0                 0 / 0           ops/s
[1140.568s][info   ][gc,stats    ]    Critical: GC Locker Stall                               0.000 / 0.000         0.000 / 0.000         0.000 / 0.000         0.000 / 0.000       ms
[1140.569s][info   ][gc,stats    ]    Critical: Relocation Stall                                  0 / 0                 0 / 0                 0 / 0                 0 / 0           ops/s
[1140.569s][info   ][gc,stats    ]    Critical: Relocation Stall                              0.000 / 0.000         0.000 / 0.000         0.000 / 0.000         0.000 / 0.000       ms
[1140.569s][info   ][gc,stats    ]      Memory: Allocation Rate                                   0 / 0                 0 / 12                2 / 68                2 / 68          MB/s
[1140.569s][info   ][gc,stats    ]      Memory: Defragment                                        0 / 0                 0 / 0                 0 / 0                 0 / 0           ops/s
[1140.569s][info   ][gc,stats    ]      Memory: Out Of Memory                                     0 / 0                 0 / 0                 0 / 0                 0 / 0           ops/s
[1140.569s][info   ][gc,stats    ]      Memory: Page Cache Flush                                  0 / 0                 0 / 0                 0 / 0                 0 / 0           MB/s
[1140.570s][info   ][gc,stats    ]      Memory: Page Cache Hit L1                                 0 / 0                 0 / 15                1 / 30                1 / 30          ops/s
[1140.570s][info   ][gc,stats    ]      Memory: Page Cache Hit L2                                 0 / 0                 0 / 0                 0 / 0                 0 / 0           ops/s
[1140.570s][info   ][gc,stats    ]      Memory: Page Cache Hit L3                                 0 / 0                 0 / 0                 0 / 26                0 / 26          ops/s
[1140.570s][info   ][gc,stats    ]      Memory: Page Cache Miss                                   0 / 0                 0 / 0                 0 / 1                 0 / 1           ops/s
[1140.570s][info   ][gc,stats    ]      Memory: Uncommit                                          0 / 0                 0 / 0                 0 / 0                 0 / 0           MB/s
[1140.570s][info   ][gc,stats    ]      Memory: Undo Object Allocation Failed                     0 / 0                 0 / 0                 0 / 1                 0 / 1           ops/s
[1140.570s][info   ][gc,stats    ]      Memory: Undo Object Allocation Succeeded                  0 / 0                 0 / 0                 0 / 74                0 / 74          ops/s
[1140.571s][info   ][gc,stats    ]      Memory: Undo Page Allocation                              0 / 0                 0 / 0                 0 / 1                 0 / 1           ops/s
[1140.571s][info   ][gc,stats    ]       Phase: Concurrent Mark                               0.000 / 0.000       230.768 / 244.297     543.111 / 1491.398    543.111 / 1491.398    ms
[1140.571s][info   ][gc,stats    ]       Phase: Concurrent Mark Continue                      0.000 / 0.000         0.000 / 0.000         0.000 / 0.000         0.000 / 0.000       ms
[1140.571s][info   ][gc,stats    ]       Phase: Concurrent Mark Free                          0.000 / 0.000         0.002 / 0.002         0.002 / 0.004         0.002 / 0.004       ms
[1140.571s][info   ][gc,stats    ]       Phase: Concurrent Process Non-Strong References      0.000 / 0.000       275.612 / 473.355     228.186 / 1850.321    228.186 / 1850.321    ms
[1140.572s][info   ][gc,stats    ]       Phase: Concurrent Relocate                           0.000 / 0.000        25.772 / 33.849       15.585 / 33.849       15.585 / 33.849      ms
[1140.572s][info   ][gc,stats    ]       Phase: Concurrent Reset Relocation Set               0.000 / 0.000         0.007 / 0.008         0.017 / 0.040         0.017 / 0.040       ms
[1140.572s][info   ][gc,stats    ]       Phase: Concurrent Select Relocation Set              0.000 / 0.000         8.256 / 9.063         6.752 / 15.302        6.752 / 15.302      ms
[1140.572s][info   ][gc,stats    ]       Phase: Pause Mark End                                0.000 / 0.000         0.044 / 0.045         0.104 / 0.333         0.104 / 0.333       ms
[1140.572s][info   ][gc,stats    ]       Phase: Pause Mark Start                              0.000 / 0.000         0.070 / 0.083         0.037 / 0.083         0.037 / 0.083       ms
[1140.573s][info   ][gc,stats    ]       Phase: Pause Relocate Start                          0.000 / 0.000         0.035 / 0.037         0.031 / 0.079         0.031 / 0.079       ms
[1140.573s][info   ][gc,stats    ]    Subphase: Concurrent Classes Purge                      0.000 / 0.000         7.636 / 14.226        3.311 / 14.226        3.311 / 14.226      ms
[1140.573s][info   ][gc,stats    ]    Subphase: Concurrent Classes Unlink                     0.000 / 0.000       253.561 / 451.391     200.973 / 1768.670    200.973 / 1768.670    ms
[1140.573s][info   ][gc,stats    ]    Subphase: Concurrent Mark                               0.000 / 0.000       216.086 / 235.611     384.307 / 1136.625    384.307 / 1136.625    ms
[1140.573s][info   ][gc,stats    ]    Subphase: Concurrent Mark Try Flush                     0.000 / 0.000         0.152 / 0.189        30.253 / 148.506      30.253 / 148.506     ms
[1140.573s][info   ][gc,stats    ]    Subphase: Concurrent Mark Try Terminate                 0.000 / 0.000         3.521 / 13.309        2.844 / 148.509       2.844 / 148.509     ms
[1140.574s][info   ][gc,stats    ]    Subphase: Concurrent References Enqueue                 0.000 / 0.000         0.014 / 0.014         0.012 / 0.016         0.012 / 0.016       ms
[1140.574s][info   ][gc,stats    ]    Subphase: Concurrent References Process                 0.000 / 0.000         1.851 / 2.501         0.775 / 2.501         0.775 / 2.501       ms
[1140.574s][info   ][gc,stats    ]    Subphase: Concurrent Roots ClassLoaderDataGraph         0.000 / 0.000         1.179 / 2.051         0.620 / 2.051         0.620 / 2.051       ms
[1140.574s][info   ][gc,stats    ]    Subphase: Concurrent Roots CodeCache                    0.000 / 0.000         0.000 / 0.000         0.000 / 0.000         0.000 / 0.000       ms
[1140.574s][info   ][gc,stats    ]    Subphase: Concurrent Roots JavaThreads                  0.000 / 0.000         7.655 / 9.596        72.406 / 475.340      72.406 / 475.340     ms
[1140.574s][info   ][gc,stats    ]    Subphase: Concurrent Roots OopStorageSet                0.000 / 0.000         0.626 / 0.708         0.211 / 0.708         0.211 / 0.708       ms
[1140.575s][info   ][gc,stats    ]    Subphase: Concurrent Weak Roots OopStorageSet           0.000 / 0.000         5.046 / 5.394         4.546 / 9.700         4.546 / 9.700       ms
[1140.575s][info   ][gc,stats    ]    Subphase: Pause Mark Try Complete                       0.000 / 0.000         0.000 / 0.000         0.053 / 0.195         0.053 / 0.195       ms
[1140.575s][info   ][gc,stats    ]      System: Java Threads                                      0 / 0                48 / 49               62 / 137              62 / 137         threads
[1140.575s][info   ][gc,stats    ] =========================================================================================================================================================
[1150.567s][info   ][gc,stats    ] === Garbage Collection Statistics =======================================================================================================================
[1150.568s][info   ][gc,stats    ]                                                              Last 10s              Last 10m              Last 10h                Total
[1150.568s][info   ][gc,stats    ]                                                              Avg / Max             Avg / Max             Avg / Max             Avg / Max
[1150.568s][info   ][gc,stats    ]   Collector: Garbage Collection Cycle                      0.000 / 0.000       543.455 / 736.961     840.525 / 3415.907    840.525 / 3415.907    ms
[1150.568s][info   ][gc,stats    ]  Contention: Mark Segment Reset Contention                     0 / 0                 0 / 2                 0 / 2                 0 / 2           ops/s
[1150.568s][info   ][gc,stats    ]  Contention: Mark SeqNum Reset Contention                      0 / 0                 0 / 0                 0 / 1                 0 / 1           ops/s
[1150.568s][info   ][gc,stats    ]    Critical: Allocation Stall                                  0 / 0                 0 / 0                 0 / 0                 0 / 0           ops/s
[1150.569s][info   ][gc,stats    ]    Critical: Allocation Stall                              0.000 / 0.000         0.000 / 0.000         0.000 / 0.000         0.000 / 0.000       ms
[1150.569s][info   ][gc,stats    ]    Critical: GC Locker Stall                                   0 / 0                 0 / 0                 0 / 0                 0 / 0           ops/s
[1150.569s][info   ][gc,stats    ]    Critical: GC Locker Stall                               0.000 / 0.000         0.000 / 0.000         0.000 / 0.000         0.000 / 0.000       ms
[1150.569s][info   ][gc,stats    ]    Critical: Relocation Stall                                  0 / 0                 0 / 0                 0 / 0                 0 / 0           ops/s
[1150.569s][info   ][gc,stats    ]    Critical: Relocation Stall                              0.000 / 0.000         0.000 / 0.000         0.000 / 0.000         0.000 / 0.000       ms
[1150.570s][info   ][gc,stats    ]      Memory: Allocation Rate                                   0 / 0                 0 / 12                2 / 68                2 / 68          MB/s
[1150.570s][info   ][gc,stats    ]      Memory: Defragment                                        0 / 0                 0 / 0                 0 / 0                 0 / 0           ops/s
[1150.570s][info   ][gc,stats    ]      Memory: Out Of Memory                                     0 / 0                 0 / 0                 0 / 0                 0 / 0           ops/s
[1150.570s][info   ][gc,stats    ]      Memory: Page Cache Flush                                  0 / 0                 0 / 0                 0 / 0                 0 / 0           MB/s
[1150.571s][info   ][gc,stats    ]      Memory: Page Cache Hit L1                                 0 / 0                 0 / 15                1 / 30                1 / 30          ops/s
[1150.571s][info   ][gc,stats    ]      Memory: Page Cache Hit L2                                 0 / 0                 0 / 0                 0 / 0                 0 / 0           ops/s
[1150.571s][info   ][gc,stats    ]      Memory: Page Cache Hit L3                                 0 / 0                 0 / 0                 0 / 26                0 / 26          ops/s
[1150.571s][info   ][gc,stats    ]      Memory: Page Cache Miss                                   0 / 0                 0 / 0                 0 / 1                 0 / 1           ops/s
[1150.571s][info   ][gc,stats    ]      Memory: Uncommit                                          0 / 0                 0 / 0                 0 / 0                 0 / 0           MB/s
[1150.571s][info   ][gc,stats    ]      Memory: Undo Object Allocation Failed                     0 / 0                 0 / 0                 0 / 1                 0 / 1           ops/s
[1150.571s][info   ][gc,stats    ]      Memory: Undo Object Allocation Succeeded                  0 / 0                 0 / 0                 0 / 74                0 / 74          ops/s
[1150.571s][info   ][gc,stats    ]      Memory: Undo Page Allocation                              0 / 0                 0 / 0                 0 / 1                 0 / 1           ops/s
[1150.571s][info   ][gc,stats    ]       Phase: Concurrent Mark                               0.000 / 0.000       230.768 / 244.297     543.111 / 1491.398    543.111 / 1491.398    ms
[1150.572s][info   ][gc,stats    ]       Phase: Concurrent Mark Continue                      0.000 / 0.000         0.000 / 0.000         0.000 / 0.000         0.000 / 0.000       ms
[1150.572s][info   ][gc,stats    ]       Phase: Concurrent Mark Free                          0.000 / 0.000         0.002 / 0.002         0.002 / 0.004         0.002 / 0.004       ms
[1150.572s][info   ][gc,stats    ]       Phase: Concurrent Process Non-Strong References      0.000 / 0.000       275.612 / 473.355     228.186 / 1850.321    228.186 / 1850.321    ms
[1150.572s][info   ][gc,stats    ]       Phase: Concurrent Relocate                           0.000 / 0.000        25.772 / 33.849       15.585 / 33.849       15.585 / 33.849      ms
[1150.572s][info   ][gc,stats    ]       Phase: Concurrent Reset Relocation Set               0.000 / 0.000         0.007 / 0.008         0.017 / 0.040         0.017 / 0.040       ms
[1150.572s][info   ][gc,stats    ]       Phase: Concurrent Select Relocation Set              0.000 / 0.000         8.256 / 9.063         6.752 / 15.302        6.752 / 15.302      ms
[1150.572s][info   ][gc,stats    ]       Phase: Pause Mark End                                0.000 / 0.000         0.044 / 0.045         0.104 / 0.333         0.104 / 0.333       ms
[1150.572s][info   ][gc,stats    ]       Phase: Pause Mark Start                              0.000 / 0.000         0.070 / 0.083         0.037 / 0.083         0.037 / 0.083       ms
[1150.572s][info   ][gc,stats    ]       Phase: Pause Relocate Start                          0.000 / 0.000         0.035 / 0.037         0.031 / 0.079         0.031 / 0.079       ms
[1150.572s][info   ][gc,stats    ]    Subphase: Concurrent Classes Purge                      0.000 / 0.000         7.636 / 14.226        3.311 / 14.226        3.311 / 14.226      ms
[1150.573s][info   ][gc,stats    ]    Subphase: Concurrent Classes Unlink                     0.000 / 0.000       253.561 / 451.391     200.973 / 1768.670    200.973 / 1768.670    ms
[1150.573s][info   ][gc,stats    ]    Subphase: Concurrent Mark                               0.000 / 0.000       216.086 / 235.611     384.307 / 1136.625    384.307 / 1136.625    ms
[1150.573s][info   ][gc,stats    ]    Subphase: Concurrent Mark Try Flush                     0.000 / 0.000         0.152 / 0.189        30.253 / 148.506      30.253 / 148.506     ms
[1150.573s][info   ][gc,stats    ]    Subphase: Concurrent Mark Try Terminate                 0.000 / 0.000         3.521 / 13.309        2.844 / 148.509       2.844 / 148.509     ms
[1150.573s][info   ][gc,stats    ]    Subphase: Concurrent References Enqueue                 0.000 / 0.000         0.014 / 0.014         0.012 / 0.016         0.012 / 0.016       ms
[1150.573s][info   ][gc,stats    ]    Subphase: Concurrent References Process                 0.000 / 0.000         1.851 / 2.501         0.775 / 2.501         0.775 / 2.501       ms
[1150.574s][info   ][gc,stats    ]    Subphase: Concurrent Roots ClassLoaderDataGraph         0.000 / 0.000         1.179 / 2.051         0.620 / 2.051         0.620 / 2.051       ms
[1150.574s][info   ][gc,stats    ]    Subphase: Concurrent Roots CodeCache                    0.000 / 0.000         0.000 / 0.000         0.000 / 0.000         0.000 / 0.000       ms
[1150.574s][info   ][gc,stats    ]    Subphase: Concurrent Roots JavaThreads                  0.000 / 0.000         7.655 / 9.596        72.406 / 475.340      72.406 / 475.340     ms
[1150.574s][info   ][gc,stats    ]    Subphase: Concurrent Roots OopStorageSet                0.000 / 0.000         0.626 / 0.708         0.211 / 0.708         0.211 / 0.708       ms
[1150.574s][info   ][gc,stats    ]    Subphase: Concurrent Weak Roots OopStorageSet           0.000 / 0.000         5.046 / 5.394         4.546 / 9.700         4.546 / 9.700       ms
[1150.574s][info   ][gc,stats    ]    Subphase: Pause Mark Try Complete                       0.000 / 0.000         0.000 / 0.000         0.053 / 0.195         0.053 / 0.195       ms
[1150.574s][info   ][gc,stats    ]      System: Java Threads                                      0 / 0                48 / 49               62 / 137              62 / 137         threads
[1150.575s][info   ][gc,stats    ] =========================================================================================================================================================
[1160.566s][info   ][gc,stats    ] === Garbage Collection Statistics =======================================================================================================================
[1160.566s][info   ][gc,stats    ]                                                              Last 10s              Last 10m              Last 10h                Total
[1160.567s][info   ][gc,stats    ]                                                              Avg / Max             Avg / Max             Avg / Max             Avg / Max
[1160.567s][info   ][gc,stats    ]   Collector: Garbage Collection Cycle                      0.000 / 0.000       543.455 / 736.961     840.525 / 3415.907    840.525 / 3415.907    ms
[1160.567s][info   ][gc,stats    ]  Contention: Mark Segment Reset Contention                     0 / 0                 0 / 2                 0 / 2                 0 / 2           ops/s
[1160.567s][info   ][gc,stats    ]  Contention: Mark SeqNum Reset Contention                      0 / 0                 0 / 0                 0 / 1                 0 / 1           ops/s
[1160.567s][info   ][gc,stats    ]    Critical: Allocation Stall                                  0 / 0                 0 / 0                 0 / 0                 0 / 0           ops/s
[1160.567s][info   ][gc,stats    ]    Critical: Allocation Stall                              0.000 / 0.000         0.000 / 0.000         0.000 / 0.000         0.000 / 0.000       ms
[1160.568s][info   ][gc,stats    ]    Critical: GC Locker Stall                                   0 / 0                 0 / 0                 0 / 0                 0 / 0           ops/s
[1160.568s][info   ][gc,stats    ]    Critical: GC Locker Stall                               0.000 / 0.000         0.000 / 0.000         0.000 / 0.000         0.000 / 0.000       ms
[1160.568s][info   ][gc,stats    ]    Critical: Relocation Stall                                  0 / 0                 0 / 0                 0 / 0                 0 / 0           ops/s
[1160.568s][info   ][gc,stats    ]    Critical: Relocation Stall                              0.000 / 0.000         0.000 / 0.000         0.000 / 0.000         0.000 / 0.000       ms
[1160.569s][info   ][gc,stats    ]      Memory: Allocation Rate                                   0 / 0                 0 / 12                2 / 68                2 / 68          MB/s
[1160.569s][info   ][gc,stats    ]      Memory: Defragment                                        0 / 0                 0 / 0                 0 / 0                 0 / 0           ops/s
[1160.569s][info   ][gc,stats    ]      Memory: Out Of Memory                                     0 / 0                 0 / 0                 0 / 0                 0 / 0           ops/s
[1160.569s][info   ][gc,stats    ]      Memory: Page Cache Flush                                  0 / 0                 0 / 0                 0 / 0                 0 / 0           MB/s
[1160.569s][info   ][gc,stats    ]      Memory: Page Cache Hit L1                                 0 / 0                 0 / 15                1 / 30                1 / 30          ops/s
[1160.569s][info   ][gc,stats    ]      Memory: Page Cache Hit L2                                 0 / 0                 0 / 0                 0 / 0                 0 / 0           ops/s
[1160.569s][info   ][gc,stats    ]      Memory: Page Cache Hit L3                                 0 / 0                 0 / 0                 0 / 26                0 / 26          ops/s
[1160.569s][info   ][gc,stats    ]      Memory: Page Cache Miss                                   0 / 0                 0 / 0                 0 / 1                 0 / 1           ops/s
[1160.569s][info   ][gc,stats    ]      Memory: Uncommit                                          0 / 0                 0 / 0                 0 / 0                 0 / 0           MB/s
[1160.569s][info   ][gc,stats    ]      Memory: Undo Object Allocation Failed                     0 / 0                 0 / 0                 0 / 1                 0 / 1           ops/s
[1160.569s][info   ][gc,stats    ]      Memory: Undo Object Allocation Succeeded                  0 / 0                 0 / 0                 0 / 74                0 / 74          ops/s
[1160.569s][info   ][gc,stats    ]      Memory: Undo Page Allocation                              0 / 0                 0 / 0                 0 / 1                 0 / 1           ops/s
[1160.570s][info   ][gc,stats    ]       Phase: Concurrent Mark                               0.000 / 0.000       230.768 / 244.297     543.111 / 1491.398    543.111 / 1491.398    ms
[1160.570s][info   ][gc,stats    ]       Phase: Concurrent Mark Continue                      0.000 / 0.000         0.000 / 0.000         0.000 / 0.000         0.000 / 0.000       ms
[1160.570s][info   ][gc,stats    ]       Phase: Concurrent Mark Free                          0.000 / 0.000         0.002 / 0.002         0.002 / 0.004         0.002 / 0.004       ms
[1160.570s][info   ][gc,stats    ]       Phase: Concurrent Process Non-Strong References      0.000 / 0.000       275.612 / 473.355     228.186 / 1850.321    228.186 / 1850.321    ms
[1160.570s][info   ][gc,stats    ]       Phase: Concurrent Relocate                           0.000 / 0.000        25.772 / 33.849       15.585 / 33.849       15.585 / 33.849      ms
[1160.571s][info   ][gc,stats    ]       Phase: Concurrent Reset Relocation Set               0.000 / 0.000         0.007 / 0.008         0.017 / 0.040         0.017 / 0.040       ms
[1160.571s][info   ][gc,stats    ]       Phase: Concurrent Select Relocation Set              0.000 / 0.000         8.256 / 9.063         6.752 / 15.302        6.752 / 15.302      ms
[1160.571s][info   ][gc,stats    ]       Phase: Pause Mark End                                0.000 / 0.000         0.044 / 0.045         0.104 / 0.333         0.104 / 0.333       ms
[1160.571s][info   ][gc,stats    ]       Phase: Pause Mark Start                              0.000 / 0.000         0.070 / 0.083         0.037 / 0.083         0.037 / 0.083       ms
[1160.571s][info   ][gc,stats    ]       Phase: Pause Relocate Start                          0.000 / 0.000         0.035 / 0.037         0.031 / 0.079         0.031 / 0.079       ms
[1160.571s][info   ][gc,stats    ]    Subphase: Concurrent Classes Purge                      0.000 / 0.000         7.636 / 14.226        3.311 / 14.226        3.311 / 14.226      ms
[1160.572s][info   ][gc,stats    ]    Subphase: Concurrent Classes Unlink                     0.000 / 0.000       253.561 / 451.391     200.973 / 1768.670    200.973 / 1768.670    ms
[1160.572s][info   ][gc,stats    ]    Subphase: Concurrent Mark                               0.000 / 0.000       216.086 / 235.611     384.307 / 1136.625    384.307 / 1136.625    ms
[1160.572s][info   ][gc,stats    ]    Subphase: Concurrent Mark Try Flush                     0.000 / 0.000         0.152 / 0.189        30.253 / 148.506      30.253 / 148.506     ms
[1160.572s][info   ][gc,stats    ]    Subphase: Concurrent Mark Try Terminate                 0.000 / 0.000         3.521 / 13.309        2.844 / 148.509       2.844 / 148.509     ms
[1160.572s][info   ][gc,stats    ]    Subphase: Concurrent References Enqueue                 0.000 / 0.000         0.014 / 0.014         0.012 / 0.016         0.012 / 0.016       ms
[1160.573s][info   ][gc,stats    ]    Subphase: Concurrent References Process                 0.000 / 0.000         1.851 / 2.501         0.775 / 2.501         0.775 / 2.501       ms
[1160.573s][info   ][gc,stats    ]    Subphase: Concurrent Roots ClassLoaderDataGraph         0.000 / 0.000         1.179 / 2.051         0.620 / 2.051         0.620 / 2.051       ms
[1160.573s][info   ][gc,stats    ]    Subphase: Concurrent Roots CodeCache                    0.000 / 0.000         0.000 / 0.000         0.000 / 0.000         0.000 / 0.000       ms
[1160.573s][info   ][gc,stats    ]    Subphase: Concurrent Roots JavaThreads                  0.000 / 0.000         7.655 / 9.596        72.406 / 475.340      72.406 / 475.340     ms
[1160.573s][info   ][gc,stats    ]    Subphase: Concurrent Roots OopStorageSet                0.000 / 0.000         0.626 / 0.708         0.211 / 0.708         0.211 / 0.708       ms
[1160.574s][info   ][gc,stats    ]    Subphase: Concurrent Weak Roots OopStorageSet           0.000 / 0.000         5.046 / 5.394         4.546 / 9.700         4.546 / 9.700       ms
[1160.574s][info   ][gc,stats    ]    Subphase: Pause Mark Try Complete                       0.000 / 0.000         0.000 / 0.000         0.053 / 0.195         0.053 / 0.195       ms
[1160.574s][info   ][gc,stats    ]      System: Java Threads                                      0 / 0                48 / 49               62 / 137              62 / 137         threads
[1160.574s][info   ][gc,stats    ] =========================================================================================================================================================
[1170.556s][info   ][gc,stats    ] === Garbage Collection Statistics =======================================================================================================================
[1170.556s][info   ][gc,stats    ]                                                              Last 10s              Last 10m              Last 10h                Total
[1170.557s][info   ][gc,stats    ]                                                              Avg / Max             Avg / Max             Avg / Max             Avg / Max
[1170.557s][info   ][gc,stats    ]   Collector: Garbage Collection Cycle                      0.000 / 0.000       543.455 / 736.961     840.525 / 3415.907    840.525 / 3415.907    ms
[1170.557s][info   ][gc,stats    ]  Contention: Mark Segment Reset Contention                     0 / 0                 0 / 2                 0 / 2                 0 / 2           ops/s
[1170.557s][info   ][gc,stats    ]  Contention: Mark SeqNum Reset Contention                      0 / 0                 0 / 0                 0 / 1                 0 / 1           ops/s
[1170.557s][info   ][gc,stats    ]    Critical: Allocation Stall                                  0 / 0                 0 / 0                 0 / 0                 0 / 0           ops/s
[1170.557s][info   ][gc,stats    ]    Critical: Allocation Stall                              0.000 / 0.000         0.000 / 0.000         0.000 / 0.000         0.000 / 0.000       ms
[1170.557s][info   ][gc,stats    ]    Critical: GC Locker Stall                                   0 / 0                 0 / 0                 0 / 0                 0 / 0           ops/s
[1170.558s][info   ][gc,stats    ]    Critical: GC Locker Stall                               0.000 / 0.000         0.000 / 0.000         0.000 / 0.000         0.000 / 0.000       ms
[1170.558s][info   ][gc,stats    ]    Critical: Relocation Stall                                  0 / 0                 0 / 0                 0 / 0                 0 / 0           ops/s
[1170.558s][info   ][gc,stats    ]    Critical: Relocation Stall                              0.000 / 0.000         0.000 / 0.000         0.000 / 0.000         0.000 / 0.000       ms
[1170.558s][info   ][gc,stats    ]      Memory: Allocation Rate                                   0 / 2                 0 / 12                2 / 68                2 / 68          MB/s
[1170.559s][info   ][gc,stats    ]      Memory: Defragment                                        0 / 0                 0 / 0                 0 / 0                 0 / 0           ops/s
[1170.559s][info   ][gc,stats    ]      Memory: Out Of Memory                                     0 / 0                 0 / 0                 0 / 0                 0 / 0           ops/s
[1170.559s][info   ][gc,stats    ]      Memory: Page Cache Flush                                  0 / 0                 0 / 0                 0 / 0                 0 / 0           MB/s
[1170.559s][info   ][gc,stats    ]      Memory: Page Cache Hit L1                                 0 / 1                 0 / 15                1 / 30                1 / 30          ops/s
[1170.559s][info   ][gc,stats    ]      Memory: Page Cache Hit L2                                 0 / 0                 0 / 0                 0 / 0                 0 / 0           ops/s
[1170.559s][info   ][gc,stats    ]      Memory: Page Cache Hit L3                                 0 / 0                 0 / 0                 0 / 26                0 / 26          ops/s
[1170.559s][info   ][gc,stats    ]      Memory: Page Cache Miss                                   0 / 0                 0 / 0                 0 / 1                 0 / 1           ops/s
[1170.560s][info   ][gc,stats    ]      Memory: Uncommit                                          0 / 0                 0 / 0                 0 / 0                 0 / 0           MB/s
[1170.560s][info   ][gc,stats    ]      Memory: Undo Object Allocation Failed                     0 / 0                 0 / 0                 0 / 1                 0 / 1           ops/s
[1170.560s][info   ][gc,stats    ]      Memory: Undo Object Allocation Succeeded                  0 / 0                 0 / 0                 0 / 74                0 / 74          ops/s
[1170.560s][info   ][gc,stats    ]      Memory: Undo Page Allocation                              0 / 0                 0 / 0                 0 / 1                 0 / 1           ops/s
[1170.560s][info   ][gc,stats    ]       Phase: Concurrent Mark                               0.000 / 0.000       230.768 / 244.297     543.111 / 1491.398    543.111 / 1491.398    ms
[1170.560s][info   ][gc,stats    ]       Phase: Concurrent Mark Continue                      0.000 / 0.000         0.000 / 0.000         0.000 / 0.000         0.000 / 0.000       ms
[1170.560s][info   ][gc,stats    ]       Phase: Concurrent Mark Free                          0.000 / 0.000         0.002 / 0.002         0.002 / 0.004         0.002 / 0.004       ms
[1170.561s][info   ][gc,stats    ]       Phase: Concurrent Process Non-Strong References      0.000 / 0.000       275.612 / 473.355     228.186 / 1850.321    228.186 / 1850.321    ms
[1170.561s][info   ][gc,stats    ]       Phase: Concurrent Relocate                           0.000 / 0.000        25.772 / 33.849       15.585 / 33.849       15.585 / 33.849      ms
[1170.561s][info   ][gc,stats    ]       Phase: Concurrent Reset Relocation Set               0.000 / 0.000         0.007 / 0.008         0.017 / 0.040         0.017 / 0.040       ms
[1170.561s][info   ][gc,stats    ]       Phase: Concurrent Select Relocation Set              0.000 / 0.000         8.256 / 9.063         6.752 / 15.302        6.752 / 15.302      ms
[1170.561s][info   ][gc,stats    ]       Phase: Pause Mark End                                0.000 / 0.000         0.044 / 0.045         0.104 / 0.333         0.104 / 0.333       ms
[1170.562s][info   ][gc,stats    ]       Phase: Pause Mark Start                              0.000 / 0.000         0.070 / 0.083         0.037 / 0.083         0.037 / 0.083       ms
[1170.562s][info   ][gc,stats    ]       Phase: Pause Relocate Start                          0.000 / 0.000         0.035 / 0.037         0.031 / 0.079         0.031 / 0.079       ms
[1170.562s][info   ][gc,stats    ]    Subphase: Concurrent Classes Purge                      0.000 / 0.000         7.636 / 14.226        3.311 / 14.226        3.311 / 14.226      ms
[1170.562s][info   ][gc,stats    ]    Subphase: Concurrent Classes Unlink                     0.000 / 0.000       253.561 / 451.391     200.973 / 1768.670    200.973 / 1768.670    ms
[1170.562s][info   ][gc,stats    ]    Subphase: Concurrent Mark                               0.000 / 0.000       216.086 / 235.611     384.307 / 1136.625    384.307 / 1136.625    ms
[1170.563s][info   ][gc,stats    ]    Subphase: Concurrent Mark Try Flush                     0.000 / 0.000         0.152 / 0.189        30.253 / 148.506      30.253 / 148.506     ms
[1170.563s][info   ][gc,stats    ]    Subphase: Concurrent Mark Try Terminate                 0.000 / 0.000         3.521 / 13.309        2.844 / 148.509       2.844 / 148.509     ms
[1170.563s][info   ][gc,stats    ]    Subphase: Concurrent References Enqueue                 0.000 / 0.000         0.014 / 0.014         0.012 / 0.016         0.012 / 0.016       ms
[1170.563s][info   ][gc,stats    ]    Subphase: Concurrent References Process                 0.000 / 0.000         1.851 / 2.501         0.775 / 2.501         0.775 / 2.501       ms
[1170.563s][info   ][gc,stats    ]    Subphase: Concurrent Roots ClassLoaderDataGraph         0.000 / 0.000         1.179 / 2.051         0.620 / 2.051         0.620 / 2.051       ms
[1170.564s][info   ][gc,stats    ]    Subphase: Concurrent Roots CodeCache                    0.000 / 0.000         0.000 / 0.000         0.000 / 0.000         0.000 / 0.000       ms
[1170.564s][info   ][gc,stats    ]    Subphase: Concurrent Roots JavaThreads                  0.000 / 0.000         7.655 / 9.596        72.406 / 475.340      72.406 / 475.340     ms
[1170.564s][info   ][gc,stats    ]    Subphase: Concurrent Roots OopStorageSet                0.000 / 0.000         0.626 / 0.708         0.211 / 0.708         0.211 / 0.708       ms
[1170.564s][info   ][gc,stats    ]    Subphase: Concurrent Weak Roots OopStorageSet           0.000 / 0.000         5.046 / 5.394         4.546 / 9.700         4.546 / 9.700       ms
[1170.564s][info   ][gc,stats    ]    Subphase: Pause Mark Try Complete                       0.000 / 0.000         0.000 / 0.000         0.053 / 0.195         0.053 / 0.195       ms
[1170.564s][info   ][gc,stats    ]      System: Java Threads                                      0 / 0                48 / 49               62 / 137              62 / 137         threads
[1170.565s][info   ][gc,stats    ] =========================================================================================================================================================
[1180.565s][info   ][gc,stats    ] === Garbage Collection Statistics =======================================================================================================================
[1180.565s][info   ][gc,stats    ]                                                              Last 10s              Last 10m              Last 10h                Total
[1180.565s][info   ][gc,stats    ]                                                              Avg / Max             Avg / Max             Avg / Max             Avg / Max
[1180.565s][info   ][gc,stats    ]   Collector: Garbage Collection Cycle                      0.000 / 0.000       543.455 / 736.961     840.525 / 3415.907    840.525 / 3415.907    ms
[1180.565s][info   ][gc,stats    ]  Contention: Mark Segment Reset Contention                     0 / 0                 0 / 2                 0 / 2                 0 / 2           ops/s
[1180.565s][info   ][gc,stats    ]  Contention: Mark SeqNum Reset Contention                      0 / 0                 0 / 0                 0 / 1                 0 / 1           ops/s
[1180.565s][info   ][gc,stats    ]    Critical: Allocation Stall                                  0 / 0                 0 / 0                 0 / 0                 0 / 0           ops/s
[1180.566s][info   ][gc,stats    ]    Critical: Allocation Stall                              0.000 / 0.000         0.000 / 0.000         0.000 / 0.000         0.000 / 0.000       ms
[1180.566s][info   ][gc,stats    ]    Critical: GC Locker Stall                                   0 / 0                 0 / 0                 0 / 0                 0 / 0           ops/s
[1180.566s][info   ][gc,stats    ]    Critical: GC Locker Stall                               0.000 / 0.000         0.000 / 0.000         0.000 / 0.000         0.000 / 0.000       ms
[1180.566s][info   ][gc,stats    ]    Critical: Relocation Stall                                  0 / 0                 0 / 0                 0 / 0                 0 / 0           ops/s
[1180.566s][info   ][gc,stats    ]    Critical: Relocation Stall                              0.000 / 0.000         0.000 / 0.000         0.000 / 0.000         0.000 / 0.000       ms
[1180.566s][info   ][gc,stats    ]      Memory: Allocation Rate                                   0 / 0                 0 / 12                2 / 68                2 / 68          MB/s
[1180.566s][info   ][gc,stats    ]      Memory: Defragment                                        0 / 0                 0 / 0                 0 / 0                 0 / 0           ops/s
[1180.567s][info   ][gc,stats    ]      Memory: Out Of Memory                                     0 / 0                 0 / 0                 0 / 0                 0 / 0           ops/s
[1180.567s][info   ][gc,stats    ]      Memory: Page Cache Flush                                  0 / 0                 0 / 0                 0 / 0                 0 / 0           MB/s
[1180.567s][info   ][gc,stats    ]      Memory: Page Cache Hit L1                                 0 / 0                 0 / 15                1 / 30                1 / 30          ops/s
[1180.567s][info   ][gc,stats    ]      Memory: Page Cache Hit L2                                 0 / 0                 0 / 0                 0 / 0                 0 / 0           ops/s
[1180.567s][info   ][gc,stats    ]      Memory: Page Cache Hit L3                                 0 / 0                 0 / 0                 0 / 26                0 / 26          ops/s
[1180.567s][info   ][gc,stats    ]      Memory: Page Cache Miss                                   0 / 0                 0 / 0                 0 / 1                 0 / 1           ops/s
[1180.567s][info   ][gc,stats    ]      Memory: Uncommit                                          0 / 0                 0 / 0                 0 / 0                 0 / 0           MB/s
[1180.568s][info   ][gc,stats    ]      Memory: Undo Object Allocation Failed                     0 / 0                 0 / 0                 0 / 1                 0 / 1           ops/s
[1180.568s][info   ][gc,stats    ]      Memory: Undo Object Allocation Succeeded                  0 / 0                 0 / 0                 0 / 74                0 / 74          ops/s
[1180.568s][info   ][gc,stats    ]      Memory: Undo Page Allocation                              0 / 0                 0 / 0                 0 / 1                 0 / 1           ops/s
[1180.568s][info   ][gc,stats    ]       Phase: Concurrent Mark                               0.000 / 0.000       230.768 / 244.297     543.111 / 1491.398    543.111 / 1491.398    ms
[1180.568s][info   ][gc,stats    ]       Phase: Concurrent Mark Continue                      0.000 / 0.000         0.000 / 0.000         0.000 / 0.000         0.000 / 0.000       ms
[1180.569s][info   ][gc,stats    ]       Phase: Concurrent Mark Free                          0.000 / 0.000         0.002 / 0.002         0.002 / 0.004         0.002 / 0.004       ms
[1180.569s][info   ][gc,stats    ]       Phase: Concurrent Process Non-Strong References      0.000 / 0.000       275.612 / 473.355     228.186 / 1850.321    228.186 / 1850.321    ms
[1180.569s][info   ][gc,stats    ]       Phase: Concurrent Relocate                           0.000 / 0.000        25.772 / 33.849       15.585 / 33.849       15.585 / 33.849      ms
[1180.569s][info   ][gc,stats    ]       Phase: Concurrent Reset Relocation Set               0.000 / 0.000         0.007 / 0.008         0.017 / 0.040         0.017 / 0.040       ms
[1180.569s][info   ][gc,stats    ]       Phase: Concurrent Select Relocation Set              0.000 / 0.000         8.256 / 9.063         6.752 / 15.302        6.752 / 15.302      ms
[1180.569s][info   ][gc,stats    ]       Phase: Pause Mark End                                0.000 / 0.000         0.044 / 0.045         0.104 / 0.333         0.104 / 0.333       ms
[1180.569s][info   ][gc,stats    ]       Phase: Pause Mark Start                              0.000 / 0.000         0.070 / 0.083         0.037 / 0.083         0.037 / 0.083       ms
[1180.570s][info   ][gc,stats    ]       Phase: Pause Relocate Start                          0.000 / 0.000         0.035 / 0.037         0.031 / 0.079         0.031 / 0.079       ms
[1180.570s][info   ][gc,stats    ]    Subphase: Concurrent Classes Purge                      0.000 / 0.000         7.636 / 14.226        3.311 / 14.226        3.311 / 14.226      ms
[1180.570s][info   ][gc,stats    ]    Subphase: Concurrent Classes Unlink                     0.000 / 0.000       253.561 / 451.391     200.973 / 1768.670    200.973 / 1768.670    ms
[1180.570s][info   ][gc,stats    ]    Subphase: Concurrent Mark                               0.000 / 0.000       216.086 / 235.611     384.307 / 1136.625    384.307 / 1136.625    ms
[1180.570s][info   ][gc,stats    ]    Subphase: Concurrent Mark Try Flush                     0.000 / 0.000         0.152 / 0.189        30.253 / 148.506      30.253 / 148.506     ms
[1180.571s][info   ][gc,stats    ]    Subphase: Concurrent Mark Try Terminate                 0.000 / 0.000         3.521 / 13.309        2.844 / 148.509       2.844 / 148.509     ms
[1180.571s][info   ][gc,stats    ]    Subphase: Concurrent References Enqueue                 0.000 / 0.000         0.014 / 0.014         0.012 / 0.016         0.012 / 0.016       ms
[1180.571s][info   ][gc,stats    ]    Subphase: Concurrent References Process                 0.000 / 0.000         1.851 / 2.501         0.775 / 2.501         0.775 / 2.501       ms
[1180.571s][info   ][gc,stats    ]    Subphase: Concurrent Roots ClassLoaderDataGraph         0.000 / 0.000         1.179 / 2.051         0.620 / 2.051         0.620 / 2.051       ms
[1180.571s][info   ][gc,stats    ]    Subphase: Concurrent Roots CodeCache                    0.000 / 0.000         0.000 / 0.000         0.000 / 0.000         0.000 / 0.000       ms
[1180.572s][info   ][gc,stats    ]    Subphase: Concurrent Roots JavaThreads                  0.000 / 0.000         7.655 / 9.596        72.406 / 475.340      72.406 / 475.340     ms
[1180.572s][info   ][gc,stats    ]    Subphase: Concurrent Roots OopStorageSet                0.000 / 0.000         0.626 / 0.708         0.211 / 0.708         0.211 / 0.708       ms
[1180.572s][info   ][gc,stats    ]    Subphase: Concurrent Weak Roots OopStorageSet           0.000 / 0.000         5.046 / 5.394         4.546 / 9.700         4.546 / 9.700       ms
[1180.572s][info   ][gc,stats    ]    Subphase: Pause Mark Try Complete                       0.000 / 0.000         0.000 / 0.000         0.053 / 0.195         0.053 / 0.195       ms
[1180.572s][info   ][gc,stats    ]      System: Java Threads                                      0 / 0                48 / 49               62 / 137              62 / 137         threads
[1180.572s][info   ][gc,stats    ] =========================================================================================================================================================
[1190.563s][info   ][gc,stats    ] === Garbage Collection Statistics =======================================================================================================================
[1190.564s][info   ][gc,stats    ]                                                              Last 10s              Last 10m              Last 10h                Total
[1190.564s][info   ][gc,stats    ]                                                              Avg / Max             Avg / Max             Avg / Max             Avg / Max
[1190.564s][info   ][gc,stats    ]   Collector: Garbage Collection Cycle                      0.000 / 0.000       543.455 / 736.961     840.525 / 3415.907    840.525 / 3415.907    ms
[1190.564s][info   ][gc,stats    ]  Contention: Mark Segment Reset Contention                     0 / 0                 0 / 2                 0 / 2                 0 / 2           ops/s
[1190.564s][info   ][gc,stats    ]  Contention: Mark SeqNum Reset Contention                      0 / 0                 0 / 0                 0 / 1                 0 / 1           ops/s
[1190.564s][info   ][gc,stats    ]    Critical: Allocation Stall                                  0 / 0                 0 / 0                 0 / 0                 0 / 0           ops/s
[1190.564s][info   ][gc,stats    ]    Critical: Allocation Stall                              0.000 / 0.000         0.000 / 0.000         0.000 / 0.000         0.000 / 0.000       ms
[1190.565s][info   ][gc,stats    ]    Critical: GC Locker Stall                                   0 / 0                 0 / 0                 0 / 0                 0 / 0           ops/s
[1190.565s][info   ][gc,stats    ]    Critical: GC Locker Stall                               0.000 / 0.000         0.000 / 0.000         0.000 / 0.000         0.000 / 0.000       ms
[1190.565s][info   ][gc,stats    ]    Critical: Relocation Stall                                  0 / 0                 0 / 0                 0 / 0                 0 / 0           ops/s
[1190.565s][info   ][gc,stats    ]    Critical: Relocation Stall                              0.000 / 0.000         0.000 / 0.000         0.000 / 0.000         0.000 / 0.000       ms
[1190.565s][info   ][gc,stats    ]      Memory: Allocation Rate                                   0 / 0                 0 / 12                2 / 68                2 / 68          MB/s
[1190.565s][info   ][gc,stats    ]      Memory: Defragment                                        0 / 0                 0 / 0                 0 / 0                 0 / 0           ops/s
[1190.565s][info   ][gc,stats    ]      Memory: Out Of Memory                                     0 / 0                 0 / 0                 0 / 0                 0 / 0           ops/s
[1190.566s][info   ][gc,stats    ]      Memory: Page Cache Flush                                  0 / 0                 0 / 0                 0 / 0                 0 / 0           MB/s
[1190.566s][info   ][gc,stats    ]      Memory: Page Cache Hit L1                                 0 / 0                 0 / 15                1 / 30                1 / 30          ops/s
[1190.566s][info   ][gc,stats    ]      Memory: Page Cache Hit L2                                 0 / 0                 0 / 0                 0 / 0                 0 / 0           ops/s
[1190.566s][info   ][gc,stats    ]      Memory: Page Cache Hit L3                                 0 / 0                 0 / 0                 0 / 26                0 / 26          ops/s
[1190.566s][info   ][gc,stats    ]      Memory: Page Cache Miss                                   0 / 0                 0 / 0                 0 / 1                 0 / 1           ops/s
[1190.566s][info   ][gc,stats    ]      Memory: Uncommit                                          0 / 0                 0 / 0                 0 / 0                 0 / 0           MB/s
[1190.566s][info   ][gc,stats    ]      Memory: Undo Object Allocation Failed                     0 / 0                 0 / 0                 0 / 1                 0 / 1           ops/s
[1190.566s][info   ][gc,stats    ]      Memory: Undo Object Allocation Succeeded                  0 / 0                 0 / 0                 0 / 74                0 / 74          ops/s
[1190.567s][info   ][gc,stats    ]      Memory: Undo Page Allocation                              0 / 0                 0 / 0                 0 / 1                 0 / 1           ops/s
[1190.567s][info   ][gc,stats    ]       Phase: Concurrent Mark                               0.000 / 0.000       230.768 / 244.297     543.111 / 1491.398    543.111 / 1491.398    ms
[1190.567s][info   ][gc,stats    ]       Phase: Concurrent Mark Continue                      0.000 / 0.000         0.000 / 0.000         0.000 / 0.000         0.000 / 0.000       ms
[1190.567s][info   ][gc,stats    ]       Phase: Concurrent Mark Free                          0.000 / 0.000         0.002 / 0.002         0.002 / 0.004         0.002 / 0.004       ms
[1190.567s][info   ][gc,stats    ]       Phase: Concurrent Process Non-Strong References      0.000 / 0.000       275.612 / 473.355     228.186 / 1850.321    228.186 / 1850.321    ms
[1190.567s][info   ][gc,stats    ]       Phase: Concurrent Relocate                           0.000 / 0.000        25.772 / 33.849       15.585 / 33.849       15.585 / 33.849      ms
[1190.567s][info   ][gc,stats    ]       Phase: Concurrent Reset Relocation Set               0.000 / 0.000         0.007 / 0.008         0.017 / 0.040         0.017 / 0.040       ms
[1190.568s][info   ][gc,stats    ]       Phase: Concurrent Select Relocation Set              0.000 / 0.000         8.256 / 9.063         6.752 / 15.302        6.752 / 15.302      ms
[1190.568s][info   ][gc,stats    ]       Phase: Pause Mark End                                0.000 / 0.000         0.044 / 0.045         0.104 / 0.333         0.104 / 0.333       ms
[1190.568s][info   ][gc,stats    ]       Phase: Pause Mark Start                              0.000 / 0.000         0.070 / 0.083         0.037 / 0.083         0.037 / 0.083       ms
[1190.568s][info   ][gc,stats    ]       Phase: Pause Relocate Start                          0.000 / 0.000         0.035 / 0.037         0.031 / 0.079         0.031 / 0.079       ms
[1190.568s][info   ][gc,stats    ]    Subphase: Concurrent Classes Purge                      0.000 / 0.000         7.636 / 14.226        3.311 / 14.226        3.311 / 14.226      ms
[1190.568s][info   ][gc,stats    ]    Subphase: Concurrent Classes Unlink                     0.000 / 0.000       253.561 / 451.391     200.973 / 1768.670    200.973 / 1768.670    ms
[1190.568s][info   ][gc,stats    ]    Subphase: Concurrent Mark                               0.000 / 0.000       216.086 / 235.611     384.307 / 1136.625    384.307 / 1136.625    ms
[1190.569s][info   ][gc,stats    ]    Subphase: Concurrent Mark Try Flush                     0.000 / 0.000         0.152 / 0.189        30.253 / 148.506      30.253 / 148.506     ms
[1190.569s][info   ][gc,stats    ]    Subphase: Concurrent Mark Try Terminate                 0.000 / 0.000         3.521 / 13.309        2.844 / 148.509       2.844 / 148.509     ms
[1190.569s][info   ][gc,stats    ]    Subphase: Concurrent References Enqueue                 0.000 / 0.000         0.014 / 0.014         0.012 / 0.016         0.012 / 0.016       ms
[1190.569s][info   ][gc,stats    ]    Subphase: Concurrent References Process                 0.000 / 0.000         1.851 / 2.501         0.775 / 2.501         0.775 / 2.501       ms
[1190.569s][info   ][gc,stats    ]    Subphase: Concurrent Roots ClassLoaderDataGraph         0.000 / 0.000         1.179 / 2.051         0.620 / 2.051         0.620 / 2.051       ms
[1190.570s][info   ][gc,stats    ]    Subphase: Concurrent Roots CodeCache                    0.000 / 0.000         0.000 / 0.000         0.000 / 0.000         0.000 / 0.000       ms
[1190.570s][info   ][gc,stats    ]    Subphase: Concurrent Roots JavaThreads                  0.000 / 0.000         7.655 / 9.596        72.406 / 475.340      72.406 / 475.340     ms
[1190.570s][info   ][gc,stats    ]    Subphase: Concurrent Roots OopStorageSet                0.000 / 0.000         0.626 / 0.708         0.211 / 0.708         0.211 / 0.708       ms
[1190.570s][info   ][gc,stats    ]    Subphase: Concurrent Weak Roots OopStorageSet           0.000 / 0.000         5.046 / 5.394         4.546 / 9.700         4.546 / 9.700       ms
[1190.570s][info   ][gc,stats    ]    Subphase: Pause Mark Try Complete                       0.000 / 0.000         0.000 / 0.000         0.053 / 0.195         0.053 / 0.195       ms
[1190.570s][info   ][gc,stats    ]      System: Java Threads                                      0 / 0                48 / 49               62 / 137              62 / 137         threads
[1190.570s][info   ][gc,stats    ] =========================================================================================================================================================
[1200.558s][info   ][gc,stats    ] === Garbage Collection Statistics =======================================================================================================================
[1200.558s][info   ][gc,stats    ]                                                              Last 10s              Last 10m              Last 10h                Total
[1200.558s][info   ][gc,stats    ]                                                              Avg / Max             Avg / Max             Avg / Max             Avg / Max
[1200.559s][info   ][gc,stats    ]   Collector: Garbage Collection Cycle                      0.000 / 0.000       543.455 / 736.961     840.525 / 3415.907    840.525 / 3415.907    ms
[1200.559s][info   ][gc,stats    ]  Contention: Mark Segment Reset Contention                     0 / 0                 0 / 2                 0 / 2                 0 / 2           ops/s
[1200.559s][info   ][gc,stats    ]  Contention: Mark SeqNum Reset Contention                      0 / 0                 0 / 0                 0 / 1                 0 / 1           ops/s
[1200.559s][info   ][gc,stats    ]    Critical: Allocation Stall                                  0 / 0                 0 / 0                 0 / 0                 0 / 0           ops/s
[1200.559s][info   ][gc,stats    ]    Critical: Allocation Stall                              0.000 / 0.000         0.000 / 0.000         0.000 / 0.000         0.000 / 0.000       ms
[1200.559s][info   ][gc,stats    ]    Critical: GC Locker Stall                                   0 / 0                 0 / 0                 0 / 0                 0 / 0           ops/s
[1200.559s][info   ][gc,stats    ]    Critical: GC Locker Stall                               0.000 / 0.000         0.000 / 0.000         0.000 / 0.000         0.000 / 0.000       ms
[1200.560s][info   ][gc,stats    ]    Critical: Relocation Stall                                  0 / 0                 0 / 0                 0 / 0                 0 / 0           ops/s
[1200.560s][info   ][gc,stats    ]    Critical: Relocation Stall                              0.000 / 0.000         0.000 / 0.000         0.000 / 0.000         0.000 / 0.000       ms
[1200.560s][info   ][gc,stats    ]      Memory: Allocation Rate                                   0 / 2                 0 / 12                2 / 68                2 / 68          MB/s
[1200.560s][info   ][gc,stats    ]      Memory: Defragment                                        0 / 0                 0 / 0                 0 / 0                 0 / 0           ops/s
[1200.560s][info   ][gc,stats    ]      Memory: Out Of Memory                                     0 / 0                 0 / 0                 0 / 0                 0 / 0           ops/s
[1200.560s][info   ][gc,stats    ]      Memory: Page Cache Flush                                  0 / 0                 0 / 0                 0 / 0                 0 / 0           MB/s
[1200.560s][info   ][gc,stats    ]      Memory: Page Cache Hit L1                                 0 / 1                 0 / 15                1 / 30                1 / 30          ops/s
[1200.561s][info   ][gc,stats    ]      Memory: Page Cache Hit L2                                 0 / 0                 0 / 0                 0 / 0                 0 / 0           ops/s
[1200.561s][info   ][gc,stats    ]      Memory: Page Cache Hit L3                                 0 / 0                 0 / 0                 0 / 26                0 / 26          ops/s
[1200.561s][info   ][gc,stats    ]      Memory: Page Cache Miss                                   0 / 0                 0 / 0                 0 / 1                 0 / 1           ops/s
[1200.561s][info   ][gc,stats    ]      Memory: Uncommit                                          0 / 0                 0 / 0                 0 / 0                 0 / 0           MB/s
[1200.561s][info   ][gc,stats    ]      Memory: Undo Object Allocation Failed                     0 / 0                 0 / 0                 0 / 1                 0 / 1           ops/s
[1200.561s][info   ][gc,stats    ]      Memory: Undo Object Allocation Succeeded                  0 / 0                 0 / 0                 0 / 74                0 / 74          ops/s
[1200.561s][info   ][gc,stats    ]      Memory: Undo Page Allocation                              0 / 0                 0 / 0                 0 / 1                 0 / 1           ops/s
[1200.562s][info   ][gc,stats    ]       Phase: Concurrent Mark                               0.000 / 0.000       230.768 / 244.297     543.111 / 1491.398    543.111 / 1491.398    ms
[1200.562s][info   ][gc,stats    ]       Phase: Concurrent Mark Continue                      0.000 / 0.000         0.000 / 0.000         0.000 / 0.000         0.000 / 0.000       ms
[1200.562s][info   ][gc,stats    ]       Phase: Concurrent Mark Free                          0.000 / 0.000         0.002 / 0.002         0.002 / 0.004         0.002 / 0.004       ms
[1200.562s][info   ][gc,stats    ]       Phase: Concurrent Process Non-Strong References      0.000 / 0.000       275.612 / 473.355     228.186 / 1850.321    228.186 / 1850.321    ms
[1200.563s][info   ][gc,stats    ]       Phase: Concurrent Relocate                           0.000 / 0.000        25.772 / 33.849       15.585 / 33.849       15.585 / 33.849      ms
[1200.563s][info   ][gc,stats    ]       Phase: Concurrent Reset Relocation Set               0.000 / 0.000         0.007 / 0.008         0.017 / 0.040         0.017 / 0.040       ms
[1200.563s][info   ][gc,stats    ]       Phase: Concurrent Select Relocation Set              0.000 / 0.000         8.256 / 9.063         6.752 / 15.302        6.752 / 15.302      ms
[1200.563s][info   ][gc,stats    ]       Phase: Pause Mark End                                0.000 / 0.000         0.044 / 0.045         0.104 / 0.333         0.104 / 0.333       ms
[1200.564s][info   ][gc,stats    ]       Phase: Pause Mark Start                              0.000 / 0.000         0.070 / 0.083         0.037 / 0.083         0.037 / 0.083       ms
[1200.564s][info   ][gc,stats    ]       Phase: Pause Relocate Start                          0.000 / 0.000         0.035 / 0.037         0.031 / 0.079         0.031 / 0.079       ms
[1200.564s][info   ][gc,stats    ]    Subphase: Concurrent Classes Purge                      0.000 / 0.000         7.636 / 14.226        3.311 / 14.226        3.311 / 14.226      ms
[1200.564s][info   ][gc,stats    ]    Subphase: Concurrent Classes Unlink                     0.000 / 0.000       253.561 / 451.391     200.973 / 1768.670    200.973 / 1768.670    ms
[1200.564s][info   ][gc,stats    ]    Subphase: Concurrent Mark                               0.000 / 0.000       216.086 / 235.611     384.307 / 1136.625    384.307 / 1136.625    ms
[1200.564s][info   ][gc,stats    ]    Subphase: Concurrent Mark Try Flush                     0.000 / 0.000         0.152 / 0.189        30.253 / 148.506      30.253 / 148.506     ms
[1200.564s][info   ][gc,stats    ]    Subphase: Concurrent Mark Try Terminate                 0.000 / 0.000         3.521 / 13.309        2.844 / 148.509       2.844 / 148.509     ms
[1200.564s][info   ][gc,stats    ]    Subphase: Concurrent References Enqueue                 0.000 / 0.000         0.014 / 0.014         0.012 / 0.016         0.012 / 0.016       ms
[1200.564s][info   ][gc,stats    ]    Subphase: Concurrent References Process                 0.000 / 0.000         1.851 / 2.501         0.775 / 2.501         0.775 / 2.501       ms
[1200.564s][info   ][gc,stats    ]    Subphase: Concurrent Roots ClassLoaderDataGraph         0.000 / 0.000         1.179 / 2.051         0.620 / 2.051         0.620 / 2.051       ms
[1200.565s][info   ][gc,stats    ]    Subphase: Concurrent Roots CodeCache                    0.000 / 0.000         0.000 / 0.000         0.000 / 0.000         0.000 / 0.000       ms
[1200.565s][info   ][gc,stats    ]    Subphase: Concurrent Roots JavaThreads                  0.000 / 0.000         7.655 / 9.596        72.406 / 475.340      72.406 / 475.340     ms
[1200.565s][info   ][gc,stats    ]    Subphase: Concurrent Roots OopStorageSet                0.000 / 0.000         0.626 / 0.708         0.211 / 0.708         0.211 / 0.708       ms
[1200.565s][info   ][gc,stats    ]    Subphase: Concurrent Weak Roots OopStorageSet           0.000 / 0.000         5.046 / 5.394         4.546 / 9.700         4.546 / 9.700       ms
[1200.565s][info   ][gc,stats    ]    Subphase: Pause Mark Try Complete                       0.000 / 0.000         0.000 / 0.000         0.053 / 0.195         0.053 / 0.195       ms
[1200.565s][info   ][gc,stats    ]      System: Java Threads                                      0 / 0                48 / 49               62 / 137              62 / 137         threads
[1200.565s][info   ][gc,stats    ] =========================================================================================================================================================
[1210.557s][info   ][gc,stats    ] === Garbage Collection Statistics =======================================================================================================================
[1210.557s][info   ][gc,stats    ]                                                              Last 10s              Last 10m              Last 10h                Total
[1210.557s][info   ][gc,stats    ]                                                              Avg / Max             Avg / Max             Avg / Max             Avg / Max
[1210.558s][info   ][gc,stats    ]   Collector: Garbage Collection Cycle                      0.000 / 0.000       543.455 / 736.961     840.525 / 3415.907    840.525 / 3415.907    ms
[1210.558s][info   ][gc,stats    ]  Contention: Mark Segment Reset Contention                     0 / 0                 0 / 2                 0 / 2                 0 / 2           ops/s
[1210.558s][info   ][gc,stats    ]  Contention: Mark SeqNum Reset Contention                      0 / 0                 0 / 0                 0 / 1                 0 / 1           ops/s
[1210.558s][info   ][gc,stats    ]    Critical: Allocation Stall                                  0 / 0                 0 / 0                 0 / 0                 0 / 0           ops/s
[1210.558s][info   ][gc,stats    ]    Critical: Allocation Stall                              0.000 / 0.000         0.000 / 0.000         0.000 / 0.000         0.000 / 0.000       ms
[1210.558s][info   ][gc,stats    ]    Critical: GC Locker Stall                                   0 / 0                 0 / 0                 0 / 0                 0 / 0           ops/s
[1210.559s][info   ][gc,stats    ]    Critical: GC Locker Stall                               0.000 / 0.000         0.000 / 0.000         0.000 / 0.000         0.000 / 0.000       ms
[1210.559s][info   ][gc,stats    ]    Critical: Relocation Stall                                  0 / 0                 0 / 0                 0 / 0                 0 / 0           ops/s
[1210.559s][info   ][gc,stats    ]    Critical: Relocation Stall                              0.000 / 0.000         0.000 / 0.000         0.000 / 0.000         0.000 / 0.000       ms
[1210.559s][info   ][gc,stats    ]      Memory: Allocation Rate                                   0 / 0                 0 / 12                2 / 68                2 / 68          MB/s
[1210.559s][info   ][gc,stats    ]      Memory: Defragment                                        0 / 0                 0 / 0                 0 / 0                 0 / 0           ops/s
[1210.559s][info   ][gc,stats    ]      Memory: Out Of Memory                                     0 / 0                 0 / 0                 0 / 0                 0 / 0           ops/s
[1210.560s][info   ][gc,stats    ]      Memory: Page Cache Flush                                  0 / 0                 0 / 0                 0 / 0                 0 / 0           MB/s
[1210.560s][info   ][gc,stats    ]      Memory: Page Cache Hit L1                                 0 / 0                 0 / 15                1 / 30                1 / 30          ops/s
[1210.560s][info   ][gc,stats    ]      Memory: Page Cache Hit L2                                 0 / 0                 0 / 0                 0 / 0                 0 / 0           ops/s
[1210.560s][info   ][gc,stats    ]      Memory: Page Cache Hit L3                                 0 / 0                 0 / 0                 0 / 26                0 / 26          ops/s
[1210.560s][info   ][gc,stats    ]      Memory: Page Cache Miss                                   0 / 0                 0 / 0                 0 / 1                 0 / 1           ops/s
[1210.560s][info   ][gc,stats    ]      Memory: Uncommit                                          0 / 0                 0 / 0                 0 / 0                 0 / 0           MB/s
[1210.560s][info   ][gc,stats    ]      Memory: Undo Object Allocation Failed                     0 / 0                 0 / 0                 0 / 1                 0 / 1           ops/s
[1210.560s][info   ][gc,stats    ]      Memory: Undo Object Allocation Succeeded                  0 / 0                 0 / 0                 0 / 74                0 / 74          ops/s
[1210.561s][info   ][gc,stats    ]      Memory: Undo Page Allocation                              0 / 0                 0 / 0                 0 / 1                 0 / 1           ops/s
[1210.561s][info   ][gc,stats    ]       Phase: Concurrent Mark                               0.000 / 0.000       230.768 / 244.297     543.111 / 1491.398    543.111 / 1491.398    ms
[1210.561s][info   ][gc,stats    ]       Phase: Concurrent Mark Continue                      0.000 / 0.000         0.000 / 0.000         0.000 / 0.000         0.000 / 0.000       ms
[1210.561s][info   ][gc,stats    ]       Phase: Concurrent Mark Free                          0.000 / 0.000         0.002 / 0.002         0.002 / 0.004         0.002 / 0.004       ms
[1210.561s][info   ][gc,stats    ]       Phase: Concurrent Process Non-Strong References      0.000 / 0.000       275.612 / 473.355     228.186 / 1850.321    228.186 / 1850.321    ms
[1210.561s][info   ][gc,stats    ]       Phase: Concurrent Relocate                           0.000 / 0.000        25.772 / 33.849       15.585 / 33.849       15.585 / 33.849      ms
[1210.561s][info   ][gc,stats    ]       Phase: Concurrent Reset Relocation Set               0.000 / 0.000         0.007 / 0.008         0.017 / 0.040         0.017 / 0.040       ms
[1210.562s][info   ][gc,stats    ]       Phase: Concurrent Select Relocation Set              0.000 / 0.000         8.256 / 9.063         6.752 / 15.302        6.752 / 15.302      ms
[1210.562s][info   ][gc,stats    ]       Phase: Pause Mark End                                0.000 / 0.000         0.044 / 0.045         0.104 / 0.333         0.104 / 0.333       ms
[1210.562s][info   ][gc,stats    ]       Phase: Pause Mark Start                              0.000 / 0.000         0.070 / 0.083         0.037 / 0.083         0.037 / 0.083       ms
[1210.562s][info   ][gc,stats    ]       Phase: Pause Relocate Start                          0.000 / 0.000         0.035 / 0.037         0.031 / 0.079         0.031 / 0.079       ms
[1210.563s][info   ][gc,stats    ]    Subphase: Concurrent Classes Purge                      0.000 / 0.000         7.636 / 14.226        3.311 / 14.226        3.311 / 14.226      ms
[1210.563s][info   ][gc,stats    ]    Subphase: Concurrent Classes Unlink                     0.000 / 0.000       253.561 / 451.391     200.973 / 1768.670    200.973 / 1768.670    ms
[1210.563s][info   ][gc,stats    ]    Subphase: Concurrent Mark                               0.000 / 0.000       216.086 / 235.611     384.307 / 1136.625    384.307 / 1136.625    ms
[1210.563s][info   ][gc,stats    ]    Subphase: Concurrent Mark Try Flush                     0.000 / 0.000         0.152 / 0.189        30.253 / 148.506      30.253 / 148.506     ms
[1210.563s][info   ][gc,stats    ]    Subphase: Concurrent Mark Try Terminate                 0.000 / 0.000         3.521 / 13.309        2.844 / 148.509       2.844 / 148.509     ms
[1210.563s][info   ][gc,stats    ]    Subphase: Concurrent References Enqueue                 0.000 / 0.000         0.014 / 0.014         0.012 / 0.016         0.012 / 0.016       ms
[1210.563s][info   ][gc,stats    ]    Subphase: Concurrent References Process                 0.000 / 0.000         1.851 / 2.501         0.775 / 2.501         0.775 / 2.501       ms
[1210.563s][info   ][gc,stats    ]    Subphase: Concurrent Roots ClassLoaderDataGraph         0.000 / 0.000         1.179 / 2.051         0.620 / 2.051         0.620 / 2.051       ms
[1210.563s][info   ][gc,stats    ]    Subphase: Concurrent Roots CodeCache                    0.000 / 0.000         0.000 / 0.000         0.000 / 0.000         0.000 / 0.000       ms
[1210.563s][info   ][gc,stats    ]    Subphase: Concurrent Roots JavaThreads                  0.000 / 0.000         7.655 / 9.596        72.406 / 475.340      72.406 / 475.340     ms
[1210.564s][info   ][gc,stats    ]    Subphase: Concurrent Roots OopStorageSet                0.000 / 0.000         0.626 / 0.708         0.211 / 0.708         0.211 / 0.708       ms
[1210.564s][info   ][gc,stats    ]    Subphase: Concurrent Weak Roots OopStorageSet           0.000 / 0.000         5.046 / 5.394         4.546 / 9.700         4.546 / 9.700       ms
[1210.564s][info   ][gc,stats    ]    Subphase: Pause Mark Try Complete                       0.000 / 0.000         0.000 / 0.000         0.053 / 0.195         0.053 / 0.195       ms
[1210.564s][info   ][gc,stats    ]      System: Java Threads                                      0 / 0                48 / 49               62 / 137              62 / 137         threads
[1210.564s][info   ][gc,stats    ] =========================================================================================================================================================
[1220.571s][info   ][gc,stats    ] === Garbage Collection Statistics =======================================================================================================================
[1220.572s][info   ][gc,stats    ]                                                              Last 10s              Last 10m              Last 10h                Total
[1220.572s][info   ][gc,stats    ]                                                              Avg / Max             Avg / Max             Avg / Max             Avg / Max
[1220.572s][info   ][gc,stats    ]   Collector: Garbage Collection Cycle                      0.000 / 0.000       543.455 / 736.961     840.525 / 3415.907    840.525 / 3415.907    ms
[1220.572s][info   ][gc,stats    ]  Contention: Mark Segment Reset Contention                     0 / 0                 0 / 2                 0 / 2                 0 / 2           ops/s
[1220.573s][info   ][gc,stats    ]  Contention: Mark SeqNum Reset Contention                      0 / 0                 0 / 0                 0 / 1                 0 / 1           ops/s
[1220.573s][info   ][gc,stats    ]    Critical: Allocation Stall                                  0 / 0                 0 / 0                 0 / 0                 0 / 0           ops/s
[1220.573s][info   ][gc,stats    ]    Critical: Allocation Stall                              0.000 / 0.000         0.000 / 0.000         0.000 / 0.000         0.000 / 0.000       ms
[1220.573s][info   ][gc,stats    ]    Critical: GC Locker Stall                                   0 / 0                 0 / 0                 0 / 0                 0 / 0           ops/s
[1220.573s][info   ][gc,stats    ]    Critical: GC Locker Stall                               0.000 / 0.000         0.000 / 0.000         0.000 / 0.000         0.000 / 0.000       ms
[1220.574s][info   ][gc,stats    ]    Critical: Relocation Stall                                  0 / 0                 0 / 0                 0 / 0                 0 / 0           ops/s
[1220.574s][info   ][gc,stats    ]    Critical: Relocation Stall                              0.000 / 0.000         0.000 / 0.000         0.000 / 0.000         0.000 / 0.000       ms
[1220.574s][info   ][gc,stats    ]      Memory: Allocation Rate                                   0 / 2                 0 / 12                2 / 68                2 / 68          MB/s
[1220.574s][info   ][gc,stats    ]      Memory: Defragment                                        0 / 0                 0 / 0                 0 / 0                 0 / 0           ops/s
[1220.574s][info   ][gc,stats    ]      Memory: Out Of Memory                                     0 / 0                 0 / 0                 0 / 0                 0 / 0           ops/s
[1220.574s][info   ][gc,stats    ]      Memory: Page Cache Flush                                  0 / 0                 0 / 0                 0 / 0                 0 / 0           MB/s
[1220.575s][info   ][gc,stats    ]      Memory: Page Cache Hit L1                                 0 / 1                 0 / 15                1 / 30                1 / 30          ops/s
[1220.575s][info   ][gc,stats    ]      Memory: Page Cache Hit L2                                 0 / 0                 0 / 0                 0 / 0                 0 / 0           ops/s
[1220.575s][info   ][gc,stats    ]      Memory: Page Cache Hit L3                                 0 / 0                 0 / 0                 0 / 26                0 / 26          ops/s
[1220.575s][info   ][gc,stats    ]      Memory: Page Cache Miss                                   0 / 0                 0 / 0                 0 / 1                 0 / 1           ops/s
[1220.575s][info   ][gc,stats    ]      Memory: Uncommit                                          0 / 0                 0 / 0                 0 / 0                 0 / 0           MB/s
[1220.575s][info   ][gc,stats    ]      Memory: Undo Object Allocation Failed                     0 / 0                 0 / 0                 0 / 1                 0 / 1           ops/s
[1220.576s][info   ][gc,stats    ]      Memory: Undo Object Allocation Succeeded                  0 / 0                 0 / 0                 0 / 74                0 / 74          ops/s
[1220.576s][info   ][gc,stats    ]      Memory: Undo Page Allocation                              0 / 0                 0 / 0                 0 / 1                 0 / 1           ops/s
[1220.576s][info   ][gc,stats    ]       Phase: Concurrent Mark                               0.000 / 0.000       230.768 / 244.297     543.111 / 1491.398    543.111 / 1491.398    ms
[1220.576s][info   ][gc,stats    ]       Phase: Concurrent Mark Continue                      0.000 / 0.000         0.000 / 0.000         0.000 / 0.000         0.000 / 0.000       ms
[1220.576s][info   ][gc,stats    ]       Phase: Concurrent Mark Free                          0.000 / 0.000         0.002 / 0.002         0.002 / 0.004         0.002 / 0.004       ms
[1220.576s][info   ][gc,stats    ]       Phase: Concurrent Process Non-Strong References      0.000 / 0.000       275.612 / 473.355     228.186 / 1850.321    228.186 / 1850.321    ms
[1220.577s][info   ][gc,stats    ]       Phase: Concurrent Relocate                           0.000 / 0.000        25.772 / 33.849       15.585 / 33.849       15.585 / 33.849      ms
[1220.577s][info   ][gc,stats    ]       Phase: Concurrent Reset Relocation Set               0.000 / 0.000         0.007 / 0.008         0.017 / 0.040         0.017 / 0.040       ms
[1220.577s][info   ][gc,stats    ]       Phase: Concurrent Select Relocation Set              0.000 / 0.000         8.256 / 9.063         6.752 / 15.302        6.752 / 15.302      ms
[1220.578s][info   ][gc,stats    ]       Phase: Pause Mark End                                0.000 / 0.000         0.044 / 0.045         0.104 / 0.333         0.104 / 0.333       ms
[1220.578s][info   ][gc,stats    ]       Phase: Pause Mark Start                              0.000 / 0.000         0.070 / 0.083         0.037 / 0.083         0.037 / 0.083       ms
[1220.578s][info   ][gc,stats    ]       Phase: Pause Relocate Start                          0.000 / 0.000         0.035 / 0.037         0.031 / 0.079         0.031 / 0.079       ms
[1220.578s][info   ][gc,stats    ]    Subphase: Concurrent Classes Purge                      0.000 / 0.000         7.636 / 14.226        3.311 / 14.226        3.311 / 14.226      ms
[1220.578s][info   ][gc,stats    ]    Subphase: Concurrent Classes Unlink                     0.000 / 0.000       253.561 / 451.391     200.973 / 1768.670    200.973 / 1768.670    ms
[1220.578s][info   ][gc,stats    ]    Subphase: Concurrent Mark                               0.000 / 0.000       216.086 / 235.611     384.307 / 1136.625    384.307 / 1136.625    ms
[1220.579s][info   ][gc,stats    ]    Subphase: Concurrent Mark Try Flush                     0.000 / 0.000         0.152 / 0.189        30.253 / 148.506      30.253 / 148.506     ms
[1220.579s][info   ][gc,stats    ]    Subphase: Concurrent Mark Try Terminate                 0.000 / 0.000         3.521 / 13.309        2.844 / 148.509       2.844 / 148.509     ms
[1220.579s][info   ][gc,stats    ]    Subphase: Concurrent References Enqueue                 0.000 / 0.000         0.014 / 0.014         0.012 / 0.016         0.012 / 0.016       ms
[1220.579s][info   ][gc,stats    ]    Subphase: Concurrent References Process                 0.000 / 0.000         1.851 / 2.501         0.775 / 2.501         0.775 / 2.501       ms
[1220.579s][info   ][gc,stats    ]    Subphase: Concurrent Roots ClassLoaderDataGraph         0.000 / 0.000         1.179 / 2.051         0.620 / 2.051         0.620 / 2.051       ms
[1220.580s][info   ][gc,stats    ]    Subphase: Concurrent Roots CodeCache                    0.000 / 0.000         0.000 / 0.000         0.000 / 0.000         0.000 / 0.000       ms
[1220.580s][info   ][gc,stats    ]    Subphase: Concurrent Roots JavaThreads                  0.000 / 0.000         7.655 / 9.596        72.406 / 475.340      72.406 / 475.340     ms
[1220.580s][info   ][gc,stats    ]    Subphase: Concurrent Roots OopStorageSet                0.000 / 0.000         0.626 / 0.708         0.211 / 0.708         0.211 / 0.708       ms
[1220.580s][info   ][gc,stats    ]    Subphase: Concurrent Weak Roots OopStorageSet           0.000 / 0.000         5.046 / 5.394         4.546 / 9.700         4.546 / 9.700       ms
[1220.580s][info   ][gc,stats    ]    Subphase: Pause Mark Try Complete                       0.000 / 0.000         0.000 / 0.000         0.053 / 0.195         0.053 / 0.195       ms
[1220.581s][info   ][gc,stats    ]      System: Java Threads                                      0 / 0                48 / 49               62 / 137              62 / 137         threads
[1220.581s][info   ][gc,stats    ] =========================================================================================================================================================
[1230.556s][info   ][gc,stats    ] === Garbage Collection Statistics =======================================================================================================================
[1230.556s][info   ][gc,stats    ]                                                              Last 10s              Last 10m              Last 10h                Total
[1230.556s][info   ][gc,stats    ]                                                              Avg / Max             Avg / Max             Avg / Max             Avg / Max
[1230.556s][info   ][gc,stats    ]   Collector: Garbage Collection Cycle                      0.000 / 0.000       543.455 / 736.961     840.525 / 3415.907    840.525 / 3415.907    ms
[1230.557s][info   ][gc,stats    ]  Contention: Mark Segment Reset Contention                     0 / 0                 0 / 2                 0 / 2                 0 / 2           ops/s
[1230.557s][info   ][gc,stats    ]  Contention: Mark SeqNum Reset Contention                      0 / 0                 0 / 0                 0 / 1                 0 / 1           ops/s
[1230.557s][info   ][gc,stats    ]    Critical: Allocation Stall                                  0 / 0                 0 / 0                 0 / 0                 0 / 0           ops/s
[1230.557s][info   ][gc,stats    ]    Critical: Allocation Stall                              0.000 / 0.000         0.000 / 0.000         0.000 / 0.000         0.000 / 0.000       ms
[1230.557s][info   ][gc,stats    ]    Critical: GC Locker Stall                                   0 / 0                 0 / 0                 0 / 0                 0 / 0           ops/s
[1230.557s][info   ][gc,stats    ]    Critical: GC Locker Stall                               0.000 / 0.000         0.000 / 0.000         0.000 / 0.000         0.000 / 0.000       ms
[1230.558s][info   ][gc,stats    ]    Critical: Relocation Stall                                  0 / 0                 0 / 0                 0 / 0                 0 / 0           ops/s
[1230.558s][info   ][gc,stats    ]    Critical: Relocation Stall                              0.000 / 0.000         0.000 / 0.000         0.000 / 0.000         0.000 / 0.000       ms
[1230.558s][info   ][gc,stats    ]      Memory: Allocation Rate                                   0 / 0                 0 / 12                2 / 68                2 / 68          MB/s
[1230.558s][info   ][gc,stats    ]      Memory: Defragment                                        0 / 0                 0 / 0                 0 / 0                 0 / 0           ops/s
[1230.558s][info   ][gc,stats    ]      Memory: Out Of Memory                                     0 / 0                 0 / 0                 0 / 0                 0 / 0           ops/s
[1230.558s][info   ][gc,stats    ]      Memory: Page Cache Flush                                  0 / 0                 0 / 0                 0 / 0                 0 / 0           MB/s
[1230.559s][info   ][gc,stats    ]      Memory: Page Cache Hit L1                                 0 / 0                 0 / 15                1 / 30                1 / 30          ops/s
[1230.559s][info   ][gc,stats    ]      Memory: Page Cache Hit L2                                 0 / 0                 0 / 0                 0 / 0                 0 / 0           ops/s
[1230.559s][info   ][gc,stats    ]      Memory: Page Cache Hit L3                                 0 / 0                 0 / 0                 0 / 26                0 / 26          ops/s
[1230.559s][info   ][gc,stats    ]      Memory: Page Cache Miss                                   0 / 0                 0 / 0                 0 / 1                 0 / 1           ops/s
[1230.559s][info   ][gc,stats    ]      Memory: Uncommit                                          0 / 0                 0 / 0                 0 / 0                 0 / 0           MB/s
[1230.560s][info   ][gc,stats    ]      Memory: Undo Object Allocation Failed                     0 / 0                 0 / 0                 0 / 1                 0 / 1           ops/s
[1230.560s][info   ][gc,stats    ]      Memory: Undo Object Allocation Succeeded                  0 / 0                 0 / 0                 0 / 74                0 / 74          ops/s
[1230.560s][info   ][gc,stats    ]      Memory: Undo Page Allocation                              0 / 0                 0 / 0                 0 / 1                 0 / 1           ops/s
[1230.561s][info   ][gc,stats    ]       Phase: Concurrent Mark                               0.000 / 0.000       230.768 / 244.297     543.111 / 1491.398    543.111 / 1491.398    ms
[1230.561s][info   ][gc,stats    ]       Phase: Concurrent Mark Continue                      0.000 / 0.000         0.000 / 0.000         0.000 / 0.000         0.000 / 0.000       ms
[1230.561s][info   ][gc,stats    ]       Phase: Concurrent Mark Free                          0.000 / 0.000         0.002 / 0.002         0.002 / 0.004         0.002 / 0.004       ms
[1230.561s][info   ][gc,stats    ]       Phase: Concurrent Process Non-Strong References      0.000 / 0.000       275.612 / 473.355     228.186 / 1850.321    228.186 / 1850.321    ms
[1230.561s][info   ][gc,stats    ]       Phase: Concurrent Relocate                           0.000 / 0.000        25.772 / 33.849       15.585 / 33.849       15.585 / 33.849      ms
[1230.562s][info   ][gc,stats    ]       Phase: Concurrent Reset Relocation Set               0.000 / 0.000         0.007 / 0.008         0.017 / 0.040         0.017 / 0.040       ms
[1230.562s][info   ][gc,stats    ]       Phase: Concurrent Select Relocation Set              0.000 / 0.000         8.256 / 9.063         6.752 / 15.302        6.752 / 15.302      ms
[1230.562s][info   ][gc,stats    ]       Phase: Pause Mark End                                0.000 / 0.000         0.044 / 0.045         0.104 / 0.333         0.104 / 0.333       ms
[1230.563s][info   ][gc,stats    ]       Phase: Pause Mark Start                              0.000 / 0.000         0.070 / 0.083         0.037 / 0.083         0.037 / 0.083       ms
[1230.563s][info   ][gc,stats    ]       Phase: Pause Relocate Start                          0.000 / 0.000         0.035 / 0.037         0.031 / 0.079         0.031 / 0.079       ms
[1230.563s][info   ][gc,stats    ]    Subphase: Concurrent Classes Purge                      0.000 / 0.000         7.636 / 14.226        3.311 / 14.226        3.311 / 14.226      ms
[1230.563s][info   ][gc,stats    ]    Subphase: Concurrent Classes Unlink                     0.000 / 0.000       253.561 / 451.391     200.973 / 1768.670    200.973 / 1768.670    ms
[1230.563s][info   ][gc,stats    ]    Subphase: Concurrent Mark                               0.000 / 0.000       216.086 / 235.611     384.307 / 1136.625    384.307 / 1136.625    ms
[1230.564s][info   ][gc,stats    ]    Subphase: Concurrent Mark Try Flush                     0.000 / 0.000         0.152 / 0.189        30.253 / 148.506      30.253 / 148.506     ms
[1230.564s][info   ][gc,stats    ]    Subphase: Concurrent Mark Try Terminate                 0.000 / 0.000         3.521 / 13.309        2.844 / 148.509       2.844 / 148.509     ms
[1230.564s][info   ][gc,stats    ]    Subphase: Concurrent References Enqueue                 0.000 / 0.000         0.014 / 0.014         0.012 / 0.016         0.012 / 0.016       ms
[1230.564s][info   ][gc,stats    ]    Subphase: Concurrent References Process                 0.000 / 0.000         1.851 / 2.501         0.775 / 2.501         0.775 / 2.501       ms
[1230.565s][info   ][gc,stats    ]    Subphase: Concurrent Roots ClassLoaderDataGraph         0.000 / 0.000         1.179 / 2.051         0.620 / 2.051         0.620 / 2.051       ms
[1230.565s][info   ][gc,stats    ]    Subphase: Concurrent Roots CodeCache                    0.000 / 0.000         0.000 / 0.000         0.000 / 0.000         0.000 / 0.000       ms
[1230.565s][info   ][gc,stats    ]    Subphase: Concurrent Roots JavaThreads                  0.000 / 0.000         7.655 / 9.596        72.406 / 475.340      72.406 / 475.340     ms
[1230.565s][info   ][gc,stats    ]    Subphase: Concurrent Roots OopStorageSet                0.000 / 0.000         0.626 / 0.708         0.211 / 0.708         0.211 / 0.708       ms
[1230.566s][info   ][gc,stats    ]    Subphase: Concurrent Weak Roots OopStorageSet           0.000 / 0.000         5.046 / 5.394         4.546 / 9.700         4.546 / 9.700       ms
[1230.566s][info   ][gc,stats    ]    Subphase: Pause Mark Try Complete                       0.000 / 0.000         0.000 / 0.000         0.053 / 0.195         0.053 / 0.195       ms
[1230.566s][info   ][gc,stats    ]      System: Java Threads                                      0 / 0                48 / 49               62 / 137              62 / 137         threads
[1230.566s][info   ][gc,stats    ] =========================================================================================================================================================
[1240.561s][info   ][gc,stats    ] === Garbage Collection Statistics =======================================================================================================================
[1240.561s][info   ][gc,stats    ]                                                              Last 10s              Last 10m              Last 10h                Total
[1240.561s][info   ][gc,stats    ]                                                              Avg / Max             Avg / Max             Avg / Max             Avg / Max
[1240.562s][info   ][gc,stats    ]   Collector: Garbage Collection Cycle                      0.000 / 0.000       543.455 / 736.961     840.525 / 3415.907    840.525 / 3415.907    ms
[1240.562s][info   ][gc,stats    ]  Contention: Mark Segment Reset Contention                     0 / 0                 0 / 2                 0 / 2                 0 / 2           ops/s
[1240.562s][info   ][gc,stats    ]  Contention: Mark SeqNum Reset Contention                      0 / 0                 0 / 0                 0 / 1                 0 / 1           ops/s
[1240.562s][info   ][gc,stats    ]    Critical: Allocation Stall                                  0 / 0                 0 / 0                 0 / 0                 0 / 0           ops/s
[1240.562s][info   ][gc,stats    ]    Critical: Allocation Stall                              0.000 / 0.000         0.000 / 0.000         0.000 / 0.000         0.000 / 0.000       ms
[1240.562s][info   ][gc,stats    ]    Critical: GC Locker Stall                                   0 / 0                 0 / 0                 0 / 0                 0 / 0           ops/s
[1240.563s][info   ][gc,stats    ]    Critical: GC Locker Stall                               0.000 / 0.000         0.000 / 0.000         0.000 / 0.000         0.000 / 0.000       ms
[1240.563s][info   ][gc,stats    ]    Critical: Relocation Stall                                  0 / 0                 0 / 0                 0 / 0                 0 / 0           ops/s
[1240.563s][info   ][gc,stats    ]    Critical: Relocation Stall                              0.000 / 0.000         0.000 / 0.000         0.000 / 0.000         0.000 / 0.000       ms
[1240.563s][info   ][gc,stats    ]      Memory: Allocation Rate                                   0 / 0                 0 / 12                2 / 68                2 / 68          MB/s
[1240.563s][info   ][gc,stats    ]      Memory: Defragment                                        0 / 0                 0 / 0                 0 / 0                 0 / 0           ops/s
[1240.563s][info   ][gc,stats    ]      Memory: Out Of Memory                                     0 / 0                 0 / 0                 0 / 0                 0 / 0           ops/s
[1240.565s][info   ][gc,stats    ]      Memory: Page Cache Flush                                  0 / 0                 0 / 0                 0 / 0                 0 / 0           MB/s
[1240.566s][info   ][gc,stats    ]      Memory: Page Cache Hit L1                                 0 / 0                 0 / 15                1 / 30                1 / 30          ops/s
[1240.566s][info   ][gc,stats    ]      Memory: Page Cache Hit L2                                 0 / 0                 0 / 0                 0 / 0                 0 / 0           ops/s
[1240.566s][info   ][gc,stats    ]      Memory: Page Cache Hit L3                                 0 / 0                 0 / 0                 0 / 26                0 / 26          ops/s
[1240.567s][info   ][gc,stats    ]      Memory: Page Cache Miss                                   0 / 0                 0 / 0                 0 / 1                 0 / 1           ops/s
[1240.567s][info   ][gc,stats    ]      Memory: Uncommit                                          0 / 0                 0 / 0                 0 / 0                 0 / 0           MB/s
[1240.567s][info   ][gc,stats    ]      Memory: Undo Object Allocation Failed                     0 / 0                 0 / 0                 0 / 1                 0 / 1           ops/s
[1240.569s][info   ][gc,stats    ]      Memory: Undo Object Allocation Succeeded                  0 / 0                 0 / 0                 0 / 74                0 / 74          ops/s
[1240.569s][info   ][gc,stats    ]      Memory: Undo Page Allocation                              0 / 0                 0 / 0                 0 / 1                 0 / 1           ops/s
[1240.569s][info   ][gc,stats    ]       Phase: Concurrent Mark                               0.000 / 0.000       230.768 / 244.297     543.111 / 1491.398    543.111 / 1491.398    ms
[1240.569s][info   ][gc,stats    ]       Phase: Concurrent Mark Continue                      0.000 / 0.000         0.000 / 0.000         0.000 / 0.000         0.000 / 0.000       ms
[1240.569s][info   ][gc,stats    ]       Phase: Concurrent Mark Free                          0.000 / 0.000         0.002 / 0.002         0.002 / 0.004         0.002 / 0.004       ms
[1240.569s][info   ][gc,stats    ]       Phase: Concurrent Process Non-Strong References      0.000 / 0.000       275.612 / 473.355     228.186 / 1850.321    228.186 / 1850.321    ms
[1240.570s][info   ][gc,stats    ]       Phase: Concurrent Relocate                           0.000 / 0.000        25.772 / 33.849       15.585 / 33.849       15.585 / 33.849      ms
[1240.570s][info   ][gc,stats    ]       Phase: Concurrent Reset Relocation Set               0.000 / 0.000         0.007 / 0.008         0.017 / 0.040         0.017 / 0.040       ms
[1240.570s][info   ][gc,stats    ]       Phase: Concurrent Select Relocation Set              0.000 / 0.000         8.256 / 9.063         6.752 / 15.302        6.752 / 15.302      ms
[1240.571s][info   ][gc,stats    ]       Phase: Pause Mark End                                0.000 / 0.000         0.044 / 0.045         0.104 / 0.333         0.104 / 0.333       ms
[1240.571s][info   ][gc,stats    ]       Phase: Pause Mark Start                              0.000 / 0.000         0.070 / 0.083         0.037 / 0.083         0.037 / 0.083       ms
[1240.571s][info   ][gc,stats    ]       Phase: Pause Relocate Start                          0.000 / 0.000         0.035 / 0.037         0.031 / 0.079         0.031 / 0.079       ms
[1240.571s][info   ][gc,stats    ]    Subphase: Concurrent Classes Purge                      0.000 / 0.000         7.636 / 14.226        3.311 / 14.226        3.311 / 14.226      ms
[1240.571s][info   ][gc,stats    ]    Subphase: Concurrent Classes Unlink                     0.000 / 0.000       253.561 / 451.391     200.973 / 1768.670    200.973 / 1768.670    ms
[1240.571s][info   ][gc,stats    ]    Subphase: Concurrent Mark                               0.000 / 0.000       216.086 / 235.611     384.307 / 1136.625    384.307 / 1136.625    ms
[1240.572s][info   ][gc,stats    ]    Subphase: Concurrent Mark Try Flush                     0.000 / 0.000         0.152 / 0.189        30.253 / 148.506      30.253 / 148.506     ms
[1240.572s][info   ][gc,stats    ]    Subphase: Concurrent Mark Try Terminate                 0.000 / 0.000         3.521 / 13.309        2.844 / 148.509       2.844 / 148.509     ms
[1240.572s][info   ][gc,stats    ]    Subphase: Concurrent References Enqueue                 0.000 / 0.000         0.014 / 0.014         0.012 / 0.016         0.012 / 0.016       ms
[1240.572s][info   ][gc,stats    ]    Subphase: Concurrent References Process                 0.000 / 0.000         1.851 / 2.501         0.775 / 2.501         0.775 / 2.501       ms
[1240.572s][info   ][gc,stats    ]    Subphase: Concurrent Roots ClassLoaderDataGraph         0.000 / 0.000         1.179 / 2.051         0.620 / 2.051         0.620 / 2.051       ms
[1240.572s][info   ][gc,stats    ]    Subphase: Concurrent Roots CodeCache                    0.000 / 0.000         0.000 / 0.000         0.000 / 0.000         0.000 / 0.000       ms
[1240.573s][info   ][gc,stats    ]    Subphase: Concurrent Roots JavaThreads                  0.000 / 0.000         7.655 / 9.596        72.406 / 475.340      72.406 / 475.340     ms
[1240.573s][info   ][gc,stats    ]    Subphase: Concurrent Roots OopStorageSet                0.000 / 0.000         0.626 / 0.708         0.211 / 0.708         0.211 / 0.708       ms
[1240.573s][info   ][gc,stats    ]    Subphase: Concurrent Weak Roots OopStorageSet           0.000 / 0.000         5.046 / 5.394         4.546 / 9.700         4.546 / 9.700       ms
[1240.573s][info   ][gc,stats    ]    Subphase: Pause Mark Try Complete                       0.000 / 0.000         0.000 / 0.000         0.053 / 0.195         0.053 / 0.195       ms
[1240.573s][info   ][gc,stats    ]      System: Java Threads                                      0 / 0                48 / 49               62 / 137              62 / 137         threads
[1240.574s][info   ][gc,stats    ] =========================================================================================================================================================
[1250.564s][info   ][gc,stats    ] === Garbage Collection Statistics =======================================================================================================================
[1250.564s][info   ][gc,stats    ]                                                              Last 10s              Last 10m              Last 10h                Total
[1250.565s][info   ][gc,stats    ]                                                              Avg / Max             Avg / Max             Avg / Max             Avg / Max
[1250.565s][info   ][gc,stats    ]   Collector: Garbage Collection Cycle                      0.000 / 0.000       543.455 / 736.961     840.525 / 3415.907    840.525 / 3415.907    ms
[1250.565s][info   ][gc,stats    ]  Contention: Mark Segment Reset Contention                     0 / 0                 0 / 2                 0 / 2                 0 / 2           ops/s
[1250.565s][info   ][gc,stats    ]  Contention: Mark SeqNum Reset Contention                      0 / 0                 0 / 0                 0 / 1                 0 / 1           ops/s
[1250.565s][info   ][gc,stats    ]    Critical: Allocation Stall                                  0 / 0                 0 / 0                 0 / 0                 0 / 0           ops/s
[1250.565s][info   ][gc,stats    ]    Critical: Allocation Stall                              0.000 / 0.000         0.000 / 0.000         0.000 / 0.000         0.000 / 0.000       ms
[1250.566s][info   ][gc,stats    ]    Critical: GC Locker Stall                                   0 / 0                 0 / 0                 0 / 0                 0 / 0           ops/s
[1250.566s][info   ][gc,stats    ]    Critical: GC Locker Stall                               0.000 / 0.000         0.000 / 0.000         0.000 / 0.000         0.000 / 0.000       ms
[1250.566s][info   ][gc,stats    ]    Critical: Relocation Stall                                  0 / 0                 0 / 0                 0 / 0                 0 / 0           ops/s
[1250.566s][info   ][gc,stats    ]    Critical: Relocation Stall                              0.000 / 0.000         0.000 / 0.000         0.000 / 0.000         0.000 / 0.000       ms
[1250.566s][info   ][gc,stats    ]      Memory: Allocation Rate                                   0 / 2                 0 / 12                2 / 68                2 / 68          MB/s
[1250.566s][info   ][gc,stats    ]      Memory: Defragment                                        0 / 0                 0 / 0                 0 / 0                 0 / 0           ops/s
[1250.566s][info   ][gc,stats    ]      Memory: Out Of Memory                                     0 / 0                 0 / 0                 0 / 0                 0 / 0           ops/s
[1250.567s][info   ][gc,stats    ]      Memory: Page Cache Flush                                  0 / 0                 0 / 0                 0 / 0                 0 / 0           MB/s
[1250.567s][info   ][gc,stats    ]      Memory: Page Cache Hit L1                                 0 / 1                 0 / 15                1 / 30                1 / 30          ops/s
[1250.567s][info   ][gc,stats    ]      Memory: Page Cache Hit L2                                 0 / 0                 0 / 0                 0 / 0                 0 / 0           ops/s
[1250.567s][info   ][gc,stats    ]      Memory: Page Cache Hit L3                                 0 / 0                 0 / 0                 0 / 26                0 / 26          ops/s
[1250.567s][info   ][gc,stats    ]      Memory: Page Cache Miss                                   0 / 0                 0 / 0                 0 / 1                 0 / 1           ops/s
[1250.567s][info   ][gc,stats    ]      Memory: Uncommit                                          0 / 0                 0 / 0                 0 / 0                 0 / 0           MB/s
[1250.568s][info   ][gc,stats    ]      Memory: Undo Object Allocation Failed                     0 / 0                 0 / 0                 0 / 1                 0 / 1           ops/s
[1250.568s][info   ][gc,stats    ]      Memory: Undo Object Allocation Succeeded                  0 / 0                 0 / 0                 0 / 74                0 / 74          ops/s
[1250.568s][info   ][gc,stats    ]      Memory: Undo Page Allocation                              0 / 0                 0 / 0                 0 / 1                 0 / 1           ops/s
[1250.568s][info   ][gc,stats    ]       Phase: Concurrent Mark                               0.000 / 0.000       230.768 / 244.297     543.111 / 1491.398    543.111 / 1491.398    ms
[1250.568s][info   ][gc,stats    ]       Phase: Concurrent Mark Continue                      0.000 / 0.000         0.000 / 0.000         0.000 / 0.000         0.000 / 0.000       ms
[1250.568s][info   ][gc,stats    ]       Phase: Concurrent Mark Free                          0.000 / 0.000         0.002 / 0.002         0.002 / 0.004         0.002 / 0.004       ms
[1250.568s][info   ][gc,stats    ]       Phase: Concurrent Process Non-Strong References      0.000 / 0.000       275.612 / 473.355     228.186 / 1850.321    228.186 / 1850.321    ms
[1250.569s][info   ][gc,stats    ]       Phase: Concurrent Relocate                           0.000 / 0.000        25.772 / 33.849       15.585 / 33.849       15.585 / 33.849      ms
[1250.569s][info   ][gc,stats    ]       Phase: Concurrent Reset Relocation Set               0.000 / 0.000         0.007 / 0.008         0.017 / 0.040         0.017 / 0.040       ms
[1250.569s][info   ][gc,stats    ]       Phase: Concurrent Select Relocation Set              0.000 / 0.000         8.256 / 9.063         6.752 / 15.302        6.752 / 15.302      ms
[1250.569s][info   ][gc,stats    ]       Phase: Pause Mark End                                0.000 / 0.000         0.044 / 0.045         0.104 / 0.333         0.104 / 0.333       ms
[1250.569s][info   ][gc,stats    ]       Phase: Pause Mark Start                              0.000 / 0.000         0.070 / 0.083         0.037 / 0.083         0.037 / 0.083       ms
[1250.569s][info   ][gc,stats    ]       Phase: Pause Relocate Start                          0.000 / 0.000         0.035 / 0.037         0.031 / 0.079         0.031 / 0.079       ms
[1250.569s][info   ][gc,stats    ]    Subphase: Concurrent Classes Purge                      0.000 / 0.000         7.636 / 14.226        3.311 / 14.226        3.311 / 14.226      ms
[1250.570s][info   ][gc,stats    ]    Subphase: Concurrent Classes Unlink                     0.000 / 0.000       253.561 / 451.391     200.973 / 1768.670    200.973 / 1768.670    ms
[1250.570s][info   ][gc,stats    ]    Subphase: Concurrent Mark                               0.000 / 0.000       216.086 / 235.611     384.307 / 1136.625    384.307 / 1136.625    ms
[1250.570s][info   ][gc,stats    ]    Subphase: Concurrent Mark Try Flush                     0.000 / 0.000         0.152 / 0.189        30.253 / 148.506      30.253 / 148.506     ms
[1250.570s][info   ][gc,stats    ]    Subphase: Concurrent Mark Try Terminate                 0.000 / 0.000         3.521 / 13.309        2.844 / 148.509       2.844 / 148.509     ms
[1250.570s][info   ][gc,stats    ]    Subphase: Concurrent References Enqueue                 0.000 / 0.000         0.014 / 0.014         0.012 / 0.016         0.012 / 0.016       ms
[1250.570s][info   ][gc,stats    ]    Subphase: Concurrent References Process                 0.000 / 0.000         1.851 / 2.501         0.775 / 2.501         0.775 / 2.501       ms
[1250.571s][info   ][gc,stats    ]    Subphase: Concurrent Roots ClassLoaderDataGraph         0.000 / 0.000         1.179 / 2.051         0.620 / 2.051         0.620 / 2.051       ms
[1250.571s][info   ][gc,stats    ]    Subphase: Concurrent Roots CodeCache                    0.000 / 0.000         0.000 / 0.000         0.000 / 0.000         0.000 / 0.000       ms
[1250.571s][info   ][gc,stats    ]    Subphase: Concurrent Roots JavaThreads                  0.000 / 0.000         7.655 / 9.596        72.406 / 475.340      72.406 / 475.340     ms
[1250.571s][info   ][gc,stats    ]    Subphase: Concurrent Roots OopStorageSet                0.000 / 0.000         0.626 / 0.708         0.211 / 0.708         0.211 / 0.708       ms
[1250.571s][info   ][gc,stats    ]    Subphase: Concurrent Weak Roots OopStorageSet           0.000 / 0.000         5.046 / 5.394         4.546 / 9.700         4.546 / 9.700       ms
[1250.571s][info   ][gc,stats    ]    Subphase: Pause Mark Try Complete                       0.000 / 0.000         0.000 / 0.000         0.053 / 0.195         0.053 / 0.195       ms
[1250.572s][info   ][gc,stats    ]      System: Java Threads                                      0 / 0                48 / 49               62 / 137              62 / 137         threads
[1250.572s][info   ][gc,stats    ] =========================================================================================================================================================
[1260.565s][info   ][gc,stats    ] === Garbage Collection Statistics =======================================================================================================================
[1260.566s][info   ][gc,stats    ]                                                              Last 10s              Last 10m              Last 10h                Total
[1260.566s][info   ][gc,stats    ]                                                              Avg / Max             Avg / Max             Avg / Max             Avg / Max
[1260.566s][info   ][gc,stats    ]   Collector: Garbage Collection Cycle                      0.000 / 0.000       543.455 / 736.961     840.525 / 3415.907    840.525 / 3415.907    ms
[1260.566s][info   ][gc,stats    ]  Contention: Mark Segment Reset Contention                     0 / 0                 0 / 2                 0 / 2                 0 / 2           ops/s
[1260.566s][info   ][gc,stats    ]  Contention: Mark SeqNum Reset Contention                      0 / 0                 0 / 0                 0 / 1                 0 / 1           ops/s
[1260.566s][info   ][gc,stats    ]    Critical: Allocation Stall                                  0 / 0                 0 / 0                 0 / 0                 0 / 0           ops/s
[1260.566s][info   ][gc,stats    ]    Critical: Allocation Stall                              0.000 / 0.000         0.000 / 0.000         0.000 / 0.000         0.000 / 0.000       ms
[1260.566s][info   ][gc,stats    ]    Critical: GC Locker Stall                                   0 / 0                 0 / 0                 0 / 0                 0 / 0           ops/s
[1260.567s][info   ][gc,stats    ]    Critical: GC Locker Stall                               0.000 / 0.000         0.000 / 0.000         0.000 / 0.000         0.000 / 0.000       ms
[1260.567s][info   ][gc,stats    ]    Critical: Relocation Stall                                  0 / 0                 0 / 0                 0 / 0                 0 / 0           ops/s
[1260.567s][info   ][gc,stats    ]    Critical: Relocation Stall                              0.000 / 0.000         0.000 / 0.000         0.000 / 0.000         0.000 / 0.000       ms
[1260.567s][info   ][gc,stats    ]      Memory: Allocation Rate                                   0 / 2                 0 / 12                2 / 68                2 / 68          MB/s
[1260.567s][info   ][gc,stats    ]      Memory: Defragment                                        0 / 0                 0 / 0                 0 / 0                 0 / 0           ops/s
[1260.567s][info   ][gc,stats    ]      Memory: Out Of Memory                                     0 / 0                 0 / 0                 0 / 0                 0 / 0           ops/s
[1260.567s][info   ][gc,stats    ]      Memory: Page Cache Flush                                  0 / 0                 0 / 0                 0 / 0                 0 / 0           MB/s
[1260.567s][info   ][gc,stats    ]      Memory: Page Cache Hit L1                                 0 / 1                 0 / 15                1 / 30                1 / 30          ops/s
[1260.567s][info   ][gc,stats    ]      Memory: Page Cache Hit L2                                 0 / 0                 0 / 0                 0 / 0                 0 / 0           ops/s
[1260.568s][info   ][gc,stats    ]      Memory: Page Cache Hit L3                                 0 / 0                 0 / 0                 0 / 26                0 / 26          ops/s
[1260.568s][info   ][gc,stats    ]      Memory: Page Cache Miss                                   0 / 0                 0 / 0                 0 / 1                 0 / 1           ops/s
[1260.568s][info   ][gc,stats    ]      Memory: Uncommit                                          0 / 0                 0 / 0                 0 / 0                 0 / 0           MB/s
[1260.568s][info   ][gc,stats    ]      Memory: Undo Object Allocation Failed                     0 / 0                 0 / 0                 0 / 1                 0 / 1           ops/s
[1260.568s][info   ][gc,stats    ]      Memory: Undo Object Allocation Succeeded                  0 / 0                 0 / 0                 0 / 74                0 / 74          ops/s
[1260.568s][info   ][gc,stats    ]      Memory: Undo Page Allocation                              0 / 0                 0 / 0                 0 / 1                 0 / 1           ops/s
[1260.569s][info   ][gc,stats    ]       Phase: Concurrent Mark                               0.000 / 0.000       230.768 / 244.297     543.111 / 1491.398    543.111 / 1491.398    ms
[1260.569s][info   ][gc,stats    ]       Phase: Concurrent Mark Continue                      0.000 / 0.000         0.000 / 0.000         0.000 / 0.000         0.000 / 0.000       ms
[1260.569s][info   ][gc,stats    ]       Phase: Concurrent Mark Free                          0.000 / 0.000         0.002 / 0.002         0.002 / 0.004         0.002 / 0.004       ms
[1260.569s][info   ][gc,stats    ]       Phase: Concurrent Process Non-Strong References      0.000 / 0.000       275.612 / 473.355     228.186 / 1850.321    228.186 / 1850.321    ms
[1260.569s][info   ][gc,stats    ]       Phase: Concurrent Relocate                           0.000 / 0.000        25.772 / 33.849       15.585 / 33.849       15.585 / 33.849      ms
[1260.569s][info   ][gc,stats    ]       Phase: Concurrent Reset Relocation Set               0.000 / 0.000         0.007 / 0.008         0.017 / 0.040         0.017 / 0.040       ms
[1260.569s][info   ][gc,stats    ]       Phase: Concurrent Select Relocation Set              0.000 / 0.000         8.256 / 9.063         6.752 / 15.302        6.752 / 15.302      ms
[1260.570s][info   ][gc,stats    ]       Phase: Pause Mark End                                0.000 / 0.000         0.044 / 0.045         0.104 / 0.333         0.104 / 0.333       ms
[1260.570s][info   ][gc,stats    ]       Phase: Pause Mark Start                              0.000 / 0.000         0.070 / 0.083         0.037 / 0.083         0.037 / 0.083       ms
[1260.570s][info   ][gc,stats    ]       Phase: Pause Relocate Start                          0.000 / 0.000         0.035 / 0.037         0.031 / 0.079         0.031 / 0.079       ms
[1260.571s][info   ][gc,stats    ]    Subphase: Concurrent Classes Purge                      0.000 / 0.000         7.636 / 14.226        3.311 / 14.226        3.311 / 14.226      ms
[1260.571s][info   ][gc,stats    ]    Subphase: Concurrent Classes Unlink                     0.000 / 0.000       253.561 / 451.391     200.973 / 1768.670    200.973 / 1768.670    ms
[1260.571s][info   ][gc,stats    ]    Subphase: Concurrent Mark                               0.000 / 0.000       216.086 / 235.611     384.307 / 1136.625    384.307 / 1136.625    ms
[1260.572s][info   ][gc,stats    ]    Subphase: Concurrent Mark Try Flush                     0.000 / 0.000         0.152 / 0.189        30.253 / 148.506      30.253 / 148.506     ms
[1260.572s][info   ][gc,stats    ]    Subphase: Concurrent Mark Try Terminate                 0.000 / 0.000         3.521 / 13.309        2.844 / 148.509       2.844 / 148.509     ms
[1260.572s][info   ][gc,stats    ]    Subphase: Concurrent References Enqueue                 0.000 / 0.000         0.014 / 0.014         0.012 / 0.016         0.012 / 0.016       ms
[1260.572s][info   ][gc,stats    ]    Subphase: Concurrent References Process                 0.000 / 0.000         1.851 / 2.501         0.775 / 2.501         0.775 / 2.501       ms
[1260.572s][info   ][gc,stats    ]    Subphase: Concurrent Roots ClassLoaderDataGraph         0.000 / 0.000         1.179 / 2.051         0.620 / 2.051         0.620 / 2.051       ms
[1260.573s][info   ][gc,stats    ]    Subphase: Concurrent Roots CodeCache                    0.000 / 0.000         0.000 / 0.000         0.000 / 0.000         0.000 / 0.000       ms
[1260.573s][info   ][gc,stats    ]    Subphase: Concurrent Roots JavaThreads                  0.000 / 0.000         7.655 / 9.596        72.406 / 475.340      72.406 / 475.340     ms
[1260.573s][info   ][gc,stats    ]    Subphase: Concurrent Roots OopStorageSet                0.000 / 0.000         0.626 / 0.708         0.211 / 0.708         0.211 / 0.708       ms
[1260.573s][info   ][gc,stats    ]    Subphase: Concurrent Weak Roots OopStorageSet           0.000 / 0.000         5.046 / 5.394         4.546 / 9.700         4.546 / 9.700       ms
[1260.573s][info   ][gc,stats    ]    Subphase: Pause Mark Try Complete                       0.000 / 0.000         0.000 / 0.000         0.053 / 0.195         0.053 / 0.195       ms
[1260.573s][info   ][gc,stats    ]      System: Java Threads                                      0 / 0                48 / 49               62 / 137              62 / 137         threads
[1260.574s][info   ][gc,stats    ] =========================================================================================================================================================
[1270.566s][info   ][gc,stats    ] === Garbage Collection Statistics =======================================================================================================================
[1270.566s][info   ][gc,stats    ]                                                              Last 10s              Last 10m              Last 10h                Total
[1270.567s][info   ][gc,stats    ]                                                              Avg / Max             Avg / Max             Avg / Max             Avg / Max
[1270.567s][info   ][gc,stats    ]   Collector: Garbage Collection Cycle                      0.000 / 0.000       543.455 / 736.961     840.525 / 3415.907    840.525 / 3415.907    ms
[1270.567s][info   ][gc,stats    ]  Contention: Mark Segment Reset Contention                     0 / 0                 0 / 2                 0 / 2                 0 / 2           ops/s
[1270.567s][info   ][gc,stats    ]  Contention: Mark SeqNum Reset Contention                      0 / 0                 0 / 0                 0 / 1                 0 / 1           ops/s
[1270.567s][info   ][gc,stats    ]    Critical: Allocation Stall                                  0 / 0                 0 / 0                 0 / 0                 0 / 0           ops/s
[1270.567s][info   ][gc,stats    ]    Critical: Allocation Stall                              0.000 / 0.000         0.000 / 0.000         0.000 / 0.000         0.000 / 0.000       ms
[1270.567s][info   ][gc,stats    ]    Critical: GC Locker Stall                                   0 / 0                 0 / 0                 0 / 0                 0 / 0           ops/s
[1270.567s][info   ][gc,stats    ]    Critical: GC Locker Stall                               0.000 / 0.000         0.000 / 0.000         0.000 / 0.000         0.000 / 0.000       ms
[1270.567s][info   ][gc,stats    ]    Critical: Relocation Stall                                  0 / 0                 0 / 0                 0 / 0                 0 / 0           ops/s
[1270.567s][info   ][gc,stats    ]    Critical: Relocation Stall                              0.000 / 0.000         0.000 / 0.000         0.000 / 0.000         0.000 / 0.000       ms
[1270.567s][info   ][gc,stats    ]      Memory: Allocation Rate                                   0 / 0                 0 / 12                2 / 68                2 / 68          MB/s
[1270.567s][info   ][gc,stats    ]      Memory: Defragment                                        0 / 0                 0 / 0                 0 / 0                 0 / 0           ops/s
[1270.567s][info   ][gc,stats    ]      Memory: Out Of Memory                                     0 / 0                 0 / 0                 0 / 0                 0 / 0           ops/s
[1270.567s][info   ][gc,stats    ]      Memory: Page Cache Flush                                  0 / 0                 0 / 0                 0 / 0                 0 / 0           MB/s
[1270.568s][info   ][gc,stats    ]      Memory: Page Cache Hit L1                                 0 / 0                 0 / 15                1 / 30                1 / 30          ops/s
[1270.568s][info   ][gc,stats    ]      Memory: Page Cache Hit L2                                 0 / 0                 0 / 0                 0 / 0                 0 / 0           ops/s
[1270.568s][info   ][gc,stats    ]      Memory: Page Cache Hit L3                                 0 / 0                 0 / 0                 0 / 26                0 / 26          ops/s
[1270.568s][info   ][gc,stats    ]      Memory: Page Cache Miss                                   0 / 0                 0 / 0                 0 / 1                 0 / 1           ops/s
[1270.568s][info   ][gc,stats    ]      Memory: Uncommit                                          0 / 0                 0 / 0                 0 / 0                 0 / 0           MB/s
[1270.568s][info   ][gc,stats    ]      Memory: Undo Object Allocation Failed                     0 / 0                 0 / 0                 0 / 1                 0 / 1           ops/s
[1270.568s][info   ][gc,stats    ]      Memory: Undo Object Allocation Succeeded                  0 / 0                 0 / 0                 0 / 74                0 / 74          ops/s
[1270.568s][info   ][gc,stats    ]      Memory: Undo Page Allocation                              0 / 0                 0 / 0                 0 / 1                 0 / 1           ops/s
[1270.568s][info   ][gc,stats    ]       Phase: Concurrent Mark                               0.000 / 0.000       230.768 / 244.297     543.111 / 1491.398    543.111 / 1491.398    ms
[1270.568s][info   ][gc,stats    ]       Phase: Concurrent Mark Continue                      0.000 / 0.000         0.000 / 0.000         0.000 / 0.000         0.000 / 0.000       ms
[1270.568s][info   ][gc,stats    ]       Phase: Concurrent Mark Free                          0.000 / 0.000         0.002 / 0.002         0.002 / 0.004         0.002 / 0.004       ms
[1270.568s][info   ][gc,stats    ]       Phase: Concurrent Process Non-Strong References      0.000 / 0.000       275.612 / 473.355     228.186 / 1850.321    228.186 / 1850.321    ms
[1270.568s][info   ][gc,stats    ]       Phase: Concurrent Relocate                           0.000 / 0.000        25.772 / 33.849       15.585 / 33.849       15.585 / 33.849      ms
[1270.568s][info   ][gc,stats    ]       Phase: Concurrent Reset Relocation Set               0.000 / 0.000         0.007 / 0.008         0.017 / 0.040         0.017 / 0.040       ms
[1270.568s][info   ][gc,stats    ]       Phase: Concurrent Select Relocation Set              0.000 / 0.000         8.256 / 9.063         6.752 / 15.302        6.752 / 15.302      ms
[1270.569s][info   ][gc,stats    ]       Phase: Pause Mark End                                0.000 / 0.000         0.044 / 0.045         0.104 / 0.333         0.104 / 0.333       ms
[1270.569s][info   ][gc,stats    ]       Phase: Pause Mark Start                              0.000 / 0.000         0.070 / 0.083         0.037 / 0.083         0.037 / 0.083       ms
[1270.569s][info   ][gc,stats    ]       Phase: Pause Relocate Start                          0.000 / 0.000         0.035 / 0.037         0.031 / 0.079         0.031 / 0.079       ms
[1270.569s][info   ][gc,stats    ]    Subphase: Concurrent Classes Purge                      0.000 / 0.000         7.636 / 14.226        3.311 / 14.226        3.311 / 14.226      ms
[1270.569s][info   ][gc,stats    ]    Subphase: Concurrent Classes Unlink                     0.000 / 0.000       253.561 / 451.391     200.973 / 1768.670    200.973 / 1768.670    ms
[1270.569s][info   ][gc,stats    ]    Subphase: Concurrent Mark                               0.000 / 0.000       216.086 / 235.611     384.307 / 1136.625    384.307 / 1136.625    ms
[1270.569s][info   ][gc,stats    ]    Subphase: Concurrent Mark Try Flush                     0.000 / 0.000         0.152 / 0.189        30.253 / 148.506      30.253 / 148.506     ms
[1270.569s][info   ][gc,stats    ]    Subphase: Concurrent Mark Try Terminate                 0.000 / 0.000         3.521 / 13.309        2.844 / 148.509       2.844 / 148.509     ms
[1270.569s][info   ][gc,stats    ]    Subphase: Concurrent References Enqueue                 0.000 / 0.000         0.014 / 0.014         0.012 / 0.016         0.012 / 0.016       ms
[1270.569s][info   ][gc,stats    ]    Subphase: Concurrent References Process                 0.000 / 0.000         1.851 / 2.501         0.775 / 2.501         0.775 / 2.501       ms
[1270.569s][info   ][gc,stats    ]    Subphase: Concurrent Roots ClassLoaderDataGraph         0.000 / 0.000         1.179 / 2.051         0.620 / 2.051         0.620 / 2.051       ms
[1270.569s][info   ][gc,stats    ]    Subphase: Concurrent Roots CodeCache                    0.000 / 0.000         0.000 / 0.000         0.000 / 0.000         0.000 / 0.000       ms
[1270.569s][info   ][gc,stats    ]    Subphase: Concurrent Roots JavaThreads                  0.000 / 0.000         7.655 / 9.596        72.406 / 475.340      72.406 / 475.340     ms
[1270.569s][info   ][gc,stats    ]    Subphase: Concurrent Roots OopStorageSet                0.000 / 0.000         0.626 / 0.708         0.211 / 0.708         0.211 / 0.708       ms
[1270.569s][info   ][gc,stats    ]    Subphase: Concurrent Weak Roots OopStorageSet           0.000 / 0.000         5.046 / 5.394         4.546 / 9.700         4.546 / 9.700       ms
[1270.569s][info   ][gc,stats    ]    Subphase: Pause Mark Try Complete                       0.000 / 0.000         0.000 / 0.000         0.053 / 0.195         0.053 / 0.195       ms
[1270.569s][info   ][gc,stats    ]      System: Java Threads                                      0 / 0                48 / 49               62 / 137              62 / 137         threads
[1270.569s][info   ][gc,stats    ] =========================================================================================================================================================
[1280.557s][info   ][gc,stats    ] === Garbage Collection Statistics =======================================================================================================================
[1280.558s][info   ][gc,stats    ]                                                              Last 10s              Last 10m              Last 10h                Total
[1280.558s][info   ][gc,stats    ]                                                              Avg / Max             Avg / Max             Avg / Max             Avg / Max
[1280.558s][info   ][gc,stats    ]   Collector: Garbage Collection Cycle                      0.000 / 0.000       543.455 / 736.961     840.525 / 3415.907    840.525 / 3415.907    ms
[1280.558s][info   ][gc,stats    ]  Contention: Mark Segment Reset Contention                     0 / 0                 0 / 2                 0 / 2                 0 / 2           ops/s
[1280.558s][info   ][gc,stats    ]  Contention: Mark SeqNum Reset Contention                      0 / 0                 0 / 0                 0 / 1                 0 / 1           ops/s
[1280.559s][info   ][gc,stats    ]    Critical: Allocation Stall                                  0 / 0                 0 / 0                 0 / 0                 0 / 0           ops/s
[1280.559s][info   ][gc,stats    ]    Critical: Allocation Stall                              0.000 / 0.000         0.000 / 0.000         0.000 / 0.000         0.000 / 0.000       ms
[1280.559s][info   ][gc,stats    ]    Critical: GC Locker Stall                                   0 / 0                 0 / 0                 0 / 0                 0 / 0           ops/s
[1280.559s][info   ][gc,stats    ]    Critical: GC Locker Stall                               0.000 / 0.000         0.000 / 0.000         0.000 / 0.000         0.000 / 0.000       ms
[1280.559s][info   ][gc,stats    ]    Critical: Relocation Stall                                  0 / 0                 0 / 0                 0 / 0                 0 / 0           ops/s
[1280.559s][info   ][gc,stats    ]    Critical: Relocation Stall                              0.000 / 0.000         0.000 / 0.000         0.000 / 0.000         0.000 / 0.000       ms
[1280.559s][info   ][gc,stats    ]      Memory: Allocation Rate                                   0 / 0                 0 / 12                2 / 68                2 / 68          MB/s
[1280.560s][info   ][gc,stats    ]      Memory: Defragment                                        0 / 0                 0 / 0                 0 / 0                 0 / 0           ops/s
[1280.560s][info   ][gc,stats    ]      Memory: Out Of Memory                                     0 / 0                 0 / 0                 0 / 0                 0 / 0           ops/s
[1280.560s][info   ][gc,stats    ]      Memory: Page Cache Flush                                  0 / 0                 0 / 0                 0 / 0                 0 / 0           MB/s
[1280.560s][info   ][gc,stats    ]      Memory: Page Cache Hit L1                                 0 / 0                 0 / 15                1 / 30                1 / 30          ops/s
[1280.560s][info   ][gc,stats    ]      Memory: Page Cache Hit L2                                 0 / 0                 0 / 0                 0 / 0                 0 / 0           ops/s
[1280.560s][info   ][gc,stats    ]      Memory: Page Cache Hit L3                                 0 / 0                 0 / 0                 0 / 26                0 / 26          ops/s
[1280.560s][info   ][gc,stats    ]      Memory: Page Cache Miss                                   0 / 0                 0 / 0                 0 / 1                 0 / 1           ops/s
[1280.560s][info   ][gc,stats    ]      Memory: Uncommit                                          0 / 0                 0 / 0                 0 / 0                 0 / 0           MB/s
[1280.560s][info   ][gc,stats    ]      Memory: Undo Object Allocation Failed                     0 / 0                 0 / 0                 0 / 1                 0 / 1           ops/s
[1280.560s][info   ][gc,stats    ]      Memory: Undo Object Allocation Succeeded                  0 / 0                 0 / 0                 0 / 74                0 / 74          ops/s
[1280.560s][info   ][gc,stats    ]      Memory: Undo Page Allocation                              0 / 0                 0 / 0                 0 / 1                 0 / 1           ops/s
[1280.560s][info   ][gc,stats    ]       Phase: Concurrent Mark                               0.000 / 0.000       230.768 / 244.297     543.111 / 1491.398    543.111 / 1491.398    ms
[1280.561s][info   ][gc,stats    ]       Phase: Concurrent Mark Continue                      0.000 / 0.000         0.000 / 0.000         0.000 / 0.000         0.000 / 0.000       ms
[1280.561s][info   ][gc,stats    ]       Phase: Concurrent Mark Free                          0.000 / 0.000         0.002 / 0.002         0.002 / 0.004         0.002 / 0.004       ms
[1280.561s][info   ][gc,stats    ]       Phase: Concurrent Process Non-Strong References      0.000 / 0.000       275.612 / 473.355     228.186 / 1850.321    228.186 / 1850.321    ms
[1280.561s][info   ][gc,stats    ]       Phase: Concurrent Relocate                           0.000 / 0.000        25.772 / 33.849       15.585 / 33.849       15.585 / 33.849      ms
[1280.561s][info   ][gc,stats    ]       Phase: Concurrent Reset Relocation Set               0.000 / 0.000         0.007 / 0.008         0.017 / 0.040         0.017 / 0.040       ms
[1280.561s][info   ][gc,stats    ]       Phase: Concurrent Select Relocation Set              0.000 / 0.000         8.256 / 9.063         6.752 / 15.302        6.752 / 15.302      ms
[1280.561s][info   ][gc,stats    ]       Phase: Pause Mark End                                0.000 / 0.000         0.044 / 0.045         0.104 / 0.333         0.104 / 0.333       ms
[1280.561s][info   ][gc,stats    ]       Phase: Pause Mark Start                              0.000 / 0.000         0.070 / 0.083         0.037 / 0.083         0.037 / 0.083       ms
[1280.561s][info   ][gc,stats    ]       Phase: Pause Relocate Start                          0.000 / 0.000         0.035 / 0.037         0.031 / 0.079         0.031 / 0.079       ms
[1280.561s][info   ][gc,stats    ]    Subphase: Concurrent Classes Purge                      0.000 / 0.000         7.636 / 14.226        3.311 / 14.226        3.311 / 14.226      ms
[1280.561s][info   ][gc,stats    ]    Subphase: Concurrent Classes Unlink                     0.000 / 0.000       253.561 / 451.391     200.973 / 1768.670    200.973 / 1768.670    ms
[1280.561s][info   ][gc,stats    ]    Subphase: Concurrent Mark                               0.000 / 0.000       216.086 / 235.611     384.307 / 1136.625    384.307 / 1136.625    ms
[1280.561s][info   ][gc,stats    ]    Subphase: Concurrent Mark Try Flush                     0.000 / 0.000         0.152 / 0.189        30.253 / 148.506      30.253 / 148.506     ms
[1280.562s][info   ][gc,stats    ]    Subphase: Concurrent Mark Try Terminate                 0.000 / 0.000         3.521 / 13.309        2.844 / 148.509       2.844 / 148.509     ms
[1280.562s][info   ][gc,stats    ]    Subphase: Concurrent References Enqueue                 0.000 / 0.000         0.014 / 0.014         0.012 / 0.016         0.012 / 0.016       ms
[1280.562s][info   ][gc,stats    ]    Subphase: Concurrent References Process                 0.000 / 0.000         1.851 / 2.501         0.775 / 2.501         0.775 / 2.501       ms
[1280.562s][info   ][gc,stats    ]    Subphase: Concurrent Roots ClassLoaderDataGraph         0.000 / 0.000         1.179 / 2.051         0.620 / 2.051         0.620 / 2.051       ms
[1280.562s][info   ][gc,stats    ]    Subphase: Concurrent Roots CodeCache                    0.000 / 0.000         0.000 / 0.000         0.000 / 0.000         0.000 / 0.000       ms
[1280.562s][info   ][gc,stats    ]    Subphase: Concurrent Roots JavaThreads                  0.000 / 0.000         7.655 / 9.596        72.406 / 475.340      72.406 / 475.340     ms
[1280.562s][info   ][gc,stats    ]    Subphase: Concurrent Roots OopStorageSet                0.000 / 0.000         0.626 / 0.708         0.211 / 0.708         0.211 / 0.708       ms
[1280.562s][info   ][gc,stats    ]    Subphase: Concurrent Weak Roots OopStorageSet           0.000 / 0.000         5.046 / 5.394         4.546 / 9.700         4.546 / 9.700       ms
[1280.562s][info   ][gc,stats    ]    Subphase: Pause Mark Try Complete                       0.000 / 0.000         0.000 / 0.000         0.053 / 0.195         0.053 / 0.195       ms
[1280.562s][info   ][gc,stats    ]      System: Java Threads                                      0 / 0                48 / 49               62 / 137              62 / 137         threads
[1280.562s][info   ][gc,stats    ] =========================================================================================================================================================
[1290.560s][info   ][gc,stats    ] === Garbage Collection Statistics =======================================================================================================================
[1290.561s][info   ][gc,stats    ]                                                              Last 10s              Last 10m              Last 10h                Total
[1290.561s][info   ][gc,stats    ]                                                              Avg / Max             Avg / Max             Avg / Max             Avg / Max
[1290.561s][info   ][gc,stats    ]   Collector: Garbage Collection Cycle                      0.000 / 0.000       543.455 / 736.961     840.525 / 3415.907    840.525 / 3415.907    ms
[1290.561s][info   ][gc,stats    ]  Contention: Mark Segment Reset Contention                     0 / 0                 0 / 2                 0 / 2                 0 / 2           ops/s
[1290.561s][info   ][gc,stats    ]  Contention: Mark SeqNum Reset Contention                      0 / 0                 0 / 0                 0 / 1                 0 / 1           ops/s
[1290.562s][info   ][gc,stats    ]    Critical: Allocation Stall                                  0 / 0                 0 / 0                 0 / 0                 0 / 0           ops/s
[1290.562s][info   ][gc,stats    ]    Critical: Allocation Stall                              0.000 / 0.000         0.000 / 0.000         0.000 / 0.000         0.000 / 0.000       ms
[1290.562s][info   ][gc,stats    ]    Critical: GC Locker Stall                                   0 / 0                 0 / 0                 0 / 0                 0 / 0           ops/s
[1290.562s][info   ][gc,stats    ]    Critical: GC Locker Stall                               0.000 / 0.000         0.000 / 0.000         0.000 / 0.000         0.000 / 0.000       ms
[1290.562s][info   ][gc,stats    ]    Critical: Relocation Stall                                  0 / 0                 0 / 0                 0 / 0                 0 / 0           ops/s
[1290.562s][info   ][gc,stats    ]    Critical: Relocation Stall                              0.000 / 0.000         0.000 / 0.000         0.000 / 0.000         0.000 / 0.000       ms
[1290.563s][info   ][gc,stats    ]      Memory: Allocation Rate                                   0 / 0                 0 / 12                2 / 68                2 / 68          MB/s
[1290.563s][info   ][gc,stats    ]      Memory: Defragment                                        0 / 0                 0 / 0                 0 / 0                 0 / 0           ops/s
[1290.563s][info   ][gc,stats    ]      Memory: Out Of Memory                                     0 / 0                 0 / 0                 0 / 0                 0 / 0           ops/s
[1290.563s][info   ][gc,stats    ]      Memory: Page Cache Flush                                  0 / 0                 0 / 0                 0 / 0                 0 / 0           MB/s
[1290.563s][info   ][gc,stats    ]      Memory: Page Cache Hit L1                                 0 / 0                 0 / 15                1 / 30                1 / 30          ops/s
[1290.563s][info   ][gc,stats    ]      Memory: Page Cache Hit L2                                 0 / 0                 0 / 0                 0 / 0                 0 / 0           ops/s
[1290.563s][info   ][gc,stats    ]      Memory: Page Cache Hit L3                                 0 / 0                 0 / 0                 0 / 26                0 / 26          ops/s
[1290.563s][info   ][gc,stats    ]      Memory: Page Cache Miss                                   0 / 0                 0 / 0                 0 / 1                 0 / 1           ops/s
[1290.564s][info   ][gc,stats    ]      Memory: Uncommit                                          0 / 0                 0 / 0                 0 / 0                 0 / 0           MB/s
[1290.564s][info   ][gc,stats    ]      Memory: Undo Object Allocation Failed                     0 / 0                 0 / 0                 0 / 1                 0 / 1           ops/s
[1290.564s][info   ][gc,stats    ]      Memory: Undo Object Allocation Succeeded                  0 / 0                 0 / 0                 0 / 74                0 / 74          ops/s
[1290.564s][info   ][gc,stats    ]      Memory: Undo Page Allocation                              0 / 0                 0 / 0                 0 / 1                 0 / 1           ops/s
[1290.564s][info   ][gc,stats    ]       Phase: Concurrent Mark                               0.000 / 0.000       230.768 / 244.297     543.111 / 1491.398    543.111 / 1491.398    ms
[1290.564s][info   ][gc,stats    ]       Phase: Concurrent Mark Continue                      0.000 / 0.000         0.000 / 0.000         0.000 / 0.000         0.000 / 0.000       ms
[1290.565s][info   ][gc,stats    ]       Phase: Concurrent Mark Free                          0.000 / 0.000         0.002 / 0.002         0.002 / 0.004         0.002 / 0.004       ms
[1290.565s][info   ][gc,stats    ]       Phase: Concurrent Process Non-Strong References      0.000 / 0.000       275.612 / 473.355     228.186 / 1850.321    228.186 / 1850.321    ms
[1290.565s][info   ][gc,stats    ]       Phase: Concurrent Relocate                           0.000 / 0.000        25.772 / 33.849       15.585 / 33.849       15.585 / 33.849      ms
[1290.565s][info   ][gc,stats    ]       Phase: Concurrent Reset Relocation Set               0.000 / 0.000         0.007 / 0.008         0.017 / 0.040         0.017 / 0.040       ms
[1290.565s][info   ][gc,stats    ]       Phase: Concurrent Select Relocation Set              0.000 / 0.000         8.256 / 9.063         6.752 / 15.302        6.752 / 15.302      ms
[1290.565s][info   ][gc,stats    ]       Phase: Pause Mark End                                0.000 / 0.000         0.044 / 0.045         0.104 / 0.333         0.104 / 0.333       ms
[1290.565s][info   ][gc,stats    ]       Phase: Pause Mark Start                              0.000 / 0.000         0.070 / 0.083         0.037 / 0.083         0.037 / 0.083       ms
[1290.565s][info   ][gc,stats    ]       Phase: Pause Relocate Start                          0.000 / 0.000         0.035 / 0.037         0.031 / 0.079         0.031 / 0.079       ms
[1290.566s][info   ][gc,stats    ]    Subphase: Concurrent Classes Purge                      0.000 / 0.000         7.636 / 14.226        3.311 / 14.226        3.311 / 14.226      ms
[1290.566s][info   ][gc,stats    ]    Subphase: Concurrent Classes Unlink                     0.000 / 0.000       253.561 / 451.391     200.973 / 1768.670    200.973 / 1768.670    ms
[1290.566s][info   ][gc,stats    ]    Subphase: Concurrent Mark                               0.000 / 0.000       216.086 / 235.611     384.307 / 1136.625    384.307 / 1136.625    ms
[1290.566s][info   ][gc,stats    ]    Subphase: Concurrent Mark Try Flush                     0.000 / 0.000         0.152 / 0.189        30.253 / 148.506      30.253 / 148.506     ms
[1290.566s][info   ][gc,stats    ]    Subphase: Concurrent Mark Try Terminate                 0.000 / 0.000         3.521 / 13.309        2.844 / 148.509       2.844 / 148.509     ms
[1290.566s][info   ][gc,stats    ]    Subphase: Concurrent References Enqueue                 0.000 / 0.000         0.014 / 0.014         0.012 / 0.016         0.012 / 0.016       ms
[1290.566s][info   ][gc,stats    ]    Subphase: Concurrent References Process                 0.000 / 0.000         1.851 / 2.501         0.775 / 2.501         0.775 / 2.501       ms
[1290.566s][info   ][gc,stats    ]    Subphase: Concurrent Roots ClassLoaderDataGraph         0.000 / 0.000         1.179 / 2.051         0.620 / 2.051         0.620 / 2.051       ms
[1290.567s][info   ][gc,stats    ]    Subphase: Concurrent Roots CodeCache                    0.000 / 0.000         0.000 / 0.000         0.000 / 0.000         0.000 / 0.000       ms
[1290.567s][info   ][gc,stats    ]    Subphase: Concurrent Roots JavaThreads                  0.000 / 0.000         7.655 / 9.596        72.406 / 475.340      72.406 / 475.340     ms
[1290.567s][info   ][gc,stats    ]    Subphase: Concurrent Roots OopStorageSet                0.000 / 0.000         0.626 / 0.708         0.211 / 0.708         0.211 / 0.708       ms
[1290.567s][info   ][gc,stats    ]    Subphase: Concurrent Weak Roots OopStorageSet           0.000 / 0.000         5.046 / 5.394         4.546 / 9.700         4.546 / 9.700       ms
[1290.567s][info   ][gc,stats    ]    Subphase: Pause Mark Try Complete                       0.000 / 0.000         0.000 / 0.000         0.053 / 0.195         0.053 / 0.195       ms
[1290.567s][info   ][gc,stats    ]      System: Java Threads                                      0 / 0                48 / 49               62 / 137              62 / 137         threads
[1290.567s][info   ][gc,stats    ] =========================================================================================================================================================
[1300.556s][info   ][gc,stats    ] === Garbage Collection Statistics =======================================================================================================================
[1300.557s][info   ][gc,stats    ]                                                              Last 10s              Last 10m              Last 10h                Total
[1300.557s][info   ][gc,stats    ]                                                              Avg / Max             Avg / Max             Avg / Max             Avg / Max
[1300.557s][info   ][gc,stats    ]   Collector: Garbage Collection Cycle                      0.000 / 0.000       543.455 / 736.961     840.525 / 3415.907    840.525 / 3415.907    ms
[1300.557s][info   ][gc,stats    ]  Contention: Mark Segment Reset Contention                     0 / 0                 0 / 2                 0 / 2                 0 / 2           ops/s
[1300.558s][info   ][gc,stats    ]  Contention: Mark SeqNum Reset Contention                      0 / 0                 0 / 0                 0 / 1                 0 / 1           ops/s
[1300.558s][info   ][gc,stats    ]    Critical: Allocation Stall                                  0 / 0                 0 / 0                 0 / 0                 0 / 0           ops/s
[1300.558s][info   ][gc,stats    ]    Critical: Allocation Stall                              0.000 / 0.000         0.000 / 0.000         0.000 / 0.000         0.000 / 0.000       ms
[1300.558s][info   ][gc,stats    ]    Critical: GC Locker Stall                                   0 / 0                 0 / 0                 0 / 0                 0 / 0           ops/s
[1300.558s][info   ][gc,stats    ]    Critical: GC Locker Stall                               0.000 / 0.000         0.000 / 0.000         0.000 / 0.000         0.000 / 0.000       ms
[1300.558s][info   ][gc,stats    ]    Critical: Relocation Stall                                  0 / 0                 0 / 0                 0 / 0                 0 / 0           ops/s
[1300.559s][info   ][gc,stats    ]    Critical: Relocation Stall                              0.000 / 0.000         0.000 / 0.000         0.000 / 0.000         0.000 / 0.000       ms
[1300.559s][info   ][gc,stats    ]      Memory: Allocation Rate                                   0 / 0                 0 / 12                2 / 68                2 / 68          MB/s
[1300.559s][info   ][gc,stats    ]      Memory: Defragment                                        0 / 0                 0 / 0                 0 / 0                 0 / 0           ops/s
[1300.559s][info   ][gc,stats    ]      Memory: Out Of Memory                                     0 / 0                 0 / 0                 0 / 0                 0 / 0           ops/s
[1300.559s][info   ][gc,stats    ]      Memory: Page Cache Flush                                  0 / 0                 0 / 0                 0 / 0                 0 / 0           MB/s
[1300.559s][info   ][gc,stats    ]      Memory: Page Cache Hit L1                                 0 / 0                 0 / 15                1 / 30                1 / 30          ops/s
[1300.559s][info   ][gc,stats    ]      Memory: Page Cache Hit L2                                 0 / 0                 0 / 0                 0 / 0                 0 / 0           ops/s
[1300.559s][info   ][gc,stats    ]      Memory: Page Cache Hit L3                                 0 / 0                 0 / 0                 0 / 26                0 / 26          ops/s
[1300.559s][info   ][gc,stats    ]      Memory: Page Cache Miss                                   0 / 0                 0 / 0                 0 / 1                 0 / 1           ops/s
[1300.559s][info   ][gc,stats    ]      Memory: Uncommit                                          0 / 0                 0 / 0                 0 / 0                 0 / 0           MB/s
[1300.559s][info   ][gc,stats    ]      Memory: Undo Object Allocation Failed                     0 / 0                 0 / 0                 0 / 1                 0 / 1           ops/s
[1300.559s][info   ][gc,stats    ]      Memory: Undo Object Allocation Succeeded                  0 / 0                 0 / 0                 0 / 74                0 / 74          ops/s
[1300.559s][info   ][gc,stats    ]      Memory: Undo Page Allocation                              0 / 0                 0 / 0                 0 / 1                 0 / 1           ops/s
[1300.560s][info   ][gc,stats    ]       Phase: Concurrent Mark                               0.000 / 0.000       230.768 / 244.297     543.111 / 1491.398    543.111 / 1491.398    ms
[1300.560s][info   ][gc,stats    ]       Phase: Concurrent Mark Continue                      0.000 / 0.000         0.000 / 0.000         0.000 / 0.000         0.000 / 0.000       ms
[1300.560s][info   ][gc,stats    ]       Phase: Concurrent Mark Free                          0.000 / 0.000         0.002 / 0.002         0.002 / 0.004         0.002 / 0.004       ms
[1300.560s][info   ][gc,stats    ]       Phase: Concurrent Process Non-Strong References      0.000 / 0.000       275.612 / 473.355     228.186 / 1850.321    228.186 / 1850.321    ms
[1300.560s][info   ][gc,stats    ]       Phase: Concurrent Relocate                           0.000 / 0.000        25.772 / 33.849       15.585 / 33.849       15.585 / 33.849      ms
[1300.560s][info   ][gc,stats    ]       Phase: Concurrent Reset Relocation Set               0.000 / 0.000         0.007 / 0.008         0.017 / 0.040         0.017 / 0.040       ms
[1300.560s][info   ][gc,stats    ]       Phase: Concurrent Select Relocation Set              0.000 / 0.000         8.256 / 9.063         6.752 / 15.302        6.752 / 15.302      ms
[1300.560s][info   ][gc,stats    ]       Phase: Pause Mark End                                0.000 / 0.000         0.044 / 0.045         0.104 / 0.333         0.104 / 0.333       ms
[1300.560s][info   ][gc,stats    ]       Phase: Pause Mark Start                              0.000 / 0.000         0.070 / 0.083         0.037 / 0.083         0.037 / 0.083       ms
[1300.561s][info   ][gc,stats    ]       Phase: Pause Relocate Start                          0.000 / 0.000         0.035 / 0.037         0.031 / 0.079         0.031 / 0.079       ms
[1300.561s][info   ][gc,stats    ]    Subphase: Concurrent Classes Purge                      0.000 / 0.000         7.636 / 14.226        3.311 / 14.226        3.311 / 14.226      ms
[1300.561s][info   ][gc,stats    ]    Subphase: Concurrent Classes Unlink                     0.000 / 0.000       253.561 / 451.391     200.973 / 1768.670    200.973 / 1768.670    ms
[1300.562s][info   ][gc,stats    ]    Subphase: Concurrent Mark                               0.000 / 0.000       216.086 / 235.611     384.307 / 1136.625    384.307 / 1136.625    ms
[1300.562s][info   ][gc,stats    ]    Subphase: Concurrent Mark Try Flush                     0.000 / 0.000         0.152 / 0.189        30.253 / 148.506      30.253 / 148.506     ms
[1300.562s][info   ][gc,stats    ]    Subphase: Concurrent Mark Try Terminate                 0.000 / 0.000         3.521 / 13.309        2.844 / 148.509       2.844 / 148.509     ms
[1300.562s][info   ][gc,stats    ]    Subphase: Concurrent References Enqueue                 0.000 / 0.000         0.014 / 0.014         0.012 / 0.016         0.012 / 0.016       ms
[1300.562s][info   ][gc,stats    ]    Subphase: Concurrent References Process                 0.000 / 0.000         1.851 / 2.501         0.775 / 2.501         0.775 / 2.501       ms
[1300.562s][info   ][gc,stats    ]    Subphase: Concurrent Roots ClassLoaderDataGraph         0.000 / 0.000         1.179 / 2.051         0.620 / 2.051         0.620 / 2.051       ms
[1300.563s][info   ][gc,stats    ]    Subphase: Concurrent Roots CodeCache                    0.000 / 0.000         0.000 / 0.000         0.000 / 0.000         0.000 / 0.000       ms
[1300.563s][info   ][gc,stats    ]    Subphase: Concurrent Roots JavaThreads                  0.000 / 0.000         7.655 / 9.596        72.406 / 475.340      72.406 / 475.340     ms
[1300.563s][info   ][gc,stats    ]    Subphase: Concurrent Roots OopStorageSet                0.000 / 0.000         0.626 / 0.708         0.211 / 0.708         0.211 / 0.708       ms
[1300.563s][info   ][gc,stats    ]    Subphase: Concurrent Weak Roots OopStorageSet           0.000 / 0.000         5.046 / 5.394         4.546 / 9.700         4.546 / 9.700       ms
[1300.564s][info   ][gc,stats    ]    Subphase: Pause Mark Try Complete                       0.000 / 0.000         0.000 / 0.000         0.053 / 0.195         0.053 / 0.195       ms
[1300.564s][info   ][gc,stats    ]      System: Java Threads                                      0 / 0                48 / 49               62 / 137              62 / 137         threads
[1300.564s][info   ][gc,stats    ] =========================================================================================================================================================
[1310.562s][info   ][gc,stats    ] === Garbage Collection Statistics =======================================================================================================================
[1310.562s][info   ][gc,stats    ]                                                              Last 10s              Last 10m              Last 10h                Total
[1310.563s][info   ][gc,stats    ]                                                              Avg / Max             Avg / Max             Avg / Max             Avg / Max
[1310.563s][info   ][gc,stats    ]   Collector: Garbage Collection Cycle                      0.000 / 0.000       543.455 / 736.961     840.525 / 3415.907    840.525 / 3415.907    ms
[1310.563s][info   ][gc,stats    ]  Contention: Mark Segment Reset Contention                     0 / 0                 0 / 2                 0 / 2                 0 / 2           ops/s
[1310.563s][info   ][gc,stats    ]  Contention: Mark SeqNum Reset Contention                      0 / 0                 0 / 0                 0 / 1                 0 / 1           ops/s
[1310.563s][info   ][gc,stats    ]    Critical: Allocation Stall                                  0 / 0                 0 / 0                 0 / 0                 0 / 0           ops/s
[1310.564s][info   ][gc,stats    ]    Critical: Allocation Stall                              0.000 / 0.000         0.000 / 0.000         0.000 / 0.000         0.000 / 0.000       ms
[1310.564s][info   ][gc,stats    ]    Critical: GC Locker Stall                                   0 / 0                 0 / 0                 0 / 0                 0 / 0           ops/s
[1310.564s][info   ][gc,stats    ]    Critical: GC Locker Stall                               0.000 / 0.000         0.000 / 0.000         0.000 / 0.000         0.000 / 0.000       ms
[1310.564s][info   ][gc,stats    ]    Critical: Relocation Stall                                  0 / 0                 0 / 0                 0 / 0                 0 / 0           ops/s
[1310.564s][info   ][gc,stats    ]    Critical: Relocation Stall                              0.000 / 0.000         0.000 / 0.000         0.000 / 0.000         0.000 / 0.000       ms
[1310.564s][info   ][gc,stats    ]      Memory: Allocation Rate                                   0 / 0                 0 / 12                2 / 68                2 / 68          MB/s
[1310.564s][info   ][gc,stats    ]      Memory: Defragment                                        0 / 0                 0 / 0                 0 / 0                 0 / 0           ops/s
[1310.564s][info   ][gc,stats    ]      Memory: Out Of Memory                                     0 / 0                 0 / 0                 0 / 0                 0 / 0           ops/s
[1310.565s][info   ][gc,stats    ]      Memory: Page Cache Flush                                  0 / 0                 0 / 0                 0 / 0                 0 / 0           MB/s
[1310.565s][info   ][gc,stats    ]      Memory: Page Cache Hit L1                                 0 / 0                 0 / 15                1 / 30                1 / 30          ops/s
[1310.565s][info   ][gc,stats    ]      Memory: Page Cache Hit L2                                 0 / 0                 0 / 0                 0 / 0                 0 / 0           ops/s
[1310.565s][info   ][gc,stats    ]      Memory: Page Cache Hit L3                                 0 / 0                 0 / 0                 0 / 26                0 / 26          ops/s
[1310.565s][info   ][gc,stats    ]      Memory: Page Cache Miss                                   0 / 0                 0 / 0                 0 / 1                 0 / 1           ops/s
[1310.565s][info   ][gc,stats    ]      Memory: Uncommit                                          0 / 0                 0 / 0                 0 / 0                 0 / 0           MB/s
[1310.565s][info   ][gc,stats    ]      Memory: Undo Object Allocation Failed                     0 / 0                 0 / 0                 0 / 1                 0 / 1           ops/s
[1310.566s][info   ][gc,stats    ]      Memory: Undo Object Allocation Succeeded                  0 / 0                 0 / 0                 0 / 74                0 / 74          ops/s
[1310.566s][info   ][gc,stats    ]      Memory: Undo Page Allocation                              0 / 0                 0 / 0                 0 / 1                 0 / 1           ops/s
[1310.566s][info   ][gc,stats    ]       Phase: Concurrent Mark                               0.000 / 0.000       230.768 / 244.297     543.111 / 1491.398    543.111 / 1491.398    ms
[1310.566s][info   ][gc,stats    ]       Phase: Concurrent Mark Continue                      0.000 / 0.000         0.000 / 0.000         0.000 / 0.000         0.000 / 0.000       ms
[1310.566s][info   ][gc,stats    ]       Phase: Concurrent Mark Free                          0.000 / 0.000         0.002 / 0.002         0.002 / 0.004         0.002 / 0.004       ms
[1310.566s][info   ][gc,stats    ]       Phase: Concurrent Process Non-Strong References      0.000 / 0.000       275.612 / 473.355     228.186 / 1850.321    228.186 / 1850.321    ms
[1310.567s][info   ][gc,stats    ]       Phase: Concurrent Relocate                           0.000 / 0.000        25.772 / 33.849       15.585 / 33.849       15.585 / 33.849      ms
[1310.567s][info   ][gc,stats    ]       Phase: Concurrent Reset Relocation Set               0.000 / 0.000         0.007 / 0.008         0.017 / 0.040         0.017 / 0.040       ms
[1310.567s][info   ][gc,stats    ]       Phase: Concurrent Select Relocation Set              0.000 / 0.000         8.256 / 9.063         6.752 / 15.302        6.752 / 15.302      ms
[1310.567s][info   ][gc,stats    ]       Phase: Pause Mark End                                0.000 / 0.000         0.044 / 0.045         0.104 / 0.333         0.104 / 0.333       ms
[1310.568s][info   ][gc,stats    ]       Phase: Pause Mark Start                              0.000 / 0.000         0.070 / 0.083         0.037 / 0.083         0.037 / 0.083       ms
[1310.568s][info   ][gc,stats    ]       Phase: Pause Relocate Start                          0.000 / 0.000         0.035 / 0.037         0.031 / 0.079         0.031 / 0.079       ms
[1310.568s][info   ][gc,stats    ]    Subphase: Concurrent Classes Purge                      0.000 / 0.000         7.636 / 14.226        3.311 / 14.226        3.311 / 14.226      ms
[1310.568s][info   ][gc,stats    ]    Subphase: Concurrent Classes Unlink                     0.000 / 0.000       253.561 / 451.391     200.973 / 1768.670    200.973 / 1768.670    ms
[1310.568s][info   ][gc,stats    ]    Subphase: Concurrent Mark                               0.000 / 0.000       216.086 / 235.611     384.307 / 1136.625    384.307 / 1136.625    ms
[1310.568s][info   ][gc,stats    ]    Subphase: Concurrent Mark Try Flush                     0.000 / 0.000         0.152 / 0.189        30.253 / 148.506      30.253 / 148.506     ms
[1310.569s][info   ][gc,stats    ]    Subphase: Concurrent Mark Try Terminate                 0.000 / 0.000         3.521 / 13.309        2.844 / 148.509       2.844 / 148.509     ms
[1310.569s][info   ][gc,stats    ]    Subphase: Concurrent References Enqueue                 0.000 / 0.000         0.014 / 0.014         0.012 / 0.016         0.012 / 0.016       ms
[1310.569s][info   ][gc,stats    ]    Subphase: Concurrent References Process                 0.000 / 0.000         1.851 / 2.501         0.775 / 2.501         0.775 / 2.501       ms
[1310.569s][info   ][gc,stats    ]    Subphase: Concurrent Roots ClassLoaderDataGraph         0.000 / 0.000         1.179 / 2.051         0.620 / 2.051         0.620 / 2.051       ms
[1310.569s][info   ][gc,stats    ]    Subphase: Concurrent Roots CodeCache                    0.000 / 0.000         0.000 / 0.000         0.000 / 0.000         0.000 / 0.000       ms
[1310.570s][info   ][gc,stats    ]    Subphase: Concurrent Roots JavaThreads                  0.000 / 0.000         7.655 / 9.596        72.406 / 475.340      72.406 / 475.340     ms
[1310.570s][info   ][gc,stats    ]    Subphase: Concurrent Roots OopStorageSet                0.000 / 0.000         0.626 / 0.708         0.211 / 0.708         0.211 / 0.708       ms
[1310.570s][info   ][gc,stats    ]    Subphase: Concurrent Weak Roots OopStorageSet           0.000 / 0.000         5.046 / 5.394         4.546 / 9.700         4.546 / 9.700       ms
[1310.570s][info   ][gc,stats    ]    Subphase: Pause Mark Try Complete                       0.000 / 0.000         0.000 / 0.000         0.053 / 0.195         0.053 / 0.195       ms
[1310.570s][info   ][gc,stats    ]      System: Java Threads                                      0 / 0                48 / 49               62 / 137              62 / 137         threads
[1310.570s][info   ][gc,stats    ] =========================================================================================================================================================
[1320.565s][info   ][gc,stats    ] === Garbage Collection Statistics =======================================================================================================================
[1320.565s][info   ][gc,stats    ]                                                              Last 10s              Last 10m              Last 10h                Total
[1320.565s][info   ][gc,stats    ]                                                              Avg / Max             Avg / Max             Avg / Max             Avg / Max
[1320.565s][info   ][gc,stats    ]   Collector: Garbage Collection Cycle                      0.000 / 0.000       543.455 / 736.961     840.525 / 3415.907    840.525 / 3415.907    ms
[1320.566s][info   ][gc,stats    ]  Contention: Mark Segment Reset Contention                     0 / 0                 0 / 2                 0 / 2                 0 / 2           ops/s
[1320.566s][info   ][gc,stats    ]  Contention: Mark SeqNum Reset Contention                      0 / 0                 0 / 0                 0 / 1                 0 / 1           ops/s
[1320.566s][info   ][gc,stats    ]    Critical: Allocation Stall                                  0 / 0                 0 / 0                 0 / 0                 0 / 0           ops/s
[1320.566s][info   ][gc,stats    ]    Critical: Allocation Stall                              0.000 / 0.000         0.000 / 0.000         0.000 / 0.000         0.000 / 0.000       ms
[1320.566s][info   ][gc,stats    ]    Critical: GC Locker Stall                                   0 / 0                 0 / 0                 0 / 0                 0 / 0           ops/s
[1320.566s][info   ][gc,stats    ]    Critical: GC Locker Stall                               0.000 / 0.000         0.000 / 0.000         0.000 / 0.000         0.000 / 0.000       ms
[1320.567s][info   ][gc,stats    ]    Critical: Relocation Stall                                  0 / 0                 0 / 0                 0 / 0                 0 / 0           ops/s
[1320.567s][info   ][gc,stats    ]    Critical: Relocation Stall                              0.000 / 0.000         0.000 / 0.000         0.000 / 0.000         0.000 / 0.000       ms
[1320.567s][info   ][gc,stats    ]      Memory: Allocation Rate                                   0 / 2                 0 / 12                2 / 68                2 / 68          MB/s
[1320.567s][info   ][gc,stats    ]      Memory: Defragment                                        0 / 0                 0 / 0                 0 / 0                 0 / 0           ops/s
[1320.567s][info   ][gc,stats    ]      Memory: Out Of Memory                                     0 / 0                 0 / 0                 0 / 0                 0 / 0           ops/s
[1320.567s][info   ][gc,stats    ]      Memory: Page Cache Flush                                  0 / 0                 0 / 0                 0 / 0                 0 / 0           MB/s
[1320.568s][info   ][gc,stats    ]      Memory: Page Cache Hit L1                                 0 / 1                 0 / 15                1 / 30                1 / 30          ops/s
[1320.568s][info   ][gc,stats    ]      Memory: Page Cache Hit L2                                 0 / 0                 0 / 0                 0 / 0                 0 / 0           ops/s
[1320.568s][info   ][gc,stats    ]      Memory: Page Cache Hit L3                                 0 / 0                 0 / 0                 0 / 26                0 / 26          ops/s
[1320.568s][info   ][gc,stats    ]      Memory: Page Cache Miss                                   0 / 0                 0 / 0                 0 / 1                 0 / 1           ops/s
[1320.568s][info   ][gc,stats    ]      Memory: Uncommit                                          0 / 0                 0 / 0                 0 / 0                 0 / 0           MB/s
[1320.568s][info   ][gc,stats    ]      Memory: Undo Object Allocation Failed                     0 / 0                 0 / 0                 0 / 1                 0 / 1           ops/s
[1320.568s][info   ][gc,stats    ]      Memory: Undo Object Allocation Succeeded                  0 / 0                 0 / 0                 0 / 74                0 / 74          ops/s
[1320.569s][info   ][gc,stats    ]      Memory: Undo Page Allocation                              0 / 0                 0 / 0                 0 / 1                 0 / 1           ops/s
[1320.569s][info   ][gc,stats    ]       Phase: Concurrent Mark                               0.000 / 0.000       230.768 / 244.297     543.111 / 1491.398    543.111 / 1491.398    ms
[1320.569s][info   ][gc,stats    ]       Phase: Concurrent Mark Continue                      0.000 / 0.000         0.000 / 0.000         0.000 / 0.000         0.000 / 0.000       ms
[1320.569s][info   ][gc,stats    ]       Phase: Concurrent Mark Free                          0.000 / 0.000         0.002 / 0.002         0.002 / 0.004         0.002 / 0.004       ms
[1320.569s][info   ][gc,stats    ]       Phase: Concurrent Process Non-Strong References      0.000 / 0.000       275.612 / 473.355     228.186 / 1850.321    228.186 / 1850.321    ms
[1320.569s][info   ][gc,stats    ]       Phase: Concurrent Relocate                           0.000 / 0.000        25.772 / 33.849       15.585 / 33.849       15.585 / 33.849      ms
[1320.569s][info   ][gc,stats    ]       Phase: Concurrent Reset Relocation Set               0.000 / 0.000         0.007 / 0.008         0.017 / 0.040         0.017 / 0.040       ms
[1320.569s][info   ][gc,stats    ]       Phase: Concurrent Select Relocation Set              0.000 / 0.000         8.256 / 9.063         6.752 / 15.302        6.752 / 15.302      ms
[1320.569s][info   ][gc,stats    ]       Phase: Pause Mark End                                0.000 / 0.000         0.044 / 0.045         0.104 / 0.333         0.104 / 0.333       ms
[1320.569s][info   ][gc,stats    ]       Phase: Pause Mark Start                              0.000 / 0.000         0.070 / 0.083         0.037 / 0.083         0.037 / 0.083       ms
[1320.569s][info   ][gc,stats    ]       Phase: Pause Relocate Start                          0.000 / 0.000         0.035 / 0.037         0.031 / 0.079         0.031 / 0.079       ms
[1320.570s][info   ][gc,stats    ]    Subphase: Concurrent Classes Purge                      0.000 / 0.000         7.636 / 14.226        3.311 / 14.226        3.311 / 14.226      ms
[1320.570s][info   ][gc,stats    ]    Subphase: Concurrent Classes Unlink                     0.000 / 0.000       253.561 / 451.391     200.973 / 1768.670    200.973 / 1768.670    ms
[1320.570s][info   ][gc,stats    ]    Subphase: Concurrent Mark                               0.000 / 0.000       216.086 / 235.611     384.307 / 1136.625    384.307 / 1136.625    ms
[1320.570s][info   ][gc,stats    ]    Subphase: Concurrent Mark Try Flush                     0.000 / 0.000         0.152 / 0.189        30.253 / 148.506      30.253 / 148.506     ms
[1320.570s][info   ][gc,stats    ]    Subphase: Concurrent Mark Try Terminate                 0.000 / 0.000         3.521 / 13.309        2.844 / 148.509       2.844 / 148.509     ms
[1320.570s][info   ][gc,stats    ]    Subphase: Concurrent References Enqueue                 0.000 / 0.000         0.014 / 0.014         0.012 / 0.016         0.012 / 0.016       ms
[1320.570s][info   ][gc,stats    ]    Subphase: Concurrent References Process                 0.000 / 0.000         1.851 / 2.501         0.775 / 2.501         0.775 / 2.501       ms
[1320.570s][info   ][gc,stats    ]    Subphase: Concurrent Roots ClassLoaderDataGraph         0.000 / 0.000         1.179 / 2.051         0.620 / 2.051         0.620 / 2.051       ms
[1320.571s][info   ][gc,stats    ]    Subphase: Concurrent Roots CodeCache                    0.000 / 0.000         0.000 / 0.000         0.000 / 0.000         0.000 / 0.000       ms
[1320.571s][info   ][gc,stats    ]    Subphase: Concurrent Roots JavaThreads                  0.000 / 0.000         7.655 / 9.596        72.406 / 475.340      72.406 / 475.340     ms
[1320.571s][info   ][gc,stats    ]    Subphase: Concurrent Roots OopStorageSet                0.000 / 0.000         0.626 / 0.708         0.211 / 0.708         0.211 / 0.708       ms
[1320.571s][info   ][gc,stats    ]    Subphase: Concurrent Weak Roots OopStorageSet           0.000 / 0.000         5.046 / 5.394         4.546 / 9.700         4.546 / 9.700       ms
[1320.571s][info   ][gc,stats    ]    Subphase: Pause Mark Try Complete                       0.000 / 0.000         0.000 / 0.000         0.053 / 0.195         0.053 / 0.195       ms
[1320.572s][info   ][gc,stats    ]      System: Java Threads                                      0 / 0                48 / 49               62 / 137              62 / 137         threads
[1320.572s][info   ][gc,stats    ] =========================================================================================================================================================
[1330.557s][info   ][gc,stats    ] === Garbage Collection Statistics =======================================================================================================================
[1330.557s][info   ][gc,stats    ]                                                              Last 10s              Last 10m              Last 10h                Total
[1330.557s][info   ][gc,stats    ]                                                              Avg / Max             Avg / Max             Avg / Max             Avg / Max
[1330.557s][info   ][gc,stats    ]   Collector: Garbage Collection Cycle                      0.000 / 0.000       543.455 / 736.961     840.525 / 3415.907    840.525 / 3415.907    ms
[1330.557s][info   ][gc,stats    ]  Contention: Mark Segment Reset Contention                     0 / 0                 0 / 2                 0 / 2                 0 / 2           ops/s
[1330.557s][info   ][gc,stats    ]  Contention: Mark SeqNum Reset Contention                      0 / 0                 0 / 0                 0 / 1                 0 / 1           ops/s
[1330.557s][info   ][gc,stats    ]    Critical: Allocation Stall                                  0 / 0                 0 / 0                 0 / 0                 0 / 0           ops/s
[1330.557s][info   ][gc,stats    ]    Critical: Allocation Stall                              0.000 / 0.000         0.000 / 0.000         0.000 / 0.000         0.000 / 0.000       ms
[1330.557s][info   ][gc,stats    ]    Critical: GC Locker Stall                                   0 / 0                 0 / 0                 0 / 0                 0 / 0           ops/s
[1330.558s][info   ][gc,stats    ]    Critical: GC Locker Stall                               0.000 / 0.000         0.000 / 0.000         0.000 / 0.000         0.000 / 0.000       ms
[1330.558s][info   ][gc,stats    ]    Critical: Relocation Stall                                  0 / 0                 0 / 0                 0 / 0                 0 / 0           ops/s
[1330.558s][info   ][gc,stats    ]    Critical: Relocation Stall                              0.000 / 0.000         0.000 / 0.000         0.000 / 0.000         0.000 / 0.000       ms
[1330.558s][info   ][gc,stats    ]      Memory: Allocation Rate                                   0 / 0                 0 / 12                2 / 68                2 / 68          MB/s
[1330.558s][info   ][gc,stats    ]      Memory: Defragment                                        0 / 0                 0 / 0                 0 / 0                 0 / 0           ops/s
[1330.558s][info   ][gc,stats    ]      Memory: Out Of Memory                                     0 / 0                 0 / 0                 0 / 0                 0 / 0           ops/s
[1330.558s][info   ][gc,stats    ]      Memory: Page Cache Flush                                  0 / 0                 0 / 0                 0 / 0                 0 / 0           MB/s
[1330.558s][info   ][gc,stats    ]      Memory: Page Cache Hit L1                                 0 / 0                 0 / 15                1 / 30                1 / 30          ops/s
[1330.558s][info   ][gc,stats    ]      Memory: Page Cache Hit L2                                 0 / 0                 0 / 0                 0 / 0                 0 / 0           ops/s
[1330.558s][info   ][gc,stats    ]      Memory: Page Cache Hit L3                                 0 / 0                 0 / 0                 0 / 26                0 / 26          ops/s
[1330.558s][info   ][gc,stats    ]      Memory: Page Cache Miss                                   0 / 0                 0 / 0                 0 / 1                 0 / 1           ops/s
[1330.558s][info   ][gc,stats    ]      Memory: Uncommit                                          0 / 0                 0 / 0                 0 / 0                 0 / 0           MB/s
[1330.559s][info   ][gc,stats    ]      Memory: Undo Object Allocation Failed                     0 / 0                 0 / 0                 0 / 1                 0 / 1           ops/s
[1330.559s][info   ][gc,stats    ]      Memory: Undo Object Allocation Succeeded                  0 / 0                 0 / 0                 0 / 74                0 / 74          ops/s
[1330.559s][info   ][gc,stats    ]      Memory: Undo Page Allocation                              0 / 0                 0 / 0                 0 / 1                 0 / 1           ops/s
[1330.559s][info   ][gc,stats    ]       Phase: Concurrent Mark                               0.000 / 0.000       230.768 / 244.297     543.111 / 1491.398    543.111 / 1491.398    ms
[1330.559s][info   ][gc,stats    ]       Phase: Concurrent Mark Continue                      0.000 / 0.000         0.000 / 0.000         0.000 / 0.000         0.000 / 0.000       ms
[1330.559s][info   ][gc,stats    ]       Phase: Concurrent Mark Free                          0.000 / 0.000         0.002 / 0.002         0.002 / 0.004         0.002 / 0.004       ms
[1330.559s][info   ][gc,stats    ]       Phase: Concurrent Process Non-Strong References      0.000 / 0.000       275.612 / 473.355     228.186 / 1850.321    228.186 / 1850.321    ms
[1330.559s][info   ][gc,stats    ]       Phase: Concurrent Relocate                           0.000 / 0.000        25.772 / 33.849       15.585 / 33.849       15.585 / 33.849      ms
[1330.559s][info   ][gc,stats    ]       Phase: Concurrent Reset Relocation Set               0.000 / 0.000         0.007 / 0.008         0.017 / 0.040         0.017 / 0.040       ms
[1330.559s][info   ][gc,stats    ]       Phase: Concurrent Select Relocation Set              0.000 / 0.000         8.256 / 9.063         6.752 / 15.302        6.752 / 15.302      ms
[1330.559s][info   ][gc,stats    ]       Phase: Pause Mark End                                0.000 / 0.000         0.044 / 0.045         0.104 / 0.333         0.104 / 0.333       ms
[1330.559s][info   ][gc,stats    ]       Phase: Pause Mark Start                              0.000 / 0.000         0.070 / 0.083         0.037 / 0.083         0.037 / 0.083       ms
[1330.559s][info   ][gc,stats    ]       Phase: Pause Relocate Start                          0.000 / 0.000         0.035 / 0.037         0.031 / 0.079         0.031 / 0.079       ms
[1330.559s][info   ][gc,stats    ]    Subphase: Concurrent Classes Purge                      0.000 / 0.000         7.636 / 14.226        3.311 / 14.226        3.311 / 14.226      ms
[1330.559s][info   ][gc,stats    ]    Subphase: Concurrent Classes Unlink                     0.000 / 0.000       253.561 / 451.391     200.973 / 1768.670    200.973 / 1768.670    ms
[1330.559s][info   ][gc,stats    ]    Subphase: Concurrent Mark                               0.000 / 0.000       216.086 / 235.611     384.307 / 1136.625    384.307 / 1136.625    ms
[1330.560s][info   ][gc,stats    ]    Subphase: Concurrent Mark Try Flush                     0.000 / 0.000         0.152 / 0.189        30.253 / 148.506      30.253 / 148.506     ms
[1330.560s][info   ][gc,stats    ]    Subphase: Concurrent Mark Try Terminate                 0.000 / 0.000         3.521 / 13.309        2.844 / 148.509       2.844 / 148.509     ms
[1330.560s][info   ][gc,stats    ]    Subphase: Concurrent References Enqueue                 0.000 / 0.000         0.014 / 0.014         0.012 / 0.016         0.012 / 0.016       ms
[1330.560s][info   ][gc,stats    ]    Subphase: Concurrent References Process                 0.000 / 0.000         1.851 / 2.501         0.775 / 2.501         0.775 / 2.501       ms
[1330.560s][info   ][gc,stats    ]    Subphase: Concurrent Roots ClassLoaderDataGraph         0.000 / 0.000         1.179 / 2.051         0.620 / 2.051         0.620 / 2.051       ms
[1330.560s][info   ][gc,stats    ]    Subphase: Concurrent Roots CodeCache                    0.000 / 0.000         0.000 / 0.000         0.000 / 0.000         0.000 / 0.000       ms
[1330.560s][info   ][gc,stats    ]    Subphase: Concurrent Roots JavaThreads                  0.000 / 0.000         7.655 / 9.596        72.406 / 475.340      72.406 / 475.340     ms
[1330.560s][info   ][gc,stats    ]    Subphase: Concurrent Roots OopStorageSet                0.000 / 0.000         0.626 / 0.708         0.211 / 0.708         0.211 / 0.708       ms
[1330.560s][info   ][gc,stats    ]    Subphase: Concurrent Weak Roots OopStorageSet           0.000 / 0.000         5.046 / 5.394         4.546 / 9.700         4.546 / 9.700       ms
[1330.560s][info   ][gc,stats    ]    Subphase: Pause Mark Try Complete                       0.000 / 0.000         0.000 / 0.000         0.053 / 0.195         0.053 / 0.195       ms
[1330.560s][info   ][gc,stats    ]      System: Java Threads                                      0 / 0                48 / 49               62 / 137              62 / 137         threads
[1330.560s][info   ][gc,stats    ] =========================================================================================================================================================
[1340.560s][info   ][gc,stats    ] === Garbage Collection Statistics =======================================================================================================================
[1340.561s][info   ][gc,stats    ]                                                              Last 10s              Last 10m              Last 10h                Total
[1340.561s][info   ][gc,stats    ]                                                              Avg / Max             Avg / Max             Avg / Max             Avg / Max
[1340.561s][info   ][gc,stats    ]   Collector: Garbage Collection Cycle                      0.000 / 0.000       543.455 / 736.961     840.525 / 3415.907    840.525 / 3415.907    ms
[1340.561s][info   ][gc,stats    ]  Contention: Mark Segment Reset Contention                     0 / 0                 0 / 2                 0 / 2                 0 / 2           ops/s
[1340.561s][info   ][gc,stats    ]  Contention: Mark SeqNum Reset Contention                      0 / 0                 0 / 0                 0 / 1                 0 / 1           ops/s
[1340.561s][info   ][gc,stats    ]    Critical: Allocation Stall                                  0 / 0                 0 / 0                 0 / 0                 0 / 0           ops/s
[1340.561s][info   ][gc,stats    ]    Critical: Allocation Stall                              0.000 / 0.000         0.000 / 0.000         0.000 / 0.000         0.000 / 0.000       ms
[1340.562s][info   ][gc,stats    ]    Critical: GC Locker Stall                                   0 / 0                 0 / 0                 0 / 0                 0 / 0           ops/s
[1340.562s][info   ][gc,stats    ]    Critical: GC Locker Stall                               0.000 / 0.000         0.000 / 0.000         0.000 / 0.000         0.000 / 0.000       ms
[1340.562s][info   ][gc,stats    ]    Critical: Relocation Stall                                  0 / 0                 0 / 0                 0 / 0                 0 / 0           ops/s
[1340.562s][info   ][gc,stats    ]    Critical: Relocation Stall                              0.000 / 0.000         0.000 / 0.000         0.000 / 0.000         0.000 / 0.000       ms
[1340.562s][info   ][gc,stats    ]      Memory: Allocation Rate                                   0 / 2                 0 / 12                2 / 68                2 / 68          MB/s
[1340.562s][info   ][gc,stats    ]      Memory: Defragment                                        0 / 0                 0 / 0                 0 / 0                 0 / 0           ops/s
[1340.563s][info   ][gc,stats    ]      Memory: Out Of Memory                                     0 / 0                 0 / 0                 0 / 0                 0 / 0           ops/s
[1340.563s][info   ][gc,stats    ]      Memory: Page Cache Flush                                  0 / 0                 0 / 0                 0 / 0                 0 / 0           MB/s
[1340.563s][info   ][gc,stats    ]      Memory: Page Cache Hit L1                                 0 / 1                 0 / 15                0 / 30                0 / 30          ops/s
[1340.563s][info   ][gc,stats    ]      Memory: Page Cache Hit L2                                 0 / 0                 0 / 0                 0 / 0                 0 / 0           ops/s
[1340.563s][info   ][gc,stats    ]      Memory: Page Cache Hit L3                                 0 / 0                 0 / 0                 0 / 26                0 / 26          ops/s
[1340.563s][info   ][gc,stats    ]      Memory: Page Cache Miss                                   0 / 0                 0 / 0                 0 / 1                 0 / 1           ops/s
[1340.563s][info   ][gc,stats    ]      Memory: Uncommit                                          0 / 0                 0 / 0                 0 / 0                 0 / 0           MB/s
[1340.564s][info   ][gc,stats    ]      Memory: Undo Object Allocation Failed                     0 / 0                 0 / 0                 0 / 1                 0 / 1           ops/s
[1340.564s][info   ][gc,stats    ]      Memory: Undo Object Allocation Succeeded                  0 / 0                 0 / 0                 0 / 74                0 / 74          ops/s
[1340.564s][info   ][gc,stats    ]      Memory: Undo Page Allocation                              0 / 0                 0 / 0                 0 / 1                 0 / 1           ops/s
[1340.564s][info   ][gc,stats    ]       Phase: Concurrent Mark                               0.000 / 0.000       230.768 / 244.297     543.111 / 1491.398    543.111 / 1491.398    ms
[1340.564s][info   ][gc,stats    ]       Phase: Concurrent Mark Continue                      0.000 / 0.000         0.000 / 0.000         0.000 / 0.000         0.000 / 0.000       ms
[1340.564s][info   ][gc,stats    ]       Phase: Concurrent Mark Free                          0.000 / 0.000         0.002 / 0.002         0.002 / 0.004         0.002 / 0.004       ms
[1340.564s][info   ][gc,stats    ]       Phase: Concurrent Process Non-Strong References      0.000 / 0.000       275.612 / 473.355     228.186 / 1850.321    228.186 / 1850.321    ms
[1340.565s][info   ][gc,stats    ]       Phase: Concurrent Relocate                           0.000 / 0.000        25.772 / 33.849       15.585 / 33.849       15.585 / 33.849      ms
[1340.565s][info   ][gc,stats    ]       Phase: Concurrent Reset Relocation Set               0.000 / 0.000         0.007 / 0.008         0.017 / 0.040         0.017 / 0.040       ms
[1340.565s][info   ][gc,stats    ]       Phase: Concurrent Select Relocation Set              0.000 / 0.000         8.256 / 9.063         6.752 / 15.302        6.752 / 15.302      ms
[1340.565s][info   ][gc,stats    ]       Phase: Pause Mark End                                0.000 / 0.000         0.044 / 0.045         0.104 / 0.333         0.104 / 0.333       ms
[1340.565s][info   ][gc,stats    ]       Phase: Pause Mark Start                              0.000 / 0.000         0.070 / 0.083         0.037 / 0.083         0.037 / 0.083       ms
[1340.565s][info   ][gc,stats    ]       Phase: Pause Relocate Start                          0.000 / 0.000         0.035 / 0.037         0.031 / 0.079         0.031 / 0.079       ms
[1340.566s][info   ][gc,stats    ]    Subphase: Concurrent Classes Purge                      0.000 / 0.000         7.636 / 14.226        3.311 / 14.226        3.311 / 14.226      ms
[1340.566s][info   ][gc,stats    ]    Subphase: Concurrent Classes Unlink                     0.000 / 0.000       253.561 / 451.391     200.973 / 1768.670    200.973 / 1768.670    ms
[1340.566s][info   ][gc,stats    ]    Subphase: Concurrent Mark                               0.000 / 0.000       216.086 / 235.611     384.307 / 1136.625    384.307 / 1136.625    ms
[1340.566s][info   ][gc,stats    ]    Subphase: Concurrent Mark Try Flush                     0.000 / 0.000         0.152 / 0.189        30.253 / 148.506      30.253 / 148.506     ms
[1340.567s][info   ][gc,stats    ]    Subphase: Concurrent Mark Try Terminate                 0.000 / 0.000         3.521 / 13.309        2.844 / 148.509       2.844 / 148.509     ms
[1340.567s][info   ][gc,stats    ]    Subphase: Concurrent References Enqueue                 0.000 / 0.000         0.014 / 0.014         0.012 / 0.016         0.012 / 0.016       ms
[1340.567s][info   ][gc,stats    ]    Subphase: Concurrent References Process                 0.000 / 0.000         1.851 / 2.501         0.775 / 2.501         0.775 / 2.501       ms
[1340.567s][info   ][gc,stats    ]    Subphase: Concurrent Roots ClassLoaderDataGraph         0.000 / 0.000         1.179 / 2.051         0.620 / 2.051         0.620 / 2.051       ms
[1340.567s][info   ][gc,stats    ]    Subphase: Concurrent Roots CodeCache                    0.000 / 0.000         0.000 / 0.000         0.000 / 0.000         0.000 / 0.000       ms
[1340.568s][info   ][gc,stats    ]    Subphase: Concurrent Roots JavaThreads                  0.000 / 0.000         7.655 / 9.596        72.406 / 475.340      72.406 / 475.340     ms
[1340.568s][info   ][gc,stats    ]    Subphase: Concurrent Roots OopStorageSet                0.000 / 0.000         0.626 / 0.708         0.211 / 0.708         0.211 / 0.708       ms
[1340.568s][info   ][gc,stats    ]    Subphase: Concurrent Weak Roots OopStorageSet           0.000 / 0.000         5.046 / 5.394         4.546 / 9.700         4.546 / 9.700       ms
[1340.568s][info   ][gc,stats    ]    Subphase: Pause Mark Try Complete                       0.000 / 0.000         0.000 / 0.000         0.053 / 0.195         0.053 / 0.195       ms
[1340.568s][info   ][gc,stats    ]      System: Java Threads                                      0 / 0                48 / 49               62 / 137              62 / 137         threads
[1340.569s][info   ][gc,stats    ] =========================================================================================================================================================
[1350.564s][info   ][gc,stats    ] === Garbage Collection Statistics =======================================================================================================================
[1350.565s][info   ][gc,stats    ]                                                              Last 10s              Last 10m              Last 10h                Total
[1350.565s][info   ][gc,stats    ]                                                              Avg / Max             Avg / Max             Avg / Max             Avg / Max
[1350.565s][info   ][gc,stats    ]   Collector: Garbage Collection Cycle                      0.000 / 0.000       543.455 / 736.961     840.525 / 3415.907    840.525 / 3415.907    ms
[1350.565s][info   ][gc,stats    ]  Contention: Mark Segment Reset Contention                     0 / 0                 0 / 2                 0 / 2                 0 / 2           ops/s
[1350.565s][info   ][gc,stats    ]  Contention: Mark SeqNum Reset Contention                      0 / 0                 0 / 0                 0 / 1                 0 / 1           ops/s
[1350.565s][info   ][gc,stats    ]    Critical: Allocation Stall                                  0 / 0                 0 / 0                 0 / 0                 0 / 0           ops/s
[1350.565s][info   ][gc,stats    ]    Critical: Allocation Stall                              0.000 / 0.000         0.000 / 0.000         0.000 / 0.000         0.000 / 0.000       ms
[1350.566s][info   ][gc,stats    ]    Critical: GC Locker Stall                                   0 / 0                 0 / 0                 0 / 0                 0 / 0           ops/s
[1350.566s][info   ][gc,stats    ]    Critical: GC Locker Stall                               0.000 / 0.000         0.000 / 0.000         0.000 / 0.000         0.000 / 0.000       ms
[1350.566s][info   ][gc,stats    ]    Critical: Relocation Stall                                  0 / 0                 0 / 0                 0 / 0                 0 / 0           ops/s
[1350.566s][info   ][gc,stats    ]    Critical: Relocation Stall                              0.000 / 0.000         0.000 / 0.000         0.000 / 0.000         0.000 / 0.000       ms
[1350.566s][info   ][gc,stats    ]      Memory: Allocation Rate                                   0 / 0                 0 / 12                2 / 68                2 / 68          MB/s
[1350.567s][info   ][gc,stats    ]      Memory: Defragment                                        0 / 0                 0 / 0                 0 / 0                 0 / 0           ops/s
[1350.567s][info   ][gc,stats    ]      Memory: Out Of Memory                                     0 / 0                 0 / 0                 0 / 0                 0 / 0           ops/s
[1350.567s][info   ][gc,stats    ]      Memory: Page Cache Flush                                  0 / 0                 0 / 0                 0 / 0                 0 / 0           MB/s
[1350.567s][info   ][gc,stats    ]      Memory: Page Cache Hit L1                                 0 / 0                 0 / 15                0 / 30                0 / 30          ops/s
[1350.567s][info   ][gc,stats    ]      Memory: Page Cache Hit L2                                 0 / 0                 0 / 0                 0 / 0                 0 / 0           ops/s
[1350.567s][info   ][gc,stats    ]      Memory: Page Cache Hit L3                                 0 / 0                 0 / 0                 0 / 26                0 / 26          ops/s
[1350.568s][info   ][gc,stats    ]      Memory: Page Cache Miss                                   0 / 0                 0 / 0                 0 / 1                 0 / 1           ops/s
[1350.568s][info   ][gc,stats    ]      Memory: Uncommit                                          0 / 0                 0 / 0                 0 / 0                 0 / 0           MB/s
[1350.568s][info   ][gc,stats    ]      Memory: Undo Object Allocation Failed                     0 / 0                 0 / 0                 0 / 1                 0 / 1           ops/s
[1350.568s][info   ][gc,stats    ]      Memory: Undo Object Allocation Succeeded                  0 / 0                 0 / 0                 0 / 74                0 / 74          ops/s
[1350.568s][info   ][gc,stats    ]      Memory: Undo Page Allocation                              0 / 0                 0 / 0                 0 / 1                 0 / 1           ops/s
[1350.569s][info   ][gc,stats    ]       Phase: Concurrent Mark                               0.000 / 0.000       230.768 / 244.297     543.111 / 1491.398    543.111 / 1491.398    ms
[1350.569s][info   ][gc,stats    ]       Phase: Concurrent Mark Continue                      0.000 / 0.000         0.000 / 0.000         0.000 / 0.000         0.000 / 0.000       ms
[1350.569s][info   ][gc,stats    ]       Phase: Concurrent Mark Free                          0.000 / 0.000         0.002 / 0.002         0.002 / 0.004         0.002 / 0.004       ms
[1350.569s][info   ][gc,stats    ]       Phase: Concurrent Process Non-Strong References      0.000 / 0.000       275.612 / 473.355     228.186 / 1850.321    228.186 / 1850.321    ms
[1350.569s][info   ][gc,stats    ]       Phase: Concurrent Relocate                           0.000 / 0.000        25.772 / 33.849       15.585 / 33.849       15.585 / 33.849      ms
[1350.569s][info   ][gc,stats    ]       Phase: Concurrent Reset Relocation Set               0.000 / 0.000         0.007 / 0.008         0.017 / 0.040         0.017 / 0.040       ms
[1350.570s][info   ][gc,stats    ]       Phase: Concurrent Select Relocation Set              0.000 / 0.000         8.256 / 9.063         6.752 / 15.302        6.752 / 15.302      ms
[1350.570s][info   ][gc,stats    ]       Phase: Pause Mark End                                0.000 / 0.000         0.044 / 0.045         0.104 / 0.333         0.104 / 0.333       ms
[1350.570s][info   ][gc,stats    ]       Phase: Pause Mark Start                              0.000 / 0.000         0.070 / 0.083         0.037 / 0.083         0.037 / 0.083       ms
[1350.570s][info   ][gc,stats    ]       Phase: Pause Relocate Start                          0.000 / 0.000         0.035 / 0.037         0.031 / 0.079         0.031 / 0.079       ms
[1350.570s][info   ][gc,stats    ]    Subphase: Concurrent Classes Purge                      0.000 / 0.000         7.636 / 14.226        3.311 / 14.226        3.311 / 14.226      ms
[1350.571s][info   ][gc,stats    ]    Subphase: Concurrent Classes Unlink                     0.000 / 0.000       253.561 / 451.391     200.973 / 1768.670    200.973 / 1768.670    ms
[1350.571s][info   ][gc,stats    ]    Subphase: Concurrent Mark                               0.000 / 0.000       216.086 / 235.611     384.307 / 1136.625    384.307 / 1136.625    ms
[1350.571s][info   ][gc,stats    ]    Subphase: Concurrent Mark Try Flush                     0.000 / 0.000         0.152 / 0.189        30.253 / 148.506      30.253 / 148.506     ms
[1350.571s][info   ][gc,stats    ]    Subphase: Concurrent Mark Try Terminate                 0.000 / 0.000         3.521 / 13.309        2.844 / 148.509       2.844 / 148.509     ms
[1350.571s][info   ][gc,stats    ]    Subphase: Concurrent References Enqueue                 0.000 / 0.000         0.014 / 0.014         0.012 / 0.016         0.012 / 0.016       ms
[1350.571s][info   ][gc,stats    ]    Subphase: Concurrent References Process                 0.000 / 0.000         1.851 / 2.501         0.775 / 2.501         0.775 / 2.501       ms
[1350.571s][info   ][gc,stats    ]    Subphase: Concurrent Roots ClassLoaderDataGraph         0.000 / 0.000         1.179 / 2.051         0.620 / 2.051         0.620 / 2.051       ms
[1350.571s][info   ][gc,stats    ]    Subphase: Concurrent Roots CodeCache                    0.000 / 0.000         0.000 / 0.000         0.000 / 0.000         0.000 / 0.000       ms
[1350.571s][info   ][gc,stats    ]    Subphase: Concurrent Roots JavaThreads                  0.000 / 0.000         7.655 / 9.596        72.406 / 475.340      72.406 / 475.340     ms
[1350.572s][info   ][gc,stats    ]    Subphase: Concurrent Roots OopStorageSet                0.000 / 0.000         0.626 / 0.708         0.211 / 0.708         0.211 / 0.708       ms
[1350.572s][info   ][gc,stats    ]    Subphase: Concurrent Weak Roots OopStorageSet           0.000 / 0.000         5.046 / 5.394         4.546 / 9.700         4.546 / 9.700       ms
[1350.572s][info   ][gc,stats    ]    Subphase: Pause Mark Try Complete                       0.000 / 0.000         0.000 / 0.000         0.053 / 0.195         0.053 / 0.195       ms
[1350.572s][info   ][gc,stats    ]      System: Java Threads                                      0 / 0                48 / 49               62 / 137              62 / 137         threads
[1350.572s][info   ][gc,stats    ] =========================================================================================================================================================
[1360.565s][info   ][gc,stats    ] === Garbage Collection Statistics =======================================================================================================================
[1360.566s][info   ][gc,stats    ]                                                              Last 10s              Last 10m              Last 10h                Total
[1360.566s][info   ][gc,stats    ]                                                              Avg / Max             Avg / Max             Avg / Max             Avg / Max
[1360.566s][info   ][gc,stats    ]   Collector: Garbage Collection Cycle                      0.000 / 0.000       543.455 / 736.961     840.525 / 3415.907    840.525 / 3415.907    ms
[1360.566s][info   ][gc,stats    ]  Contention: Mark Segment Reset Contention                     0 / 0                 0 / 2                 0 / 2                 0 / 2           ops/s
[1360.566s][info   ][gc,stats    ]  Contention: Mark SeqNum Reset Contention                      0 / 0                 0 / 0                 0 / 1                 0 / 1           ops/s
[1360.566s][info   ][gc,stats    ]    Critical: Allocation Stall                                  0 / 0                 0 / 0                 0 / 0                 0 / 0           ops/s
[1360.566s][info   ][gc,stats    ]    Critical: Allocation Stall                              0.000 / 0.000         0.000 / 0.000         0.000 / 0.000         0.000 / 0.000       ms
[1360.567s][info   ][gc,stats    ]    Critical: GC Locker Stall                                   0 / 0                 0 / 0                 0 / 0                 0 / 0           ops/s
[1360.567s][info   ][gc,stats    ]    Critical: GC Locker Stall                               0.000 / 0.000         0.000 / 0.000         0.000 / 0.000         0.000 / 0.000       ms
[1360.567s][info   ][gc,stats    ]    Critical: Relocation Stall                                  0 / 0                 0 / 0                 0 / 0                 0 / 0           ops/s
[1360.567s][info   ][gc,stats    ]    Critical: Relocation Stall                              0.000 / 0.000         0.000 / 0.000         0.000 / 0.000         0.000 / 0.000       ms
[1360.567s][info   ][gc,stats    ]      Memory: Allocation Rate                                   0 / 0                 0 / 12                2 / 68                2 / 68          MB/s
[1360.567s][info   ][gc,stats    ]      Memory: Defragment                                        0 / 0                 0 / 0                 0 / 0                 0 / 0           ops/s
[1360.567s][info   ][gc,stats    ]      Memory: Out Of Memory                                     0 / 0                 0 / 0                 0 / 0                 0 / 0           ops/s
[1360.567s][info   ][gc,stats    ]      Memory: Page Cache Flush                                  0 / 0                 0 / 0                 0 / 0                 0 / 0           MB/s
[1360.567s][info   ][gc,stats    ]      Memory: Page Cache Hit L1                                 0 / 0                 0 / 15                0 / 30                0 / 30          ops/s
[1360.568s][info   ][gc,stats    ]      Memory: Page Cache Hit L2                                 0 / 0                 0 / 0                 0 / 0                 0 / 0           ops/s
[1360.568s][info   ][gc,stats    ]      Memory: Page Cache Hit L3                                 0 / 0                 0 / 0                 0 / 26                0 / 26          ops/s
[1360.568s][info   ][gc,stats    ]      Memory: Page Cache Miss                                   0 / 0                 0 / 0                 0 / 1                 0 / 1           ops/s
[1360.568s][info   ][gc,stats    ]      Memory: Uncommit                                          0 / 0                 0 / 0                 0 / 0                 0 / 0           MB/s
[1360.568s][info   ][gc,stats    ]      Memory: Undo Object Allocation Failed                     0 / 0                 0 / 0                 0 / 1                 0 / 1           ops/s
[1360.568s][info   ][gc,stats    ]      Memory: Undo Object Allocation Succeeded                  0 / 0                 0 / 0                 0 / 74                0 / 74          ops/s
[1360.568s][info   ][gc,stats    ]      Memory: Undo Page Allocation                              0 / 0                 0 / 0                 0 / 1                 0 / 1           ops/s
[1360.568s][info   ][gc,stats    ]       Phase: Concurrent Mark                               0.000 / 0.000       230.768 / 244.297     543.111 / 1491.398    543.111 / 1491.398    ms
[1360.569s][info   ][gc,stats    ]       Phase: Concurrent Mark Continue                      0.000 / 0.000         0.000 / 0.000         0.000 / 0.000         0.000 / 0.000       ms
[1360.569s][info   ][gc,stats    ]       Phase: Concurrent Mark Free                          0.000 / 0.000         0.002 / 0.002         0.002 / 0.004         0.002 / 0.004       ms
[1360.569s][info   ][gc,stats    ]       Phase: Concurrent Process Non-Strong References      0.000 / 0.000       275.612 / 473.355     228.186 / 1850.321    228.186 / 1850.321    ms
[1360.569s][info   ][gc,stats    ]       Phase: Concurrent Relocate                           0.000 / 0.000        25.772 / 33.849       15.585 / 33.849       15.585 / 33.849      ms
[1360.569s][info   ][gc,stats    ]       Phase: Concurrent Reset Relocation Set               0.000 / 0.000         0.007 / 0.008         0.017 / 0.040         0.017 / 0.040       ms
[1360.569s][info   ][gc,stats    ]       Phase: Concurrent Select Relocation Set              0.000 / 0.000         8.256 / 9.063         6.752 / 15.302        6.752 / 15.302      ms
[1360.569s][info   ][gc,stats    ]       Phase: Pause Mark End                                0.000 / 0.000         0.044 / 0.045         0.104 / 0.333         0.104 / 0.333       ms
[1360.570s][info   ][gc,stats    ]       Phase: Pause Mark Start                              0.000 / 0.000         0.070 / 0.083         0.037 / 0.083         0.037 / 0.083       ms
[1360.570s][info   ][gc,stats    ]       Phase: Pause Relocate Start                          0.000 / 0.000         0.035 / 0.037         0.031 / 0.079         0.031 / 0.079       ms
[1360.570s][info   ][gc,stats    ]    Subphase: Concurrent Classes Purge                      0.000 / 0.000         7.636 / 14.226        3.311 / 14.226        3.311 / 14.226      ms
[1360.570s][info   ][gc,stats    ]    Subphase: Concurrent Classes Unlink                     0.000 / 0.000       253.561 / 451.391     200.973 / 1768.670    200.973 / 1768.670    ms
[1360.570s][info   ][gc,stats    ]    Subphase: Concurrent Mark                               0.000 / 0.000       216.086 / 235.611     384.307 / 1136.625    384.307 / 1136.625    ms
[1360.570s][info   ][gc,stats    ]    Subphase: Concurrent Mark Try Flush                     0.000 / 0.000         0.152 / 0.189        30.253 / 148.506      30.253 / 148.506     ms
[1360.570s][info   ][gc,stats    ]    Subphase: Concurrent Mark Try Terminate                 0.000 / 0.000         3.521 / 13.309        2.844 / 148.509       2.844 / 148.509     ms
[1360.571s][info   ][gc,stats    ]    Subphase: Concurrent References Enqueue                 0.000 / 0.000         0.014 / 0.014         0.012 / 0.016         0.012 / 0.016       ms
[1360.571s][info   ][gc,stats    ]    Subphase: Concurrent References Process                 0.000 / 0.000         1.851 / 2.501         0.775 / 2.501         0.775 / 2.501       ms
[1360.571s][info   ][gc,stats    ]    Subphase: Concurrent Roots ClassLoaderDataGraph         0.000 / 0.000         1.179 / 2.051         0.620 / 2.051         0.620 / 2.051       ms
[1360.571s][info   ][gc,stats    ]    Subphase: Concurrent Roots CodeCache                    0.000 / 0.000         0.000 / 0.000         0.000 / 0.000         0.000 / 0.000       ms
[1360.571s][info   ][gc,stats    ]    Subphase: Concurrent Roots JavaThreads                  0.000 / 0.000         7.655 / 9.596        72.406 / 475.340      72.406 / 475.340     ms
[1360.571s][info   ][gc,stats    ]    Subphase: Concurrent Roots OopStorageSet                0.000 / 0.000         0.626 / 0.708         0.211 / 0.708         0.211 / 0.708       ms
[1360.571s][info   ][gc,stats    ]    Subphase: Concurrent Weak Roots OopStorageSet           0.000 / 0.000         5.046 / 5.394         4.546 / 9.700         4.546 / 9.700       ms
[1360.572s][info   ][gc,stats    ]    Subphase: Pause Mark Try Complete                       0.000 / 0.000         0.000 / 0.000         0.053 / 0.195         0.053 / 0.195       ms
[1360.572s][info   ][gc,stats    ]      System: Java Threads                                      0 / 0                48 / 49               62 / 137              62 / 137         threads
[1360.572s][info   ][gc,stats    ] =========================================================================================================================================================
[1370.561s][info   ][gc,stats    ] === Garbage Collection Statistics =======================================================================================================================
[1370.561s][info   ][gc,stats    ]                                                              Last 10s              Last 10m              Last 10h                Total
[1370.561s][info   ][gc,stats    ]                                                              Avg / Max             Avg / Max             Avg / Max             Avg / Max
[1370.561s][info   ][gc,stats    ]   Collector: Garbage Collection Cycle                      0.000 / 0.000       543.455 / 736.961     840.525 / 3415.907    840.525 / 3415.907    ms
[1370.561s][info   ][gc,stats    ]  Contention: Mark Segment Reset Contention                     0 / 0                 0 / 2                 0 / 2                 0 / 2           ops/s
[1370.561s][info   ][gc,stats    ]  Contention: Mark SeqNum Reset Contention                      0 / 0                 0 / 0                 0 / 1                 0 / 1           ops/s
[1370.561s][info   ][gc,stats    ]    Critical: Allocation Stall                                  0 / 0                 0 / 0                 0 / 0                 0 / 0           ops/s
[1370.562s][info   ][gc,stats    ]    Critical: Allocation Stall                              0.000 / 0.000         0.000 / 0.000         0.000 / 0.000         0.000 / 0.000       ms
[1370.562s][info   ][gc,stats    ]    Critical: GC Locker Stall                                   0 / 0                 0 / 0                 0 / 0                 0 / 0           ops/s
[1370.562s][info   ][gc,stats    ]    Critical: GC Locker Stall                               0.000 / 0.000         0.000 / 0.000         0.000 / 0.000         0.000 / 0.000       ms
[1370.562s][info   ][gc,stats    ]    Critical: Relocation Stall                                  0 / 0                 0 / 0                 0 / 0                 0 / 0           ops/s
[1370.562s][info   ][gc,stats    ]    Critical: Relocation Stall                              0.000 / 0.000         0.000 / 0.000         0.000 / 0.000         0.000 / 0.000       ms
[1370.562s][info   ][gc,stats    ]      Memory: Allocation Rate                                   0 / 0                 0 / 12                2 / 68                2 / 68          MB/s
[1370.562s][info   ][gc,stats    ]      Memory: Defragment                                        0 / 0                 0 / 0                 0 / 0                 0 / 0           ops/s
[1370.563s][info   ][gc,stats    ]      Memory: Out Of Memory                                     0 / 0                 0 / 0                 0 / 0                 0 / 0           ops/s
[1370.563s][info   ][gc,stats    ]      Memory: Page Cache Flush                                  0 / 0                 0 / 0                 0 / 0                 0 / 0           MB/s
[1370.563s][info   ][gc,stats    ]      Memory: Page Cache Hit L1                                 0 / 0                 0 / 15                0 / 30                0 / 30          ops/s
[1370.563s][info   ][gc,stats    ]      Memory: Page Cache Hit L2                                 0 / 0                 0 / 0                 0 / 0                 0 / 0           ops/s
[1370.563s][info   ][gc,stats    ]      Memory: Page Cache Hit L3                                 0 / 0                 0 / 0                 0 / 26                0 / 26          ops/s
[1370.563s][info   ][gc,stats    ]      Memory: Page Cache Miss                                   0 / 0                 0 / 0                 0 / 1                 0 / 1           ops/s
[1370.563s][info   ][gc,stats    ]      Memory: Uncommit                                          0 / 0                 0 / 0                 0 / 0                 0 / 0           MB/s
[1370.563s][info   ][gc,stats    ]      Memory: Undo Object Allocation Failed                     0 / 0                 0 / 0                 0 / 1                 0 / 1           ops/s
[1370.563s][info   ][gc,stats    ]      Memory: Undo Object Allocation Succeeded                  0 / 0                 0 / 0                 0 / 74                0 / 74          ops/s
[1370.564s][info   ][gc,stats    ]      Memory: Undo Page Allocation                              0 / 0                 0 / 0                 0 / 1                 0 / 1           ops/s
[1370.564s][info   ][gc,stats    ]       Phase: Concurrent Mark                               0.000 / 0.000       230.768 / 244.297     543.111 / 1491.398    543.111 / 1491.398    ms
[1370.564s][info   ][gc,stats    ]       Phase: Concurrent Mark Continue                      0.000 / 0.000         0.000 / 0.000         0.000 / 0.000         0.000 / 0.000       ms
[1370.564s][info   ][gc,stats    ]       Phase: Concurrent Mark Free                          0.000 / 0.000         0.002 / 0.002         0.002 / 0.004         0.002 / 0.004       ms
[1370.564s][info   ][gc,stats    ]       Phase: Concurrent Process Non-Strong References      0.000 / 0.000       275.612 / 473.355     228.186 / 1850.321    228.186 / 1850.321    ms
[1370.564s][info   ][gc,stats    ]       Phase: Concurrent Relocate                           0.000 / 0.000        25.772 / 33.849       15.585 / 33.849       15.585 / 33.849      ms
[1370.565s][info   ][gc,stats    ]       Phase: Concurrent Reset Relocation Set               0.000 / 0.000         0.007 / 0.008         0.017 / 0.040         0.017 / 0.040       ms
[1370.565s][info   ][gc,stats    ]       Phase: Concurrent Select Relocation Set              0.000 / 0.000         8.256 / 9.063         6.752 / 15.302        6.752 / 15.302      ms
[1370.565s][info   ][gc,stats    ]       Phase: Pause Mark End                                0.000 / 0.000         0.044 / 0.045         0.104 / 0.333         0.104 / 0.333       ms
[1370.565s][info   ][gc,stats    ]       Phase: Pause Mark Start                              0.000 / 0.000         0.070 / 0.083         0.037 / 0.083         0.037 / 0.083       ms
[1370.565s][info   ][gc,stats    ]       Phase: Pause Relocate Start                          0.000 / 0.000         0.035 / 0.037         0.031 / 0.079         0.031 / 0.079       ms
[1370.566s][info   ][gc,stats    ]    Subphase: Concurrent Classes Purge                      0.000 / 0.000         7.636 / 14.226        3.311 / 14.226        3.311 / 14.226      ms
[1370.566s][info   ][gc,stats    ]    Subphase: Concurrent Classes Unlink                     0.000 / 0.000       253.561 / 451.391     200.973 / 1768.670    200.973 / 1768.670    ms
[1370.566s][info   ][gc,stats    ]    Subphase: Concurrent Mark                               0.000 / 0.000       216.086 / 235.611     384.307 / 1136.625    384.307 / 1136.625    ms
[1370.566s][info   ][gc,stats    ]    Subphase: Concurrent Mark Try Flush                     0.000 / 0.000         0.152 / 0.189        30.253 / 148.506      30.253 / 148.506     ms
[1370.566s][info   ][gc,stats    ]    Subphase: Concurrent Mark Try Terminate                 0.000 / 0.000         3.521 / 13.309        2.844 / 148.509       2.844 / 148.509     ms
[1370.566s][info   ][gc,stats    ]    Subphase: Concurrent References Enqueue                 0.000 / 0.000         0.014 / 0.014         0.012 / 0.016         0.012 / 0.016       ms
[1370.566s][info   ][gc,stats    ]    Subphase: Concurrent References Process                 0.000 / 0.000         1.851 / 2.501         0.775 / 2.501         0.775 / 2.501       ms
[1370.566s][info   ][gc,stats    ]    Subphase: Concurrent Roots ClassLoaderDataGraph         0.000 / 0.000         1.179 / 2.051         0.620 / 2.051         0.620 / 2.051       ms
[1370.567s][info   ][gc,stats    ]    Subphase: Concurrent Roots CodeCache                    0.000 / 0.000         0.000 / 0.000         0.000 / 0.000         0.000 / 0.000       ms
[1370.567s][info   ][gc,stats    ]    Subphase: Concurrent Roots JavaThreads                  0.000 / 0.000         7.655 / 9.596        72.406 / 475.340      72.406 / 475.340     ms
[1370.567s][info   ][gc,stats    ]    Subphase: Concurrent Roots OopStorageSet                0.000 / 0.000         0.626 / 0.708         0.211 / 0.708         0.211 / 0.708       ms
[1370.567s][info   ][gc,stats    ]    Subphase: Concurrent Weak Roots OopStorageSet           0.000 / 0.000         5.046 / 5.394         4.546 / 9.700         4.546 / 9.700       ms
[1370.567s][info   ][gc,stats    ]    Subphase: Pause Mark Try Complete                       0.000 / 0.000         0.000 / 0.000         0.053 / 0.195         0.053 / 0.195       ms
[1370.567s][info   ][gc,stats    ]      System: Java Threads                                      0 / 0                48 / 49               62 / 137              62 / 137         threads
[1370.568s][info   ][gc,stats    ] =========================================================================================================================================================
[1380.569s][info   ][gc,stats    ] === Garbage Collection Statistics =======================================================================================================================
[1380.569s][info   ][gc,stats    ]                                                              Last 10s              Last 10m              Last 10h                Total
[1380.569s][info   ][gc,stats    ]                                                              Avg / Max             Avg / Max             Avg / Max             Avg / Max
[1380.569s][info   ][gc,stats    ]   Collector: Garbage Collection Cycle                      0.000 / 0.000       543.455 / 736.961     840.525 / 3415.907    840.525 / 3415.907    ms
[1380.569s][info   ][gc,stats    ]  Contention: Mark Segment Reset Contention                     0 / 0                 0 / 2                 0 / 2                 0 / 2           ops/s
[1380.569s][info   ][gc,stats    ]  Contention: Mark SeqNum Reset Contention                      0 / 0                 0 / 0                 0 / 1                 0 / 1           ops/s
[1380.569s][info   ][gc,stats    ]    Critical: Allocation Stall                                  0 / 0                 0 / 0                 0 / 0                 0 / 0           ops/s
[1380.569s][info   ][gc,stats    ]    Critical: Allocation Stall                              0.000 / 0.000         0.000 / 0.000         0.000 / 0.000         0.000 / 0.000       ms
[1380.569s][info   ][gc,stats    ]    Critical: GC Locker Stall                                   0 / 0                 0 / 0                 0 / 0                 0 / 0           ops/s
[1380.569s][info   ][gc,stats    ]    Critical: GC Locker Stall                               0.000 / 0.000         0.000 / 0.000         0.000 / 0.000         0.000 / 0.000       ms
[1380.569s][info   ][gc,stats    ]    Critical: Relocation Stall                                  0 / 0                 0 / 0                 0 / 0                 0 / 0           ops/s
[1380.570s][info   ][gc,stats    ]    Critical: Relocation Stall                              0.000 / 0.000         0.000 / 0.000         0.000 / 0.000         0.000 / 0.000       ms
[1380.570s][info   ][gc,stats    ]      Memory: Allocation Rate                                   0 / 0                 0 / 12                2 / 68                2 / 68          MB/s
[1380.570s][info   ][gc,stats    ]      Memory: Defragment                                        0 / 0                 0 / 0                 0 / 0                 0 / 0           ops/s
[1380.570s][info   ][gc,stats    ]      Memory: Out Of Memory                                     0 / 0                 0 / 0                 0 / 0                 0 / 0           ops/s
[1380.570s][info   ][gc,stats    ]      Memory: Page Cache Flush                                  0 / 0                 0 / 0                 0 / 0                 0 / 0           MB/s
[1380.570s][info   ][gc,stats    ]      Memory: Page Cache Hit L1                                 0 / 0                 0 / 15                0 / 30                0 / 30          ops/s
[1380.570s][info   ][gc,stats    ]      Memory: Page Cache Hit L2                                 0 / 0                 0 / 0                 0 / 0                 0 / 0           ops/s
[1380.570s][info   ][gc,stats    ]      Memory: Page Cache Hit L3                                 0 / 0                 0 / 0                 0 / 26                0 / 26          ops/s
[1380.570s][info   ][gc,stats    ]      Memory: Page Cache Miss                                   0 / 0                 0 / 0                 0 / 1                 0 / 1           ops/s
[1380.570s][info   ][gc,stats    ]      Memory: Uncommit                                          0 / 0                 0 / 0                 0 / 0                 0 / 0           MB/s
[1380.570s][info   ][gc,stats    ]      Memory: Undo Object Allocation Failed                     0 / 0                 0 / 0                 0 / 1                 0 / 1           ops/s
[1380.570s][info   ][gc,stats    ]      Memory: Undo Object Allocation Succeeded                  0 / 0                 0 / 0                 0 / 74                0 / 74          ops/s
[1380.570s][info   ][gc,stats    ]      Memory: Undo Page Allocation                              0 / 0                 0 / 0                 0 / 1                 0 / 1           ops/s
[1380.571s][info   ][gc,stats    ]       Phase: Concurrent Mark                               0.000 / 0.000       230.768 / 244.297     543.111 / 1491.398    543.111 / 1491.398    ms
[1380.571s][info   ][gc,stats    ]       Phase: Concurrent Mark Continue                      0.000 / 0.000         0.000 / 0.000         0.000 / 0.000         0.000 / 0.000       ms
[1380.571s][info   ][gc,stats    ]       Phase: Concurrent Mark Free                          0.000 / 0.000         0.002 / 0.002         0.002 / 0.004         0.002 / 0.004       ms
[1380.571s][info   ][gc,stats    ]       Phase: Concurrent Process Non-Strong References      0.000 / 0.000       275.612 / 473.355     228.186 / 1850.321    228.186 / 1850.321    ms
[1380.571s][info   ][gc,stats    ]       Phase: Concurrent Relocate                           0.000 / 0.000        25.772 / 33.849       15.585 / 33.849       15.585 / 33.849      ms
[1380.571s][info   ][gc,stats    ]       Phase: Concurrent Reset Relocation Set               0.000 / 0.000         0.007 / 0.008         0.017 / 0.040         0.017 / 0.040       ms
[1380.571s][info   ][gc,stats    ]       Phase: Concurrent Select Relocation Set              0.000 / 0.000         8.256 / 9.063         6.752 / 15.302        6.752 / 15.302      ms
[1380.571s][info   ][gc,stats    ]       Phase: Pause Mark End                                0.000 / 0.000         0.044 / 0.045         0.104 / 0.333         0.104 / 0.333       ms
[1380.571s][info   ][gc,stats    ]       Phase: Pause Mark Start                              0.000 / 0.000         0.070 / 0.083         0.037 / 0.083         0.037 / 0.083       ms
[1380.571s][info   ][gc,stats    ]       Phase: Pause Relocate Start                          0.000 / 0.000         0.035 / 0.037         0.031 / 0.079         0.031 / 0.079       ms
[1380.571s][info   ][gc,stats    ]    Subphase: Concurrent Classes Purge                      0.000 / 0.000         7.636 / 14.226        3.311 / 14.226        3.311 / 14.226      ms
[1380.572s][info   ][gc,stats    ]    Subphase: Concurrent Classes Unlink                     0.000 / 0.000       253.561 / 451.391     200.973 / 1768.670    200.973 / 1768.670    ms
[1380.572s][info   ][gc,stats    ]    Subphase: Concurrent Mark                               0.000 / 0.000       216.086 / 235.611     384.307 / 1136.625    384.307 / 1136.625    ms
[1380.572s][info   ][gc,stats    ]    Subphase: Concurrent Mark Try Flush                     0.000 / 0.000         0.152 / 0.189        30.253 / 148.506      30.253 / 148.506     ms
[1380.572s][info   ][gc,stats    ]    Subphase: Concurrent Mark Try Terminate                 0.000 / 0.000         3.521 / 13.309        2.844 / 148.509       2.844 / 148.509     ms
[1380.572s][info   ][gc,stats    ]    Subphase: Concurrent References Enqueue                 0.000 / 0.000         0.014 / 0.014         0.012 / 0.016         0.012 / 0.016       ms
[1380.572s][info   ][gc,stats    ]    Subphase: Concurrent References Process                 0.000 / 0.000         1.851 / 2.501         0.775 / 2.501         0.775 / 2.501       ms
[1380.572s][info   ][gc,stats    ]    Subphase: Concurrent Roots ClassLoaderDataGraph         0.000 / 0.000         1.179 / 2.051         0.620 / 2.051         0.620 / 2.051       ms
[1380.572s][info   ][gc,stats    ]    Subphase: Concurrent Roots CodeCache                    0.000 / 0.000         0.000 / 0.000         0.000 / 0.000         0.000 / 0.000       ms
[1380.572s][info   ][gc,stats    ]    Subphase: Concurrent Roots JavaThreads                  0.000 / 0.000         7.655 / 9.596        72.406 / 475.340      72.406 / 475.340     ms
[1380.572s][info   ][gc,stats    ]    Subphase: Concurrent Roots OopStorageSet                0.000 / 0.000         0.626 / 0.708         0.211 / 0.708         0.211 / 0.708       ms
[1380.573s][info   ][gc,stats    ]    Subphase: Concurrent Weak Roots OopStorageSet           0.000 / 0.000         5.046 / 5.394         4.546 / 9.700         4.546 / 9.700       ms
[1380.573s][info   ][gc,stats    ]    Subphase: Pause Mark Try Complete                       0.000 / 0.000         0.000 / 0.000         0.053 / 0.195         0.053 / 0.195       ms
[1380.573s][info   ][gc,stats    ]      System: Java Threads                                      0 / 0                48 / 49               62 / 137              62 / 137         threads
[1380.573s][info   ][gc,stats    ] =========================================================================================================================================================
[1390.556s][info   ][gc,stats    ] === Garbage Collection Statistics =======================================================================================================================
[1390.556s][info   ][gc,stats    ]                                                              Last 10s              Last 10m              Last 10h                Total
[1390.557s][info   ][gc,stats    ]                                                              Avg / Max             Avg / Max             Avg / Max             Avg / Max
[1390.557s][info   ][gc,stats    ]   Collector: Garbage Collection Cycle                      0.000 / 0.000       543.455 / 736.961     840.525 / 3415.907    840.525 / 3415.907    ms
[1390.557s][info   ][gc,stats    ]  Contention: Mark Segment Reset Contention                     0 / 0                 0 / 2                 0 / 2                 0 / 2           ops/s
[1390.558s][info   ][gc,stats    ]  Contention: Mark SeqNum Reset Contention                      0 / 0                 0 / 0                 0 / 1                 0 / 1           ops/s
[1390.558s][info   ][gc,stats    ]    Critical: Allocation Stall                                  0 / 0                 0 / 0                 0 / 0                 0 / 0           ops/s
[1390.558s][info   ][gc,stats    ]    Critical: Allocation Stall                              0.000 / 0.000         0.000 / 0.000         0.000 / 0.000         0.000 / 0.000       ms
[1390.558s][info   ][gc,stats    ]    Critical: GC Locker Stall                                   0 / 0                 0 / 0                 0 / 0                 0 / 0           ops/s
[1390.559s][info   ][gc,stats    ]    Critical: GC Locker Stall                               0.000 / 0.000         0.000 / 0.000         0.000 / 0.000         0.000 / 0.000       ms
[1390.559s][info   ][gc,stats    ]    Critical: Relocation Stall                                  0 / 0                 0 / 0                 0 / 0                 0 / 0           ops/s
[1390.559s][info   ][gc,stats    ]    Critical: Relocation Stall                              0.000 / 0.000         0.000 / 0.000         0.000 / 0.000         0.000 / 0.000       ms
[1390.559s][info   ][gc,stats    ]      Memory: Allocation Rate                                   0 / 0                 0 / 12                2 / 68                2 / 68          MB/s
[1390.559s][info   ][gc,stats    ]      Memory: Defragment                                        0 / 0                 0 / 0                 0 / 0                 0 / 0           ops/s
[1390.559s][info   ][gc,stats    ]      Memory: Out Of Memory                                     0 / 0                 0 / 0                 0 / 0                 0 / 0           ops/s
[1390.560s][info   ][gc,stats    ]      Memory: Page Cache Flush                                  0 / 0                 0 / 0                 0 / 0                 0 / 0           MB/s
[1390.560s][info   ][gc,stats    ]      Memory: Page Cache Hit L1                                 0 / 0                 0 / 15                0 / 30                0 / 30          ops/s
[1390.561s][info   ][gc,stats    ]      Memory: Page Cache Hit L2                                 0 / 0                 0 / 0                 0 / 0                 0 / 0           ops/s
[1390.561s][info   ][gc,stats    ]      Memory: Page Cache Hit L3                                 0 / 0                 0 / 0                 0 / 26                0 / 26          ops/s
[1390.561s][info   ][gc,stats    ]      Memory: Page Cache Miss                                   0 / 0                 0 / 0                 0 / 1                 0 / 1           ops/s
[1390.561s][info   ][gc,stats    ]      Memory: Uncommit                                          0 / 0                 0 / 0                 0 / 0                 0 / 0           MB/s
[1390.562s][info   ][gc,stats    ]      Memory: Undo Object Allocation Failed                     0 / 0                 0 / 0                 0 / 1                 0 / 1           ops/s
[1390.562s][info   ][gc,stats    ]      Memory: Undo Object Allocation Succeeded                  0 / 0                 0 / 0                 0 / 74                0 / 74          ops/s
[1390.562s][info   ][gc,stats    ]      Memory: Undo Page Allocation                              0 / 0                 0 / 0                 0 / 1                 0 / 1           ops/s
[1390.563s][info   ][gc,stats    ]       Phase: Concurrent Mark                               0.000 / 0.000       230.768 / 244.297     543.111 / 1491.398    543.111 / 1491.398    ms
[1390.563s][info   ][gc,stats    ]       Phase: Concurrent Mark Continue                      0.000 / 0.000         0.000 / 0.000         0.000 / 0.000         0.000 / 0.000       ms
[1390.563s][info   ][gc,stats    ]       Phase: Concurrent Mark Free                          0.000 / 0.000         0.002 / 0.002         0.002 / 0.004         0.002 / 0.004       ms
[1390.563s][info   ][gc,stats    ]       Phase: Concurrent Process Non-Strong References      0.000 / 0.000       275.612 / 473.355     228.186 / 1850.321    228.186 / 1850.321    ms
[1390.563s][info   ][gc,stats    ]       Phase: Concurrent Relocate                           0.000 / 0.000        25.772 / 33.849       15.585 / 33.849       15.585 / 33.849      ms
[1390.563s][info   ][gc,stats    ]       Phase: Concurrent Reset Relocation Set               0.000 / 0.000         0.007 / 0.008         0.017 / 0.040         0.017 / 0.040       ms
[1390.563s][info   ][gc,stats    ]       Phase: Concurrent Select Relocation Set              0.000 / 0.000         8.256 / 9.063         6.752 / 15.302        6.752 / 15.302      ms
[1390.564s][info   ][gc,stats    ]       Phase: Pause Mark End                                0.000 / 0.000         0.044 / 0.045         0.104 / 0.333         0.104 / 0.333       ms
[1390.564s][info   ][gc,stats    ]       Phase: Pause Mark Start                              0.000 / 0.000         0.070 / 0.083         0.037 / 0.083         0.037 / 0.083       ms
[1390.564s][info   ][gc,stats    ]       Phase: Pause Relocate Start                          0.000 / 0.000         0.035 / 0.037         0.031 / 0.079         0.031 / 0.079       ms
[1390.564s][info   ][gc,stats    ]    Subphase: Concurrent Classes Purge                      0.000 / 0.000         7.636 / 14.226        3.311 / 14.226        3.311 / 14.226      ms
[1390.564s][info   ][gc,stats    ]    Subphase: Concurrent Classes Unlink                     0.000 / 0.000       253.561 / 451.391     200.973 / 1768.670    200.973 / 1768.670    ms
[1390.564s][info   ][gc,stats    ]    Subphase: Concurrent Mark                               0.000 / 0.000       216.086 / 235.611     384.307 / 1136.625    384.307 / 1136.625    ms
[1390.564s][info   ][gc,stats    ]    Subphase: Concurrent Mark Try Flush                     0.000 / 0.000         0.152 / 0.189        30.253 / 148.506      30.253 / 148.506     ms
[1390.565s][info   ][gc,stats    ]    Subphase: Concurrent Mark Try Terminate                 0.000 / 0.000         3.521 / 13.309        2.844 / 148.509       2.844 / 148.509     ms
[1390.565s][info   ][gc,stats    ]    Subphase: Concurrent References Enqueue                 0.000 / 0.000         0.014 / 0.014         0.012 / 0.016         0.012 / 0.016       ms
[1390.565s][info   ][gc,stats    ]    Subphase: Concurrent References Process                 0.000 / 0.000         1.851 / 2.501         0.775 / 2.501         0.775 / 2.501       ms
[1390.566s][info   ][gc,stats    ]    Subphase: Concurrent Roots ClassLoaderDataGraph         0.000 / 0.000         1.179 / 2.051         0.620 / 2.051         0.620 / 2.051       ms
[1390.566s][info   ][gc,stats    ]    Subphase: Concurrent Roots CodeCache                    0.000 / 0.000         0.000 / 0.000         0.000 / 0.000         0.000 / 0.000       ms
[1390.566s][info   ][gc,stats    ]    Subphase: Concurrent Roots JavaThreads                  0.000 / 0.000         7.655 / 9.596        72.406 / 475.340      72.406 / 475.340     ms
[1390.566s][info   ][gc,stats    ]    Subphase: Concurrent Roots OopStorageSet                0.000 / 0.000         0.626 / 0.708         0.211 / 0.708         0.211 / 0.708       ms
[1390.567s][info   ][gc,stats    ]    Subphase: Concurrent Weak Roots OopStorageSet           0.000 / 0.000         5.046 / 5.394         4.546 / 9.700         4.546 / 9.700       ms
[1390.567s][info   ][gc,stats    ]    Subphase: Pause Mark Try Complete                       0.000 / 0.000         0.000 / 0.000         0.053 / 0.195         0.053 / 0.195       ms
[1390.567s][info   ][gc,stats    ]      System: Java Threads                                      0 / 0                48 / 49               62 / 137              62 / 137         threads
[1390.567s][info   ][gc,stats    ] =========================================================================================================================================================
[1393.865s][info   ][gc,start    ] GC(20) Garbage Collection (Proactive)
[1393.865s][info   ][gc,task     ] GC(20) Using 2 workers
[1393.865s][info   ][gc,phases   ] GC(20) Pause Mark Start 0.040ms
[1394.049s][info   ][gc,phases   ] GC(20) Concurrent Mark 183.607ms
[1394.049s][info   ][gc,phases   ] GC(20) Pause Mark End 0.047ms
[1394.050s][info   ][gc,phases   ] GC(20) Concurrent Mark Free 0.001ms
[1394.078s][info   ][gc,phases   ] GC(20) Concurrent Process Non-Strong References 28.469ms
[1394.078s][info   ][gc,phases   ] GC(20) Concurrent Reset Relocation Set 0.016ms
[1394.087s][info   ][gc,phases   ] GC(20) Concurrent Select Relocation Set 8.229ms
[1394.087s][info   ][gc,phases   ] GC(20) Pause Relocate Start 0.026ms
[1394.107s][info   ][gc,phases   ] GC(20) Concurrent Relocate 19.993ms
[1394.107s][info   ][gc,load     ] GC(20) Load: 0.00/0.00/0.00
[1394.108s][info   ][gc,mmu      ] GC(20) MMU: 2ms/83.4%, 5ms/93.4%, 10ms/96.7%, 20ms/98.3%, 50ms/99.3%, 100ms/99.7%
[1394.108s][info   ][gc,marking  ] GC(20) Mark: 2 stripe(s), 2 proactive flush(es), 1 terminate flush(es), 0 completion(s), 0 continuation(s) 
[1394.108s][info   ][gc,marking  ] GC(20) Mark Stack Usage: 32M
[1394.108s][info   ][gc,nmethod  ] GC(20) NMethods: 7363 registered, 2838 unregistered
[1394.108s][info   ][gc,metaspace] GC(20) Metaspace: 123M used, 125M committed, 1152M reserved
[1394.108s][info   ][gc,ref      ] GC(20) Soft: 2754 encountered, 1810 discovered, 0 enqueued
[1394.108s][info   ][gc,ref      ] GC(20) Weak: 10466 encountered, 3153 discovered, 19 enqueued
[1394.108s][info   ][gc,ref      ] GC(20) Final: 35 encountered, 0 discovered, 0 enqueued
[1394.108s][info   ][gc,ref      ] GC(20) Phantom: 583 encountered, 328 discovered, 0 enqueued
[1394.108s][info   ][gc,reloc    ] GC(20) Small Pages: 57 / 114M, Empty: 2M, Relocated: 5M, In-Place: 0
[1394.108s][info   ][gc,reloc    ] GC(20) Medium Pages: 1 / 16M, Empty: 0M, Relocated: 0M, In-Place: 0
[1394.108s][info   ][gc,reloc    ] GC(20) Large Pages: 0 / 0M, Empty: 0M, Relocated: 0M, In-Place: 0
[1394.108s][info   ][gc,reloc    ] GC(20) Forwarding Usage: 1M
[1394.108s][info   ][gc,heap     ] GC(20) Min Capacity: 512M(100%)
[1394.108s][info   ][gc,heap     ] GC(20) Max Capacity: 512M(100%)
[1394.109s][info   ][gc,heap     ] GC(20) Soft Max Capacity: 512M(100%)
[1394.109s][info   ][gc,heap     ] GC(20)                Mark Start          Mark End        Relocate Start      Relocate End           High               Low         
[1394.109s][info   ][gc,heap     ] GC(20)  Capacity:      512M (100%)        512M (100%)        512M (100%)        512M (100%)        512M (100%)        512M (100%)   
[1394.109s][info   ][gc,heap     ] GC(20)      Free:      382M (75%)         378M (74%)         380M (74%)         410M (80%)         410M (80%)         374M (73%)    
[1394.109s][info   ][gc,heap     ] GC(20)      Used:      130M (25%)         134M (26%)         132M (26%)         102M (20%)         138M (27%)         102M (20%)    
[1394.109s][info   ][gc,heap     ] GC(20)      Live:         -                68M (13%)          68M (13%)          68M (13%)            -                  -          
[1394.109s][info   ][gc,heap     ] GC(20) Allocated:         -                 4M (1%)            4M (1%)            5M (1%)             -                  -          
[1394.109s][info   ][gc,heap     ] GC(20)   Garbage:         -                61M (12%)          59M (12%)          27M (5%)             -                  -          
[1394.109s][info   ][gc,heap     ] GC(20) Reclaimed:         -                  -                 2M (0%)           33M (7%)             -                  -          
[1394.109s][info   ][gc          ] GC(20) Garbage Collection (Proactive) 130M(25%)->102M(20%)
[1400.558s][info   ][gc,stats    ] === Garbage Collection Statistics =======================================================================================================================
[1400.558s][info   ][gc,stats    ]                                                              Last 10s              Last 10m              Last 10h                Total
[1400.558s][info   ][gc,stats    ]                                                              Avg / Max             Avg / Max             Avg / Max             Avg / Max
[1400.559s][info   ][gc,stats    ]   Collector: Garbage Collection Cycle                    242.791 / 242.791     296.370 / 349.949     812.062 / 3415.907    812.062 / 3415.907    ms
[1400.559s][info   ][gc,stats    ]  Contention: Mark Segment Reset Contention                     0 / 2                 0 / 2                 0 / 2                 0 / 2           ops/s
[1400.559s][info   ][gc,stats    ]  Contention: Mark SeqNum Reset Contention                      0 / 0                 0 / 0                 0 / 1                 0 / 1           ops/s
[1400.559s][info   ][gc,stats    ]    Critical: Allocation Stall                                  0 / 0                 0 / 0                 0 / 0                 0 / 0           ops/s
[1400.559s][info   ][gc,stats    ]    Critical: Allocation Stall                              0.000 / 0.000         0.000 / 0.000         0.000 / 0.000         0.000 / 0.000       ms
[1400.560s][info   ][gc,stats    ]    Critical: GC Locker Stall                                   0 / 0                 0 / 0                 0 / 0                 0 / 0           ops/s
[1400.560s][info   ][gc,stats    ]    Critical: GC Locker Stall                               0.000 / 0.000         0.000 / 0.000         0.000 / 0.000         0.000 / 0.000       ms
[1400.560s][info   ][gc,stats    ]    Critical: Relocation Stall                                  0 / 0                 0 / 0                 0 / 0                 0 / 0           ops/s
[1400.560s][info   ][gc,stats    ]    Critical: Relocation Stall                              0.000 / 0.000         0.000 / 0.000         0.000 / 0.000         0.000 / 0.000       ms
[1400.560s][info   ][gc,stats    ]      Memory: Allocation Rate                                   1 / 8                 0 / 10                2 / 68                2 / 68          MB/s
[1400.561s][info   ][gc,stats    ]      Memory: Defragment                                        0 / 0                 0 / 0                 0 / 0                 0 / 0           ops/s
[1400.561s][info   ][gc,stats    ]      Memory: Out Of Memory                                     0 / 0                 0 / 0                 0 / 0                 0 / 0           ops/s
[1400.562s][info   ][gc,stats    ]      Memory: Page Cache Flush                                  0 / 0                 0 / 0                 0 / 0                 0 / 0           MB/s
[1400.563s][info   ][gc,stats    ]      Memory: Page Cache Hit L1                                 0 / 7                 0 / 9                 0 / 30                0 / 30          ops/s
[1400.563s][info   ][gc,stats    ]      Memory: Page Cache Hit L2                                 0 / 0                 0 / 0                 0 / 0                 0 / 0           ops/s
[1400.563s][info   ][gc,stats    ]      Memory: Page Cache Hit L3                                 0 / 0                 0 / 0                 0 / 26                0 / 26          ops/s
[1400.563s][info   ][gc,stats    ]      Memory: Page Cache Miss                                   0 / 0                 0 / 0                 0 / 1                 0 / 1           ops/s
[1400.563s][info   ][gc,stats    ]      Memory: Uncommit                                          0 / 0                 0 / 0                 0 / 0                 0 / 0           MB/s
[1400.563s][info   ][gc,stats    ]      Memory: Undo Object Allocation Failed                     0 / 0                 0 / 0                 0 / 1                 0 / 1           ops/s
[1400.563s][info   ][gc,stats    ]      Memory: Undo Object Allocation Succeeded                  0 / 0                 0 / 0                 0 / 74                0 / 74          ops/s
[1400.563s][info   ][gc,stats    ]      Memory: Undo Page Allocation                              0 / 0                 0 / 0                 0 / 1                 0 / 1           ops/s
[1400.564s][info   ][gc,stats    ]       Phase: Concurrent Mark                             183.607 / 183.607     213.952 / 244.297     525.992 / 1491.398    525.992 / 1491.398    ms
[1400.564s][info   ][gc,stats    ]       Phase: Concurrent Mark Continue                      0.000 / 0.000         0.000 / 0.000         0.000 / 0.000         0.000 / 0.000       ms
[1400.564s][info   ][gc,stats    ]       Phase: Concurrent Mark Free                          0.001 / 0.001         0.001 / 0.002         0.002 / 0.004         0.002 / 0.004       ms
[1400.564s][info   ][gc,stats    ]       Phase: Concurrent Process Non-Strong References     28.469 / 28.469       53.169 / 77.869      218.676 / 1850.321    218.676 / 1850.321    ms
[1400.565s][info   ][gc,stats    ]       Phase: Concurrent Relocate                          19.993 / 19.993       18.844 / 19.993       15.794 / 33.849       15.794 / 33.849      ms
[1400.565s][info   ][gc,stats    ]       Phase: Concurrent Reset Relocation Set               0.016 / 0.016         0.012 / 0.016         0.017 / 0.040         0.017 / 0.040       ms
[1400.565s][info   ][gc,stats    ]       Phase: Concurrent Select Relocation Set              8.229 / 8.229         7.839 / 8.229         6.822 / 15.302        6.822 / 15.302      ms
[1400.565s][info   ][gc,stats    ]       Phase: Pause Mark End                                0.047 / 0.047         0.046 / 0.047         0.102 / 0.333         0.102 / 0.333       ms
[1400.565s][info   ][gc,stats    ]       Phase: Pause Mark Start                              0.040 / 0.040         0.048 / 0.057         0.037 / 0.083         0.037 / 0.083       ms
[1400.565s][info   ][gc,stats    ]       Phase: Pause Relocate Start                          0.026 / 0.026         0.031 / 0.037         0.031 / 0.079         0.031 / 0.079       ms
[1400.566s][info   ][gc,stats    ]    Subphase: Concurrent Classes Purge                      0.034 / 0.034         0.540 / 1.046         3.155 / 14.226        3.155 / 14.226      ms
[1400.566s][info   ][gc,stats    ]    Subphase: Concurrent Classes Unlink                    22.612 / 22.612       39.171 / 55.730      192.480 / 1768.670    192.480 / 1768.670    ms
[1400.566s][info   ][gc,stats    ]    Subphase: Concurrent Mark                             171.146 / 178.016     200.177 / 235.611     372.785 / 1136.625    372.785 / 1136.625    ms
[1400.566s][info   ][gc,stats    ]    Subphase: Concurrent Mark Try Flush                     0.128 / 0.167         0.141 / 0.189        29.593 / 148.506      29.593 / 148.506     ms
[1400.566s][info   ][gc,stats    ]    Subphase: Concurrent Mark Try Terminate                 4.680 / 13.940        4.583 / 13.940        2.849 / 148.509       2.849 / 148.509     ms
[1400.566s][info   ][gc,stats    ]    Subphase: Concurrent References Enqueue                 0.017 / 0.017         0.015 / 0.017         0.012 / 0.017         0.012 / 0.017       ms
[1400.566s][info   ][gc,stats    ]    Subphase: Concurrent References Process                 0.767 / 0.767         0.984 / 1.201         0.775 / 2.501         0.775 / 2.501       ms
[1400.566s][info   ][gc,stats    ]    Subphase: Concurrent Roots ClassLoaderDataGraph         0.604 / 0.990         0.881 / 2.002         0.619 / 2.051         0.619 / 2.051       ms
[1400.566s][info   ][gc,stats    ]    Subphase: Concurrent Roots CodeCache                    0.000 / 0.000         0.000 / 0.000         0.000 / 0.000         0.000 / 0.000       ms
[1400.566s][info   ][gc,stats    ]    Subphase: Concurrent Roots JavaThreads                  4.441 / 4.801         5.480 / 7.439        68.732 / 475.340      68.732 / 475.340     ms
[1400.567s][info   ][gc,stats    ]    Subphase: Concurrent Roots OopStorageSet                0.346 / 0.360         0.510 / 0.690         0.219 / 0.708         0.219 / 0.708       ms
[1400.567s][info   ][gc,stats    ]    Subphase: Concurrent Weak Roots OopStorageSet           4.392 / 4.398         4.891 / 5.394         4.538 / 9.700         4.538 / 9.700       ms
[1400.567s][info   ][gc,stats    ]    Subphase: Pause Mark Try Complete                       0.000 / 0.000         0.000 / 0.000         0.053 / 0.195         0.053 / 0.195       ms
[1400.567s][info   ][gc,stats    ]      System: Java Threads                                     48 / 48               48 / 49               62 / 137              62 / 137         threads
[1400.567s][info   ][gc,stats    ] =========================================================================================================================================================
[1410.557s][info   ][gc,stats    ] === Garbage Collection Statistics =======================================================================================================================
[1410.557s][info   ][gc,stats    ]                                                              Last 10s              Last 10m              Last 10h                Total
[1410.557s][info   ][gc,stats    ]                                                              Avg / Max             Avg / Max             Avg / Max             Avg / Max
[1410.557s][info   ][gc,stats    ]   Collector: Garbage Collection Cycle                      0.000 / 0.000       296.370 / 349.949     812.062 / 3415.907    812.062 / 3415.907    ms
[1410.557s][info   ][gc,stats    ]  Contention: Mark Segment Reset Contention                     0 / 0                 0 / 2                 0 / 2                 0 / 2           ops/s
[1410.557s][info   ][gc,stats    ]  Contention: Mark SeqNum Reset Contention                      0 / 0                 0 / 0                 0 / 1                 0 / 1           ops/s
[1410.557s][info   ][gc,stats    ]    Critical: Allocation Stall                                  0 / 0                 0 / 0                 0 / 0                 0 / 0           ops/s
[1410.557s][info   ][gc,stats    ]    Critical: Allocation Stall                              0.000 / 0.000         0.000 / 0.000         0.000 / 0.000         0.000 / 0.000       ms
[1410.557s][info   ][gc,stats    ]    Critical: GC Locker Stall                                   0 / 0                 0 / 0                 0 / 0                 0 / 0           ops/s
[1410.557s][info   ][gc,stats    ]    Critical: GC Locker Stall                               0.000 / 0.000         0.000 / 0.000         0.000 / 0.000         0.000 / 0.000       ms
[1410.557s][info   ][gc,stats    ]    Critical: Relocation Stall                                  0 / 0                 0 / 0                 0 / 0                 0 / 0           ops/s
[1410.557s][info   ][gc,stats    ]    Critical: Relocation Stall                              0.000 / 0.000         0.000 / 0.000         0.000 / 0.000         0.000 / 0.000       ms
[1410.557s][info   ][gc,stats    ]      Memory: Allocation Rate                                   0 / 2                 0 / 10                2 / 68                2 / 68          MB/s
[1410.558s][info   ][gc,stats    ]      Memory: Defragment                                        0 / 0                 0 / 0                 0 / 0                 0 / 0           ops/s
[1410.558s][info   ][gc,stats    ]      Memory: Out Of Memory                                     0 / 0                 0 / 0                 0 / 0                 0 / 0           ops/s
[1410.558s][info   ][gc,stats    ]      Memory: Page Cache Flush                                  0 / 0                 0 / 0                 0 / 0                 0 / 0           MB/s
[1410.558s][info   ][gc,stats    ]      Memory: Page Cache Hit L1                                 0 / 1                 0 / 9                 0 / 30                0 / 30          ops/s
[1410.558s][info   ][gc,stats    ]      Memory: Page Cache Hit L2                                 0 / 0                 0 / 0                 0 / 0                 0 / 0           ops/s
[1410.558s][info   ][gc,stats    ]      Memory: Page Cache Hit L3                                 0 / 0                 0 / 0                 0 / 26                0 / 26          ops/s
[1410.558s][info   ][gc,stats    ]      Memory: Page Cache Miss                                   0 / 0                 0 / 0                 0 / 1                 0 / 1           ops/s
[1410.558s][info   ][gc,stats    ]      Memory: Uncommit                                          0 / 0                 0 / 0                 0 / 0                 0 / 0           MB/s
[1410.558s][info   ][gc,stats    ]      Memory: Undo Object Allocation Failed                     0 / 0                 0 / 0                 0 / 1                 0 / 1           ops/s
[1410.558s][info   ][gc,stats    ]      Memory: Undo Object Allocation Succeeded                  0 / 0                 0 / 0                 0 / 74                0 / 74          ops/s
[1410.558s][info   ][gc,stats    ]      Memory: Undo Page Allocation                              0 / 0                 0 / 0                 0 / 1                 0 / 1           ops/s
[1410.559s][info   ][gc,stats    ]       Phase: Concurrent Mark                               0.000 / 0.000       213.952 / 244.297     525.992 / 1491.398    525.992 / 1491.398    ms
[1410.559s][info   ][gc,stats    ]       Phase: Concurrent Mark Continue                      0.000 / 0.000         0.000 / 0.000         0.000 / 0.000         0.000 / 0.000       ms
[1410.559s][info   ][gc,stats    ]       Phase: Concurrent Mark Free                          0.000 / 0.000         0.001 / 0.002         0.002 / 0.004         0.002 / 0.004       ms
[1410.559s][info   ][gc,stats    ]       Phase: Concurrent Process Non-Strong References      0.000 / 0.000        53.169 / 77.869      218.676 / 1850.321    218.676 / 1850.321    ms
[1410.559s][info   ][gc,stats    ]       Phase: Concurrent Relocate                           0.000 / 0.000        18.844 / 19.993       15.794 / 33.849       15.794 / 33.849      ms
[1410.559s][info   ][gc,stats    ]       Phase: Concurrent Reset Relocation Set               0.000 / 0.000         0.012 / 0.016         0.017 / 0.040         0.017 / 0.040       ms
[1410.559s][info   ][gc,stats    ]       Phase: Concurrent Select Relocation Set              0.000 / 0.000         7.839 / 8.229         6.822 / 15.302        6.822 / 15.302      ms
[1410.559s][info   ][gc,stats    ]       Phase: Pause Mark End                                0.000 / 0.000         0.046 / 0.047         0.102 / 0.333         0.102 / 0.333       ms
[1410.560s][info   ][gc,stats    ]       Phase: Pause Mark Start                              0.000 / 0.000         0.048 / 0.057         0.037 / 0.083         0.037 / 0.083       ms
[1410.560s][info   ][gc,stats    ]       Phase: Pause Relocate Start                          0.000 / 0.000         0.031 / 0.037         0.031 / 0.079         0.031 / 0.079       ms
[1410.560s][info   ][gc,stats    ]    Subphase: Concurrent Classes Purge                      0.000 / 0.000         0.540 / 1.046         3.155 / 14.226        3.155 / 14.226      ms
[1410.560s][info   ][gc,stats    ]    Subphase: Concurrent Classes Unlink                     0.000 / 0.000        39.171 / 55.730      192.480 / 1768.670    192.480 / 1768.670    ms
[1410.560s][info   ][gc,stats    ]    Subphase: Concurrent Mark                               0.000 / 0.000       200.177 / 235.611     372.785 / 1136.625    372.785 / 1136.625    ms
[1410.560s][info   ][gc,stats    ]    Subphase: Concurrent Mark Try Flush                     0.000 / 0.000         0.141 / 0.189        29.593 / 148.506      29.593 / 148.506     ms
[1410.560s][info   ][gc,stats    ]    Subphase: Concurrent Mark Try Terminate                 0.000 / 0.000         4.583 / 13.940        2.849 / 148.509       2.849 / 148.509     ms
[1410.560s][info   ][gc,stats    ]    Subphase: Concurrent References Enqueue                 0.000 / 0.000         0.015 / 0.017         0.012 / 0.017         0.012 / 0.017       ms
[1410.560s][info   ][gc,stats    ]    Subphase: Concurrent References Process                 0.000 / 0.000         0.984 / 1.201         0.775 / 2.501         0.775 / 2.501       ms
[1410.560s][info   ][gc,stats    ]    Subphase: Concurrent Roots ClassLoaderDataGraph         0.000 / 0.000         0.881 / 2.002         0.619 / 2.051         0.619 / 2.051       ms
[1410.560s][info   ][gc,stats    ]    Subphase: Concurrent Roots CodeCache                    0.000 / 0.000         0.000 / 0.000         0.000 / 0.000         0.000 / 0.000       ms
[1410.560s][info   ][gc,stats    ]    Subphase: Concurrent Roots JavaThreads                  0.000 / 0.000         5.480 / 7.439        68.732 / 475.340      68.732 / 475.340     ms
[1410.560s][info   ][gc,stats    ]    Subphase: Concurrent Roots OopStorageSet                0.000 / 0.000         0.510 / 0.690         0.219 / 0.708         0.219 / 0.708       ms
[1410.561s][info   ][gc,stats    ]    Subphase: Concurrent Weak Roots OopStorageSet           0.000 / 0.000         4.891 / 5.394         4.538 / 9.700         4.538 / 9.700       ms
[1410.561s][info   ][gc,stats    ]    Subphase: Pause Mark Try Complete                       0.000 / 0.000         0.000 / 0.000         0.053 / 0.195         0.053 / 0.195       ms
[1410.561s][info   ][gc,stats    ]      System: Java Threads                                      0 / 0                48 / 49               62 / 137              62 / 137         threads
[1410.561s][info   ][gc,stats    ] =========================================================================================================================================================
[1420.569s][info   ][gc,stats    ] === Garbage Collection Statistics =======================================================================================================================
[1420.569s][info   ][gc,stats    ]                                                              Last 10s              Last 10m              Last 10h                Total
[1420.569s][info   ][gc,stats    ]                                                              Avg / Max             Avg / Max             Avg / Max             Avg / Max
[1420.569s][info   ][gc,stats    ]   Collector: Garbage Collection Cycle                      0.000 / 0.000       296.370 / 349.949     812.062 / 3415.907    812.062 / 3415.907    ms
[1420.569s][info   ][gc,stats    ]  Contention: Mark Segment Reset Contention                     0 / 0                 0 / 2                 0 / 2                 0 / 2           ops/s
[1420.569s][info   ][gc,stats    ]  Contention: Mark SeqNum Reset Contention                      0 / 0                 0 / 0                 0 / 1                 0 / 1           ops/s
[1420.570s][info   ][gc,stats    ]    Critical: Allocation Stall                                  0 / 0                 0 / 0                 0 / 0                 0 / 0           ops/s
[1420.570s][info   ][gc,stats    ]    Critical: Allocation Stall                              0.000 / 0.000         0.000 / 0.000         0.000 / 0.000         0.000 / 0.000       ms
[1420.570s][info   ][gc,stats    ]    Critical: GC Locker Stall                                   0 / 0                 0 / 0                 0 / 0                 0 / 0           ops/s
[1420.570s][info   ][gc,stats    ]    Critical: GC Locker Stall                               0.000 / 0.000         0.000 / 0.000         0.000 / 0.000         0.000 / 0.000       ms
[1420.570s][info   ][gc,stats    ]    Critical: Relocation Stall                                  0 / 0                 0 / 0                 0 / 0                 0 / 0           ops/s
[1420.570s][info   ][gc,stats    ]    Critical: Relocation Stall                              0.000 / 0.000         0.000 / 0.000         0.000 / 0.000         0.000 / 0.000       ms
[1420.570s][info   ][gc,stats    ]      Memory: Allocation Rate                                   0 / 2                 0 / 10                2 / 68                2 / 68          MB/s
[1420.570s][info   ][gc,stats    ]      Memory: Defragment                                        0 / 0                 0 / 0                 0 / 0                 0 / 0           ops/s
[1420.571s][info   ][gc,stats    ]      Memory: Out Of Memory                                     0 / 0                 0 / 0                 0 / 0                 0 / 0           ops/s
[1420.571s][info   ][gc,stats    ]      Memory: Page Cache Flush                                  0 / 0                 0 / 0                 0 / 0                 0 / 0           MB/s
[1420.571s][info   ][gc,stats    ]      Memory: Page Cache Hit L1                                 0 / 1                 0 / 9                 0 / 30                0 / 30          ops/s
[1420.571s][info   ][gc,stats    ]      Memory: Page Cache Hit L2                                 0 / 0                 0 / 0                 0 / 0                 0 / 0           ops/s
[1420.571s][info   ][gc,stats    ]      Memory: Page Cache Hit L3                                 0 / 0                 0 / 0                 0 / 26                0 / 26          ops/s
[1420.571s][info   ][gc,stats    ]      Memory: Page Cache Miss                                   0 / 0                 0 / 0                 0 / 1                 0 / 1           ops/s
[1420.571s][info   ][gc,stats    ]      Memory: Uncommit                                          0 / 0                 0 / 0                 0 / 0                 0 / 0           MB/s
[1420.572s][info   ][gc,stats    ]      Memory: Undo Object Allocation Failed                     0 / 0                 0 / 0                 0 / 1                 0 / 1           ops/s
[1420.572s][info   ][gc,stats    ]      Memory: Undo Object Allocation Succeeded                  0 / 0                 0 / 0                 0 / 74                0 / 74          ops/s
[1420.572s][info   ][gc,stats    ]      Memory: Undo Page Allocation                              0 / 0                 0 / 0                 0 / 1                 0 / 1           ops/s
[1420.572s][info   ][gc,stats    ]       Phase: Concurrent Mark                               0.000 / 0.000       213.952 / 244.297     525.992 / 1491.398    525.992 / 1491.398    ms
[1420.572s][info   ][gc,stats    ]       Phase: Concurrent Mark Continue                      0.000 / 0.000         0.000 / 0.000         0.000 / 0.000         0.000 / 0.000       ms
[1420.572s][info   ][gc,stats    ]       Phase: Concurrent Mark Free                          0.000 / 0.000         0.001 / 0.002         0.002 / 0.004         0.002 / 0.004       ms
[1420.573s][info   ][gc,stats    ]       Phase: Concurrent Process Non-Strong References      0.000 / 0.000        53.169 / 77.869      218.676 / 1850.321    218.676 / 1850.321    ms
[1420.573s][info   ][gc,stats    ]       Phase: Concurrent Relocate                           0.000 / 0.000        18.844 / 19.993       15.794 / 33.849       15.794 / 33.849      ms
[1420.573s][info   ][gc,stats    ]       Phase: Concurrent Reset Relocation Set               0.000 / 0.000         0.012 / 0.016         0.017 / 0.040         0.017 / 0.040       ms
[1420.573s][info   ][gc,stats    ]       Phase: Concurrent Select Relocation Set              0.000 / 0.000         7.839 / 8.229         6.822 / 15.302        6.822 / 15.302      ms
[1420.573s][info   ][gc,stats    ]       Phase: Pause Mark End                                0.000 / 0.000         0.046 / 0.047         0.102 / 0.333         0.102 / 0.333       ms
[1420.573s][info   ][gc,stats    ]       Phase: Pause Mark Start                              0.000 / 0.000         0.048 / 0.057         0.037 / 0.083         0.037 / 0.083       ms
[1420.573s][info   ][gc,stats    ]       Phase: Pause Relocate Start                          0.000 / 0.000         0.031 / 0.037         0.031 / 0.079         0.031 / 0.079       ms
[1420.574s][info   ][gc,stats    ]    Subphase: Concurrent Classes Purge                      0.000 / 0.000         0.540 / 1.046         3.155 / 14.226        3.155 / 14.226      ms
[1420.574s][info   ][gc,stats    ]    Subphase: Concurrent Classes Unlink                     0.000 / 0.000        39.171 / 55.730      192.480 / 1768.670    192.480 / 1768.670    ms
[1420.574s][info   ][gc,stats    ]    Subphase: Concurrent Mark                               0.000 / 0.000       200.177 / 235.611     372.785 / 1136.625    372.785 / 1136.625    ms
[1420.574s][info   ][gc,stats    ]    Subphase: Concurrent Mark Try Flush                     0.000 / 0.000         0.141 / 0.189        29.593 / 148.506      29.593 / 148.506     ms
[1420.574s][info   ][gc,stats    ]    Subphase: Concurrent Mark Try Terminate                 0.000 / 0.000         4.583 / 13.940        2.849 / 148.509       2.849 / 148.509     ms
[1420.575s][info   ][gc,stats    ]    Subphase: Concurrent References Enqueue                 0.000 / 0.000         0.015 / 0.017         0.012 / 0.017         0.012 / 0.017       ms
[1420.575s][info   ][gc,stats    ]    Subphase: Concurrent References Process                 0.000 / 0.000         0.984 / 1.201         0.775 / 2.501         0.775 / 2.501       ms
[1420.575s][info   ][gc,stats    ]    Subphase: Concurrent Roots ClassLoaderDataGraph         0.000 / 0.000         0.881 / 2.002         0.619 / 2.051         0.619 / 2.051       ms
[1420.575s][info   ][gc,stats    ]    Subphase: Concurrent Roots CodeCache                    0.000 / 0.000         0.000 / 0.000         0.000 / 0.000         0.000 / 0.000       ms
[1420.575s][info   ][gc,stats    ]    Subphase: Concurrent Roots JavaThreads                  0.000 / 0.000         5.480 / 7.439        68.732 / 475.340      68.732 / 475.340     ms
[1420.575s][info   ][gc,stats    ]    Subphase: Concurrent Roots OopStorageSet                0.000 / 0.000         0.510 / 0.690         0.219 / 0.708         0.219 / 0.708       ms
[1420.575s][info   ][gc,stats    ]    Subphase: Concurrent Weak Roots OopStorageSet           0.000 / 0.000         4.891 / 5.394         4.538 / 9.700         4.538 / 9.700       ms
[1420.576s][info   ][gc,stats    ]    Subphase: Pause Mark Try Complete                       0.000 / 0.000         0.000 / 0.000         0.053 / 0.195         0.053 / 0.195       ms
[1420.576s][info   ][gc,stats    ]      System: Java Threads                                      0 / 0                48 / 49               62 / 137              62 / 137         threads
[1420.576s][info   ][gc,stats    ] =========================================================================================================================================================
[1430.570s][info   ][gc,stats    ] === Garbage Collection Statistics =======================================================================================================================
[1430.570s][info   ][gc,stats    ]                                                              Last 10s              Last 10m              Last 10h                Total
[1430.570s][info   ][gc,stats    ]                                                              Avg / Max             Avg / Max             Avg / Max             Avg / Max
[1430.570s][info   ][gc,stats    ]   Collector: Garbage Collection Cycle                      0.000 / 0.000       296.370 / 349.949     812.062 / 3415.907    812.062 / 3415.907    ms
[1430.571s][info   ][gc,stats    ]  Contention: Mark Segment Reset Contention                     0 / 0                 0 / 2                 0 / 2                 0 / 2           ops/s
[1430.571s][info   ][gc,stats    ]  Contention: Mark SeqNum Reset Contention                      0 / 0                 0 / 0                 0 / 1                 0 / 1           ops/s
[1430.571s][info   ][gc,stats    ]    Critical: Allocation Stall                                  0 / 0                 0 / 0                 0 / 0                 0 / 0           ops/s
[1430.571s][info   ][gc,stats    ]    Critical: Allocation Stall                              0.000 / 0.000         0.000 / 0.000         0.000 / 0.000         0.000 / 0.000       ms
[1430.571s][info   ][gc,stats    ]    Critical: GC Locker Stall                                   0 / 0                 0 / 0                 0 / 0                 0 / 0           ops/s
[1430.572s][info   ][gc,stats    ]    Critical: GC Locker Stall                               0.000 / 0.000         0.000 / 0.000         0.000 / 0.000         0.000 / 0.000       ms
[1430.572s][info   ][gc,stats    ]    Critical: Relocation Stall                                  0 / 0                 0 / 0                 0 / 0                 0 / 0           ops/s
[1430.572s][info   ][gc,stats    ]    Critical: Relocation Stall                              0.000 / 0.000         0.000 / 0.000         0.000 / 0.000         0.000 / 0.000       ms
[1430.572s][info   ][gc,stats    ]      Memory: Allocation Rate                                   0 / 0                 0 / 10                2 / 68                2 / 68          MB/s
[1430.573s][info   ][gc,stats    ]      Memory: Defragment                                        0 / 0                 0 / 0                 0 / 0                 0 / 0           ops/s
[1430.573s][info   ][gc,stats    ]      Memory: Out Of Memory                                     0 / 0                 0 / 0                 0 / 0                 0 / 0           ops/s
[1430.573s][info   ][gc,stats    ]      Memory: Page Cache Flush                                  0 / 0                 0 / 0                 0 / 0                 0 / 0           MB/s
[1430.573s][info   ][gc,stats    ]      Memory: Page Cache Hit L1                                 0 / 0                 0 / 9                 0 / 30                0 / 30          ops/s
[1430.573s][info   ][gc,stats    ]      Memory: Page Cache Hit L2                                 0 / 0                 0 / 0                 0 / 0                 0 / 0           ops/s
[1430.573s][info   ][gc,stats    ]      Memory: Page Cache Hit L3                                 0 / 0                 0 / 0                 0 / 26                0 / 26          ops/s
[1430.573s][info   ][gc,stats    ]      Memory: Page Cache Miss                                   0 / 0                 0 / 0                 0 / 1                 0 / 1           ops/s
[1430.574s][info   ][gc,stats    ]      Memory: Uncommit                                          0 / 0                 0 / 0                 0 / 0                 0 / 0           MB/s
[1430.574s][info   ][gc,stats    ]      Memory: Undo Object Allocation Failed                     0 / 0                 0 / 0                 0 / 1                 0 / 1           ops/s
[1430.574s][info   ][gc,stats    ]      Memory: Undo Object Allocation Succeeded                  0 / 0                 0 / 0                 0 / 74                0 / 74          ops/s
[1430.574s][info   ][gc,stats    ]      Memory: Undo Page Allocation                              0 / 0                 0 / 0                 0 / 1                 0 / 1           ops/s
[1430.574s][info   ][gc,stats    ]       Phase: Concurrent Mark                               0.000 / 0.000       213.952 / 244.297     525.992 / 1491.398    525.992 / 1491.398    ms
[1430.574s][info   ][gc,stats    ]       Phase: Concurrent Mark Continue                      0.000 / 0.000         0.000 / 0.000         0.000 / 0.000         0.000 / 0.000       ms
[1430.574s][info   ][gc,stats    ]       Phase: Concurrent Mark Free                          0.000 / 0.000         0.001 / 0.002         0.002 / 0.004         0.002 / 0.004       ms
[1430.575s][info   ][gc,stats    ]       Phase: Concurrent Process Non-Strong References      0.000 / 0.000        53.169 / 77.869      218.676 / 1850.321    218.676 / 1850.321    ms
[1430.575s][info   ][gc,stats    ]       Phase: Concurrent Relocate                           0.000 / 0.000        18.844 / 19.993       15.794 / 33.849       15.794 / 33.849      ms
[1430.575s][info   ][gc,stats    ]       Phase: Concurrent Reset Relocation Set               0.000 / 0.000         0.012 / 0.016         0.017 / 0.040         0.017 / 0.040       ms
[1430.575s][info   ][gc,stats    ]       Phase: Concurrent Select Relocation Set              0.000 / 0.000         7.839 / 8.229         6.822 / 15.302        6.822 / 15.302      ms
[1430.575s][info   ][gc,stats    ]       Phase: Pause Mark End                                0.000 / 0.000         0.046 / 0.047         0.102 / 0.333         0.102 / 0.333       ms
[1430.575s][info   ][gc,stats    ]       Phase: Pause Mark Start                              0.000 / 0.000         0.048 / 0.057         0.037 / 0.083         0.037 / 0.083       ms
[1430.575s][info   ][gc,stats    ]       Phase: Pause Relocate Start                          0.000 / 0.000         0.031 / 0.037         0.031 / 0.079         0.031 / 0.079       ms
[1430.576s][info   ][gc,stats    ]    Subphase: Concurrent Classes Purge                      0.000 / 0.000         0.540 / 1.046         3.155 / 14.226        3.155 / 14.226      ms
[1430.576s][info   ][gc,stats    ]    Subphase: Concurrent Classes Unlink                     0.000 / 0.000        39.171 / 55.730      192.480 / 1768.670    192.480 / 1768.670    ms
[1430.576s][info   ][gc,stats    ]    Subphase: Concurrent Mark                               0.000 / 0.000       200.177 / 235.611     372.785 / 1136.625    372.785 / 1136.625    ms
[1430.576s][info   ][gc,stats    ]    Subphase: Concurrent Mark Try Flush                     0.000 / 0.000         0.141 / 0.189        29.593 / 148.506      29.593 / 148.506     ms
[1430.576s][info   ][gc,stats    ]    Subphase: Concurrent Mark Try Terminate                 0.000 / 0.000         4.583 / 13.940        2.849 / 148.509       2.849 / 148.509     ms
[1430.577s][info   ][gc,stats    ]    Subphase: Concurrent References Enqueue                 0.000 / 0.000         0.015 / 0.017         0.012 / 0.017         0.012 / 0.017       ms
[1430.577s][info   ][gc,stats    ]    Subphase: Concurrent References Process                 0.000 / 0.000         0.984 / 1.201         0.775 / 2.501         0.775 / 2.501       ms
[1430.577s][info   ][gc,stats    ]    Subphase: Concurrent Roots ClassLoaderDataGraph         0.000 / 0.000         0.881 / 2.002         0.619 / 2.051         0.619 / 2.051       ms
[1430.577s][info   ][gc,stats    ]    Subphase: Concurrent Roots CodeCache                    0.000 / 0.000         0.000 / 0.000         0.000 / 0.000         0.000 / 0.000       ms
[1430.577s][info   ][gc,stats    ]    Subphase: Concurrent Roots JavaThreads                  0.000 / 0.000         5.480 / 7.439        68.732 / 475.340      68.732 / 475.340     ms
[1430.577s][info   ][gc,stats    ]    Subphase: Concurrent Roots OopStorageSet                0.000 / 0.000         0.510 / 0.690         0.219 / 0.708         0.219 / 0.708       ms
[1430.578s][info   ][gc,stats    ]    Subphase: Concurrent Weak Roots OopStorageSet           0.000 / 0.000         4.891 / 5.394         4.538 / 9.700         4.538 / 9.700       ms
[1430.578s][info   ][gc,stats    ]    Subphase: Pause Mark Try Complete                       0.000 / 0.000         0.000 / 0.000         0.053 / 0.195         0.053 / 0.195       ms
[1430.578s][info   ][gc,stats    ]      System: Java Threads                                      0 / 0                48 / 49               62 / 137              62 / 137         threads
[1430.578s][info   ][gc,stats    ] =========================================================================================================================================================
[1440.571s][info   ][gc,stats    ] === Garbage Collection Statistics =======================================================================================================================
[1440.571s][info   ][gc,stats    ]                                                              Last 10s              Last 10m              Last 10h                Total
[1440.572s][info   ][gc,stats    ]                                                              Avg / Max             Avg / Max             Avg / Max             Avg / Max
[1440.572s][info   ][gc,stats    ]   Collector: Garbage Collection Cycle                      0.000 / 0.000       296.370 / 349.949     812.062 / 3415.907    812.062 / 3415.907    ms
[1440.572s][info   ][gc,stats    ]  Contention: Mark Segment Reset Contention                     0 / 0                 0 / 2                 0 / 2                 0 / 2           ops/s
[1440.572s][info   ][gc,stats    ]  Contention: Mark SeqNum Reset Contention                      0 / 0                 0 / 0                 0 / 1                 0 / 1           ops/s
[1440.572s][info   ][gc,stats    ]    Critical: Allocation Stall                                  0 / 0                 0 / 0                 0 / 0                 0 / 0           ops/s
[1440.572s][info   ][gc,stats    ]    Critical: Allocation Stall                              0.000 / 0.000         0.000 / 0.000         0.000 / 0.000         0.000 / 0.000       ms
[1440.572s][info   ][gc,stats    ]    Critical: GC Locker Stall                                   0 / 0                 0 / 0                 0 / 0                 0 / 0           ops/s
[1440.572s][info   ][gc,stats    ]    Critical: GC Locker Stall                               0.000 / 0.000         0.000 / 0.000         0.000 / 0.000         0.000 / 0.000       ms
[1440.572s][info   ][gc,stats    ]    Critical: Relocation Stall                                  0 / 0                 0 / 0                 0 / 0                 0 / 0           ops/s
[1440.573s][info   ][gc,stats    ]    Critical: Relocation Stall                              0.000 / 0.000         0.000 / 0.000         0.000 / 0.000         0.000 / 0.000       ms
[1440.573s][info   ][gc,stats    ]      Memory: Allocation Rate                                   0 / 0                 0 / 10                2 / 68                2 / 68          MB/s
[1440.573s][info   ][gc,stats    ]      Memory: Defragment                                        0 / 0                 0 / 0                 0 / 0                 0 / 0           ops/s
[1440.573s][info   ][gc,stats    ]      Memory: Out Of Memory                                     0 / 0                 0 / 0                 0 / 0                 0 / 0           ops/s
[1440.573s][info   ][gc,stats    ]      Memory: Page Cache Flush                                  0 / 0                 0 / 0                 0 / 0                 0 / 0           MB/s
[1440.573s][info   ][gc,stats    ]      Memory: Page Cache Hit L1                                 0 / 0                 0 / 9                 0 / 30                0 / 30          ops/s
[1440.573s][info   ][gc,stats    ]      Memory: Page Cache Hit L2                                 0 / 0                 0 / 0                 0 / 0                 0 / 0           ops/s
[1440.573s][info   ][gc,stats    ]      Memory: Page Cache Hit L3                                 0 / 0                 0 / 0                 0 / 26                0 / 26          ops/s
[1440.573s][info   ][gc,stats    ]      Memory: Page Cache Miss                                   0 / 0                 0 / 0                 0 / 1                 0 / 1           ops/s
[1440.573s][info   ][gc,stats    ]      Memory: Uncommit                                          0 / 0                 0 / 0                 0 / 0                 0 / 0           MB/s
[1440.573s][info   ][gc,stats    ]      Memory: Undo Object Allocation Failed                     0 / 0                 0 / 0                 0 / 1                 0 / 1           ops/s
[1440.573s][info   ][gc,stats    ]      Memory: Undo Object Allocation Succeeded                  0 / 0                 0 / 0                 0 / 74                0 / 74          ops/s
[1440.574s][info   ][gc,stats    ]      Memory: Undo Page Allocation                              0 / 0                 0 / 0                 0 / 1                 0 / 1           ops/s
[1440.574s][info   ][gc,stats    ]       Phase: Concurrent Mark                               0.000 / 0.000       213.952 / 244.297     525.992 / 1491.398    525.992 / 1491.398    ms
[1440.574s][info   ][gc,stats    ]       Phase: Concurrent Mark Continue                      0.000 / 0.000         0.000 / 0.000         0.000 / 0.000         0.000 / 0.000       ms
[1440.574s][info   ][gc,stats    ]       Phase: Concurrent Mark Free                          0.000 / 0.000         0.001 / 0.002         0.002 / 0.004         0.002 / 0.004       ms
[1440.574s][info   ][gc,stats    ]       Phase: Concurrent Process Non-Strong References      0.000 / 0.000        53.169 / 77.869      218.676 / 1850.321    218.676 / 1850.321    ms
[1440.574s][info   ][gc,stats    ]       Phase: Concurrent Relocate                           0.000 / 0.000        18.844 / 19.993       15.794 / 33.849       15.794 / 33.849      ms
[1440.574s][info   ][gc,stats    ]       Phase: Concurrent Reset Relocation Set               0.000 / 0.000         0.012 / 0.016         0.017 / 0.040         0.017 / 0.040       ms
[1440.574s][info   ][gc,stats    ]       Phase: Concurrent Select Relocation Set              0.000 / 0.000         7.839 / 8.229         6.822 / 15.302        6.822 / 15.302      ms
[1440.575s][info   ][gc,stats    ]       Phase: Pause Mark End                                0.000 / 0.000         0.046 / 0.047         0.102 / 0.333         0.102 / 0.333       ms
[1440.575s][info   ][gc,stats    ]       Phase: Pause Mark Start                              0.000 / 0.000         0.048 / 0.057         0.037 / 0.083         0.037 / 0.083       ms
[1440.575s][info   ][gc,stats    ]       Phase: Pause Relocate Start                          0.000 / 0.000         0.031 / 0.037         0.031 / 0.079         0.031 / 0.079       ms
[1440.575s][info   ][gc,stats    ]    Subphase: Concurrent Classes Purge                      0.000 / 0.000         0.540 / 1.046         3.155 / 14.226        3.155 / 14.226      ms
[1440.575s][info   ][gc,stats    ]    Subphase: Concurrent Classes Unlink                     0.000 / 0.000        39.171 / 55.730      192.480 / 1768.670    192.480 / 1768.670    ms
[1440.575s][info   ][gc,stats    ]    Subphase: Concurrent Mark                               0.000 / 0.000       200.177 / 235.611     372.785 / 1136.625    372.785 / 1136.625    ms
[1440.575s][info   ][gc,stats    ]    Subphase: Concurrent Mark Try Flush                     0.000 / 0.000         0.141 / 0.189        29.593 / 148.506      29.593 / 148.506     ms
[1440.576s][info   ][gc,stats    ]    Subphase: Concurrent Mark Try Terminate                 0.000 / 0.000         4.583 / 13.940        2.849 / 148.509       2.849 / 148.509     ms
[1440.576s][info   ][gc,stats    ]    Subphase: Concurrent References Enqueue                 0.000 / 0.000         0.015 / 0.017         0.012 / 0.017         0.012 / 0.017       ms
[1440.576s][info   ][gc,stats    ]    Subphase: Concurrent References Process                 0.000 / 0.000         0.984 / 1.201         0.775 / 2.501         0.775 / 2.501       ms
[1440.576s][info   ][gc,stats    ]    Subphase: Concurrent Roots ClassLoaderDataGraph         0.000 / 0.000         0.881 / 2.002         0.619 / 2.051         0.619 / 2.051       ms
[1440.576s][info   ][gc,stats    ]    Subphase: Concurrent Roots CodeCache                    0.000 / 0.000         0.000 / 0.000         0.000 / 0.000         0.000 / 0.000       ms
[1440.576s][info   ][gc,stats    ]    Subphase: Concurrent Roots JavaThreads                  0.000 / 0.000         5.480 / 7.439        68.732 / 475.340      68.732 / 475.340     ms
[1440.576s][info   ][gc,stats    ]    Subphase: Concurrent Roots OopStorageSet                0.000 / 0.000         0.510 / 0.690         0.219 / 0.708         0.219 / 0.708       ms
[1440.576s][info   ][gc,stats    ]    Subphase: Concurrent Weak Roots OopStorageSet           0.000 / 0.000         4.891 / 5.394         4.538 / 9.700         4.538 / 9.700       ms
[1440.576s][info   ][gc,stats    ]    Subphase: Pause Mark Try Complete                       0.000 / 0.000         0.000 / 0.000         0.053 / 0.195         0.053 / 0.195       ms
[1440.577s][info   ][gc,stats    ]      System: Java Threads                                      0 / 0                48 / 49               62 / 137              62 / 137         threads
[1440.577s][info   ][gc,stats    ] =========================================================================================================================================================
[1450.567s][info   ][gc,stats    ] === Garbage Collection Statistics =======================================================================================================================
[1450.567s][info   ][gc,stats    ]                                                              Last 10s              Last 10m              Last 10h                Total
[1450.567s][info   ][gc,stats    ]                                                              Avg / Max             Avg / Max             Avg / Max             Avg / Max
[1450.567s][info   ][gc,stats    ]   Collector: Garbage Collection Cycle                      0.000 / 0.000       296.370 / 349.949     812.062 / 3415.907    812.062 / 3415.907    ms
[1450.567s][info   ][gc,stats    ]  Contention: Mark Segment Reset Contention                     0 / 0                 0 / 2                 0 / 2                 0 / 2           ops/s
[1450.567s][info   ][gc,stats    ]  Contention: Mark SeqNum Reset Contention                      0 / 0                 0 / 0                 0 / 1                 0 / 1           ops/s
[1450.567s][info   ][gc,stats    ]    Critical: Allocation Stall                                  0 / 0                 0 / 0                 0 / 0                 0 / 0           ops/s
[1450.567s][info   ][gc,stats    ]    Critical: Allocation Stall                              0.000 / 0.000         0.000 / 0.000         0.000 / 0.000         0.000 / 0.000       ms
[1450.568s][info   ][gc,stats    ]    Critical: GC Locker Stall                                   0 / 0                 0 / 0                 0 / 0                 0 / 0           ops/s
[1450.568s][info   ][gc,stats    ]    Critical: GC Locker Stall                               0.000 / 0.000         0.000 / 0.000         0.000 / 0.000         0.000 / 0.000       ms
[1450.568s][info   ][gc,stats    ]    Critical: Relocation Stall                                  0 / 0                 0 / 0                 0 / 0                 0 / 0           ops/s
[1450.568s][info   ][gc,stats    ]    Critical: Relocation Stall                              0.000 / 0.000         0.000 / 0.000         0.000 / 0.000         0.000 / 0.000       ms
[1450.568s][info   ][gc,stats    ]      Memory: Allocation Rate                                   0 / 0                 0 / 10                2 / 68                2 / 68          MB/s
[1450.568s][info   ][gc,stats    ]      Memory: Defragment                                        0 / 0                 0 / 0                 0 / 0                 0 / 0           ops/s
[1450.568s][info   ][gc,stats    ]      Memory: Out Of Memory                                     0 / 0                 0 / 0                 0 / 0                 0 / 0           ops/s
[1450.568s][info   ][gc,stats    ]      Memory: Page Cache Flush                                  0 / 0                 0 / 0                 0 / 0                 0 / 0           MB/s
[1450.568s][info   ][gc,stats    ]      Memory: Page Cache Hit L1                                 0 / 0                 0 / 9                 0 / 30                0 / 30          ops/s
[1450.568s][info   ][gc,stats    ]      Memory: Page Cache Hit L2                                 0 / 0                 0 / 0                 0 / 0                 0 / 0           ops/s
[1450.568s][info   ][gc,stats    ]      Memory: Page Cache Hit L3                                 0 / 0                 0 / 0                 0 / 26                0 / 26          ops/s
[1450.568s][info   ][gc,stats    ]      Memory: Page Cache Miss                                   0 / 0                 0 / 0                 0 / 1                 0 / 1           ops/s
[1450.569s][info   ][gc,stats    ]      Memory: Uncommit                                          0 / 0                 0 / 0                 0 / 0                 0 / 0           MB/s
[1450.569s][info   ][gc,stats    ]      Memory: Undo Object Allocation Failed                     0 / 0                 0 / 0                 0 / 1                 0 / 1           ops/s
[1450.569s][info   ][gc,stats    ]      Memory: Undo Object Allocation Succeeded                  0 / 0                 0 / 0                 0 / 74                0 / 74          ops/s
[1450.569s][info   ][gc,stats    ]      Memory: Undo Page Allocation                              0 / 0                 0 / 0                 0 / 1                 0 / 1           ops/s
[1450.569s][info   ][gc,stats    ]       Phase: Concurrent Mark                               0.000 / 0.000       213.952 / 244.297     525.992 / 1491.398    525.992 / 1491.398    ms
[1450.569s][info   ][gc,stats    ]       Phase: Concurrent Mark Continue                      0.000 / 0.000         0.000 / 0.000         0.000 / 0.000         0.000 / 0.000       ms
[1450.569s][info   ][gc,stats    ]       Phase: Concurrent Mark Free                          0.000 / 0.000         0.001 / 0.002         0.002 / 0.004         0.002 / 0.004       ms
[1450.569s][info   ][gc,stats    ]       Phase: Concurrent Process Non-Strong References      0.000 / 0.000        53.169 / 77.869      218.676 / 1850.321    218.676 / 1850.321    ms
[1450.569s][info   ][gc,stats    ]       Phase: Concurrent Relocate                           0.000 / 0.000        18.844 / 19.993       15.794 / 33.849       15.794 / 33.849      ms
[1450.569s][info   ][gc,stats    ]       Phase: Concurrent Reset Relocation Set               0.000 / 0.000         0.012 / 0.016         0.017 / 0.040         0.017 / 0.040       ms
[1450.569s][info   ][gc,stats    ]       Phase: Concurrent Select Relocation Set              0.000 / 0.000         7.839 / 8.229         6.822 / 15.302        6.822 / 15.302      ms
[1450.569s][info   ][gc,stats    ]       Phase: Pause Mark End                                0.000 / 0.000         0.046 / 0.047         0.102 / 0.333         0.102 / 0.333       ms
[1450.569s][info   ][gc,stats    ]       Phase: Pause Mark Start                              0.000 / 0.000         0.048 / 0.057         0.037 / 0.083         0.037 / 0.083       ms
[1450.570s][info   ][gc,stats    ]       Phase: Pause Relocate Start                          0.000 / 0.000         0.031 / 0.037         0.031 / 0.079         0.031 / 0.079       ms
[1450.570s][info   ][gc,stats    ]    Subphase: Concurrent Classes Purge                      0.000 / 0.000         0.540 / 1.046         3.155 / 14.226        3.155 / 14.226      ms
[1450.570s][info   ][gc,stats    ]    Subphase: Concurrent Classes Unlink                     0.000 / 0.000        39.171 / 55.730      192.480 / 1768.670    192.480 / 1768.670    ms
[1450.570s][info   ][gc,stats    ]    Subphase: Concurrent Mark                               0.000 / 0.000       200.177 / 235.611     372.785 / 1136.625    372.785 / 1136.625    ms
[1450.570s][info   ][gc,stats    ]    Subphase: Concurrent Mark Try Flush                     0.000 / 0.000         0.141 / 0.189        29.593 / 148.506      29.593 / 148.506     ms
[1450.570s][info   ][gc,stats    ]    Subphase: Concurrent Mark Try Terminate                 0.000 / 0.000         4.583 / 13.940        2.849 / 148.509       2.849 / 148.509     ms
[1450.570s][info   ][gc,stats    ]    Subphase: Concurrent References Enqueue                 0.000 / 0.000         0.015 / 0.017         0.012 / 0.017         0.012 / 0.017       ms
[1450.570s][info   ][gc,stats    ]    Subphase: Concurrent References Process                 0.000 / 0.000         0.984 / 1.201         0.775 / 2.501         0.775 / 2.501       ms
[1450.570s][info   ][gc,stats    ]    Subphase: Concurrent Roots ClassLoaderDataGraph         0.000 / 0.000         0.881 / 2.002         0.619 / 2.051         0.619 / 2.051       ms
[1450.570s][info   ][gc,stats    ]    Subphase: Concurrent Roots CodeCache                    0.000 / 0.000         0.000 / 0.000         0.000 / 0.000         0.000 / 0.000       ms
[1450.570s][info   ][gc,stats    ]    Subphase: Concurrent Roots JavaThreads                  0.000 / 0.000         5.480 / 7.439        68.732 / 475.340      68.732 / 475.340     ms
[1450.570s][info   ][gc,stats    ]    Subphase: Concurrent Roots OopStorageSet                0.000 / 0.000         0.510 / 0.690         0.219 / 0.708         0.219 / 0.708       ms
[1450.570s][info   ][gc,stats    ]    Subphase: Concurrent Weak Roots OopStorageSet           0.000 / 0.000         4.891 / 5.394         4.538 / 9.700         4.538 / 9.700       ms
[1450.571s][info   ][gc,stats    ]    Subphase: Pause Mark Try Complete                       0.000 / 0.000         0.000 / 0.000         0.053 / 0.195         0.053 / 0.195       ms
[1450.571s][info   ][gc,stats    ]      System: Java Threads                                      0 / 0                48 / 49               62 / 137              62 / 137         threads
[1450.571s][info   ][gc,stats    ] =========================================================================================================================================================
[1460.560s][info   ][gc,stats    ] === Garbage Collection Statistics =======================================================================================================================
[1460.560s][info   ][gc,stats    ]                                                              Last 10s              Last 10m              Last 10h                Total
[1460.560s][info   ][gc,stats    ]                                                              Avg / Max             Avg / Max             Avg / Max             Avg / Max
[1460.560s][info   ][gc,stats    ]   Collector: Garbage Collection Cycle                      0.000 / 0.000       296.370 / 349.949     812.062 / 3415.907    812.062 / 3415.907    ms
[1460.560s][info   ][gc,stats    ]  Contention: Mark Segment Reset Contention                     0 / 0                 0 / 2                 0 / 2                 0 / 2           ops/s
[1460.560s][info   ][gc,stats    ]  Contention: Mark SeqNum Reset Contention                      0 / 0                 0 / 0                 0 / 1                 0 / 1           ops/s
[1460.560s][info   ][gc,stats    ]    Critical: Allocation Stall                                  0 / 0                 0 / 0                 0 / 0                 0 / 0           ops/s
[1460.560s][info   ][gc,stats    ]    Critical: Allocation Stall                              0.000 / 0.000         0.000 / 0.000         0.000 / 0.000         0.000 / 0.000       ms
[1460.560s][info   ][gc,stats    ]    Critical: GC Locker Stall                                   0 / 0                 0 / 0                 0 / 0                 0 / 0           ops/s
[1460.560s][info   ][gc,stats    ]    Critical: GC Locker Stall                               0.000 / 0.000         0.000 / 0.000         0.000 / 0.000         0.000 / 0.000       ms
[1460.560s][info   ][gc,stats    ]    Critical: Relocation Stall                                  0 / 0                 0 / 0                 0 / 0                 0 / 0           ops/s
[1460.560s][info   ][gc,stats    ]    Critical: Relocation Stall                              0.000 / 0.000         0.000 / 0.000         0.000 / 0.000         0.000 / 0.000       ms
[1460.560s][info   ][gc,stats    ]      Memory: Allocation Rate                                   0 / 2                 0 / 10                2 / 68                2 / 68          MB/s
[1460.560s][info   ][gc,stats    ]      Memory: Defragment                                        0 / 0                 0 / 0                 0 / 0                 0 / 0           ops/s
[1460.561s][info   ][gc,stats    ]      Memory: Out Of Memory                                     0 / 0                 0 / 0                 0 / 0                 0 / 0           ops/s
[1460.561s][info   ][gc,stats    ]      Memory: Page Cache Flush                                  0 / 0                 0 / 0                 0 / 0                 0 / 0           MB/s
[1460.561s][info   ][gc,stats    ]      Memory: Page Cache Hit L1                                 0 / 1                 0 / 9                 0 / 30                0 / 30          ops/s
[1460.561s][info   ][gc,stats    ]      Memory: Page Cache Hit L2                                 0 / 0                 0 / 0                 0 / 0                 0 / 0           ops/s
[1460.561s][info   ][gc,stats    ]      Memory: Page Cache Hit L3                                 0 / 0                 0 / 0                 0 / 26                0 / 26          ops/s
[1460.561s][info   ][gc,stats    ]      Memory: Page Cache Miss                                   0 / 0                 0 / 0                 0 / 1                 0 / 1           ops/s
[1460.561s][info   ][gc,stats    ]      Memory: Uncommit                                          0 / 0                 0 / 0                 0 / 0                 0 / 0           MB/s
[1460.561s][info   ][gc,stats    ]      Memory: Undo Object Allocation Failed                     0 / 0                 0 / 0                 0 / 1                 0 / 1           ops/s
[1460.561s][info   ][gc,stats    ]      Memory: Undo Object Allocation Succeeded                  0 / 0                 0 / 0                 0 / 74                0 / 74          ops/s
[1460.561s][info   ][gc,stats    ]      Memory: Undo Page Allocation                              0 / 0                 0 / 0                 0 / 1                 0 / 1           ops/s
[1460.561s][info   ][gc,stats    ]       Phase: Concurrent Mark                               0.000 / 0.000       213.952 / 244.297     525.992 / 1491.398    525.992 / 1491.398    ms
[1460.561s][info   ][gc,stats    ]       Phase: Concurrent Mark Continue                      0.000 / 0.000         0.000 / 0.000         0.000 / 0.000         0.000 / 0.000       ms
[1460.561s][info   ][gc,stats    ]       Phase: Concurrent Mark Free                          0.000 / 0.000         0.001 / 0.002         0.002 / 0.004         0.002 / 0.004       ms
[1460.561s][info   ][gc,stats    ]       Phase: Concurrent Process Non-Strong References      0.000 / 0.000        53.169 / 77.869      218.676 / 1850.321    218.676 / 1850.321    ms
[1460.562s][info   ][gc,stats    ]       Phase: Concurrent Relocate                           0.000 / 0.000        18.844 / 19.993       15.794 / 33.849       15.794 / 33.849      ms
[1460.562s][info   ][gc,stats    ]       Phase: Concurrent Reset Relocation Set               0.000 / 0.000         0.012 / 0.016         0.017 / 0.040         0.017 / 0.040       ms
[1460.562s][info   ][gc,stats    ]       Phase: Concurrent Select Relocation Set              0.000 / 0.000         7.839 / 8.229         6.822 / 15.302        6.822 / 15.302      ms
[1460.562s][info   ][gc,stats    ]       Phase: Pause Mark End                                0.000 / 0.000         0.046 / 0.047         0.102 / 0.333         0.102 / 0.333       ms
[1460.562s][info   ][gc,stats    ]       Phase: Pause Mark Start                              0.000 / 0.000         0.048 / 0.057         0.037 / 0.083         0.037 / 0.083       ms
[1460.562s][info   ][gc,stats    ]       Phase: Pause Relocate Start                          0.000 / 0.000         0.031 / 0.037         0.031 / 0.079         0.031 / 0.079       ms
[1460.562s][info   ][gc,stats    ]    Subphase: Concurrent Classes Purge                      0.000 / 0.000         0.540 / 1.046         3.155 / 14.226        3.155 / 14.226      ms
[1460.562s][info   ][gc,stats    ]    Subphase: Concurrent Classes Unlink                     0.000 / 0.000        39.171 / 55.730      192.480 / 1768.670    192.480 / 1768.670    ms
[1460.562s][info   ][gc,stats    ]    Subphase: Concurrent Mark                               0.000 / 0.000       200.177 / 235.611     372.785 / 1136.625    372.785 / 1136.625    ms
[1460.562s][info   ][gc,stats    ]    Subphase: Concurrent Mark Try Flush                     0.000 / 0.000         0.141 / 0.189        29.593 / 148.506      29.593 / 148.506     ms
[1460.562s][info   ][gc,stats    ]    Subphase: Concurrent Mark Try Terminate                 0.000 / 0.000         4.583 / 13.940        2.849 / 148.509       2.849 / 148.509     ms
[1460.562s][info   ][gc,stats    ]    Subphase: Concurrent References Enqueue                 0.000 / 0.000         0.015 / 0.017         0.012 / 0.017         0.012 / 0.017       ms
[1460.562s][info   ][gc,stats    ]    Subphase: Concurrent References Process                 0.000 / 0.000         0.984 / 1.201         0.775 / 2.501         0.775 / 2.501       ms
[1460.562s][info   ][gc,stats    ]    Subphase: Concurrent Roots ClassLoaderDataGraph         0.000 / 0.000         0.881 / 2.002         0.619 / 2.051         0.619 / 2.051       ms
[1460.563s][info   ][gc,stats    ]    Subphase: Concurrent Roots CodeCache                    0.000 / 0.000         0.000 / 0.000         0.000 / 0.000         0.000 / 0.000       ms
[1460.563s][info   ][gc,stats    ]    Subphase: Concurrent Roots JavaThreads                  0.000 / 0.000         5.480 / 7.439        68.732 / 475.340      68.732 / 475.340     ms
[1460.563s][info   ][gc,stats    ]    Subphase: Concurrent Roots OopStorageSet                0.000 / 0.000         0.510 / 0.690         0.219 / 0.708         0.219 / 0.708       ms
[1460.563s][info   ][gc,stats    ]    Subphase: Concurrent Weak Roots OopStorageSet           0.000 / 0.000         4.891 / 5.394         4.538 / 9.700         4.538 / 9.700       ms
[1460.563s][info   ][gc,stats    ]    Subphase: Pause Mark Try Complete                       0.000 / 0.000         0.000 / 0.000         0.053 / 0.195         0.053 / 0.195       ms
[1460.563s][info   ][gc,stats    ]      System: Java Threads                                      0 / 0                48 / 49               62 / 137              62 / 137         threads
[1460.563s][info   ][gc,stats    ] =========================================================================================================================================================
[1470.559s][info   ][gc,stats    ] === Garbage Collection Statistics =======================================================================================================================
[1470.559s][info   ][gc,stats    ]                                                              Last 10s              Last 10m              Last 10h                Total
[1470.560s][info   ][gc,stats    ]                                                              Avg / Max             Avg / Max             Avg / Max             Avg / Max
[1470.560s][info   ][gc,stats    ]   Collector: Garbage Collection Cycle                      0.000 / 0.000       296.370 / 349.949     812.062 / 3415.907    812.062 / 3415.907    ms
[1470.560s][info   ][gc,stats    ]  Contention: Mark Segment Reset Contention                     0 / 0                 0 / 2                 0 / 2                 0 / 2           ops/s
[1470.560s][info   ][gc,stats    ]  Contention: Mark SeqNum Reset Contention                      0 / 0                 0 / 0                 0 / 1                 0 / 1           ops/s
[1470.560s][info   ][gc,stats    ]    Critical: Allocation Stall                                  0 / 0                 0 / 0                 0 / 0                 0 / 0           ops/s
[1470.560s][info   ][gc,stats    ]    Critical: Allocation Stall                              0.000 / 0.000         0.000 / 0.000         0.000 / 0.000         0.000 / 0.000       ms
[1470.560s][info   ][gc,stats    ]    Critical: GC Locker Stall                                   0 / 0                 0 / 0                 0 / 0                 0 / 0           ops/s
[1470.560s][info   ][gc,stats    ]    Critical: GC Locker Stall                               0.000 / 0.000         0.000 / 0.000         0.000 / 0.000         0.000 / 0.000       ms
[1470.561s][info   ][gc,stats    ]    Critical: Relocation Stall                                  0 / 0                 0 / 0                 0 / 0                 0 / 0           ops/s
[1470.561s][info   ][gc,stats    ]    Critical: Relocation Stall                              0.000 / 0.000         0.000 / 0.000         0.000 / 0.000         0.000 / 0.000       ms
[1470.561s][info   ][gc,stats    ]      Memory: Allocation Rate                                   0 / 0                 0 / 10                2 / 68                2 / 68          MB/s
[1470.561s][info   ][gc,stats    ]      Memory: Defragment                                        0 / 0                 0 / 0                 0 / 0                 0 / 0           ops/s
[1470.561s][info   ][gc,stats    ]      Memory: Out Of Memory                                     0 / 0                 0 / 0                 0 / 0                 0 / 0           ops/s
[1470.561s][info   ][gc,stats    ]      Memory: Page Cache Flush                                  0 / 0                 0 / 0                 0 / 0                 0 / 0           MB/s
[1470.561s][info   ][gc,stats    ]      Memory: Page Cache Hit L1                                 0 / 0                 0 / 9                 0 / 30                0 / 30          ops/s
[1470.561s][info   ][gc,stats    ]      Memory: Page Cache Hit L2                                 0 / 0                 0 / 0                 0 / 0                 0 / 0           ops/s
[1470.562s][info   ][gc,stats    ]      Memory: Page Cache Hit L3                                 0 / 0                 0 / 0                 0 / 26                0 / 26          ops/s
[1470.562s][info   ][gc,stats    ]      Memory: Page Cache Miss                                   0 / 0                 0 / 0                 0 / 1                 0 / 1           ops/s
[1470.562s][info   ][gc,stats    ]      Memory: Uncommit                                          0 / 0                 0 / 0                 0 / 0                 0 / 0           MB/s
[1470.562s][info   ][gc,stats    ]      Memory: Undo Object Allocation Failed                     0 / 0                 0 / 0                 0 / 1                 0 / 1           ops/s
[1470.563s][info   ][gc,stats    ]      Memory: Undo Object Allocation Succeeded                  0 / 0                 0 / 0                 0 / 74                0 / 74          ops/s
[1470.563s][info   ][gc,stats    ]      Memory: Undo Page Allocation                              0 / 0                 0 / 0                 0 / 1                 0 / 1           ops/s
[1470.563s][info   ][gc,stats    ]       Phase: Concurrent Mark                               0.000 / 0.000       213.952 / 244.297     525.992 / 1491.398    525.992 / 1491.398    ms
[1470.563s][info   ][gc,stats    ]       Phase: Concurrent Mark Continue                      0.000 / 0.000         0.000 / 0.000         0.000 / 0.000         0.000 / 0.000       ms
[1470.563s][info   ][gc,stats    ]       Phase: Concurrent Mark Free                          0.000 / 0.000         0.001 / 0.002         0.002 / 0.004         0.002 / 0.004       ms
[1470.563s][info   ][gc,stats    ]       Phase: Concurrent Process Non-Strong References      0.000 / 0.000        53.169 / 77.869      218.676 / 1850.321    218.676 / 1850.321    ms
[1470.563s][info   ][gc,stats    ]       Phase: Concurrent Relocate                           0.000 / 0.000        18.844 / 19.993       15.794 / 33.849       15.794 / 33.849      ms
[1470.563s][info   ][gc,stats    ]       Phase: Concurrent Reset Relocation Set               0.000 / 0.000         0.012 / 0.016         0.017 / 0.040         0.017 / 0.040       ms
[1470.564s][info   ][gc,stats    ]       Phase: Concurrent Select Relocation Set              0.000 / 0.000         7.839 / 8.229         6.822 / 15.302        6.822 / 15.302      ms
[1470.564s][info   ][gc,stats    ]       Phase: Pause Mark End                                0.000 / 0.000         0.046 / 0.047         0.102 / 0.333         0.102 / 0.333       ms
[1470.564s][info   ][gc,stats    ]       Phase: Pause Mark Start                              0.000 / 0.000         0.048 / 0.057         0.037 / 0.083         0.037 / 0.083       ms
[1470.564s][info   ][gc,stats    ]       Phase: Pause Relocate Start                          0.000 / 0.000         0.031 / 0.037         0.031 / 0.079         0.031 / 0.079       ms
[1470.564s][info   ][gc,stats    ]    Subphase: Concurrent Classes Purge                      0.000 / 0.000         0.540 / 1.046         3.155 / 14.226        3.155 / 14.226      ms
[1470.565s][info   ][gc,stats    ]    Subphase: Concurrent Classes Unlink                     0.000 / 0.000        39.171 / 55.730      192.480 / 1768.670    192.480 / 1768.670    ms
[1470.565s][info   ][gc,stats    ]    Subphase: Concurrent Mark                               0.000 / 0.000       200.177 / 235.611     372.785 / 1136.625    372.785 / 1136.625    ms
[1470.565s][info   ][gc,stats    ]    Subphase: Concurrent Mark Try Flush                     0.000 / 0.000         0.141 / 0.189        29.593 / 148.506      29.593 / 148.506     ms
[1470.565s][info   ][gc,stats    ]    Subphase: Concurrent Mark Try Terminate                 0.000 / 0.000         4.583 / 13.940        2.849 / 148.509       2.849 / 148.509     ms
[1470.565s][info   ][gc,stats    ]    Subphase: Concurrent References Enqueue                 0.000 / 0.000         0.015 / 0.017         0.012 / 0.017         0.012 / 0.017       ms
[1470.565s][info   ][gc,stats    ]    Subphase: Concurrent References Process                 0.000 / 0.000         0.984 / 1.201         0.775 / 2.501         0.775 / 2.501       ms
[1470.565s][info   ][gc,stats    ]    Subphase: Concurrent Roots ClassLoaderDataGraph         0.000 / 0.000         0.881 / 2.002         0.619 / 2.051         0.619 / 2.051       ms
[1470.566s][info   ][gc,stats    ]    Subphase: Concurrent Roots CodeCache                    0.000 / 0.000         0.000 / 0.000         0.000 / 0.000         0.000 / 0.000       ms
[1470.566s][info   ][gc,stats    ]    Subphase: Concurrent Roots JavaThreads                  0.000 / 0.000         5.480 / 7.439        68.732 / 475.340      68.732 / 475.340     ms
[1470.566s][info   ][gc,stats    ]    Subphase: Concurrent Roots OopStorageSet                0.000 / 0.000         0.510 / 0.690         0.219 / 0.708         0.219 / 0.708       ms
[1470.566s][info   ][gc,stats    ]    Subphase: Concurrent Weak Roots OopStorageSet           0.000 / 0.000         4.891 / 5.394         4.538 / 9.700         4.538 / 9.700       ms
[1470.566s][info   ][gc,stats    ]    Subphase: Pause Mark Try Complete                       0.000 / 0.000         0.000 / 0.000         0.053 / 0.195         0.053 / 0.195       ms
[1470.566s][info   ][gc,stats    ]      System: Java Threads                                      0 / 0                48 / 49               62 / 137              62 / 137         threads
[1470.566s][info   ][gc,stats    ] =========================================================================================================================================================
[1480.568s][info   ][gc,stats    ] === Garbage Collection Statistics =======================================================================================================================
[1480.568s][info   ][gc,stats    ]                                                              Last 10s              Last 10m              Last 10h                Total
[1480.568s][info   ][gc,stats    ]                                                              Avg / Max             Avg / Max             Avg / Max             Avg / Max
[1480.568s][info   ][gc,stats    ]   Collector: Garbage Collection Cycle                      0.000 / 0.000       296.370 / 349.949     812.062 / 3415.907    812.062 / 3415.907    ms
[1480.568s][info   ][gc,stats    ]  Contention: Mark Segment Reset Contention                     0 / 0                 0 / 2                 0 / 2                 0 / 2           ops/s
[1480.568s][info   ][gc,stats    ]  Contention: Mark SeqNum Reset Contention                      0 / 0                 0 / 0                 0 / 1                 0 / 1           ops/s
[1480.569s][info   ][gc,stats    ]    Critical: Allocation Stall                                  0 / 0                 0 / 0                 0 / 0                 0 / 0           ops/s
[1480.569s][info   ][gc,stats    ]    Critical: Allocation Stall                              0.000 / 0.000         0.000 / 0.000         0.000 / 0.000         0.000 / 0.000       ms
[1480.569s][info   ][gc,stats    ]    Critical: GC Locker Stall                                   0 / 0                 0 / 0                 0 / 0                 0 / 0           ops/s
[1480.569s][info   ][gc,stats    ]    Critical: GC Locker Stall                               0.000 / 0.000         0.000 / 0.000         0.000 / 0.000         0.000 / 0.000       ms
[1480.569s][info   ][gc,stats    ]    Critical: Relocation Stall                                  0 / 0                 0 / 0                 0 / 0                 0 / 0           ops/s
[1480.569s][info   ][gc,stats    ]    Critical: Relocation Stall                              0.000 / 0.000         0.000 / 0.000         0.000 / 0.000         0.000 / 0.000       ms
[1480.569s][info   ][gc,stats    ]      Memory: Allocation Rate                                   0 / 0                 0 / 10                2 / 68                2 / 68          MB/s
[1480.569s][info   ][gc,stats    ]      Memory: Defragment                                        0 / 0                 0 / 0                 0 / 0                 0 / 0           ops/s
[1480.569s][info   ][gc,stats    ]      Memory: Out Of Memory                                     0 / 0                 0 / 0                 0 / 0                 0 / 0           ops/s
[1480.570s][info   ][gc,stats    ]      Memory: Page Cache Flush                                  0 / 0                 0 / 0                 0 / 0                 0 / 0           MB/s
[1480.570s][info   ][gc,stats    ]      Memory: Page Cache Hit L1                                 0 / 0                 0 / 9                 0 / 30                0 / 30          ops/s
[1480.570s][info   ][gc,stats    ]      Memory: Page Cache Hit L2                                 0 / 0                 0 / 0                 0 / 0                 0 / 0           ops/s
[1480.570s][info   ][gc,stats    ]      Memory: Page Cache Hit L3                                 0 / 0                 0 / 0                 0 / 26                0 / 26          ops/s
[1480.570s][info   ][gc,stats    ]      Memory: Page Cache Miss                                   0 / 0                 0 / 0                 0 / 1                 0 / 1           ops/s
[1480.570s][info   ][gc,stats    ]      Memory: Uncommit                                          0 / 0                 0 / 0                 0 / 0                 0 / 0           MB/s
[1480.570s][info   ][gc,stats    ]      Memory: Undo Object Allocation Failed                     0 / 0                 0 / 0                 0 / 1                 0 / 1           ops/s
[1480.570s][info   ][gc,stats    ]      Memory: Undo Object Allocation Succeeded                  0 / 0                 0 / 0                 0 / 74                0 / 74          ops/s
[1480.570s][info   ][gc,stats    ]      Memory: Undo Page Allocation                              0 / 0                 0 / 0                 0 / 1                 0 / 1           ops/s
[1480.570s][info   ][gc,stats    ]       Phase: Concurrent Mark                               0.000 / 0.000       213.952 / 244.297     525.992 / 1491.398    525.992 / 1491.398    ms
[1480.571s][info   ][gc,stats    ]       Phase: Concurrent Mark Continue                      0.000 / 0.000         0.000 / 0.000         0.000 / 0.000         0.000 / 0.000       ms
[1480.571s][info   ][gc,stats    ]       Phase: Concurrent Mark Free                          0.000 / 0.000         0.001 / 0.002         0.002 / 0.004         0.002 / 0.004       ms
[1480.571s][info   ][gc,stats    ]       Phase: Concurrent Process Non-Strong References      0.000 / 0.000        53.169 / 77.869      218.676 / 1850.321    218.676 / 1850.321    ms
[1480.571s][info   ][gc,stats    ]       Phase: Concurrent Relocate                           0.000 / 0.000        18.844 / 19.993       15.794 / 33.849       15.794 / 33.849      ms
[1480.571s][info   ][gc,stats    ]       Phase: Concurrent Reset Relocation Set               0.000 / 0.000         0.012 / 0.016         0.017 / 0.040         0.017 / 0.040       ms
[1480.571s][info   ][gc,stats    ]       Phase: Concurrent Select Relocation Set              0.000 / 0.000         7.839 / 8.229         6.822 / 15.302        6.822 / 15.302      ms
[1480.571s][info   ][gc,stats    ]       Phase: Pause Mark End                                0.000 / 0.000         0.046 / 0.047         0.102 / 0.333         0.102 / 0.333       ms
[1480.571s][info   ][gc,stats    ]       Phase: Pause Mark Start                              0.000 / 0.000         0.048 / 0.057         0.037 / 0.083         0.037 / 0.083       ms
[1480.571s][info   ][gc,stats    ]       Phase: Pause Relocate Start                          0.000 / 0.000         0.031 / 0.037         0.031 / 0.079         0.031 / 0.079       ms
[1480.571s][info   ][gc,stats    ]    Subphase: Concurrent Classes Purge                      0.000 / 0.000         0.540 / 1.046         3.155 / 14.226        3.155 / 14.226      ms
[1480.572s][info   ][gc,stats    ]    Subphase: Concurrent Classes Unlink                     0.000 / 0.000        39.171 / 55.730      192.480 / 1768.670    192.480 / 1768.670    ms
[1480.572s][info   ][gc,stats    ]    Subphase: Concurrent Mark                               0.000 / 0.000       200.177 / 235.611     372.785 / 1136.625    372.785 / 1136.625    ms
[1480.572s][info   ][gc,stats    ]    Subphase: Concurrent Mark Try Flush                     0.000 / 0.000         0.141 / 0.189        29.593 / 148.506      29.593 / 148.506     ms
[1480.572s][info   ][gc,stats    ]    Subphase: Concurrent Mark Try Terminate                 0.000 / 0.000         4.583 / 13.940        2.849 / 148.509       2.849 / 148.509     ms
[1480.572s][info   ][gc,stats    ]    Subphase: Concurrent References Enqueue                 0.000 / 0.000         0.015 / 0.017         0.012 / 0.017         0.012 / 0.017       ms
[1480.572s][info   ][gc,stats    ]    Subphase: Concurrent References Process                 0.000 / 0.000         0.984 / 1.201         0.775 / 2.501         0.775 / 2.501       ms
[1480.572s][info   ][gc,stats    ]    Subphase: Concurrent Roots ClassLoaderDataGraph         0.000 / 0.000         0.881 / 2.002         0.619 / 2.051         0.619 / 2.051       ms
[1480.572s][info   ][gc,stats    ]    Subphase: Concurrent Roots CodeCache                    0.000 / 0.000         0.000 / 0.000         0.000 / 0.000         0.000 / 0.000       ms
[1480.572s][info   ][gc,stats    ]    Subphase: Concurrent Roots JavaThreads                  0.000 / 0.000         5.480 / 7.439        68.732 / 475.340      68.732 / 475.340     ms
[1480.572s][info   ][gc,stats    ]    Subphase: Concurrent Roots OopStorageSet                0.000 / 0.000         0.510 / 0.690         0.219 / 0.708         0.219 / 0.708       ms
[1480.572s][info   ][gc,stats    ]    Subphase: Concurrent Weak Roots OopStorageSet           0.000 / 0.000         4.891 / 5.394         4.538 / 9.700         4.538 / 9.700       ms
[1480.572s][info   ][gc,stats    ]    Subphase: Pause Mark Try Complete                       0.000 / 0.000         0.000 / 0.000         0.053 / 0.195         0.053 / 0.195       ms
[1480.572s][info   ][gc,stats    ]      System: Java Threads                                      0 / 0                48 / 49               62 / 137              62 / 137         threads
[1480.572s][info   ][gc,stats    ] =========================================================================================================================================================
[1490.559s][info   ][gc,stats    ] === Garbage Collection Statistics =======================================================================================================================
[1490.559s][info   ][gc,stats    ]                                                              Last 10s              Last 10m              Last 10h                Total
[1490.559s][info   ][gc,stats    ]                                                              Avg / Max             Avg / Max             Avg / Max             Avg / Max
[1490.560s][info   ][gc,stats    ]   Collector: Garbage Collection Cycle                      0.000 / 0.000       296.370 / 349.949     812.062 / 3415.907    812.062 / 3415.907    ms
[1490.560s][info   ][gc,stats    ]  Contention: Mark Segment Reset Contention                     0 / 0                 0 / 2                 0 / 2                 0 / 2           ops/s
[1490.560s][info   ][gc,stats    ]  Contention: Mark SeqNum Reset Contention                      0 / 0                 0 / 0                 0 / 1                 0 / 1           ops/s
[1490.560s][info   ][gc,stats    ]    Critical: Allocation Stall                                  0 / 0                 0 / 0                 0 / 0                 0 / 0           ops/s
[1490.560s][info   ][gc,stats    ]    Critical: Allocation Stall                              0.000 / 0.000         0.000 / 0.000         0.000 / 0.000         0.000 / 0.000       ms
[1490.560s][info   ][gc,stats    ]    Critical: GC Locker Stall                                   0 / 0                 0 / 0                 0 / 0                 0 / 0           ops/s
[1490.560s][info   ][gc,stats    ]    Critical: GC Locker Stall                               0.000 / 0.000         0.000 / 0.000         0.000 / 0.000         0.000 / 0.000       ms
[1490.560s][info   ][gc,stats    ]    Critical: Relocation Stall                                  0 / 0                 0 / 0                 0 / 0                 0 / 0           ops/s
[1490.560s][info   ][gc,stats    ]    Critical: Relocation Stall                              0.000 / 0.000         0.000 / 0.000         0.000 / 0.000         0.000 / 0.000       ms
[1490.560s][info   ][gc,stats    ]      Memory: Allocation Rate                                   0 / 2                 0 / 10                1 / 68                1 / 68          MB/s
[1490.561s][info   ][gc,stats    ]      Memory: Defragment                                        0 / 0                 0 / 0                 0 / 0                 0 / 0           ops/s
[1490.561s][info   ][gc,stats    ]      Memory: Out Of Memory                                     0 / 0                 0 / 0                 0 / 0                 0 / 0           ops/s
[1490.561s][info   ][gc,stats    ]      Memory: Page Cache Flush                                  0 / 0                 0 / 0                 0 / 0                 0 / 0           MB/s
[1490.561s][info   ][gc,stats    ]      Memory: Page Cache Hit L1                                 0 / 1                 0 / 9                 0 / 30                0 / 30          ops/s
[1490.561s][info   ][gc,stats    ]      Memory: Page Cache Hit L2                                 0 / 0                 0 / 0                 0 / 0                 0 / 0           ops/s
[1490.561s][info   ][gc,stats    ]      Memory: Page Cache Hit L3                                 0 / 0                 0 / 0                 0 / 26                0 / 26          ops/s
[1490.561s][info   ][gc,stats    ]      Memory: Page Cache Miss                                   0 / 0                 0 / 0                 0 / 1                 0 / 1           ops/s
[1490.561s][info   ][gc,stats    ]      Memory: Uncommit                                          0 / 0                 0 / 0                 0 / 0                 0 / 0           MB/s
[1490.561s][info   ][gc,stats    ]      Memory: Undo Object Allocation Failed                     0 / 0                 0 / 0                 0 / 1                 0 / 1           ops/s
[1490.561s][info   ][gc,stats    ]      Memory: Undo Object Allocation Succeeded                  0 / 0                 0 / 0                 0 / 74                0 / 74          ops/s
[1490.561s][info   ][gc,stats    ]      Memory: Undo Page Allocation                              0 / 0                 0 / 0                 0 / 1                 0 / 1           ops/s
[1490.561s][info   ][gc,stats    ]       Phase: Concurrent Mark                               0.000 / 0.000       213.952 / 244.297     525.992 / 1491.398    525.992 / 1491.398    ms
[1490.562s][info   ][gc,stats    ]       Phase: Concurrent Mark Continue                      0.000 / 0.000         0.000 / 0.000         0.000 / 0.000         0.000 / 0.000       ms
[1490.562s][info   ][gc,stats    ]       Phase: Concurrent Mark Free                          0.000 / 0.000         0.001 / 0.002         0.002 / 0.004         0.002 / 0.004       ms
[1490.563s][info   ][gc,stats    ]       Phase: Concurrent Process Non-Strong References      0.000 / 0.000        53.169 / 77.869      218.676 / 1850.321    218.676 / 1850.321    ms
[1490.563s][info   ][gc,stats    ]       Phase: Concurrent Relocate                           0.000 / 0.000        18.844 / 19.993       15.794 / 33.849       15.794 / 33.849      ms
[1490.563s][info   ][gc,stats    ]       Phase: Concurrent Reset Relocation Set               0.000 / 0.000         0.012 / 0.016         0.017 / 0.040         0.017 / 0.040       ms
[1490.563s][info   ][gc,stats    ]       Phase: Concurrent Select Relocation Set              0.000 / 0.000         7.839 / 8.229         6.822 / 15.302        6.822 / 15.302      ms
[1490.563s][info   ][gc,stats    ]       Phase: Pause Mark End                                0.000 / 0.000         0.046 / 0.047         0.102 / 0.333         0.102 / 0.333       ms
[1490.563s][info   ][gc,stats    ]       Phase: Pause Mark Start                              0.000 / 0.000         0.048 / 0.057         0.037 / 0.083         0.037 / 0.083       ms
[1490.563s][info   ][gc,stats    ]       Phase: Pause Relocate Start                          0.000 / 0.000         0.031 / 0.037         0.031 / 0.079         0.031 / 0.079       ms
[1490.563s][info   ][gc,stats    ]    Subphase: Concurrent Classes Purge                      0.000 / 0.000         0.540 / 1.046         3.155 / 14.226        3.155 / 14.226      ms
[1490.563s][info   ][gc,stats    ]    Subphase: Concurrent Classes Unlink                     0.000 / 0.000        39.171 / 55.730      192.480 / 1768.670    192.480 / 1768.670    ms
[1490.563s][info   ][gc,stats    ]    Subphase: Concurrent Mark                               0.000 / 0.000       200.177 / 235.611     372.785 / 1136.625    372.785 / 1136.625    ms
[1490.564s][info   ][gc,stats    ]    Subphase: Concurrent Mark Try Flush                     0.000 / 0.000         0.141 / 0.189        29.593 / 148.506      29.593 / 148.506     ms
[1490.564s][info   ][gc,stats    ]    Subphase: Concurrent Mark Try Terminate                 0.000 / 0.000         4.583 / 13.940        2.849 / 148.509       2.849 / 148.509     ms
[1490.564s][info   ][gc,stats    ]    Subphase: Concurrent References Enqueue                 0.000 / 0.000         0.015 / 0.017         0.012 / 0.017         0.012 / 0.017       ms
[1490.564s][info   ][gc,stats    ]    Subphase: Concurrent References Process                 0.000 / 0.000         0.984 / 1.201         0.775 / 2.501         0.775 / 2.501       ms
[1490.564s][info   ][gc,stats    ]    Subphase: Concurrent Roots ClassLoaderDataGraph         0.000 / 0.000         0.881 / 2.002         0.619 / 2.051         0.619 / 2.051       ms
[1490.564s][info   ][gc,stats    ]    Subphase: Concurrent Roots CodeCache                    0.000 / 0.000         0.000 / 0.000         0.000 / 0.000         0.000 / 0.000       ms
[1490.564s][info   ][gc,stats    ]    Subphase: Concurrent Roots JavaThreads                  0.000 / 0.000         5.480 / 7.439        68.732 / 475.340      68.732 / 475.340     ms
[1490.564s][info   ][gc,stats    ]    Subphase: Concurrent Roots OopStorageSet                0.000 / 0.000         0.510 / 0.690         0.219 / 0.708         0.219 / 0.708       ms
[1490.564s][info   ][gc,stats    ]    Subphase: Concurrent Weak Roots OopStorageSet           0.000 / 0.000         4.891 / 5.394         4.538 / 9.700         4.538 / 9.700       ms
[1490.564s][info   ][gc,stats    ]    Subphase: Pause Mark Try Complete                       0.000 / 0.000         0.000 / 0.000         0.053 / 0.195         0.053 / 0.195       ms
[1490.564s][info   ][gc,stats    ]      System: Java Threads                                      0 / 0                48 / 49               62 / 137              62 / 137         threads
[1490.564s][info   ][gc,stats    ] =========================================================================================================================================================
[1500.563s][info   ][gc,stats    ] === Garbage Collection Statistics =======================================================================================================================
[1500.563s][info   ][gc,stats    ]                                                              Last 10s              Last 10m              Last 10h                Total
[1500.563s][info   ][gc,stats    ]                                                              Avg / Max             Avg / Max             Avg / Max             Avg / Max
[1500.563s][info   ][gc,stats    ]   Collector: Garbage Collection Cycle                      0.000 / 0.000       296.370 / 349.949     812.062 / 3415.907    812.062 / 3415.907    ms
[1500.564s][info   ][gc,stats    ]  Contention: Mark Segment Reset Contention                     0 / 0                 0 / 2                 0 / 2                 0 / 2           ops/s
[1500.564s][info   ][gc,stats    ]  Contention: Mark SeqNum Reset Contention                      0 / 0                 0 / 0                 0 / 1                 0 / 1           ops/s
[1500.564s][info   ][gc,stats    ]    Critical: Allocation Stall                                  0 / 0                 0 / 0                 0 / 0                 0 / 0           ops/s
[1500.564s][info   ][gc,stats    ]    Critical: Allocation Stall                              0.000 / 0.000         0.000 / 0.000         0.000 / 0.000         0.000 / 0.000       ms
[1500.564s][info   ][gc,stats    ]    Critical: GC Locker Stall                                   0 / 0                 0 / 0                 0 / 0                 0 / 0           ops/s
[1500.564s][info   ][gc,stats    ]    Critical: GC Locker Stall                               0.000 / 0.000         0.000 / 0.000         0.000 / 0.000         0.000 / 0.000       ms
[1500.565s][info   ][gc,stats    ]    Critical: Relocation Stall                                  0 / 0                 0 / 0                 0 / 0                 0 / 0           ops/s
[1500.565s][info   ][gc,stats    ]    Critical: Relocation Stall                              0.000 / 0.000         0.000 / 0.000         0.000 / 0.000         0.000 / 0.000       ms
[1500.565s][info   ][gc,stats    ]      Memory: Allocation Rate                                   0 / 0                 0 / 10                1 / 68                1 / 68          MB/s
[1500.565s][info   ][gc,stats    ]      Memory: Defragment                                        0 / 0                 0 / 0                 0 / 0                 0 / 0           ops/s
[1500.565s][info   ][gc,stats    ]      Memory: Out Of Memory                                     0 / 0                 0 / 0                 0 / 0                 0 / 0           ops/s
[1500.565s][info   ][gc,stats    ]      Memory: Page Cache Flush                                  0 / 0                 0 / 0                 0 / 0                 0 / 0           MB/s
[1500.565s][info   ][gc,stats    ]      Memory: Page Cache Hit L1                                 0 / 0                 0 / 9                 0 / 30                0 / 30          ops/s
[1500.565s][info   ][gc,stats    ]      Memory: Page Cache Hit L2                                 0 / 0                 0 / 0                 0 / 0                 0 / 0           ops/s
[1500.565s][info   ][gc,stats    ]      Memory: Page Cache Hit L3                                 0 / 0                 0 / 0                 0 / 26                0 / 26          ops/s
[1500.565s][info   ][gc,stats    ]      Memory: Page Cache Miss                                   0 / 0                 0 / 0                 0 / 1                 0 / 1           ops/s
[1500.565s][info   ][gc,stats    ]      Memory: Uncommit                                          0 / 0                 0 / 0                 0 / 0                 0 / 0           MB/s
[1500.565s][info   ][gc,stats    ]      Memory: Undo Object Allocation Failed                     0 / 0                 0 / 0                 0 / 1                 0 / 1           ops/s
[1500.566s][info   ][gc,stats    ]      Memory: Undo Object Allocation Succeeded                  0 / 0                 0 / 0                 0 / 74                0 / 74          ops/s
[1500.566s][info   ][gc,stats    ]      Memory: Undo Page Allocation                              0 / 0                 0 / 0                 0 / 1                 0 / 1           ops/s
[1500.566s][info   ][gc,stats    ]       Phase: Concurrent Mark                               0.000 / 0.000       213.952 / 244.297     525.992 / 1491.398    525.992 / 1491.398    ms
[1500.566s][info   ][gc,stats    ]       Phase: Concurrent Mark Continue                      0.000 / 0.000         0.000 / 0.000         0.000 / 0.000         0.000 / 0.000       ms
[1500.566s][info   ][gc,stats    ]       Phase: Concurrent Mark Free                          0.000 / 0.000         0.001 / 0.002         0.002 / 0.004         0.002 / 0.004       ms
[1500.567s][info   ][gc,stats    ]       Phase: Concurrent Process Non-Strong References      0.000 / 0.000        53.169 / 77.869      218.676 / 1850.321    218.676 / 1850.321    ms
[1500.567s][info   ][gc,stats    ]       Phase: Concurrent Relocate                           0.000 / 0.000        18.844 / 19.993       15.794 / 33.849       15.794 / 33.849      ms
[1500.567s][info   ][gc,stats    ]       Phase: Concurrent Reset Relocation Set               0.000 / 0.000         0.012 / 0.016         0.017 / 0.040         0.017 / 0.040       ms
[1500.567s][info   ][gc,stats    ]       Phase: Concurrent Select Relocation Set              0.000 / 0.000         7.839 / 8.229         6.822 / 15.302        6.822 / 15.302      ms
[1500.567s][info   ][gc,stats    ]       Phase: Pause Mark End                                0.000 / 0.000         0.046 / 0.047         0.102 / 0.333         0.102 / 0.333       ms
[1500.567s][info   ][gc,stats    ]       Phase: Pause Mark Start                              0.000 / 0.000         0.048 / 0.057         0.037 / 0.083         0.037 / 0.083       ms
[1500.567s][info   ][gc,stats    ]       Phase: Pause Relocate Start                          0.000 / 0.000         0.031 / 0.037         0.031 / 0.079         0.031 / 0.079       ms
[1500.567s][info   ][gc,stats    ]    Subphase: Concurrent Classes Purge                      0.000 / 0.000         0.540 / 1.046         3.155 / 14.226        3.155 / 14.226      ms
[1500.567s][info   ][gc,stats    ]    Subphase: Concurrent Classes Unlink                     0.000 / 0.000        39.171 / 55.730      192.480 / 1768.670    192.480 / 1768.670    ms
[1500.567s][info   ][gc,stats    ]    Subphase: Concurrent Mark                               0.000 / 0.000       200.177 / 235.611     372.785 / 1136.625    372.785 / 1136.625    ms
[1500.567s][info   ][gc,stats    ]    Subphase: Concurrent Mark Try Flush                     0.000 / 0.000         0.141 / 0.189        29.593 / 148.506      29.593 / 148.506     ms
[1500.568s][info   ][gc,stats    ]    Subphase: Concurrent Mark Try Terminate                 0.000 / 0.000         4.583 / 13.940        2.849 / 148.509       2.849 / 148.509     ms
[1500.568s][info   ][gc,stats    ]    Subphase: Concurrent References Enqueue                 0.000 / 0.000         0.015 / 0.017         0.012 / 0.017         0.012 / 0.017       ms
[1500.568s][info   ][gc,stats    ]    Subphase: Concurrent References Process                 0.000 / 0.000         0.984 / 1.201         0.775 / 2.501         0.775 / 2.501       ms
[1500.568s][info   ][gc,stats    ]    Subphase: Concurrent Roots ClassLoaderDataGraph         0.000 / 0.000         0.881 / 2.002         0.619 / 2.051         0.619 / 2.051       ms
[1500.568s][info   ][gc,stats    ]    Subphase: Concurrent Roots CodeCache                    0.000 / 0.000         0.000 / 0.000         0.000 / 0.000         0.000 / 0.000       ms
[1500.568s][info   ][gc,stats    ]    Subphase: Concurrent Roots JavaThreads                  0.000 / 0.000         5.480 / 7.439        68.732 / 475.340      68.732 / 475.340     ms
[1500.568s][info   ][gc,stats    ]    Subphase: Concurrent Roots OopStorageSet                0.000 / 0.000         0.510 / 0.690         0.219 / 0.708         0.219 / 0.708       ms
[1500.568s][info   ][gc,stats    ]    Subphase: Concurrent Weak Roots OopStorageSet           0.000 / 0.000         4.891 / 5.394         4.538 / 9.700         4.538 / 9.700       ms
[1500.568s][info   ][gc,stats    ]    Subphase: Pause Mark Try Complete                       0.000 / 0.000         0.000 / 0.000         0.053 / 0.195         0.053 / 0.195       ms
[1500.568s][info   ][gc,stats    ]      System: Java Threads                                      0 / 0                48 / 49               62 / 137              62 / 137         threads
[1500.568s][info   ][gc,stats    ] =========================================================================================================================================================
[1510.565s][info   ][gc,stats    ] === Garbage Collection Statistics =======================================================================================================================
[1510.565s][info   ][gc,stats    ]                                                              Last 10s              Last 10m              Last 10h                Total
[1510.565s][info   ][gc,stats    ]                                                              Avg / Max             Avg / Max             Avg / Max             Avg / Max
[1510.565s][info   ][gc,stats    ]   Collector: Garbage Collection Cycle                      0.000 / 0.000       296.370 / 349.949     812.062 / 3415.907    812.062 / 3415.907    ms
[1510.566s][info   ][gc,stats    ]  Contention: Mark Segment Reset Contention                     0 / 0                 0 / 2                 0 / 2                 0 / 2           ops/s
[1510.566s][info   ][gc,stats    ]  Contention: Mark SeqNum Reset Contention                      0 / 0                 0 / 0                 0 / 1                 0 / 1           ops/s
[1510.566s][info   ][gc,stats    ]    Critical: Allocation Stall                                  0 / 0                 0 / 0                 0 / 0                 0 / 0           ops/s
[1510.566s][info   ][gc,stats    ]    Critical: Allocation Stall                              0.000 / 0.000         0.000 / 0.000         0.000 / 0.000         0.000 / 0.000       ms
[1510.566s][info   ][gc,stats    ]    Critical: GC Locker Stall                                   0 / 0                 0 / 0                 0 / 0                 0 / 0           ops/s
[1510.566s][info   ][gc,stats    ]    Critical: GC Locker Stall                               0.000 / 0.000         0.000 / 0.000         0.000 / 0.000         0.000 / 0.000       ms
[1510.566s][info   ][gc,stats    ]    Critical: Relocation Stall                                  0 / 0                 0 / 0                 0 / 0                 0 / 0           ops/s
[1510.567s][info   ][gc,stats    ]    Critical: Relocation Stall                              0.000 / 0.000         0.000 / 0.000         0.000 / 0.000         0.000 / 0.000       ms
[1510.567s][info   ][gc,stats    ]      Memory: Allocation Rate                                   0 / 0                 0 / 10                1 / 68                1 / 68          MB/s
[1510.567s][info   ][gc,stats    ]      Memory: Defragment                                        0 / 0                 0 / 0                 0 / 0                 0 / 0           ops/s
[1510.567s][info   ][gc,stats    ]      Memory: Out Of Memory                                     0 / 0                 0 / 0                 0 / 0                 0 / 0           ops/s
[1510.567s][info   ][gc,stats    ]      Memory: Page Cache Flush                                  0 / 0                 0 / 0                 0 / 0                 0 / 0           MB/s
[1510.567s][info   ][gc,stats    ]      Memory: Page Cache Hit L1                                 0 / 0                 0 / 9                 0 / 30                0 / 30          ops/s
[1510.567s][info   ][gc,stats    ]      Memory: Page Cache Hit L2                                 0 / 0                 0 / 0                 0 / 0                 0 / 0           ops/s
[1510.568s][info   ][gc,stats    ]      Memory: Page Cache Hit L3                                 0 / 0                 0 / 0                 0 / 26                0 / 26          ops/s
[1510.568s][info   ][gc,stats    ]      Memory: Page Cache Miss                                   0 / 0                 0 / 0                 0 / 1                 0 / 1           ops/s
[1510.568s][info   ][gc,stats    ]      Memory: Uncommit                                          0 / 0                 0 / 0                 0 / 0                 0 / 0           MB/s
[1510.568s][info   ][gc,stats    ]      Memory: Undo Object Allocation Failed                     0 / 0                 0 / 0                 0 / 1                 0 / 1           ops/s
[1510.568s][info   ][gc,stats    ]      Memory: Undo Object Allocation Succeeded                  0 / 0                 0 / 0                 0 / 74                0 / 74          ops/s
[1510.568s][info   ][gc,stats    ]      Memory: Undo Page Allocation                              0 / 0                 0 / 0                 0 / 1                 0 / 1           ops/s
[1510.568s][info   ][gc,stats    ]       Phase: Concurrent Mark                               0.000 / 0.000       213.952 / 244.297     525.992 / 1491.398    525.992 / 1491.398    ms
[1510.568s][info   ][gc,stats    ]       Phase: Concurrent Mark Continue                      0.000 / 0.000         0.000 / 0.000         0.000 / 0.000         0.000 / 0.000       ms
[1510.569s][info   ][gc,stats    ]       Phase: Concurrent Mark Free                          0.000 / 0.000         0.001 / 0.002         0.002 / 0.004         0.002 / 0.004       ms
[1510.569s][info   ][gc,stats    ]       Phase: Concurrent Process Non-Strong References      0.000 / 0.000        53.169 / 77.869      218.676 / 1850.321    218.676 / 1850.321    ms
[1510.569s][info   ][gc,stats    ]       Phase: Concurrent Relocate                           0.000 / 0.000        18.844 / 19.993       15.794 / 33.849       15.794 / 33.849      ms
[1510.569s][info   ][gc,stats    ]       Phase: Concurrent Reset Relocation Set               0.000 / 0.000         0.012 / 0.016         0.017 / 0.040         0.017 / 0.040       ms
[1510.569s][info   ][gc,stats    ]       Phase: Concurrent Select Relocation Set              0.000 / 0.000         7.839 / 8.229         6.822 / 15.302        6.822 / 15.302      ms
[1510.570s][info   ][gc,stats    ]       Phase: Pause Mark End                                0.000 / 0.000         0.046 / 0.047         0.102 / 0.333         0.102 / 0.333       ms
[1510.570s][info   ][gc,stats    ]       Phase: Pause Mark Start                              0.000 / 0.000         0.048 / 0.057         0.037 / 0.083         0.037 / 0.083       ms
[1510.570s][info   ][gc,stats    ]       Phase: Pause Relocate Start                          0.000 / 0.000         0.031 / 0.037         0.031 / 0.079         0.031 / 0.079       ms
[1510.570s][info   ][gc,stats    ]    Subphase: Concurrent Classes Purge                      0.000 / 0.000         0.540 / 1.046         3.155 / 14.226        3.155 / 14.226      ms
[1510.571s][info   ][gc,stats    ]    Subphase: Concurrent Classes Unlink                     0.000 / 0.000        39.171 / 55.730      192.480 / 1768.670    192.480 / 1768.670    ms
[1510.571s][info   ][gc,stats    ]    Subphase: Concurrent Mark                               0.000 / 0.000       200.177 / 235.611     372.785 / 1136.625    372.785 / 1136.625    ms
[1510.571s][info   ][gc,stats    ]    Subphase: Concurrent Mark Try Flush                     0.000 / 0.000         0.141 / 0.189        29.593 / 148.506      29.593 / 148.506     ms
[1510.571s][info   ][gc,stats    ]    Subphase: Concurrent Mark Try Terminate                 0.000 / 0.000         4.583 / 13.940        2.849 / 148.509       2.849 / 148.509     ms
[1510.571s][info   ][gc,stats    ]    Subphase: Concurrent References Enqueue                 0.000 / 0.000         0.015 / 0.017         0.012 / 0.017         0.012 / 0.017       ms
[1510.571s][info   ][gc,stats    ]    Subphase: Concurrent References Process                 0.000 / 0.000         0.984 / 1.201         0.775 / 2.501         0.775 / 2.501       ms
[1510.572s][info   ][gc,stats    ]    Subphase: Concurrent Roots ClassLoaderDataGraph         0.000 / 0.000         0.881 / 2.002         0.619 / 2.051         0.619 / 2.051       ms
[1510.572s][info   ][gc,stats    ]    Subphase: Concurrent Roots CodeCache                    0.000 / 0.000         0.000 / 0.000         0.000 / 0.000         0.000 / 0.000       ms
[1510.572s][info   ][gc,stats    ]    Subphase: Concurrent Roots JavaThreads                  0.000 / 0.000         5.480 / 7.439        68.732 / 475.340      68.732 / 475.340     ms
[1510.572s][info   ][gc,stats    ]    Subphase: Concurrent Roots OopStorageSet                0.000 / 0.000         0.510 / 0.690         0.219 / 0.708         0.219 / 0.708       ms
[1510.572s][info   ][gc,stats    ]    Subphase: Concurrent Weak Roots OopStorageSet           0.000 / 0.000         4.891 / 5.394         4.538 / 9.700         4.538 / 9.700       ms
[1510.572s][info   ][gc,stats    ]    Subphase: Pause Mark Try Complete                       0.000 / 0.000         0.000 / 0.000         0.053 / 0.195         0.053 / 0.195       ms
[1510.573s][info   ][gc,stats    ]      System: Java Threads                                      0 / 0                48 / 49               62 / 137              62 / 137         threads
[1510.573s][info   ][gc,stats    ] =========================================================================================================================================================
[1520.558s][info   ][gc,stats    ] === Garbage Collection Statistics =======================================================================================================================
[1520.558s][info   ][gc,stats    ]                                                              Last 10s              Last 10m              Last 10h                Total
[1520.558s][info   ][gc,stats    ]                                                              Avg / Max             Avg / Max             Avg / Max             Avg / Max
[1520.559s][info   ][gc,stats    ]   Collector: Garbage Collection Cycle                      0.000 / 0.000       296.370 / 349.949     812.062 / 3415.907    812.062 / 3415.907    ms
[1520.559s][info   ][gc,stats    ]  Contention: Mark Segment Reset Contention                     0 / 0                 0 / 2                 0 / 2                 0 / 2           ops/s
[1520.559s][info   ][gc,stats    ]  Contention: Mark SeqNum Reset Contention                      0 / 0                 0 / 0                 0 / 1                 0 / 1           ops/s
[1520.559s][info   ][gc,stats    ]    Critical: Allocation Stall                                  0 / 0                 0 / 0                 0 / 0                 0 / 0           ops/s
[1520.559s][info   ][gc,stats    ]    Critical: Allocation Stall                              0.000 / 0.000         0.000 / 0.000         0.000 / 0.000         0.000 / 0.000       ms
[1520.559s][info   ][gc,stats    ]    Critical: GC Locker Stall                                   0 / 0                 0 / 0                 0 / 0                 0 / 0           ops/s
[1520.559s][info   ][gc,stats    ]    Critical: GC Locker Stall                               0.000 / 0.000         0.000 / 0.000         0.000 / 0.000         0.000 / 0.000       ms
[1520.559s][info   ][gc,stats    ]    Critical: Relocation Stall                                  0 / 0                 0 / 0                 0 / 0                 0 / 0           ops/s
[1520.559s][info   ][gc,stats    ]    Critical: Relocation Stall                              0.000 / 0.000         0.000 / 0.000         0.000 / 0.000         0.000 / 0.000       ms
[1520.559s][info   ][gc,stats    ]      Memory: Allocation Rate                                   0 / 2                 0 / 10                1 / 68                1 / 68          MB/s
[1520.559s][info   ][gc,stats    ]      Memory: Defragment                                        0 / 0                 0 / 0                 0 / 0                 0 / 0           ops/s
[1520.559s][info   ][gc,stats    ]      Memory: Out Of Memory                                     0 / 0                 0 / 0                 0 / 0                 0 / 0           ops/s
[1520.559s][info   ][gc,stats    ]      Memory: Page Cache Flush                                  0 / 0                 0 / 0                 0 / 0                 0 / 0           MB/s
[1520.559s][info   ][gc,stats    ]      Memory: Page Cache Hit L1                                 0 / 1                 0 / 9                 0 / 30                0 / 30          ops/s
[1520.559s][info   ][gc,stats    ]      Memory: Page Cache Hit L2                                 0 / 0                 0 / 0                 0 / 0                 0 / 0           ops/s
[1520.559s][info   ][gc,stats    ]      Memory: Page Cache Hit L3                                 0 / 0                 0 / 0                 0 / 26                0 / 26          ops/s
[1520.559s][info   ][gc,stats    ]      Memory: Page Cache Miss                                   0 / 0                 0 / 0                 0 / 1                 0 / 1           ops/s
[1520.559s][info   ][gc,stats    ]      Memory: Uncommit                                          0 / 0                 0 / 0                 0 / 0                 0 / 0           MB/s
[1520.560s][info   ][gc,stats    ]      Memory: Undo Object Allocation Failed                     0 / 0                 0 / 0                 0 / 1                 0 / 1           ops/s
[1520.560s][info   ][gc,stats    ]      Memory: Undo Object Allocation Succeeded                  0 / 0                 0 / 0                 0 / 74                0 / 74          ops/s
[1520.560s][info   ][gc,stats    ]      Memory: Undo Page Allocation                              0 / 0                 0 / 0                 0 / 1                 0 / 1           ops/s
[1520.560s][info   ][gc,stats    ]       Phase: Concurrent Mark                               0.000 / 0.000       213.952 / 244.297     525.992 / 1491.398    525.992 / 1491.398    ms
[1520.560s][info   ][gc,stats    ]       Phase: Concurrent Mark Continue                      0.000 / 0.000         0.000 / 0.000         0.000 / 0.000         0.000 / 0.000       ms
[1520.560s][info   ][gc,stats    ]       Phase: Concurrent Mark Free                          0.000 / 0.000         0.001 / 0.002         0.002 / 0.004         0.002 / 0.004       ms
[1520.560s][info   ][gc,stats    ]       Phase: Concurrent Process Non-Strong References      0.000 / 0.000        53.169 / 77.869      218.676 / 1850.321    218.676 / 1850.321    ms
[1520.560s][info   ][gc,stats    ]       Phase: Concurrent Relocate                           0.000 / 0.000        18.844 / 19.993       15.794 / 33.849       15.794 / 33.849      ms
[1520.560s][info   ][gc,stats    ]       Phase: Concurrent Reset Relocation Set               0.000 / 0.000         0.012 / 0.016         0.017 / 0.040         0.017 / 0.040       ms
[1520.560s][info   ][gc,stats    ]       Phase: Concurrent Select Relocation Set              0.000 / 0.000         7.839 / 8.229         6.822 / 15.302        6.822 / 15.302      ms
[1520.560s][info   ][gc,stats    ]       Phase: Pause Mark End                                0.000 / 0.000         0.046 / 0.047         0.102 / 0.333         0.102 / 0.333       ms
[1520.560s][info   ][gc,stats    ]       Phase: Pause Mark Start                              0.000 / 0.000         0.048 / 0.057         0.037 / 0.083         0.037 / 0.083       ms
[1520.560s][info   ][gc,stats    ]       Phase: Pause Relocate Start                          0.000 / 0.000         0.031 / 0.037         0.031 / 0.079         0.031 / 0.079       ms
[1520.560s][info   ][gc,stats    ]    Subphase: Concurrent Classes Purge                      0.000 / 0.000         0.540 / 1.046         3.155 / 14.226        3.155 / 14.226      ms
[1520.560s][info   ][gc,stats    ]    Subphase: Concurrent Classes Unlink                     0.000 / 0.000        39.171 / 55.730      192.480 / 1768.670    192.480 / 1768.670    ms
[1520.560s][info   ][gc,stats    ]    Subphase: Concurrent Mark                               0.000 / 0.000       200.177 / 235.611     372.785 / 1136.625    372.785 / 1136.625    ms
[1520.560s][info   ][gc,stats    ]    Subphase: Concurrent Mark Try Flush                     0.000 / 0.000         0.141 / 0.189        29.593 / 148.506      29.593 / 148.506     ms
[1520.560s][info   ][gc,stats    ]    Subphase: Concurrent Mark Try Terminate                 0.000 / 0.000         4.583 / 13.940        2.849 / 148.509       2.849 / 148.509     ms
[1520.561s][info   ][gc,stats    ]    Subphase: Concurrent References Enqueue                 0.000 / 0.000         0.015 / 0.017         0.012 / 0.017         0.012 / 0.017       ms
[1520.561s][info   ][gc,stats    ]    Subphase: Concurrent References Process                 0.000 / 0.000         0.984 / 1.201         0.775 / 2.501         0.775 / 2.501       ms
[1520.561s][info   ][gc,stats    ]    Subphase: Concurrent Roots ClassLoaderDataGraph         0.000 / 0.000         0.881 / 2.002         0.619 / 2.051         0.619 / 2.051       ms
[1520.561s][info   ][gc,stats    ]    Subphase: Concurrent Roots CodeCache                    0.000 / 0.000         0.000 / 0.000         0.000 / 0.000         0.000 / 0.000       ms
[1520.561s][info   ][gc,stats    ]    Subphase: Concurrent Roots JavaThreads                  0.000 / 0.000         5.480 / 7.439        68.732 / 475.340      68.732 / 475.340     ms
[1520.561s][info   ][gc,stats    ]    Subphase: Concurrent Roots OopStorageSet                0.000 / 0.000         0.510 / 0.690         0.219 / 0.708         0.219 / 0.708       ms
[1520.561s][info   ][gc,stats    ]    Subphase: Concurrent Weak Roots OopStorageSet           0.000 / 0.000         4.891 / 5.394         4.538 / 9.700         4.538 / 9.700       ms
[1520.561s][info   ][gc,stats    ]    Subphase: Pause Mark Try Complete                       0.000 / 0.000         0.000 / 0.000         0.053 / 0.195         0.053 / 0.195       ms
[1520.561s][info   ][gc,stats    ]      System: Java Threads                                      0 / 0                48 / 49               62 / 137              62 / 137         threads
[1520.561s][info   ][gc,stats    ] =========================================================================================================================================================
[1530.561s][info   ][gc,stats    ] === Garbage Collection Statistics =======================================================================================================================
[1530.561s][info   ][gc,stats    ]                                                              Last 10s              Last 10m              Last 10h                Total
[1530.561s][info   ][gc,stats    ]                                                              Avg / Max             Avg / Max             Avg / Max             Avg / Max
[1530.561s][info   ][gc,stats    ]   Collector: Garbage Collection Cycle                      0.000 / 0.000       296.370 / 349.949     812.062 / 3415.907    812.062 / 3415.907    ms
[1530.561s][info   ][gc,stats    ]  Contention: Mark Segment Reset Contention                     0 / 0                 0 / 2                 0 / 2                 0 / 2           ops/s
[1530.561s][info   ][gc,stats    ]  Contention: Mark SeqNum Reset Contention                      0 / 0                 0 / 0                 0 / 1                 0 / 1           ops/s
[1530.562s][info   ][gc,stats    ]    Critical: Allocation Stall                                  0 / 0                 0 / 0                 0 / 0                 0 / 0           ops/s
[1530.562s][info   ][gc,stats    ]    Critical: Allocation Stall                              0.000 / 0.000         0.000 / 0.000         0.000 / 0.000         0.000 / 0.000       ms
[1530.562s][info   ][gc,stats    ]    Critical: GC Locker Stall                                   0 / 0                 0 / 0                 0 / 0                 0 / 0           ops/s
[1530.562s][info   ][gc,stats    ]    Critical: GC Locker Stall                               0.000 / 0.000         0.000 / 0.000         0.000 / 0.000         0.000 / 0.000       ms
[1530.562s][info   ][gc,stats    ]    Critical: Relocation Stall                                  0 / 0                 0 / 0                 0 / 0                 0 / 0           ops/s
[1530.562s][info   ][gc,stats    ]    Critical: Relocation Stall                              0.000 / 0.000         0.000 / 0.000         0.000 / 0.000         0.000 / 0.000       ms
[1530.563s][info   ][gc,stats    ]      Memory: Allocation Rate                                   0 / 2                 0 / 10                1 / 68                1 / 68          MB/s
[1530.563s][info   ][gc,stats    ]      Memory: Defragment                                        0 / 0                 0 / 0                 0 / 0                 0 / 0           ops/s
[1530.563s][info   ][gc,stats    ]      Memory: Out Of Memory                                     0 / 0                 0 / 0                 0 / 0                 0 / 0           ops/s
[1530.563s][info   ][gc,stats    ]      Memory: Page Cache Flush                                  0 / 0                 0 / 0                 0 / 0                 0 / 0           MB/s
[1530.563s][info   ][gc,stats    ]      Memory: Page Cache Hit L1                                 0 / 1                 0 / 9                 0 / 30                0 / 30          ops/s
[1530.563s][info   ][gc,stats    ]      Memory: Page Cache Hit L2                                 0 / 0                 0 / 0                 0 / 0                 0 / 0           ops/s
[1530.563s][info   ][gc,stats    ]      Memory: Page Cache Hit L3                                 0 / 0                 0 / 0                 0 / 26                0 / 26          ops/s
[1530.563s][info   ][gc,stats    ]      Memory: Page Cache Miss                                   0 / 0                 0 / 0                 0 / 1                 0 / 1           ops/s
[1530.564s][info   ][gc,stats    ]      Memory: Uncommit                                          0 / 0                 0 / 0                 0 / 0                 0 / 0           MB/s
[1530.564s][info   ][gc,stats    ]      Memory: Undo Object Allocation Failed                     0 / 0                 0 / 0                 0 / 1                 0 / 1           ops/s
[1530.564s][info   ][gc,stats    ]      Memory: Undo Object Allocation Succeeded                  0 / 0                 0 / 0                 0 / 74                0 / 74          ops/s
[1530.564s][info   ][gc,stats    ]      Memory: Undo Page Allocation                              0 / 0                 0 / 0                 0 / 1                 0 / 1           ops/s
[1530.564s][info   ][gc,stats    ]       Phase: Concurrent Mark                               0.000 / 0.000       213.952 / 244.297     525.992 / 1491.398    525.992 / 1491.398    ms
[1530.564s][info   ][gc,stats    ]       Phase: Concurrent Mark Continue                      0.000 / 0.000         0.000 / 0.000         0.000 / 0.000         0.000 / 0.000       ms
[1530.565s][info   ][gc,stats    ]       Phase: Concurrent Mark Free                          0.000 / 0.000         0.001 / 0.002         0.002 / 0.004         0.002 / 0.004       ms
[1530.565s][info   ][gc,stats    ]       Phase: Concurrent Process Non-Strong References      0.000 / 0.000        53.169 / 77.869      218.676 / 1850.321    218.676 / 1850.321    ms
[1530.565s][info   ][gc,stats    ]       Phase: Concurrent Relocate                           0.000 / 0.000        18.844 / 19.993       15.794 / 33.849       15.794 / 33.849      ms
[1530.565s][info   ][gc,stats    ]       Phase: Concurrent Reset Relocation Set               0.000 / 0.000         0.012 / 0.016         0.017 / 0.040         0.017 / 0.040       ms
[1530.565s][info   ][gc,stats    ]       Phase: Concurrent Select Relocation Set              0.000 / 0.000         7.839 / 8.229         6.822 / 15.302        6.822 / 15.302      ms
[1530.566s][info   ][gc,stats    ]       Phase: Pause Mark End                                0.000 / 0.000         0.046 / 0.047         0.102 / 0.333         0.102 / 0.333       ms
[1530.566s][info   ][gc,stats    ]       Phase: Pause Mark Start                              0.000 / 0.000         0.048 / 0.057         0.037 / 0.083         0.037 / 0.083       ms
[1530.566s][info   ][gc,stats    ]       Phase: Pause Relocate Start                          0.000 / 0.000         0.031 / 0.037         0.031 / 0.079         0.031 / 0.079       ms
[1530.566s][info   ][gc,stats    ]    Subphase: Concurrent Classes Purge                      0.000 / 0.000         0.540 / 1.046         3.155 / 14.226        3.155 / 14.226      ms
[1530.566s][info   ][gc,stats    ]    Subphase: Concurrent Classes Unlink                     0.000 / 0.000        39.171 / 55.730      192.480 / 1768.670    192.480 / 1768.670    ms
[1530.566s][info   ][gc,stats    ]    Subphase: Concurrent Mark                               0.000 / 0.000       200.177 / 235.611     372.785 / 1136.625    372.785 / 1136.625    ms
[1530.567s][info   ][gc,stats    ]    Subphase: Concurrent Mark Try Flush                     0.000 / 0.000         0.141 / 0.189        29.593 / 148.506      29.593 / 148.506     ms
[1530.567s][info   ][gc,stats    ]    Subphase: Concurrent Mark Try Terminate                 0.000 / 0.000         4.583 / 13.940        2.849 / 148.509       2.849 / 148.509     ms
[1530.567s][info   ][gc,stats    ]    Subphase: Concurrent References Enqueue                 0.000 / 0.000         0.015 / 0.017         0.012 / 0.017         0.012 / 0.017       ms
[1530.567s][info   ][gc,stats    ]    Subphase: Concurrent References Process                 0.000 / 0.000         0.984 / 1.201         0.775 / 2.501         0.775 / 2.501       ms
[1530.567s][info   ][gc,stats    ]    Subphase: Concurrent Roots ClassLoaderDataGraph         0.000 / 0.000         0.881 / 2.002         0.619 / 2.051         0.619 / 2.051       ms
[1530.568s][info   ][gc,stats    ]    Subphase: Concurrent Roots CodeCache                    0.000 / 0.000         0.000 / 0.000         0.000 / 0.000         0.000 / 0.000       ms
[1530.568s][info   ][gc,stats    ]    Subphase: Concurrent Roots JavaThreads                  0.000 / 0.000         5.480 / 7.439        68.732 / 475.340      68.732 / 475.340     ms
[1530.568s][info   ][gc,stats    ]    Subphase: Concurrent Roots OopStorageSet                0.000 / 0.000         0.510 / 0.690         0.219 / 0.708         0.219 / 0.708       ms
[1530.568s][info   ][gc,stats    ]    Subphase: Concurrent Weak Roots OopStorageSet           0.000 / 0.000         4.891 / 5.394         4.538 / 9.700         4.538 / 9.700       ms
[1530.568s][info   ][gc,stats    ]    Subphase: Pause Mark Try Complete                       0.000 / 0.000         0.000 / 0.000         0.053 / 0.195         0.053 / 0.195       ms
[1530.569s][info   ][gc,stats    ]      System: Java Threads                                      0 / 0                48 / 49               62 / 137              62 / 137         threads
[1530.569s][info   ][gc,stats    ] =========================================================================================================================================================
[1540.560s][info   ][gc,stats    ] === Garbage Collection Statistics =======================================================================================================================
[1540.561s][info   ][gc,stats    ]                                                              Last 10s              Last 10m              Last 10h                Total
[1540.561s][info   ][gc,stats    ]                                                              Avg / Max             Avg / Max             Avg / Max             Avg / Max
[1540.561s][info   ][gc,stats    ]   Collector: Garbage Collection Cycle                      0.000 / 0.000       296.370 / 349.949     812.062 / 3415.907    812.062 / 3415.907    ms
[1540.561s][info   ][gc,stats    ]  Contention: Mark Segment Reset Contention                     0 / 0                 0 / 2                 0 / 2                 0 / 2           ops/s
[1540.561s][info   ][gc,stats    ]  Contention: Mark SeqNum Reset Contention                      0 / 0                 0 / 0                 0 / 1                 0 / 1           ops/s
[1540.561s][info   ][gc,stats    ]    Critical: Allocation Stall                                  0 / 0                 0 / 0                 0 / 0                 0 / 0           ops/s
[1540.561s][info   ][gc,stats    ]    Critical: Allocation Stall                              0.000 / 0.000         0.000 / 0.000         0.000 / 0.000         0.000 / 0.000       ms
[1540.561s][info   ][gc,stats    ]    Critical: GC Locker Stall                                   0 / 0                 0 / 0                 0 / 0                 0 / 0           ops/s
[1540.561s][info   ][gc,stats    ]    Critical: GC Locker Stall                               0.000 / 0.000         0.000 / 0.000         0.000 / 0.000         0.000 / 0.000       ms
[1540.561s][info   ][gc,stats    ]    Critical: Relocation Stall                                  0 / 0                 0 / 0                 0 / 0                 0 / 0           ops/s
[1540.561s][info   ][gc,stats    ]    Critical: Relocation Stall                              0.000 / 0.000         0.000 / 0.000         0.000 / 0.000         0.000 / 0.000       ms
[1540.562s][info   ][gc,stats    ]      Memory: Allocation Rate                                   0 / 0                 0 / 10                1 / 68                1 / 68          MB/s
[1540.562s][info   ][gc,stats    ]      Memory: Defragment                                        0 / 0                 0 / 0                 0 / 0                 0 / 0           ops/s
[1540.562s][info   ][gc,stats    ]      Memory: Out Of Memory                                     0 / 0                 0 / 0                 0 / 0                 0 / 0           ops/s
[1540.562s][info   ][gc,stats    ]      Memory: Page Cache Flush                                  0 / 0                 0 / 0                 0 / 0                 0 / 0           MB/s
[1540.562s][info   ][gc,stats    ]      Memory: Page Cache Hit L1                                 0 / 0                 0 / 9                 0 / 30                0 / 30          ops/s
[1540.562s][info   ][gc,stats    ]      Memory: Page Cache Hit L2                                 0 / 0                 0 / 0                 0 / 0                 0 / 0           ops/s
[1540.562s][info   ][gc,stats    ]      Memory: Page Cache Hit L3                                 0 / 0                 0 / 0                 0 / 26                0 / 26          ops/s
[1540.562s][info   ][gc,stats    ]      Memory: Page Cache Miss                                   0 / 0                 0 / 0                 0 / 1                 0 / 1           ops/s
[1540.562s][info   ][gc,stats    ]      Memory: Uncommit                                          0 / 0                 0 / 0                 0 / 0                 0 / 0           MB/s
[1540.562s][info   ][gc,stats    ]      Memory: Undo Object Allocation Failed                     0 / 0                 0 / 0                 0 / 1                 0 / 1           ops/s
[1540.562s][info   ][gc,stats    ]      Memory: Undo Object Allocation Succeeded                  0 / 0                 0 / 0                 0 / 74                0 / 74          ops/s
[1540.562s][info   ][gc,stats    ]      Memory: Undo Page Allocation                              0 / 0                 0 / 0                 0 / 1                 0 / 1           ops/s
[1540.562s][info   ][gc,stats    ]       Phase: Concurrent Mark                               0.000 / 0.000       213.952 / 244.297     525.992 / 1491.398    525.992 / 1491.398    ms
[1540.563s][info   ][gc,stats    ]       Phase: Concurrent Mark Continue                      0.000 / 0.000         0.000 / 0.000         0.000 / 0.000         0.000 / 0.000       ms
[1540.563s][info   ][gc,stats    ]       Phase: Concurrent Mark Free                          0.000 / 0.000         0.001 / 0.002         0.002 / 0.004         0.002 / 0.004       ms
[1540.563s][info   ][gc,stats    ]       Phase: Concurrent Process Non-Strong References      0.000 / 0.000        53.169 / 77.869      218.676 / 1850.321    218.676 / 1850.321    ms
[1540.563s][info   ][gc,stats    ]       Phase: Concurrent Relocate                           0.000 / 0.000        18.844 / 19.993       15.794 / 33.849       15.794 / 33.849      ms
[1540.563s][info   ][gc,stats    ]       Phase: Concurrent Reset Relocation Set               0.000 / 0.000         0.012 / 0.016         0.017 / 0.040         0.017 / 0.040       ms
[1540.563s][info   ][gc,stats    ]       Phase: Concurrent Select Relocation Set              0.000 / 0.000         7.839 / 8.229         6.822 / 15.302        6.822 / 15.302      ms
[1540.563s][info   ][gc,stats    ]       Phase: Pause Mark End                                0.000 / 0.000         0.046 / 0.047         0.102 / 0.333         0.102 / 0.333       ms
[1540.563s][info   ][gc,stats    ]       Phase: Pause Mark Start                              0.000 / 0.000         0.048 / 0.057         0.037 / 0.083         0.037 / 0.083       ms
[1540.564s][info   ][gc,stats    ]       Phase: Pause Relocate Start                          0.000 / 0.000         0.031 / 0.037         0.031 / 0.079         0.031 / 0.079       ms
[1540.564s][info   ][gc,stats    ]    Subphase: Concurrent Classes Purge                      0.000 / 0.000         0.540 / 1.046         3.155 / 14.226        3.155 / 14.226      ms
[1540.564s][info   ][gc,stats    ]    Subphase: Concurrent Classes Unlink                     0.000 / 0.000        39.171 / 55.730      192.480 / 1768.670    192.480 / 1768.670    ms
[1540.564s][info   ][gc,stats    ]    Subphase: Concurrent Mark                               0.000 / 0.000       200.177 / 235.611     372.785 / 1136.625    372.785 / 1136.625    ms
[1540.564s][info   ][gc,stats    ]    Subphase: Concurrent Mark Try Flush                     0.000 / 0.000         0.141 / 0.189        29.593 / 148.506      29.593 / 148.506     ms
[1540.564s][info   ][gc,stats    ]    Subphase: Concurrent Mark Try Terminate                 0.000 / 0.000         4.583 / 13.940        2.849 / 148.509       2.849 / 148.509     ms
[1540.564s][info   ][gc,stats    ]    Subphase: Concurrent References Enqueue                 0.000 / 0.000         0.015 / 0.017         0.012 / 0.017         0.012 / 0.017       ms
[1540.564s][info   ][gc,stats    ]    Subphase: Concurrent References Process                 0.000 / 0.000         0.984 / 1.201         0.775 / 2.501         0.775 / 2.501       ms
[1540.565s][info   ][gc,stats    ]    Subphase: Concurrent Roots ClassLoaderDataGraph         0.000 / 0.000         0.881 / 2.002         0.619 / 2.051         0.619 / 2.051       ms
[1540.565s][info   ][gc,stats    ]    Subphase: Concurrent Roots CodeCache                    0.000 / 0.000         0.000 / 0.000         0.000 / 0.000         0.000 / 0.000       ms
[1540.565s][info   ][gc,stats    ]    Subphase: Concurrent Roots JavaThreads                  0.000 / 0.000         5.480 / 7.439        68.732 / 475.340      68.732 / 475.340     ms
[1540.565s][info   ][gc,stats    ]    Subphase: Concurrent Roots OopStorageSet                0.000 / 0.000         0.510 / 0.690         0.219 / 0.708         0.219 / 0.708       ms
[1540.565s][info   ][gc,stats    ]    Subphase: Concurrent Weak Roots OopStorageSet           0.000 / 0.000         4.891 / 5.394         4.538 / 9.700         4.538 / 9.700       ms
[1540.565s][info   ][gc,stats    ]    Subphase: Pause Mark Try Complete                       0.000 / 0.000         0.000 / 0.000         0.053 / 0.195         0.053 / 0.195       ms
[1540.565s][info   ][gc,stats    ]      System: Java Threads                                      0 / 0                48 / 49               62 / 137              62 / 137         threads
[1540.565s][info   ][gc,stats    ] =========================================================================================================================================================
[1550.569s][info   ][gc,stats    ] === Garbage Collection Statistics =======================================================================================================================
[1550.569s][info   ][gc,stats    ]                                                              Last 10s              Last 10m              Last 10h                Total
[1550.569s][info   ][gc,stats    ]                                                              Avg / Max             Avg / Max             Avg / Max             Avg / Max
[1550.569s][info   ][gc,stats    ]   Collector: Garbage Collection Cycle                      0.000 / 0.000       296.370 / 349.949     812.062 / 3415.907    812.062 / 3415.907    ms
[1550.569s][info   ][gc,stats    ]  Contention: Mark Segment Reset Contention                     0 / 0                 0 / 2                 0 / 2                 0 / 2           ops/s
[1550.569s][info   ][gc,stats    ]  Contention: Mark SeqNum Reset Contention                      0 / 0                 0 / 0                 0 / 1                 0 / 1           ops/s
[1550.569s][info   ][gc,stats    ]    Critical: Allocation Stall                                  0 / 0                 0 / 0                 0 / 0                 0 / 0           ops/s
[1550.569s][info   ][gc,stats    ]    Critical: Allocation Stall                              0.000 / 0.000         0.000 / 0.000         0.000 / 0.000         0.000 / 0.000       ms
[1550.570s][info   ][gc,stats    ]    Critical: GC Locker Stall                                   0 / 0                 0 / 0                 0 / 0                 0 / 0           ops/s
[1550.570s][info   ][gc,stats    ]    Critical: GC Locker Stall                               0.000 / 0.000         0.000 / 0.000         0.000 / 0.000         0.000 / 0.000       ms
[1550.570s][info   ][gc,stats    ]    Critical: Relocation Stall                                  0 / 0                 0 / 0                 0 / 0                 0 / 0           ops/s
[1550.570s][info   ][gc,stats    ]    Critical: Relocation Stall                              0.000 / 0.000         0.000 / 0.000         0.000 / 0.000         0.000 / 0.000       ms
[1550.570s][info   ][gc,stats    ]      Memory: Allocation Rate                                   0 / 2                 0 / 10                1 / 68                1 / 68          MB/s
[1550.570s][info   ][gc,stats    ]      Memory: Defragment                                        0 / 0                 0 / 0                 0 / 0                 0 / 0           ops/s
[1550.570s][info   ][gc,stats    ]      Memory: Out Of Memory                                     0 / 0                 0 / 0                 0 / 0                 0 / 0           ops/s
[1550.570s][info   ][gc,stats    ]      Memory: Page Cache Flush                                  0 / 0                 0 / 0                 0 / 0                 0 / 0           MB/s
[1550.570s][info   ][gc,stats    ]      Memory: Page Cache Hit L1                                 0 / 1                 0 / 9                 0 / 30                0 / 30          ops/s
[1550.570s][info   ][gc,stats    ]      Memory: Page Cache Hit L2                                 0 / 0                 0 / 0                 0 / 0                 0 / 0           ops/s
[1550.570s][info   ][gc,stats    ]      Memory: Page Cache Hit L3                                 0 / 0                 0 / 0                 0 / 26                0 / 26          ops/s
[1550.570s][info   ][gc,stats    ]      Memory: Page Cache Miss                                   0 / 0                 0 / 0                 0 / 1                 0 / 1           ops/s
[1550.570s][info   ][gc,stats    ]      Memory: Uncommit                                          0 / 0                 0 / 0                 0 / 0                 0 / 0           MB/s
[1550.571s][info   ][gc,stats    ]      Memory: Undo Object Allocation Failed                     0 / 0                 0 / 0                 0 / 1                 0 / 1           ops/s
[1550.571s][info   ][gc,stats    ]      Memory: Undo Object Allocation Succeeded                  0 / 0                 0 / 0                 0 / 74                0 / 74          ops/s
[1550.571s][info   ][gc,stats    ]      Memory: Undo Page Allocation                              0 / 0                 0 / 0                 0 / 1                 0 / 1           ops/s
[1550.571s][info   ][gc,stats    ]       Phase: Concurrent Mark                               0.000 / 0.000       213.952 / 244.297     525.992 / 1491.398    525.992 / 1491.398    ms
[1550.571s][info   ][gc,stats    ]       Phase: Concurrent Mark Continue                      0.000 / 0.000         0.000 / 0.000         0.000 / 0.000         0.000 / 0.000       ms
[1550.571s][info   ][gc,stats    ]       Phase: Concurrent Mark Free                          0.000 / 0.000         0.001 / 0.002         0.002 / 0.004         0.002 / 0.004       ms
[1550.571s][info   ][gc,stats    ]       Phase: Concurrent Process Non-Strong References      0.000 / 0.000        53.169 / 77.869      218.676 / 1850.321    218.676 / 1850.321    ms
[1550.571s][info   ][gc,stats    ]       Phase: Concurrent Relocate                           0.000 / 0.000        18.844 / 19.993       15.794 / 33.849       15.794 / 33.849      ms
[1550.571s][info   ][gc,stats    ]       Phase: Concurrent Reset Relocation Set               0.000 / 0.000         0.012 / 0.016         0.017 / 0.040         0.017 / 0.040       ms
[1550.572s][info   ][gc,stats    ]       Phase: Concurrent Select Relocation Set              0.000 / 0.000         7.839 / 8.229         6.822 / 15.302        6.822 / 15.302      ms
[1550.572s][info   ][gc,stats    ]       Phase: Pause Mark End                                0.000 / 0.000         0.046 / 0.047         0.102 / 0.333         0.102 / 0.333       ms
[1550.572s][info   ][gc,stats    ]       Phase: Pause Mark Start                              0.000 / 0.000         0.048 / 0.057         0.037 / 0.083         0.037 / 0.083       ms
[1550.572s][info   ][gc,stats    ]       Phase: Pause Relocate Start                          0.000 / 0.000         0.031 / 0.037         0.031 / 0.079         0.031 / 0.079       ms
[1550.572s][info   ][gc,stats    ]    Subphase: Concurrent Classes Purge                      0.000 / 0.000         0.540 / 1.046         3.155 / 14.226        3.155 / 14.226      ms
[1550.572s][info   ][gc,stats    ]    Subphase: Concurrent Classes Unlink                     0.000 / 0.000        39.171 / 55.730      192.480 / 1768.670    192.480 / 1768.670    ms
[1550.572s][info   ][gc,stats    ]    Subphase: Concurrent Mark                               0.000 / 0.000       200.177 / 235.611     372.785 / 1136.625    372.785 / 1136.625    ms
[1550.572s][info   ][gc,stats    ]    Subphase: Concurrent Mark Try Flush                     0.000 / 0.000         0.141 / 0.189        29.593 / 148.506      29.593 / 148.506     ms
[1550.572s][info   ][gc,stats    ]    Subphase: Concurrent Mark Try Terminate                 0.000 / 0.000         4.583 / 13.940        2.849 / 148.509       2.849 / 148.509     ms
[1550.573s][info   ][gc,stats    ]    Subphase: Concurrent References Enqueue                 0.000 / 0.000         0.015 / 0.017         0.012 / 0.017         0.012 / 0.017       ms
[1550.573s][info   ][gc,stats    ]    Subphase: Concurrent References Process                 0.000 / 0.000         0.984 / 1.201         0.775 / 2.501         0.775 / 2.501       ms
[1550.573s][info   ][gc,stats    ]    Subphase: Concurrent Roots ClassLoaderDataGraph         0.000 / 0.000         0.881 / 2.002         0.619 / 2.051         0.619 / 2.051       ms
[1550.573s][info   ][gc,stats    ]    Subphase: Concurrent Roots CodeCache                    0.000 / 0.000         0.000 / 0.000         0.000 / 0.000         0.000 / 0.000       ms
[1550.573s][info   ][gc,stats    ]    Subphase: Concurrent Roots JavaThreads                  0.000 / 0.000         5.480 / 7.439        68.732 / 475.340      68.732 / 475.340     ms
[1550.573s][info   ][gc,stats    ]    Subphase: Concurrent Roots OopStorageSet                0.000 / 0.000         0.510 / 0.690         0.219 / 0.708         0.219 / 0.708       ms
[1550.573s][info   ][gc,stats    ]    Subphase: Concurrent Weak Roots OopStorageSet           0.000 / 0.000         4.891 / 5.394         4.538 / 9.700         4.538 / 9.700       ms
[1550.573s][info   ][gc,stats    ]    Subphase: Pause Mark Try Complete                       0.000 / 0.000         0.000 / 0.000         0.053 / 0.195         0.053 / 0.195       ms
[1550.573s][info   ][gc,stats    ]      System: Java Threads                                      0 / 0                48 / 49               62 / 137              62 / 137         threads
[1550.573s][info   ][gc,stats    ] =========================================================================================================================================================
[1560.556s][info   ][gc,stats    ] === Garbage Collection Statistics =======================================================================================================================
[1560.556s][info   ][gc,stats    ]                                                              Last 10s              Last 10m              Last 10h                Total
[1560.556s][info   ][gc,stats    ]                                                              Avg / Max             Avg / Max             Avg / Max             Avg / Max
[1560.556s][info   ][gc,stats    ]   Collector: Garbage Collection Cycle                      0.000 / 0.000       296.370 / 349.949     812.062 / 3415.907    812.062 / 3415.907    ms
[1560.556s][info   ][gc,stats    ]  Contention: Mark Segment Reset Contention                     0 / 0                 0 / 2                 0 / 2                 0 / 2           ops/s
[1560.556s][info   ][gc,stats    ]  Contention: Mark SeqNum Reset Contention                      0 / 0                 0 / 0                 0 / 1                 0 / 1           ops/s
[1560.556s][info   ][gc,stats    ]    Critical: Allocation Stall                                  0 / 0                 0 / 0                 0 / 0                 0 / 0           ops/s
[1560.556s][info   ][gc,stats    ]    Critical: Allocation Stall                              0.000 / 0.000         0.000 / 0.000         0.000 / 0.000         0.000 / 0.000       ms
[1560.557s][info   ][gc,stats    ]    Critical: GC Locker Stall                                   0 / 0                 0 / 0                 0 / 0                 0 / 0           ops/s
[1560.557s][info   ][gc,stats    ]    Critical: GC Locker Stall                               0.000 / 0.000         0.000 / 0.000         0.000 / 0.000         0.000 / 0.000       ms
[1560.557s][info   ][gc,stats    ]    Critical: Relocation Stall                                  0 / 0                 0 / 0                 0 / 0                 0 / 0           ops/s
[1560.557s][info   ][gc,stats    ]    Critical: Relocation Stall                              0.000 / 0.000         0.000 / 0.000         0.000 / 0.000         0.000 / 0.000       ms
[1560.557s][info   ][gc,stats    ]      Memory: Allocation Rate                                   0 / 0                 0 / 10                1 / 68                1 / 68          MB/s
[1560.557s][info   ][gc,stats    ]      Memory: Defragment                                        0 / 0                 0 / 0                 0 / 0                 0 / 0           ops/s
[1560.557s][info   ][gc,stats    ]      Memory: Out Of Memory                                     0 / 0                 0 / 0                 0 / 0                 0 / 0           ops/s
[1560.557s][info   ][gc,stats    ]      Memory: Page Cache Flush                                  0 / 0                 0 / 0                 0 / 0                 0 / 0           MB/s
[1560.557s][info   ][gc,stats    ]      Memory: Page Cache Hit L1                                 0 / 0                 0 / 9                 0 / 30                0 / 30          ops/s
[1560.558s][info   ][gc,stats    ]      Memory: Page Cache Hit L2                                 0 / 0                 0 / 0                 0 / 0                 0 / 0           ops/s
[1560.558s][info   ][gc,stats    ]      Memory: Page Cache Hit L3                                 0 / 0                 0 / 0                 0 / 26                0 / 26          ops/s
[1560.558s][info   ][gc,stats    ]      Memory: Page Cache Miss                                   0 / 0                 0 / 0                 0 / 1                 0 / 1           ops/s
[1560.558s][info   ][gc,stats    ]      Memory: Uncommit                                          0 / 0                 0 / 0                 0 / 0                 0 / 0           MB/s
[1560.558s][info   ][gc,stats    ]      Memory: Undo Object Allocation Failed                     0 / 0                 0 / 0                 0 / 1                 0 / 1           ops/s
[1560.558s][info   ][gc,stats    ]      Memory: Undo Object Allocation Succeeded                  0 / 0                 0 / 0                 0 / 74                0 / 74          ops/s
[1560.558s][info   ][gc,stats    ]      Memory: Undo Page Allocation                              0 / 0                 0 / 0                 0 / 1                 0 / 1           ops/s
[1560.559s][info   ][gc,stats    ]       Phase: Concurrent Mark                               0.000 / 0.000       213.952 / 244.297     525.992 / 1491.398    525.992 / 1491.398    ms
[1560.559s][info   ][gc,stats    ]       Phase: Concurrent Mark Continue                      0.000 / 0.000         0.000 / 0.000         0.000 / 0.000         0.000 / 0.000       ms
[1560.559s][info   ][gc,stats    ]       Phase: Concurrent Mark Free                          0.000 / 0.000         0.001 / 0.002         0.002 / 0.004         0.002 / 0.004       ms
[1560.559s][info   ][gc,stats    ]       Phase: Concurrent Process Non-Strong References      0.000 / 0.000        53.169 / 77.869      218.676 / 1850.321    218.676 / 1850.321    ms
[1560.559s][info   ][gc,stats    ]       Phase: Concurrent Relocate                           0.000 / 0.000        18.844 / 19.993       15.794 / 33.849       15.794 / 33.849      ms
[1560.559s][info   ][gc,stats    ]       Phase: Concurrent Reset Relocation Set               0.000 / 0.000         0.012 / 0.016         0.017 / 0.040         0.017 / 0.040       ms
[1560.559s][info   ][gc,stats    ]       Phase: Concurrent Select Relocation Set              0.000 / 0.000         7.839 / 8.229         6.822 / 15.302        6.822 / 15.302      ms
[1560.559s][info   ][gc,stats    ]       Phase: Pause Mark End                                0.000 / 0.000         0.046 / 0.047         0.102 / 0.333         0.102 / 0.333       ms
[1560.559s][info   ][gc,stats    ]       Phase: Pause Mark Start                              0.000 / 0.000         0.048 / 0.057         0.037 / 0.083         0.037 / 0.083       ms
[1560.559s][info   ][gc,stats    ]       Phase: Pause Relocate Start                          0.000 / 0.000         0.031 / 0.037         0.031 / 0.079         0.031 / 0.079       ms
[1560.559s][info   ][gc,stats    ]    Subphase: Concurrent Classes Purge                      0.000 / 0.000         0.540 / 1.046         3.155 / 14.226        3.155 / 14.226      ms
[1560.560s][info   ][gc,stats    ]    Subphase: Concurrent Classes Unlink                     0.000 / 0.000        39.171 / 55.730      192.480 / 1768.670    192.480 / 1768.670    ms
[1560.560s][info   ][gc,stats    ]    Subphase: Concurrent Mark                               0.000 / 0.000       200.177 / 235.611     372.785 / 1136.625    372.785 / 1136.625    ms
[1560.560s][info   ][gc,stats    ]    Subphase: Concurrent Mark Try Flush                     0.000 / 0.000         0.141 / 0.189        29.593 / 148.506      29.593 / 148.506     ms
[1560.560s][info   ][gc,stats    ]    Subphase: Concurrent Mark Try Terminate                 0.000 / 0.000         4.583 / 13.940        2.849 / 148.509       2.849 / 148.509     ms
[1560.560s][info   ][gc,stats    ]    Subphase: Concurrent References Enqueue                 0.000 / 0.000         0.015 / 0.017         0.012 / 0.017         0.012 / 0.017       ms
[1560.560s][info   ][gc,stats    ]    Subphase: Concurrent References Process                 0.000 / 0.000         0.984 / 1.201         0.775 / 2.501         0.775 / 2.501       ms
[1560.560s][info   ][gc,stats    ]    Subphase: Concurrent Roots ClassLoaderDataGraph         0.000 / 0.000         0.881 / 2.002         0.619 / 2.051         0.619 / 2.051       ms
[1560.560s][info   ][gc,stats    ]    Subphase: Concurrent Roots CodeCache                    0.000 / 0.000         0.000 / 0.000         0.000 / 0.000         0.000 / 0.000       ms
[1560.560s][info   ][gc,stats    ]    Subphase: Concurrent Roots JavaThreads                  0.000 / 0.000         5.480 / 7.439        68.732 / 475.340      68.732 / 475.340     ms
[1560.561s][info   ][gc,stats    ]    Subphase: Concurrent Roots OopStorageSet                0.000 / 0.000         0.510 / 0.690         0.219 / 0.708         0.219 / 0.708       ms
[1560.561s][info   ][gc,stats    ]    Subphase: Concurrent Weak Roots OopStorageSet           0.000 / 0.000         4.891 / 5.394         4.538 / 9.700         4.538 / 9.700       ms
[1560.561s][info   ][gc,stats    ]    Subphase: Pause Mark Try Complete                       0.000 / 0.000         0.000 / 0.000         0.053 / 0.195         0.053 / 0.195       ms
[1560.561s][info   ][gc,stats    ]      System: Java Threads                                      0 / 0                48 / 49               62 / 137              62 / 137         threads
[1560.561s][info   ][gc,stats    ] =========================================================================================================================================================
[1570.570s][info   ][gc,stats    ] === Garbage Collection Statistics =======================================================================================================================
[1570.570s][info   ][gc,stats    ]                                                              Last 10s              Last 10m              Last 10h                Total
[1570.571s][info   ][gc,stats    ]                                                              Avg / Max             Avg / Max             Avg / Max             Avg / Max
[1570.571s][info   ][gc,stats    ]   Collector: Garbage Collection Cycle                      0.000 / 0.000       296.370 / 349.949     812.062 / 3415.907    812.062 / 3415.907    ms
[1570.571s][info   ][gc,stats    ]  Contention: Mark Segment Reset Contention                     0 / 0                 0 / 2                 0 / 2                 0 / 2           ops/s
[1570.571s][info   ][gc,stats    ]  Contention: Mark SeqNum Reset Contention                      0 / 0                 0 / 0                 0 / 1                 0 / 1           ops/s
[1570.571s][info   ][gc,stats    ]    Critical: Allocation Stall                                  0 / 0                 0 / 0                 0 / 0                 0 / 0           ops/s
[1570.571s][info   ][gc,stats    ]    Critical: Allocation Stall                              0.000 / 0.000         0.000 / 0.000         0.000 / 0.000         0.000 / 0.000       ms
[1570.571s][info   ][gc,stats    ]    Critical: GC Locker Stall                                   0 / 0                 0 / 0                 0 / 0                 0 / 0           ops/s
[1570.571s][info   ][gc,stats    ]    Critical: GC Locker Stall                               0.000 / 0.000         0.000 / 0.000         0.000 / 0.000         0.000 / 0.000       ms
[1570.571s][info   ][gc,stats    ]    Critical: Relocation Stall                                  0 / 0                 0 / 0                 0 / 0                 0 / 0           ops/s
[1570.571s][info   ][gc,stats    ]    Critical: Relocation Stall                              0.000 / 0.000         0.000 / 0.000         0.000 / 0.000         0.000 / 0.000       ms
[1570.571s][info   ][gc,stats    ]      Memory: Allocation Rate                                   0 / 0                 0 / 10                1 / 68                1 / 68          MB/s
[1570.571s][info   ][gc,stats    ]      Memory: Defragment                                        0 / 0                 0 / 0                 0 / 0                 0 / 0           ops/s
[1570.571s][info   ][gc,stats    ]      Memory: Out Of Memory                                     0 / 0                 0 / 0                 0 / 0                 0 / 0           ops/s
[1570.571s][info   ][gc,stats    ]      Memory: Page Cache Flush                                  0 / 0                 0 / 0                 0 / 0                 0 / 0           MB/s
[1570.571s][info   ][gc,stats    ]      Memory: Page Cache Hit L1                                 0 / 0                 0 / 9                 0 / 30                0 / 30          ops/s
[1570.571s][info   ][gc,stats    ]      Memory: Page Cache Hit L2                                 0 / 0                 0 / 0                 0 / 0                 0 / 0           ops/s
[1570.571s][info   ][gc,stats    ]      Memory: Page Cache Hit L3                                 0 / 0                 0 / 0                 0 / 26                0 / 26          ops/s
[1570.572s][info   ][gc,stats    ]      Memory: Page Cache Miss                                   0 / 0                 0 / 0                 0 / 1                 0 / 1           ops/s
[1570.572s][info   ][gc,stats    ]      Memory: Uncommit                                          0 / 0                 0 / 0                 0 / 0                 0 / 0           MB/s
[1570.572s][info   ][gc,stats    ]      Memory: Undo Object Allocation Failed                     0 / 0                 0 / 0                 0 / 1                 0 / 1           ops/s
[1570.572s][info   ][gc,stats    ]      Memory: Undo Object Allocation Succeeded                  0 / 0                 0 / 0                 0 / 74                0 / 74          ops/s
[1570.572s][info   ][gc,stats    ]      Memory: Undo Page Allocation                              0 / 0                 0 / 0                 0 / 1                 0 / 1           ops/s
[1570.572s][info   ][gc,stats    ]       Phase: Concurrent Mark                               0.000 / 0.000       213.952 / 244.297     525.992 / 1491.398    525.992 / 1491.398    ms
[1570.572s][info   ][gc,stats    ]       Phase: Concurrent Mark Continue                      0.000 / 0.000         0.000 / 0.000         0.000 / 0.000         0.000 / 0.000       ms
[1570.572s][info   ][gc,stats    ]       Phase: Concurrent Mark Free                          0.000 / 0.000         0.001 / 0.002         0.002 / 0.004         0.002 / 0.004       ms
[1570.572s][info   ][gc,stats    ]       Phase: Concurrent Process Non-Strong References      0.000 / 0.000        53.169 / 77.869      218.676 / 1850.321    218.676 / 1850.321    ms
[1570.572s][info   ][gc,stats    ]       Phase: Concurrent Relocate                           0.000 / 0.000        18.844 / 19.993       15.794 / 33.849       15.794 / 33.849      ms
[1570.572s][info   ][gc,stats    ]       Phase: Concurrent Reset Relocation Set               0.000 / 0.000         0.012 / 0.016         0.017 / 0.040         0.017 / 0.040       ms
[1570.572s][info   ][gc,stats    ]       Phase: Concurrent Select Relocation Set              0.000 / 0.000         7.839 / 8.229         6.822 / 15.302        6.822 / 15.302      ms
[1570.572s][info   ][gc,stats    ]       Phase: Pause Mark End                                0.000 / 0.000         0.046 / 0.047         0.102 / 0.333         0.102 / 0.333       ms
[1570.572s][info   ][gc,stats    ]       Phase: Pause Mark Start                              0.000 / 0.000         0.048 / 0.057         0.037 / 0.083         0.037 / 0.083       ms
[1570.572s][info   ][gc,stats    ]       Phase: Pause Relocate Start                          0.000 / 0.000         0.031 / 0.037         0.031 / 0.079         0.031 / 0.079       ms
[1570.572s][info   ][gc,stats    ]    Subphase: Concurrent Classes Purge                      0.000 / 0.000         0.540 / 1.046         3.155 / 14.226        3.155 / 14.226      ms
[1570.573s][info   ][gc,stats    ]    Subphase: Concurrent Classes Unlink                     0.000 / 0.000        39.171 / 55.730      192.480 / 1768.670    192.480 / 1768.670    ms
[1570.573s][info   ][gc,stats    ]    Subphase: Concurrent Mark                               0.000 / 0.000       200.177 / 235.611     372.785 / 1136.625    372.785 / 1136.625    ms
[1570.573s][info   ][gc,stats    ]    Subphase: Concurrent Mark Try Flush                     0.000 / 0.000         0.141 / 0.189        29.593 / 148.506      29.593 / 148.506     ms
[1570.573s][info   ][gc,stats    ]    Subphase: Concurrent Mark Try Terminate                 0.000 / 0.000         4.583 / 13.940        2.849 / 148.509       2.849 / 148.509     ms
[1570.573s][info   ][gc,stats    ]    Subphase: Concurrent References Enqueue                 0.000 / 0.000         0.015 / 0.017         0.012 / 0.017         0.012 / 0.017       ms
[1570.573s][info   ][gc,stats    ]    Subphase: Concurrent References Process                 0.000 / 0.000         0.984 / 1.201         0.775 / 2.501         0.775 / 2.501       ms
[1570.573s][info   ][gc,stats    ]    Subphase: Concurrent Roots ClassLoaderDataGraph         0.000 / 0.000         0.881 / 2.002         0.619 / 2.051         0.619 / 2.051       ms
[1570.573s][info   ][gc,stats    ]    Subphase: Concurrent Roots CodeCache                    0.000 / 0.000         0.000 / 0.000         0.000 / 0.000         0.000 / 0.000       ms
[1570.573s][info   ][gc,stats    ]    Subphase: Concurrent Roots JavaThreads                  0.000 / 0.000         5.480 / 7.439        68.732 / 475.340      68.732 / 475.340     ms
[1570.573s][info   ][gc,stats    ]    Subphase: Concurrent Roots OopStorageSet                0.000 / 0.000         0.510 / 0.690         0.219 / 0.708         0.219 / 0.708       ms
[1570.573s][info   ][gc,stats    ]    Subphase: Concurrent Weak Roots OopStorageSet           0.000 / 0.000         4.891 / 5.394         4.538 / 9.700         4.538 / 9.700       ms
[1570.573s][info   ][gc,stats    ]    Subphase: Pause Mark Try Complete                       0.000 / 0.000         0.000 / 0.000         0.053 / 0.195         0.053 / 0.195       ms
[1570.573s][info   ][gc,stats    ]      System: Java Threads                                      0 / 0                48 / 49               62 / 137              62 / 137         threads
[1570.573s][info   ][gc,stats    ] =========================================================================================================================================================
[1580.571s][info   ][gc,stats    ] === Garbage Collection Statistics =======================================================================================================================
[1580.571s][info   ][gc,stats    ]                                                              Last 10s              Last 10m              Last 10h                Total
[1580.572s][info   ][gc,stats    ]                                                              Avg / Max             Avg / Max             Avg / Max             Avg / Max
[1580.572s][info   ][gc,stats    ]   Collector: Garbage Collection Cycle                      0.000 / 0.000       296.370 / 349.949     812.062 / 3415.907    812.062 / 3415.907    ms
[1580.572s][info   ][gc,stats    ]  Contention: Mark Segment Reset Contention                     0 / 0                 0 / 2                 0 / 2                 0 / 2           ops/s
[1580.572s][info   ][gc,stats    ]  Contention: Mark SeqNum Reset Contention                      0 / 0                 0 / 0                 0 / 1                 0 / 1           ops/s
[1580.572s][info   ][gc,stats    ]    Critical: Allocation Stall                                  0 / 0                 0 / 0                 0 / 0                 0 / 0           ops/s
[1580.573s][info   ][gc,stats    ]    Critical: Allocation Stall                              0.000 / 0.000         0.000 / 0.000         0.000 / 0.000         0.000 / 0.000       ms
[1580.573s][info   ][gc,stats    ]    Critical: GC Locker Stall                                   0 / 0                 0 / 0                 0 / 0                 0 / 0           ops/s
[1580.573s][info   ][gc,stats    ]    Critical: GC Locker Stall                               0.000 / 0.000         0.000 / 0.000         0.000 / 0.000         0.000 / 0.000       ms
[1580.573s][info   ][gc,stats    ]    Critical: Relocation Stall                                  0 / 0                 0 / 0                 0 / 0                 0 / 0           ops/s
[1580.573s][info   ][gc,stats    ]    Critical: Relocation Stall                              0.000 / 0.000         0.000 / 0.000         0.000 / 0.000         0.000 / 0.000       ms
[1580.573s][info   ][gc,stats    ]      Memory: Allocation Rate                                   0 / 0                 0 / 10                1 / 68                1 / 68          MB/s
[1580.573s][info   ][gc,stats    ]      Memory: Defragment                                        0 / 0                 0 / 0                 0 / 0                 0 / 0           ops/s
[1580.574s][info   ][gc,stats    ]      Memory: Out Of Memory                                     0 / 0                 0 / 0                 0 / 0                 0 / 0           ops/s
[1580.574s][info   ][gc,stats    ]      Memory: Page Cache Flush                                  0 / 0                 0 / 0                 0 / 0                 0 / 0           MB/s
[1580.574s][info   ][gc,stats    ]      Memory: Page Cache Hit L1                                 0 / 0                 0 / 9                 0 / 30                0 / 30          ops/s
[1580.574s][info   ][gc,stats    ]      Memory: Page Cache Hit L2                                 0 / 0                 0 / 0                 0 / 0                 0 / 0           ops/s
[1580.574s][info   ][gc,stats    ]      Memory: Page Cache Hit L3                                 0 / 0                 0 / 0                 0 / 26                0 / 26          ops/s
[1580.574s][info   ][gc,stats    ]      Memory: Page Cache Miss                                   0 / 0                 0 / 0                 0 / 1                 0 / 1           ops/s
[1580.574s][info   ][gc,stats    ]      Memory: Uncommit                                          0 / 0                 0 / 0                 0 / 0                 0 / 0           MB/s
[1580.575s][info   ][gc,stats    ]      Memory: Undo Object Allocation Failed                     0 / 0                 0 / 0                 0 / 1                 0 / 1           ops/s
[1580.575s][info   ][gc,stats    ]      Memory: Undo Object Allocation Succeeded                  0 / 0                 0 / 0                 0 / 74                0 / 74          ops/s
[1580.575s][info   ][gc,stats    ]      Memory: Undo Page Allocation                              0 / 0                 0 / 0                 0 / 1                 0 / 1           ops/s
[1580.575s][info   ][gc,stats    ]       Phase: Concurrent Mark                               0.000 / 0.000       213.952 / 244.297     525.992 / 1491.398    525.992 / 1491.398    ms
[1580.575s][info   ][gc,stats    ]       Phase: Concurrent Mark Continue                      0.000 / 0.000         0.000 / 0.000         0.000 / 0.000         0.000 / 0.000       ms
[1580.575s][info   ][gc,stats    ]       Phase: Concurrent Mark Free                          0.000 / 0.000         0.001 / 0.002         0.002 / 0.004         0.002 / 0.004       ms
[1580.576s][info   ][gc,stats    ]       Phase: Concurrent Process Non-Strong References      0.000 / 0.000        53.169 / 77.869      218.676 / 1850.321    218.676 / 1850.321    ms
[1580.576s][info   ][gc,stats    ]       Phase: Concurrent Relocate                           0.000 / 0.000        18.844 / 19.993       15.794 / 33.849       15.794 / 33.849      ms
[1580.576s][info   ][gc,stats    ]       Phase: Concurrent Reset Relocation Set               0.000 / 0.000         0.012 / 0.016         0.017 / 0.040         0.017 / 0.040       ms
[1580.576s][info   ][gc,stats    ]       Phase: Concurrent Select Relocation Set              0.000 / 0.000         7.839 / 8.229         6.822 / 15.302        6.822 / 15.302      ms
[1580.576s][info   ][gc,stats    ]       Phase: Pause Mark End                                0.000 / 0.000         0.046 / 0.047         0.102 / 0.333         0.102 / 0.333       ms
[1580.577s][info   ][gc,stats    ]       Phase: Pause Mark Start                              0.000 / 0.000         0.048 / 0.057         0.037 / 0.083         0.037 / 0.083       ms
[1580.577s][info   ][gc,stats    ]       Phase: Pause Relocate Start                          0.000 / 0.000         0.031 / 0.037         0.031 / 0.079         0.031 / 0.079       ms
[1580.577s][info   ][gc,stats    ]    Subphase: Concurrent Classes Purge                      0.000 / 0.000         0.540 / 1.046         3.155 / 14.226        3.155 / 14.226      ms
[1580.577s][info   ][gc,stats    ]    Subphase: Concurrent Classes Unlink                     0.000 / 0.000        39.171 / 55.730      192.480 / 1768.670    192.480 / 1768.670    ms
[1580.577s][info   ][gc,stats    ]    Subphase: Concurrent Mark                               0.000 / 0.000       200.177 / 235.611     372.785 / 1136.625    372.785 / 1136.625    ms
[1580.579s][info   ][gc,stats    ]    Subphase: Concurrent Mark Try Flush                     0.000 / 0.000         0.141 / 0.189        29.593 / 148.506      29.593 / 148.506     ms
[1580.579s][info   ][gc,stats    ]    Subphase: Concurrent Mark Try Terminate                 0.000 / 0.000         4.583 / 13.940        2.849 / 148.509       2.849 / 148.509     ms
[1580.579s][info   ][gc,stats    ]    Subphase: Concurrent References Enqueue                 0.000 / 0.000         0.015 / 0.017         0.012 / 0.017         0.012 / 0.017       ms
[1580.579s][info   ][gc,stats    ]    Subphase: Concurrent References Process                 0.000 / 0.000         0.984 / 1.201         0.775 / 2.501         0.775 / 2.501       ms
[1580.579s][info   ][gc,stats    ]    Subphase: Concurrent Roots ClassLoaderDataGraph         0.000 / 0.000         0.881 / 2.002         0.619 / 2.051         0.619 / 2.051       ms
[1580.579s][info   ][gc,stats    ]    Subphase: Concurrent Roots CodeCache                    0.000 / 0.000         0.000 / 0.000         0.000 / 0.000         0.000 / 0.000       ms
[1580.580s][info   ][gc,stats    ]    Subphase: Concurrent Roots JavaThreads                  0.000 / 0.000         5.480 / 7.439        68.732 / 475.340      68.732 / 475.340     ms
[1580.580s][info   ][gc,stats    ]    Subphase: Concurrent Roots OopStorageSet                0.000 / 0.000         0.510 / 0.690         0.219 / 0.708         0.219 / 0.708       ms
[1580.580s][info   ][gc,stats    ]    Subphase: Concurrent Weak Roots OopStorageSet           0.000 / 0.000         4.891 / 5.394         4.538 / 9.700         4.538 / 9.700       ms
[1580.580s][info   ][gc,stats    ]    Subphase: Pause Mark Try Complete                       0.000 / 0.000         0.000 / 0.000         0.053 / 0.195         0.053 / 0.195       ms
[1580.580s][info   ][gc,stats    ]      System: Java Threads                                      0 / 0                48 / 49               62 / 137              62 / 137         threads
[1580.580s][info   ][gc,stats    ] =========================================================================================================================================================
[1590.561s][info   ][gc,stats    ] === Garbage Collection Statistics =======================================================================================================================
[1590.561s][info   ][gc,stats    ]                                                              Last 10s              Last 10m              Last 10h                Total
[1590.561s][info   ][gc,stats    ]                                                              Avg / Max             Avg / Max             Avg / Max             Avg / Max
[1590.561s][info   ][gc,stats    ]   Collector: Garbage Collection Cycle                      0.000 / 0.000       296.370 / 349.949     812.062 / 3415.907    812.062 / 3415.907    ms
[1590.561s][info   ][gc,stats    ]  Contention: Mark Segment Reset Contention                     0 / 0                 0 / 2                 0 / 2                 0 / 2           ops/s
[1590.562s][info   ][gc,stats    ]  Contention: Mark SeqNum Reset Contention                      0 / 0                 0 / 0                 0 / 1                 0 / 1           ops/s
[1590.562s][info   ][gc,stats    ]    Critical: Allocation Stall                                  0 / 0                 0 / 0                 0 / 0                 0 / 0           ops/s
[1590.562s][info   ][gc,stats    ]    Critical: Allocation Stall                              0.000 / 0.000         0.000 / 0.000         0.000 / 0.000         0.000 / 0.000       ms
[1590.562s][info   ][gc,stats    ]    Critical: GC Locker Stall                                   0 / 0                 0 / 0                 0 / 0                 0 / 0           ops/s
[1590.563s][info   ][gc,stats    ]    Critical: GC Locker Stall                               0.000 / 0.000         0.000 / 0.000         0.000 / 0.000         0.000 / 0.000       ms
[1590.563s][info   ][gc,stats    ]    Critical: Relocation Stall                                  0 / 0                 0 / 0                 0 / 0                 0 / 0           ops/s
[1590.563s][info   ][gc,stats    ]    Critical: Relocation Stall                              0.000 / 0.000         0.000 / 0.000         0.000 / 0.000         0.000 / 0.000       ms
[1590.563s][info   ][gc,stats    ]      Memory: Allocation Rate                                   0 / 2                 0 / 10                1 / 68                1 / 68          MB/s
[1590.564s][info   ][gc,stats    ]      Memory: Defragment                                        0 / 0                 0 / 0                 0 / 0                 0 / 0           ops/s
[1590.564s][info   ][gc,stats    ]      Memory: Out Of Memory                                     0 / 0                 0 / 0                 0 / 0                 0 / 0           ops/s
[1590.564s][info   ][gc,stats    ]      Memory: Page Cache Flush                                  0 / 0                 0 / 0                 0 / 0                 0 / 0           MB/s
[1590.564s][info   ][gc,stats    ]      Memory: Page Cache Hit L1                                 0 / 1                 0 / 9                 0 / 30                0 / 30          ops/s
[1590.564s][info   ][gc,stats    ]      Memory: Page Cache Hit L2                                 0 / 0                 0 / 0                 0 / 0                 0 / 0           ops/s
[1590.564s][info   ][gc,stats    ]      Memory: Page Cache Hit L3                                 0 / 0                 0 / 0                 0 / 26                0 / 26          ops/s
[1590.564s][info   ][gc,stats    ]      Memory: Page Cache Miss                                   0 / 0                 0 / 0                 0 / 1                 0 / 1           ops/s
[1590.565s][info   ][gc,stats    ]      Memory: Uncommit                                          0 / 0                 0 / 0                 0 / 0                 0 / 0           MB/s
[1590.565s][info   ][gc,stats    ]      Memory: Undo Object Allocation Failed                     0 / 0                 0 / 0                 0 / 1                 0 / 1           ops/s
[1590.565s][info   ][gc,stats    ]      Memory: Undo Object Allocation Succeeded                  0 / 0                 0 / 0                 0 / 74                0 / 74          ops/s
[1590.565s][info   ][gc,stats    ]      Memory: Undo Page Allocation                              0 / 0                 0 / 0                 0 / 1                 0 / 1           ops/s
[1590.565s][info   ][gc,stats    ]       Phase: Concurrent Mark                               0.000 / 0.000       213.952 / 244.297     525.992 / 1491.398    525.992 / 1491.398    ms
[1590.565s][info   ][gc,stats    ]       Phase: Concurrent Mark Continue                      0.000 / 0.000         0.000 / 0.000         0.000 / 0.000         0.000 / 0.000       ms
[1590.566s][info   ][gc,stats    ]       Phase: Concurrent Mark Free                          0.000 / 0.000         0.001 / 0.002         0.002 / 0.004         0.002 / 0.004       ms
[1590.566s][info   ][gc,stats    ]       Phase: Concurrent Process Non-Strong References      0.000 / 0.000        53.169 / 77.869      218.676 / 1850.321    218.676 / 1850.321    ms
[1590.566s][info   ][gc,stats    ]       Phase: Concurrent Relocate                           0.000 / 0.000        18.844 / 19.993       15.794 / 33.849       15.794 / 33.849      ms
[1590.566s][info   ][gc,stats    ]       Phase: Concurrent Reset Relocation Set               0.000 / 0.000         0.012 / 0.016         0.017 / 0.040         0.017 / 0.040       ms
[1590.566s][info   ][gc,stats    ]       Phase: Concurrent Select Relocation Set              0.000 / 0.000         7.839 / 8.229         6.822 / 15.302        6.822 / 15.302      ms
[1590.566s][info   ][gc,stats    ]       Phase: Pause Mark End                                0.000 / 0.000         0.046 / 0.047         0.102 / 0.333         0.102 / 0.333       ms
[1590.567s][info   ][gc,stats    ]       Phase: Pause Mark Start                              0.000 / 0.000         0.048 / 0.057         0.037 / 0.083         0.037 / 0.083       ms
[1590.567s][info   ][gc,stats    ]       Phase: Pause Relocate Start                          0.000 / 0.000         0.031 / 0.037         0.031 / 0.079         0.031 / 0.079       ms
[1590.567s][info   ][gc,stats    ]    Subphase: Concurrent Classes Purge                      0.000 / 0.000         0.540 / 1.046         3.155 / 14.226        3.155 / 14.226      ms
[1590.567s][info   ][gc,stats    ]    Subphase: Concurrent Classes Unlink                     0.000 / 0.000        39.171 / 55.730      192.480 / 1768.670    192.480 / 1768.670    ms
[1590.567s][info   ][gc,stats    ]    Subphase: Concurrent Mark                               0.000 / 0.000       200.177 / 235.611     372.785 / 1136.625    372.785 / 1136.625    ms
[1590.567s][info   ][gc,stats    ]    Subphase: Concurrent Mark Try Flush                     0.000 / 0.000         0.141 / 0.189        29.593 / 148.506      29.593 / 148.506     ms
[1590.568s][info   ][gc,stats    ]    Subphase: Concurrent Mark Try Terminate                 0.000 / 0.000         4.583 / 13.940        2.849 / 148.509       2.849 / 148.509     ms
[1590.568s][info   ][gc,stats    ]    Subphase: Concurrent References Enqueue                 0.000 / 0.000         0.015 / 0.017         0.012 / 0.017         0.012 / 0.017       ms
[1590.568s][info   ][gc,stats    ]    Subphase: Concurrent References Process                 0.000 / 0.000         0.984 / 1.201         0.775 / 2.501         0.775 / 2.501       ms
[1590.568s][info   ][gc,stats    ]    Subphase: Concurrent Roots ClassLoaderDataGraph         0.000 / 0.000         0.881 / 2.002         0.619 / 2.051         0.619 / 2.051       ms
[1590.568s][info   ][gc,stats    ]    Subphase: Concurrent Roots CodeCache                    0.000 / 0.000         0.000 / 0.000         0.000 / 0.000         0.000 / 0.000       ms
[1590.568s][info   ][gc,stats    ]    Subphase: Concurrent Roots JavaThreads                  0.000 / 0.000         5.480 / 7.439        68.732 / 475.340      68.732 / 475.340     ms
[1590.569s][info   ][gc,stats    ]    Subphase: Concurrent Roots OopStorageSet                0.000 / 0.000         0.510 / 0.690         0.219 / 0.708         0.219 / 0.708       ms
[1590.569s][info   ][gc,stats    ]    Subphase: Concurrent Weak Roots OopStorageSet           0.000 / 0.000         4.891 / 5.394         4.538 / 9.700         4.538 / 9.700       ms
[1590.569s][info   ][gc,stats    ]    Subphase: Pause Mark Try Complete                       0.000 / 0.000         0.000 / 0.000         0.053 / 0.195         0.053 / 0.195       ms
[1590.569s][info   ][gc,stats    ]      System: Java Threads                                      0 / 0                48 / 49               62 / 137              62 / 137         threads
[1590.569s][info   ][gc,stats    ] =========================================================================================================================================================
[1600.561s][info   ][gc,stats    ] === Garbage Collection Statistics =======================================================================================================================
[1600.561s][info   ][gc,stats    ]                                                              Last 10s              Last 10m              Last 10h                Total
[1600.561s][info   ][gc,stats    ]                                                              Avg / Max             Avg / Max             Avg / Max             Avg / Max
[1600.561s][info   ][gc,stats    ]   Collector: Garbage Collection Cycle                      0.000 / 0.000       296.370 / 349.949     812.062 / 3415.907    812.062 / 3415.907    ms
[1600.561s][info   ][gc,stats    ]  Contention: Mark Segment Reset Contention                     0 / 0                 0 / 2                 0 / 2                 0 / 2           ops/s
[1600.561s][info   ][gc,stats    ]  Contention: Mark SeqNum Reset Contention                      0 / 0                 0 / 0                 0 / 1                 0 / 1           ops/s
[1600.561s][info   ][gc,stats    ]    Critical: Allocation Stall                                  0 / 0                 0 / 0                 0 / 0                 0 / 0           ops/s
[1600.561s][info   ][gc,stats    ]    Critical: Allocation Stall                              0.000 / 0.000         0.000 / 0.000         0.000 / 0.000         0.000 / 0.000       ms
[1600.562s][info   ][gc,stats    ]    Critical: GC Locker Stall                                   0 / 0                 0 / 0                 0 / 0                 0 / 0           ops/s
[1600.562s][info   ][gc,stats    ]    Critical: GC Locker Stall                               0.000 / 0.000         0.000 / 0.000         0.000 / 0.000         0.000 / 0.000       ms
[1600.562s][info   ][gc,stats    ]    Critical: Relocation Stall                                  0 / 0                 0 / 0                 0 / 0                 0 / 0           ops/s
[1600.562s][info   ][gc,stats    ]    Critical: Relocation Stall                              0.000 / 0.000         0.000 / 0.000         0.000 / 0.000         0.000 / 0.000       ms
[1600.562s][info   ][gc,stats    ]      Memory: Allocation Rate                                   0 / 2                 0 / 10                1 / 68                1 / 68          MB/s
[1600.562s][info   ][gc,stats    ]      Memory: Defragment                                        0 / 0                 0 / 0                 0 / 0                 0 / 0           ops/s
[1600.562s][info   ][gc,stats    ]      Memory: Out Of Memory                                     0 / 0                 0 / 0                 0 / 0                 0 / 0           ops/s
[1600.562s][info   ][gc,stats    ]      Memory: Page Cache Flush                                  0 / 0                 0 / 0                 0 / 0                 0 / 0           MB/s
[1600.562s][info   ][gc,stats    ]      Memory: Page Cache Hit L1                                 0 / 1                 0 / 9                 0 / 30                0 / 30          ops/s
[1600.562s][info   ][gc,stats    ]      Memory: Page Cache Hit L2                                 0 / 0                 0 / 0                 0 / 0                 0 / 0           ops/s
[1600.563s][info   ][gc,stats    ]      Memory: Page Cache Hit L3                                 0 / 0                 0 / 0                 0 / 26                0 / 26          ops/s
[1600.563s][info   ][gc,stats    ]      Memory: Page Cache Miss                                   0 / 0                 0 / 0                 0 / 1                 0 / 1           ops/s
[1600.563s][info   ][gc,stats    ]      Memory: Uncommit                                          0 / 0                 0 / 0                 0 / 0                 0 / 0           MB/s
[1600.563s][info   ][gc,stats    ]      Memory: Undo Object Allocation Failed                     0 / 0                 0 / 0                 0 / 1                 0 / 1           ops/s
[1600.563s][info   ][gc,stats    ]      Memory: Undo Object Allocation Succeeded                  0 / 0                 0 / 0                 0 / 74                0 / 74          ops/s
[1600.563s][info   ][gc,stats    ]      Memory: Undo Page Allocation                              0 / 0                 0 / 0                 0 / 1                 0 / 1           ops/s
[1600.563s][info   ][gc,stats    ]       Phase: Concurrent Mark                               0.000 / 0.000       213.952 / 244.297     525.992 / 1491.398    525.992 / 1491.398    ms
[1600.564s][info   ][gc,stats    ]       Phase: Concurrent Mark Continue                      0.000 / 0.000         0.000 / 0.000         0.000 / 0.000         0.000 / 0.000       ms
[1600.564s][info   ][gc,stats    ]       Phase: Concurrent Mark Free                          0.000 / 0.000         0.001 / 0.002         0.002 / 0.004         0.002 / 0.004       ms
[1600.564s][info   ][gc,stats    ]       Phase: Concurrent Process Non-Strong References      0.000 / 0.000        53.169 / 77.869      218.676 / 1850.321    218.676 / 1850.321    ms
[1600.564s][info   ][gc,stats    ]       Phase: Concurrent Relocate                           0.000 / 0.000        18.844 / 19.993       15.794 / 33.849       15.794 / 33.849      ms
[1600.564s][info   ][gc,stats    ]       Phase: Concurrent Reset Relocation Set               0.000 / 0.000         0.012 / 0.016         0.017 / 0.040         0.017 / 0.040       ms
[1600.564s][info   ][gc,stats    ]       Phase: Concurrent Select Relocation Set              0.000 / 0.000         7.839 / 8.229         6.822 / 15.302        6.822 / 15.302      ms
[1600.564s][info   ][gc,stats    ]       Phase: Pause Mark End                                0.000 / 0.000         0.046 / 0.047         0.102 / 0.333         0.102 / 0.333       ms
[1600.564s][info   ][gc,stats    ]       Phase: Pause Mark Start                              0.000 / 0.000         0.048 / 0.057         0.037 / 0.083         0.037 / 0.083       ms
[1600.564s][info   ][gc,stats    ]       Phase: Pause Relocate Start                          0.000 / 0.000         0.031 / 0.037         0.031 / 0.079         0.031 / 0.079       ms
[1600.564s][info   ][gc,stats    ]    Subphase: Concurrent Classes Purge                      0.000 / 0.000         0.540 / 1.046         3.155 / 14.226        3.155 / 14.226      ms
[1600.564s][info   ][gc,stats    ]    Subphase: Concurrent Classes Unlink                     0.000 / 0.000        39.171 / 55.730      192.480 / 1768.670    192.480 / 1768.670    ms
[1600.564s][info   ][gc,stats    ]    Subphase: Concurrent Mark                               0.000 / 0.000       200.177 / 235.611     372.785 / 1136.625    372.785 / 1136.625    ms
[1600.564s][info   ][gc,stats    ]    Subphase: Concurrent Mark Try Flush                     0.000 / 0.000         0.141 / 0.189        29.593 / 148.506      29.593 / 148.506     ms
[1600.564s][info   ][gc,stats    ]    Subphase: Concurrent Mark Try Terminate                 0.000 / 0.000         4.583 / 13.940        2.849 / 148.509       2.849 / 148.509     ms
[1600.565s][info   ][gc,stats    ]    Subphase: Concurrent References Enqueue                 0.000 / 0.000         0.015 / 0.017         0.012 / 0.017         0.012 / 0.017       ms
[1600.565s][info   ][gc,stats    ]    Subphase: Concurrent References Process                 0.000 / 0.000         0.984 / 1.201         0.775 / 2.501         0.775 / 2.501       ms
[1600.565s][info   ][gc,stats    ]    Subphase: Concurrent Roots ClassLoaderDataGraph         0.000 / 0.000         0.881 / 2.002         0.619 / 2.051         0.619 / 2.051       ms
[1600.565s][info   ][gc,stats    ]    Subphase: Concurrent Roots CodeCache                    0.000 / 0.000         0.000 / 0.000         0.000 / 0.000         0.000 / 0.000       ms
[1600.565s][info   ][gc,stats    ]    Subphase: Concurrent Roots JavaThreads                  0.000 / 0.000         5.480 / 7.439        68.732 / 475.340      68.732 / 475.340     ms
[1600.565s][info   ][gc,stats    ]    Subphase: Concurrent Roots OopStorageSet                0.000 / 0.000         0.510 / 0.690         0.219 / 0.708         0.219 / 0.708       ms
[1600.565s][info   ][gc,stats    ]    Subphase: Concurrent Weak Roots OopStorageSet           0.000 / 0.000         4.891 / 5.394         4.538 / 9.700         4.538 / 9.700       ms
[1600.565s][info   ][gc,stats    ]    Subphase: Pause Mark Try Complete                       0.000 / 0.000         0.000 / 0.000         0.053 / 0.195         0.053 / 0.195       ms
[1600.565s][info   ][gc,stats    ]      System: Java Threads                                      0 / 0                48 / 49               62 / 137              62 / 137         threads
[1600.565s][info   ][gc,stats    ] =========================================================================================================================================================
[1610.567s][info   ][gc,stats    ] === Garbage Collection Statistics =======================================================================================================================
[1610.567s][info   ][gc,stats    ]                                                              Last 10s              Last 10m              Last 10h                Total
[1610.568s][info   ][gc,stats    ]                                                              Avg / Max             Avg / Max             Avg / Max             Avg / Max
[1610.568s][info   ][gc,stats    ]   Collector: Garbage Collection Cycle                      0.000 / 0.000       296.370 / 349.949     812.062 / 3415.907    812.062 / 3415.907    ms
[1610.568s][info   ][gc,stats    ]  Contention: Mark Segment Reset Contention                     0 / 0                 0 / 2                 0 / 2                 0 / 2           ops/s
[1610.568s][info   ][gc,stats    ]  Contention: Mark SeqNum Reset Contention                      0 / 0                 0 / 0                 0 / 1                 0 / 1           ops/s
[1610.568s][info   ][gc,stats    ]    Critical: Allocation Stall                                  0 / 0                 0 / 0                 0 / 0                 0 / 0           ops/s
[1610.568s][info   ][gc,stats    ]    Critical: Allocation Stall                              0.000 / 0.000         0.000 / 0.000         0.000 / 0.000         0.000 / 0.000       ms
[1610.568s][info   ][gc,stats    ]    Critical: GC Locker Stall                                   0 / 0                 0 / 0                 0 / 0                 0 / 0           ops/s
[1610.569s][info   ][gc,stats    ]    Critical: GC Locker Stall                               0.000 / 0.000         0.000 / 0.000         0.000 / 0.000         0.000 / 0.000       ms
[1610.569s][info   ][gc,stats    ]    Critical: Relocation Stall                                  0 / 0                 0 / 0                 0 / 0                 0 / 0           ops/s
[1610.569s][info   ][gc,stats    ]    Critical: Relocation Stall                              0.000 / 0.000         0.000 / 0.000         0.000 / 0.000         0.000 / 0.000       ms
[1610.569s][info   ][gc,stats    ]      Memory: Allocation Rate                                   0 / 0                 0 / 10                1 / 68                1 / 68          MB/s
[1610.569s][info   ][gc,stats    ]      Memory: Defragment                                        0 / 0                 0 / 0                 0 / 0                 0 / 0           ops/s
[1610.569s][info   ][gc,stats    ]      Memory: Out Of Memory                                     0 / 0                 0 / 0                 0 / 0                 0 / 0           ops/s
[1610.569s][info   ][gc,stats    ]      Memory: Page Cache Flush                                  0 / 0                 0 / 0                 0 / 0                 0 / 0           MB/s
[1610.569s][info   ][gc,stats    ]      Memory: Page Cache Hit L1                                 0 / 0                 0 / 9                 0 / 30                0 / 30          ops/s
[1610.569s][info   ][gc,stats    ]      Memory: Page Cache Hit L2                                 0 / 0                 0 / 0                 0 / 0                 0 / 0           ops/s
[1610.569s][info   ][gc,stats    ]      Memory: Page Cache Hit L3                                 0 / 0                 0 / 0                 0 / 26                0 / 26          ops/s
[1610.569s][info   ][gc,stats    ]      Memory: Page Cache Miss                                   0 / 0                 0 / 0                 0 / 1                 0 / 1           ops/s
[1610.569s][info   ][gc,stats    ]      Memory: Uncommit                                          0 / 0                 0 / 0                 0 / 0                 0 / 0           MB/s
[1610.570s][info   ][gc,stats    ]      Memory: Undo Object Allocation Failed                     0 / 0                 0 / 0                 0 / 1                 0 / 1           ops/s
[1610.570s][info   ][gc,stats    ]      Memory: Undo Object Allocation Succeeded                  0 / 0                 0 / 0                 0 / 74                0 / 74          ops/s
[1610.570s][info   ][gc,stats    ]      Memory: Undo Page Allocation                              0 / 0                 0 / 0                 0 / 1                 0 / 1           ops/s
[1610.570s][info   ][gc,stats    ]       Phase: Concurrent Mark                               0.000 / 0.000       213.952 / 244.297     525.992 / 1491.398    525.992 / 1491.398    ms
[1610.570s][info   ][gc,stats    ]       Phase: Concurrent Mark Continue                      0.000 / 0.000         0.000 / 0.000         0.000 / 0.000         0.000 / 0.000       ms
[1610.570s][info   ][gc,stats    ]       Phase: Concurrent Mark Free                          0.000 / 0.000         0.001 / 0.002         0.002 / 0.004         0.002 / 0.004       ms
[1610.570s][info   ][gc,stats    ]       Phase: Concurrent Process Non-Strong References      0.000 / 0.000        53.169 / 77.869      218.676 / 1850.321    218.676 / 1850.321    ms
[1610.570s][info   ][gc,stats    ]       Phase: Concurrent Relocate                           0.000 / 0.000        18.844 / 19.993       15.794 / 33.849       15.794 / 33.849      ms
[1610.570s][info   ][gc,stats    ]       Phase: Concurrent Reset Relocation Set               0.000 / 0.000         0.012 / 0.016         0.017 / 0.040         0.017 / 0.040       ms
[1610.570s][info   ][gc,stats    ]       Phase: Concurrent Select Relocation Set              0.000 / 0.000         7.839 / 8.229         6.822 / 15.302        6.822 / 15.302      ms
[1610.571s][info   ][gc,stats    ]       Phase: Pause Mark End                                0.000 / 0.000         0.046 / 0.047         0.102 / 0.333         0.102 / 0.333       ms
[1610.571s][info   ][gc,stats    ]       Phase: Pause Mark Start                              0.000 / 0.000         0.048 / 0.057         0.037 / 0.083         0.037 / 0.083       ms
[1610.571s][info   ][gc,stats    ]       Phase: Pause Relocate Start                          0.000 / 0.000         0.031 / 0.037         0.031 / 0.079         0.031 / 0.079       ms
[1610.571s][info   ][gc,stats    ]    Subphase: Concurrent Classes Purge                      0.000 / 0.000         0.540 / 1.046         3.155 / 14.226        3.155 / 14.226      ms
[1610.571s][info   ][gc,stats    ]    Subphase: Concurrent Classes Unlink                     0.000 / 0.000        39.171 / 55.730      192.480 / 1768.670    192.480 / 1768.670    ms
[1610.571s][info   ][gc,stats    ]    Subphase: Concurrent Mark                               0.000 / 0.000       200.177 / 235.611     372.785 / 1136.625    372.785 / 1136.625    ms
[1610.571s][info   ][gc,stats    ]    Subphase: Concurrent Mark Try Flush                     0.000 / 0.000         0.141 / 0.189        29.593 / 148.506      29.593 / 148.506     ms
[1610.571s][info   ][gc,stats    ]    Subphase: Concurrent Mark Try Terminate                 0.000 / 0.000         4.583 / 13.940        2.849 / 148.509       2.849 / 148.509     ms
[1610.571s][info   ][gc,stats    ]    Subphase: Concurrent References Enqueue                 0.000 / 0.000         0.015 / 0.017         0.012 / 0.017         0.012 / 0.017       ms
[1610.572s][info   ][gc,stats    ]    Subphase: Concurrent References Process                 0.000 / 0.000         0.984 / 1.201         0.775 / 2.501         0.775 / 2.501       ms
[1610.572s][info   ][gc,stats    ]    Subphase: Concurrent Roots ClassLoaderDataGraph         0.000 / 0.000         0.881 / 2.002         0.619 / 2.051         0.619 / 2.051       ms
[1610.572s][info   ][gc,stats    ]    Subphase: Concurrent Roots CodeCache                    0.000 / 0.000         0.000 / 0.000         0.000 / 0.000         0.000 / 0.000       ms
[1610.572s][info   ][gc,stats    ]    Subphase: Concurrent Roots JavaThreads                  0.000 / 0.000         5.480 / 7.439        68.732 / 475.340      68.732 / 475.340     ms
[1610.572s][info   ][gc,stats    ]    Subphase: Concurrent Roots OopStorageSet                0.000 / 0.000         0.510 / 0.690         0.219 / 0.708         0.219 / 0.708       ms
[1610.572s][info   ][gc,stats    ]    Subphase: Concurrent Weak Roots OopStorageSet           0.000 / 0.000         4.891 / 5.394         4.538 / 9.700         4.538 / 9.700       ms
[1610.573s][info   ][gc,stats    ]    Subphase: Pause Mark Try Complete                       0.000 / 0.000         0.000 / 0.000         0.053 / 0.195         0.053 / 0.195       ms
[1610.573s][info   ][gc,stats    ]      System: Java Threads                                      0 / 0                48 / 49               62 / 137              62 / 137         threads
[1610.573s][info   ][gc,stats    ] =========================================================================================================================================================
[1620.565s][info   ][gc,stats    ] === Garbage Collection Statistics =======================================================================================================================
[1620.566s][info   ][gc,stats    ]                                                              Last 10s              Last 10m              Last 10h                Total
[1620.566s][info   ][gc,stats    ]                                                              Avg / Max             Avg / Max             Avg / Max             Avg / Max
[1620.566s][info   ][gc,stats    ]   Collector: Garbage Collection Cycle                      0.000 / 0.000       296.370 / 349.949     812.062 / 3415.907    812.062 / 3415.907    ms
[1620.566s][info   ][gc,stats    ]  Contention: Mark Segment Reset Contention                     0 / 0                 0 / 2                 0 / 2                 0 / 2           ops/s
[1620.567s][info   ][gc,stats    ]  Contention: Mark SeqNum Reset Contention                      0 / 0                 0 / 0                 0 / 1                 0 / 1           ops/s
[1620.567s][info   ][gc,stats    ]    Critical: Allocation Stall                                  0 / 0                 0 / 0                 0 / 0                 0 / 0           ops/s
[1620.567s][info   ][gc,stats    ]    Critical: Allocation Stall                              0.000 / 0.000         0.000 / 0.000         0.000 / 0.000         0.000 / 0.000       ms
[1620.567s][info   ][gc,stats    ]    Critical: GC Locker Stall                                   0 / 0                 0 / 0                 0 / 0                 0 / 0           ops/s
[1620.567s][info   ][gc,stats    ]    Critical: GC Locker Stall                               0.000 / 0.000         0.000 / 0.000         0.000 / 0.000         0.000 / 0.000       ms
[1620.567s][info   ][gc,stats    ]    Critical: Relocation Stall                                  0 / 0                 0 / 0                 0 / 0                 0 / 0           ops/s
[1620.567s][info   ][gc,stats    ]    Critical: Relocation Stall                              0.000 / 0.000         0.000 / 0.000         0.000 / 0.000         0.000 / 0.000       ms
[1620.568s][info   ][gc,stats    ]      Memory: Allocation Rate                                   0 / 0                 0 / 10                1 / 68                1 / 68          MB/s
[1620.568s][info   ][gc,stats    ]      Memory: Defragment                                        0 / 0                 0 / 0                 0 / 0                 0 / 0           ops/s
[1620.568s][info   ][gc,stats    ]      Memory: Out Of Memory                                     0 / 0                 0 / 0                 0 / 0                 0 / 0           ops/s
[1620.568s][info   ][gc,stats    ]      Memory: Page Cache Flush                                  0 / 0                 0 / 0                 0 / 0                 0 / 0           MB/s
[1620.568s][info   ][gc,stats    ]      Memory: Page Cache Hit L1                                 0 / 0                 0 / 9                 0 / 30                0 / 30          ops/s
[1620.568s][info   ][gc,stats    ]      Memory: Page Cache Hit L2                                 0 / 0                 0 / 0                 0 / 0                 0 / 0           ops/s
[1620.568s][info   ][gc,stats    ]      Memory: Page Cache Hit L3                                 0 / 0                 0 / 0                 0 / 26                0 / 26          ops/s
[1620.569s][info   ][gc,stats    ]      Memory: Page Cache Miss                                   0 / 0                 0 / 0                 0 / 1                 0 / 1           ops/s
[1620.569s][info   ][gc,stats    ]      Memory: Uncommit                                          0 / 0                 0 / 0                 0 / 0                 0 / 0           MB/s
[1620.569s][info   ][gc,stats    ]      Memory: Undo Object Allocation Failed                     0 / 0                 0 / 0                 0 / 1                 0 / 1           ops/s
[1620.569s][info   ][gc,stats    ]      Memory: Undo Object Allocation Succeeded                  0 / 0                 0 / 0                 0 / 74                0 / 74          ops/s
[1620.569s][info   ][gc,stats    ]      Memory: Undo Page Allocation                              0 / 0                 0 / 0                 0 / 1                 0 / 1           ops/s
[1620.570s][info   ][gc,stats    ]       Phase: Concurrent Mark                               0.000 / 0.000       213.952 / 244.297     525.992 / 1491.398    525.992 / 1491.398    ms
[1620.570s][info   ][gc,stats    ]       Phase: Concurrent Mark Continue                      0.000 / 0.000         0.000 / 0.000         0.000 / 0.000         0.000 / 0.000       ms
[1620.570s][info   ][gc,stats    ]       Phase: Concurrent Mark Free                          0.000 / 0.000         0.001 / 0.002         0.002 / 0.004         0.002 / 0.004       ms
[1620.570s][info   ][gc,stats    ]       Phase: Concurrent Process Non-Strong References      0.000 / 0.000        53.169 / 77.869      218.676 / 1850.321    218.676 / 1850.321    ms
[1620.570s][info   ][gc,stats    ]       Phase: Concurrent Relocate                           0.000 / 0.000        18.844 / 19.993       15.794 / 33.849       15.794 / 33.849      ms
[1620.571s][info   ][gc,stats    ]       Phase: Concurrent Reset Relocation Set               0.000 / 0.000         0.012 / 0.016         0.017 / 0.040         0.017 / 0.040       ms
[1620.571s][info   ][gc,stats    ]       Phase: Concurrent Select Relocation Set              0.000 / 0.000         7.839 / 8.229         6.822 / 15.302        6.822 / 15.302      ms
[1620.571s][info   ][gc,stats    ]       Phase: Pause Mark End                                0.000 / 0.000         0.046 / 0.047         0.102 / 0.333         0.102 / 0.333       ms
[1620.571s][info   ][gc,stats    ]       Phase: Pause Mark Start                              0.000 / 0.000         0.048 / 0.057         0.037 / 0.083         0.037 / 0.083       ms
[1620.571s][info   ][gc,stats    ]       Phase: Pause Relocate Start                          0.000 / 0.000         0.031 / 0.037         0.031 / 0.079         0.031 / 0.079       ms
[1620.571s][info   ][gc,stats    ]    Subphase: Concurrent Classes Purge                      0.000 / 0.000         0.540 / 1.046         3.155 / 14.226        3.155 / 14.226      ms
[1620.572s][info   ][gc,stats    ]    Subphase: Concurrent Classes Unlink                     0.000 / 0.000        39.171 / 55.730      192.480 / 1768.670    192.480 / 1768.670    ms
[1620.572s][info   ][gc,stats    ]    Subphase: Concurrent Mark                               0.000 / 0.000       200.177 / 235.611     372.785 / 1136.625    372.785 / 1136.625    ms
[1620.572s][info   ][gc,stats    ]    Subphase: Concurrent Mark Try Flush                     0.000 / 0.000         0.141 / 0.189        29.593 / 148.506      29.593 / 148.506     ms
[1620.572s][info   ][gc,stats    ]    Subphase: Concurrent Mark Try Terminate                 0.000 / 0.000         4.583 / 13.940        2.849 / 148.509       2.849 / 148.509     ms
[1620.572s][info   ][gc,stats    ]    Subphase: Concurrent References Enqueue                 0.000 / 0.000         0.015 / 0.017         0.012 / 0.017         0.012 / 0.017       ms
[1620.572s][info   ][gc,stats    ]    Subphase: Concurrent References Process                 0.000 / 0.000         0.984 / 1.201         0.775 / 2.501         0.775 / 2.501       ms
[1620.573s][info   ][gc,stats    ]    Subphase: Concurrent Roots ClassLoaderDataGraph         0.000 / 0.000         0.881 / 2.002         0.619 / 2.051         0.619 / 2.051       ms
[1620.573s][info   ][gc,stats    ]    Subphase: Concurrent Roots CodeCache                    0.000 / 0.000         0.000 / 0.000         0.000 / 0.000         0.000 / 0.000       ms
[1620.573s][info   ][gc,stats    ]    Subphase: Concurrent Roots JavaThreads                  0.000 / 0.000         5.480 / 7.439        68.732 / 475.340      68.732 / 475.340     ms
[1620.573s][info   ][gc,stats    ]    Subphase: Concurrent Roots OopStorageSet                0.000 / 0.000         0.510 / 0.690         0.219 / 0.708         0.219 / 0.708       ms
[1620.573s][info   ][gc,stats    ]    Subphase: Concurrent Weak Roots OopStorageSet           0.000 / 0.000         4.891 / 5.394         4.538 / 9.700         4.538 / 9.700       ms
[1620.573s][info   ][gc,stats    ]    Subphase: Pause Mark Try Complete                       0.000 / 0.000         0.000 / 0.000         0.053 / 0.195         0.053 / 0.195       ms
[1620.574s][info   ][gc,stats    ]      System: Java Threads                                      0 / 0                48 / 49               62 / 137              62 / 137         threads
[1620.574s][info   ][gc,stats    ] =========================================================================================================================================================
[1630.563s][info   ][gc,stats    ] === Garbage Collection Statistics =======================================================================================================================
[1630.563s][info   ][gc,stats    ]                                                              Last 10s              Last 10m              Last 10h                Total
[1630.563s][info   ][gc,stats    ]                                                              Avg / Max             Avg / Max             Avg / Max             Avg / Max
[1630.563s][info   ][gc,stats    ]   Collector: Garbage Collection Cycle                      0.000 / 0.000       296.370 / 349.949     812.062 / 3415.907    812.062 / 3415.907    ms
[1630.563s][info   ][gc,stats    ]  Contention: Mark Segment Reset Contention                     0 / 0                 0 / 2                 0 / 2                 0 / 2           ops/s
[1630.563s][info   ][gc,stats    ]  Contention: Mark SeqNum Reset Contention                      0 / 0                 0 / 0                 0 / 1                 0 / 1           ops/s
[1630.563s][info   ][gc,stats    ]    Critical: Allocation Stall                                  0 / 0                 0 / 0                 0 / 0                 0 / 0           ops/s
[1630.563s][info   ][gc,stats    ]    Critical: Allocation Stall                              0.000 / 0.000         0.000 / 0.000         0.000 / 0.000         0.000 / 0.000       ms
[1630.563s][info   ][gc,stats    ]    Critical: GC Locker Stall                                   0 / 0                 0 / 0                 0 / 0                 0 / 0           ops/s
[1630.563s][info   ][gc,stats    ]    Critical: GC Locker Stall                               0.000 / 0.000         0.000 / 0.000         0.000 / 0.000         0.000 / 0.000       ms
[1630.563s][info   ][gc,stats    ]    Critical: Relocation Stall                                  0 / 0                 0 / 0                 0 / 0                 0 / 0           ops/s
[1630.563s][info   ][gc,stats    ]    Critical: Relocation Stall                              0.000 / 0.000         0.000 / 0.000         0.000 / 0.000         0.000 / 0.000       ms
[1630.564s][info   ][gc,stats    ]      Memory: Allocation Rate                                   0 / 0                 0 / 10                1 / 68                1 / 68          MB/s
[1630.564s][info   ][gc,stats    ]      Memory: Defragment                                        0 / 0                 0 / 0                 0 / 0                 0 / 0           ops/s
[1630.564s][info   ][gc,stats    ]      Memory: Out Of Memory                                     0 / 0                 0 / 0                 0 / 0                 0 / 0           ops/s
[1630.564s][info   ][gc,stats    ]      Memory: Page Cache Flush                                  0 / 0                 0 / 0                 0 / 0                 0 / 0           MB/s
[1630.564s][info   ][gc,stats    ]      Memory: Page Cache Hit L1                                 0 / 0                 0 / 9                 0 / 30                0 / 30          ops/s
[1630.564s][info   ][gc,stats    ]      Memory: Page Cache Hit L2                                 0 / 0                 0 / 0                 0 / 0                 0 / 0           ops/s
[1630.564s][info   ][gc,stats    ]      Memory: Page Cache Hit L3                                 0 / 0                 0 / 0                 0 / 26                0 / 26          ops/s
[1630.564s][info   ][gc,stats    ]      Memory: Page Cache Miss                                   0 / 0                 0 / 0                 0 / 1                 0 / 1           ops/s
[1630.564s][info   ][gc,stats    ]      Memory: Uncommit                                          0 / 0                 0 / 0                 0 / 0                 0 / 0           MB/s
[1630.564s][info   ][gc,stats    ]      Memory: Undo Object Allocation Failed                     0 / 0                 0 / 0                 0 / 1                 0 / 1           ops/s
[1630.564s][info   ][gc,stats    ]      Memory: Undo Object Allocation Succeeded                  0 / 0                 0 / 0                 0 / 74                0 / 74          ops/s
[1630.564s][info   ][gc,stats    ]      Memory: Undo Page Allocation                              0 / 0                 0 / 0                 0 / 1                 0 / 1           ops/s
[1630.564s][info   ][gc,stats    ]       Phase: Concurrent Mark                               0.000 / 0.000       213.952 / 244.297     525.992 / 1491.398    525.992 / 1491.398    ms
[1630.564s][info   ][gc,stats    ]       Phase: Concurrent Mark Continue                      0.000 / 0.000         0.000 / 0.000         0.000 / 0.000         0.000 / 0.000       ms
[1630.565s][info   ][gc,stats    ]       Phase: Concurrent Mark Free                          0.000 / 0.000         0.001 / 0.002         0.002 / 0.004         0.002 / 0.004       ms
[1630.565s][info   ][gc,stats    ]       Phase: Concurrent Process Non-Strong References      0.000 / 0.000        53.169 / 77.869      218.676 / 1850.321    218.676 / 1850.321    ms
[1630.565s][info   ][gc,stats    ]       Phase: Concurrent Relocate                           0.000 / 0.000        18.844 / 19.993       15.794 / 33.849       15.794 / 33.849      ms
[1630.565s][info   ][gc,stats    ]       Phase: Concurrent Reset Relocation Set               0.000 / 0.000         0.012 / 0.016         0.017 / 0.040         0.017 / 0.040       ms
[1630.565s][info   ][gc,stats    ]       Phase: Concurrent Select Relocation Set              0.000 / 0.000         7.839 / 8.229         6.822 / 15.302        6.822 / 15.302      ms
[1630.565s][info   ][gc,stats    ]       Phase: Pause Mark End                                0.000 / 0.000         0.046 / 0.047         0.102 / 0.333         0.102 / 0.333       ms
[1630.565s][info   ][gc,stats    ]       Phase: Pause Mark Start                              0.000 / 0.000         0.048 / 0.057         0.037 / 0.083         0.037 / 0.083       ms
[1630.565s][info   ][gc,stats    ]       Phase: Pause Relocate Start                          0.000 / 0.000         0.031 / 0.037         0.031 / 0.079         0.031 / 0.079       ms
[1630.565s][info   ][gc,stats    ]    Subphase: Concurrent Classes Purge                      0.000 / 0.000         0.540 / 1.046         3.155 / 14.226        3.155 / 14.226      ms
[1630.565s][info   ][gc,stats    ]    Subphase: Concurrent Classes Unlink                     0.000 / 0.000        39.171 / 55.730      192.480 / 1768.670    192.480 / 1768.670    ms
[1630.565s][info   ][gc,stats    ]    Subphase: Concurrent Mark                               0.000 / 0.000       200.177 / 235.611     372.785 / 1136.625    372.785 / 1136.625    ms
[1630.565s][info   ][gc,stats    ]    Subphase: Concurrent Mark Try Flush                     0.000 / 0.000         0.141 / 0.189        29.593 / 148.506      29.593 / 148.506     ms
[1630.565s][info   ][gc,stats    ]    Subphase: Concurrent Mark Try Terminate                 0.000 / 0.000         4.583 / 13.940        2.849 / 148.509       2.849 / 148.509     ms
[1630.565s][info   ][gc,stats    ]    Subphase: Concurrent References Enqueue                 0.000 / 0.000         0.015 / 0.017         0.012 / 0.017         0.012 / 0.017       ms
[1630.565s][info   ][gc,stats    ]    Subphase: Concurrent References Process                 0.000 / 0.000         0.984 / 1.201         0.775 / 2.501         0.775 / 2.501       ms
[1630.565s][info   ][gc,stats    ]    Subphase: Concurrent Roots ClassLoaderDataGraph         0.000 / 0.000         0.881 / 2.002         0.619 / 2.051         0.619 / 2.051       ms
[1630.565s][info   ][gc,stats    ]    Subphase: Concurrent Roots CodeCache                    0.000 / 0.000         0.000 / 0.000         0.000 / 0.000         0.000 / 0.000       ms
[1630.565s][info   ][gc,stats    ]    Subphase: Concurrent Roots JavaThreads                  0.000 / 0.000         5.480 / 7.439        68.732 / 475.340      68.732 / 475.340     ms
[1630.565s][info   ][gc,stats    ]    Subphase: Concurrent Roots OopStorageSet                0.000 / 0.000         0.510 / 0.690         0.219 / 0.708         0.219 / 0.708       ms
[1630.566s][info   ][gc,stats    ]    Subphase: Concurrent Weak Roots OopStorageSet           0.000 / 0.000         4.891 / 5.394         4.538 / 9.700         4.538 / 9.700       ms
[1630.566s][info   ][gc,stats    ]    Subphase: Pause Mark Try Complete                       0.000 / 0.000         0.000 / 0.000         0.053 / 0.195         0.053 / 0.195       ms
[1630.566s][info   ][gc,stats    ]      System: Java Threads                                      0 / 0                48 / 49               62 / 137              62 / 137         threads
[1630.566s][info   ][gc,stats    ] =========================================================================================================================================================
[1640.556s][info   ][gc,stats    ] === Garbage Collection Statistics =======================================================================================================================
[1640.557s][info   ][gc,stats    ]                                                              Last 10s              Last 10m              Last 10h                Total
[1640.557s][info   ][gc,stats    ]                                                              Avg / Max             Avg / Max             Avg / Max             Avg / Max
[1640.557s][info   ][gc,stats    ]   Collector: Garbage Collection Cycle                      0.000 / 0.000       296.370 / 349.949     812.062 / 3415.907    812.062 / 3415.907    ms
[1640.557s][info   ][gc,stats    ]  Contention: Mark Segment Reset Contention                     0 / 0                 0 / 2                 0 / 2                 0 / 2           ops/s
[1640.557s][info   ][gc,stats    ]  Contention: Mark SeqNum Reset Contention                      0 / 0                 0 / 0                 0 / 1                 0 / 1           ops/s
[1640.557s][info   ][gc,stats    ]    Critical: Allocation Stall                                  0 / 0                 0 / 0                 0 / 0                 0 / 0           ops/s
[1640.557s][info   ][gc,stats    ]    Critical: Allocation Stall                              0.000 / 0.000         0.000 / 0.000         0.000 / 0.000         0.000 / 0.000       ms
[1640.557s][info   ][gc,stats    ]    Critical: GC Locker Stall                                   0 / 0                 0 / 0                 0 / 0                 0 / 0           ops/s
[1640.557s][info   ][gc,stats    ]    Critical: GC Locker Stall                               0.000 / 0.000         0.000 / 0.000         0.000 / 0.000         0.000 / 0.000       ms
[1640.557s][info   ][gc,stats    ]    Critical: Relocation Stall                                  0 / 0                 0 / 0                 0 / 0                 0 / 0           ops/s
[1640.558s][info   ][gc,stats    ]    Critical: Relocation Stall                              0.000 / 0.000         0.000 / 0.000         0.000 / 0.000         0.000 / 0.000       ms
[1640.558s][info   ][gc,stats    ]      Memory: Allocation Rate                                   0 / 2                 0 / 10                1 / 68                1 / 68          MB/s
[1640.558s][info   ][gc,stats    ]      Memory: Defragment                                        0 / 0                 0 / 0                 0 / 0                 0 / 0           ops/s
[1640.558s][info   ][gc,stats    ]      Memory: Out Of Memory                                     0 / 0                 0 / 0                 0 / 0                 0 / 0           ops/s
[1640.558s][info   ][gc,stats    ]      Memory: Page Cache Flush                                  0 / 0                 0 / 0                 0 / 0                 0 / 0           MB/s
[1640.558s][info   ][gc,stats    ]      Memory: Page Cache Hit L1                                 0 / 1                 0 / 9                 0 / 30                0 / 30          ops/s
[1640.558s][info   ][gc,stats    ]      Memory: Page Cache Hit L2                                 0 / 0                 0 / 0                 0 / 0                 0 / 0           ops/s
[1640.558s][info   ][gc,stats    ]      Memory: Page Cache Hit L3                                 0 / 0                 0 / 0                 0 / 26                0 / 26          ops/s
[1640.558s][info   ][gc,stats    ]      Memory: Page Cache Miss                                   0 / 0                 0 / 0                 0 / 1                 0 / 1           ops/s
[1640.558s][info   ][gc,stats    ]      Memory: Uncommit                                          0 / 0                 0 / 0                 0 / 0                 0 / 0           MB/s
[1640.558s][info   ][gc,stats    ]      Memory: Undo Object Allocation Failed                     0 / 0                 0 / 0                 0 / 1                 0 / 1           ops/s
[1640.558s][info   ][gc,stats    ]      Memory: Undo Object Allocation Succeeded                  0 / 0                 0 / 0                 0 / 74                0 / 74          ops/s
[1640.558s][info   ][gc,stats    ]      Memory: Undo Page Allocation                              0 / 0                 0 / 0                 0 / 1                 0 / 1           ops/s
[1640.558s][info   ][gc,stats    ]       Phase: Concurrent Mark                               0.000 / 0.000       213.952 / 244.297     525.992 / 1491.398    525.992 / 1491.398    ms
[1640.559s][info   ][gc,stats    ]       Phase: Concurrent Mark Continue                      0.000 / 0.000         0.000 / 0.000         0.000 / 0.000         0.000 / 0.000       ms
[1640.559s][info   ][gc,stats    ]       Phase: Concurrent Mark Free                          0.000 / 0.000         0.001 / 0.002         0.002 / 0.004         0.002 / 0.004       ms
[1640.559s][info   ][gc,stats    ]       Phase: Concurrent Process Non-Strong References      0.000 / 0.000        53.169 / 77.869      218.676 / 1850.321    218.676 / 1850.321    ms
[1640.559s][info   ][gc,stats    ]       Phase: Concurrent Relocate                           0.000 / 0.000        18.844 / 19.993       15.794 / 33.849       15.794 / 33.849      ms
[1640.559s][info   ][gc,stats    ]       Phase: Concurrent Reset Relocation Set               0.000 / 0.000         0.012 / 0.016         0.017 / 0.040         0.017 / 0.040       ms
[1640.559s][info   ][gc,stats    ]       Phase: Concurrent Select Relocation Set              0.000 / 0.000         7.839 / 8.229         6.822 / 15.302        6.822 / 15.302      ms
[1640.559s][info   ][gc,stats    ]       Phase: Pause Mark End                                0.000 / 0.000         0.046 / 0.047         0.102 / 0.333         0.102 / 0.333       ms
[1640.559s][info   ][gc,stats    ]       Phase: Pause Mark Start                              0.000 / 0.000         0.048 / 0.057         0.037 / 0.083         0.037 / 0.083       ms
[1640.559s][info   ][gc,stats    ]       Phase: Pause Relocate Start                          0.000 / 0.000         0.031 / 0.037         0.031 / 0.079         0.031 / 0.079       ms
[1640.559s][info   ][gc,stats    ]    Subphase: Concurrent Classes Purge                      0.000 / 0.000         0.540 / 1.046         3.155 / 14.226        3.155 / 14.226      ms
[1640.559s][info   ][gc,stats    ]    Subphase: Concurrent Classes Unlink                     0.000 / 0.000        39.171 / 55.730      192.480 / 1768.670    192.480 / 1768.670    ms
[1640.560s][info   ][gc,stats    ]    Subphase: Concurrent Mark                               0.000 / 0.000       200.177 / 235.611     372.785 / 1136.625    372.785 / 1136.625    ms
[1640.560s][info   ][gc,stats    ]    Subphase: Concurrent Mark Try Flush                     0.000 / 0.000         0.141 / 0.189        29.593 / 148.506      29.593 / 148.506     ms
[1640.560s][info   ][gc,stats    ]    Subphase: Concurrent Mark Try Terminate                 0.000 / 0.000         4.583 / 13.940        2.849 / 148.509       2.849 / 148.509     ms
[1640.560s][info   ][gc,stats    ]    Subphase: Concurrent References Enqueue                 0.000 / 0.000         0.015 / 0.017         0.012 / 0.017         0.012 / 0.017       ms
[1640.560s][info   ][gc,stats    ]    Subphase: Concurrent References Process                 0.000 / 0.000         0.984 / 1.201         0.775 / 2.501         0.775 / 2.501       ms
[1640.560s][info   ][gc,stats    ]    Subphase: Concurrent Roots ClassLoaderDataGraph         0.000 / 0.000         0.881 / 2.002         0.619 / 2.051         0.619 / 2.051       ms
[1640.560s][info   ][gc,stats    ]    Subphase: Concurrent Roots CodeCache                    0.000 / 0.000         0.000 / 0.000         0.000 / 0.000         0.000 / 0.000       ms
[1640.560s][info   ][gc,stats    ]    Subphase: Concurrent Roots JavaThreads                  0.000 / 0.000         5.480 / 7.439        68.732 / 475.340      68.732 / 475.340     ms
[1640.560s][info   ][gc,stats    ]    Subphase: Concurrent Roots OopStorageSet                0.000 / 0.000         0.510 / 0.690         0.219 / 0.708         0.219 / 0.708       ms
[1640.560s][info   ][gc,stats    ]    Subphase: Concurrent Weak Roots OopStorageSet           0.000 / 0.000         4.891 / 5.394         4.538 / 9.700         4.538 / 9.700       ms
[1640.561s][info   ][gc,stats    ]    Subphase: Pause Mark Try Complete                       0.000 / 0.000         0.000 / 0.000         0.053 / 0.195         0.053 / 0.195       ms
[1640.561s][info   ][gc,stats    ]      System: Java Threads                                      0 / 0                48 / 49               62 / 137              62 / 137         threads
[1640.561s][info   ][gc,stats    ] =========================================================================================================================================================
[1650.562s][info   ][gc,stats    ] === Garbage Collection Statistics =======================================================================================================================
[1650.562s][info   ][gc,stats    ]                                                              Last 10s              Last 10m              Last 10h                Total
[1650.562s][info   ][gc,stats    ]                                                              Avg / Max             Avg / Max             Avg / Max             Avg / Max
[1650.563s][info   ][gc,stats    ]   Collector: Garbage Collection Cycle                      0.000 / 0.000       296.370 / 349.949     812.062 / 3415.907    812.062 / 3415.907    ms
[1650.563s][info   ][gc,stats    ]  Contention: Mark Segment Reset Contention                     0 / 0                 0 / 2                 0 / 2                 0 / 2           ops/s
[1650.563s][info   ][gc,stats    ]  Contention: Mark SeqNum Reset Contention                      0 / 0                 0 / 0                 0 / 1                 0 / 1           ops/s
[1650.563s][info   ][gc,stats    ]    Critical: Allocation Stall                                  0 / 0                 0 / 0                 0 / 0                 0 / 0           ops/s
[1650.563s][info   ][gc,stats    ]    Critical: Allocation Stall                              0.000 / 0.000         0.000 / 0.000         0.000 / 0.000         0.000 / 0.000       ms
[1650.564s][info   ][gc,stats    ]    Critical: GC Locker Stall                                   0 / 0                 0 / 0                 0 / 0                 0 / 0           ops/s
[1650.564s][info   ][gc,stats    ]    Critical: GC Locker Stall                               0.000 / 0.000         0.000 / 0.000         0.000 / 0.000         0.000 / 0.000       ms
[1650.564s][info   ][gc,stats    ]    Critical: Relocation Stall                                  0 / 0                 0 / 0                 0 / 0                 0 / 0           ops/s
[1650.564s][info   ][gc,stats    ]    Critical: Relocation Stall                              0.000 / 0.000         0.000 / 0.000         0.000 / 0.000         0.000 / 0.000       ms
[1650.564s][info   ][gc,stats    ]      Memory: Allocation Rate                                   0 / 2                 0 / 10                1 / 68                1 / 68          MB/s
[1650.565s][info   ][gc,stats    ]      Memory: Defragment                                        0 / 0                 0 / 0                 0 / 0                 0 / 0           ops/s
[1650.565s][info   ][gc,stats    ]      Memory: Out Of Memory                                     0 / 0                 0 / 0                 0 / 0                 0 / 0           ops/s
[1650.565s][info   ][gc,stats    ]      Memory: Page Cache Flush                                  0 / 0                 0 / 0                 0 / 0                 0 / 0           MB/s
[1650.565s][info   ][gc,stats    ]      Memory: Page Cache Hit L1                                 0 / 1                 0 / 9                 0 / 30                0 / 30          ops/s
[1650.565s][info   ][gc,stats    ]      Memory: Page Cache Hit L2                                 0 / 0                 0 / 0                 0 / 0                 0 / 0           ops/s
[1650.565s][info   ][gc,stats    ]      Memory: Page Cache Hit L3                                 0 / 0                 0 / 0                 0 / 26                0 / 26          ops/s
[1650.565s][info   ][gc,stats    ]      Memory: Page Cache Miss                                   0 / 0                 0 / 0                 0 / 1                 0 / 1           ops/s
[1650.565s][info   ][gc,stats    ]      Memory: Uncommit                                          0 / 0                 0 / 0                 0 / 0                 0 / 0           MB/s
[1650.566s][info   ][gc,stats    ]      Memory: Undo Object Allocation Failed                     0 / 0                 0 / 0                 0 / 1                 0 / 1           ops/s
[1650.566s][info   ][gc,stats    ]      Memory: Undo Object Allocation Succeeded                  0 / 0                 0 / 0                 0 / 74                0 / 74          ops/s
[1650.566s][info   ][gc,stats    ]      Memory: Undo Page Allocation                              0 / 0                 0 / 0                 0 / 1                 0 / 1           ops/s
[1650.566s][info   ][gc,stats    ]       Phase: Concurrent Mark                               0.000 / 0.000       213.952 / 244.297     525.992 / 1491.398    525.992 / 1491.398    ms
[1650.566s][info   ][gc,stats    ]       Phase: Concurrent Mark Continue                      0.000 / 0.000         0.000 / 0.000         0.000 / 0.000         0.000 / 0.000       ms
[1650.566s][info   ][gc,stats    ]       Phase: Concurrent Mark Free                          0.000 / 0.000         0.001 / 0.002         0.002 / 0.004         0.002 / 0.004       ms
[1650.566s][info   ][gc,stats    ]       Phase: Concurrent Process Non-Strong References      0.000 / 0.000        53.169 / 77.869      218.676 / 1850.321    218.676 / 1850.321    ms
[1650.567s][info   ][gc,stats    ]       Phase: Concurrent Relocate                           0.000 / 0.000        18.844 / 19.993       15.794 / 33.849       15.794 / 33.849      ms
[1650.567s][info   ][gc,stats    ]       Phase: Concurrent Reset Relocation Set               0.000 / 0.000         0.012 / 0.016         0.017 / 0.040         0.017 / 0.040       ms
[1650.567s][info   ][gc,stats    ]       Phase: Concurrent Select Relocation Set              0.000 / 0.000         7.839 / 8.229         6.822 / 15.302        6.822 / 15.302      ms
[1650.567s][info   ][gc,stats    ]       Phase: Pause Mark End                                0.000 / 0.000         0.046 / 0.047         0.102 / 0.333         0.102 / 0.333       ms
[1650.567s][info   ][gc,stats    ]       Phase: Pause Mark Start                              0.000 / 0.000         0.048 / 0.057         0.037 / 0.083         0.037 / 0.083       ms
[1650.567s][info   ][gc,stats    ]       Phase: Pause Relocate Start                          0.000 / 0.000         0.031 / 0.037         0.031 / 0.079         0.031 / 0.079       ms
[1650.568s][info   ][gc,stats    ]    Subphase: Concurrent Classes Purge                      0.000 / 0.000         0.540 / 1.046         3.155 / 14.226        3.155 / 14.226      ms
[1650.568s][info   ][gc,stats    ]    Subphase: Concurrent Classes Unlink                     0.000 / 0.000        39.171 / 55.730      192.480 / 1768.670    192.480 / 1768.670    ms
[1650.568s][info   ][gc,stats    ]    Subphase: Concurrent Mark                               0.000 / 0.000       200.177 / 235.611     372.785 / 1136.625    372.785 / 1136.625    ms
[1650.568s][info   ][gc,stats    ]    Subphase: Concurrent Mark Try Flush                     0.000 / 0.000         0.141 / 0.189        29.593 / 148.506      29.593 / 148.506     ms
[1650.568s][info   ][gc,stats    ]    Subphase: Concurrent Mark Try Terminate                 0.000 / 0.000         4.583 / 13.940        2.849 / 148.509       2.849 / 148.509     ms
[1650.569s][info   ][gc,stats    ]    Subphase: Concurrent References Enqueue                 0.000 / 0.000         0.015 / 0.017         0.012 / 0.017         0.012 / 0.017       ms
[1650.569s][info   ][gc,stats    ]    Subphase: Concurrent References Process                 0.000 / 0.000         0.984 / 1.201         0.775 / 2.501         0.775 / 2.501       ms
[1650.569s][info   ][gc,stats    ]    Subphase: Concurrent Roots ClassLoaderDataGraph         0.000 / 0.000         0.881 / 2.002         0.619 / 2.051         0.619 / 2.051       ms
[1650.569s][info   ][gc,stats    ]    Subphase: Concurrent Roots CodeCache                    0.000 / 0.000         0.000 / 0.000         0.000 / 0.000         0.000 / 0.000       ms
[1650.569s][info   ][gc,stats    ]    Subphase: Concurrent Roots JavaThreads                  0.000 / 0.000         5.480 / 7.439        68.732 / 475.340      68.732 / 475.340     ms
[1650.570s][info   ][gc,stats    ]    Subphase: Concurrent Roots OopStorageSet                0.000 / 0.000         0.510 / 0.690         0.219 / 0.708         0.219 / 0.708       ms
[1650.570s][info   ][gc,stats    ]    Subphase: Concurrent Weak Roots OopStorageSet           0.000 / 0.000         4.891 / 5.394         4.538 / 9.700         4.538 / 9.700       ms
[1650.570s][info   ][gc,stats    ]    Subphase: Pause Mark Try Complete                       0.000 / 0.000         0.000 / 0.000         0.053 / 0.195         0.053 / 0.195       ms
[1650.570s][info   ][gc,stats    ]      System: Java Threads                                      0 / 0                48 / 49               62 / 137              62 / 137         threads
[1650.570s][info   ][gc,stats    ] =========================================================================================================================================================
[1660.560s][info   ][gc,stats    ] === Garbage Collection Statistics =======================================================================================================================
[1660.561s][info   ][gc,stats    ]                                                              Last 10s              Last 10m              Last 10h                Total
[1660.561s][info   ][gc,stats    ]                                                              Avg / Max             Avg / Max             Avg / Max             Avg / Max
[1660.561s][info   ][gc,stats    ]   Collector: Garbage Collection Cycle                      0.000 / 0.000       296.370 / 349.949     812.062 / 3415.907    812.062 / 3415.907    ms
[1660.561s][info   ][gc,stats    ]  Contention: Mark Segment Reset Contention                     0 / 0                 0 / 2                 0 / 2                 0 / 2           ops/s
[1660.561s][info   ][gc,stats    ]  Contention: Mark SeqNum Reset Contention                      0 / 0                 0 / 0                 0 / 1                 0 / 1           ops/s
[1660.561s][info   ][gc,stats    ]    Critical: Allocation Stall                                  0 / 0                 0 / 0                 0 / 0                 0 / 0           ops/s
[1660.562s][info   ][gc,stats    ]    Critical: Allocation Stall                              0.000 / 0.000         0.000 / 0.000         0.000 / 0.000         0.000 / 0.000       ms
[1660.562s][info   ][gc,stats    ]    Critical: GC Locker Stall                                   0 / 0                 0 / 0                 0 / 0                 0 / 0           ops/s
[1660.562s][info   ][gc,stats    ]    Critical: GC Locker Stall                               0.000 / 0.000         0.000 / 0.000         0.000 / 0.000         0.000 / 0.000       ms
[1660.562s][info   ][gc,stats    ]    Critical: Relocation Stall                                  0 / 0                 0 / 0                 0 / 0                 0 / 0           ops/s
[1660.563s][info   ][gc,stats    ]    Critical: Relocation Stall                              0.000 / 0.000         0.000 / 0.000         0.000 / 0.000         0.000 / 0.000       ms
[1660.563s][info   ][gc,stats    ]      Memory: Allocation Rate                                   0 / 0                 0 / 10                1 / 68                1 / 68          MB/s
[1660.563s][info   ][gc,stats    ]      Memory: Defragment                                        0 / 0                 0 / 0                 0 / 0                 0 / 0           ops/s
[1660.563s][info   ][gc,stats    ]      Memory: Out Of Memory                                     0 / 0                 0 / 0                 0 / 0                 0 / 0           ops/s
[1660.563s][info   ][gc,stats    ]      Memory: Page Cache Flush                                  0 / 0                 0 / 0                 0 / 0                 0 / 0           MB/s
[1660.563s][info   ][gc,stats    ]      Memory: Page Cache Hit L1                                 0 / 0                 0 / 9                 0 / 30                0 / 30          ops/s
[1660.563s][info   ][gc,stats    ]      Memory: Page Cache Hit L2                                 0 / 0                 0 / 0                 0 / 0                 0 / 0           ops/s
[1660.563s][info   ][gc,stats    ]      Memory: Page Cache Hit L3                                 0 / 0                 0 / 0                 0 / 26                0 / 26          ops/s
[1660.564s][info   ][gc,stats    ]      Memory: Page Cache Miss                                   0 / 0                 0 / 0                 0 / 1                 0 / 1           ops/s
[1660.564s][info   ][gc,stats    ]      Memory: Uncommit                                          0 / 0                 0 / 0                 0 / 0                 0 / 0           MB/s
[1660.564s][info   ][gc,stats    ]      Memory: Undo Object Allocation Failed                     0 / 0                 0 / 0                 0 / 1                 0 / 1           ops/s
[1660.564s][info   ][gc,stats    ]      Memory: Undo Object Allocation Succeeded                  0 / 0                 0 / 0                 0 / 74                0 / 74          ops/s
[1660.564s][info   ][gc,stats    ]      Memory: Undo Page Allocation                              0 / 0                 0 / 0                 0 / 1                 0 / 1           ops/s
[1660.564s][info   ][gc,stats    ]       Phase: Concurrent Mark                               0.000 / 0.000       213.952 / 244.297     525.992 / 1491.398    525.992 / 1491.398    ms
[1660.564s][info   ][gc,stats    ]       Phase: Concurrent Mark Continue                      0.000 / 0.000         0.000 / 0.000         0.000 / 0.000         0.000 / 0.000       ms
[1660.565s][info   ][gc,stats    ]       Phase: Concurrent Mark Free                          0.000 / 0.000         0.001 / 0.002         0.002 / 0.004         0.002 / 0.004       ms
[1660.565s][info   ][gc,stats    ]       Phase: Concurrent Process Non-Strong References      0.000 / 0.000        53.169 / 77.869      218.676 / 1850.321    218.676 / 1850.321    ms
[1660.565s][info   ][gc,stats    ]       Phase: Concurrent Relocate                           0.000 / 0.000        18.844 / 19.993       15.794 / 33.849       15.794 / 33.849      ms
[1660.565s][info   ][gc,stats    ]       Phase: Concurrent Reset Relocation Set               0.000 / 0.000         0.012 / 0.016         0.017 / 0.040         0.017 / 0.040       ms
[1660.565s][info   ][gc,stats    ]       Phase: Concurrent Select Relocation Set              0.000 / 0.000         7.839 / 8.229         6.822 / 15.302        6.822 / 15.302      ms
[1660.565s][info   ][gc,stats    ]       Phase: Pause Mark End                                0.000 / 0.000         0.046 / 0.047         0.102 / 0.333         0.102 / 0.333       ms
[1660.565s][info   ][gc,stats    ]       Phase: Pause Mark Start                              0.000 / 0.000         0.048 / 0.057         0.037 / 0.083         0.037 / 0.083       ms
[1660.565s][info   ][gc,stats    ]       Phase: Pause Relocate Start                          0.000 / 0.000         0.031 / 0.037         0.031 / 0.079         0.031 / 0.079       ms
[1660.565s][info   ][gc,stats    ]    Subphase: Concurrent Classes Purge                      0.000 / 0.000         0.540 / 1.046         3.155 / 14.226        3.155 / 14.226      ms
[1660.565s][info   ][gc,stats    ]    Subphase: Concurrent Classes Unlink                     0.000 / 0.000        39.171 / 55.730      192.480 / 1768.670    192.480 / 1768.670    ms
[1660.566s][info   ][gc,stats    ]    Subphase: Concurrent Mark                               0.000 / 0.000       200.177 / 235.611     372.785 / 1136.625    372.785 / 1136.625    ms
[1660.566s][info   ][gc,stats    ]    Subphase: Concurrent Mark Try Flush                     0.000 / 0.000         0.141 / 0.189        29.593 / 148.506      29.593 / 148.506     ms
[1660.566s][info   ][gc,stats    ]    Subphase: Concurrent Mark Try Terminate                 0.000 / 0.000         4.583 / 13.940        2.849 / 148.509       2.849 / 148.509     ms
[1660.566s][info   ][gc,stats    ]    Subphase: Concurrent References Enqueue                 0.000 / 0.000         0.015 / 0.017         0.012 / 0.017         0.012 / 0.017       ms
[1660.566s][info   ][gc,stats    ]    Subphase: Concurrent References Process                 0.000 / 0.000         0.984 / 1.201         0.775 / 2.501         0.775 / 2.501       ms
[1660.566s][info   ][gc,stats    ]    Subphase: Concurrent Roots ClassLoaderDataGraph         0.000 / 0.000         0.881 / 2.002         0.619 / 2.051         0.619 / 2.051       ms
[1660.566s][info   ][gc,stats    ]    Subphase: Concurrent Roots CodeCache                    0.000 / 0.000         0.000 / 0.000         0.000 / 0.000         0.000 / 0.000       ms
[1660.566s][info   ][gc,stats    ]    Subphase: Concurrent Roots JavaThreads                  0.000 / 0.000         5.480 / 7.439        68.732 / 475.340      68.732 / 475.340     ms
[1660.567s][info   ][gc,stats    ]    Subphase: Concurrent Roots OopStorageSet                0.000 / 0.000         0.510 / 0.690         0.219 / 0.708         0.219 / 0.708       ms
[1660.567s][info   ][gc,stats    ]    Subphase: Concurrent Weak Roots OopStorageSet           0.000 / 0.000         4.891 / 5.394         4.538 / 9.700         4.538 / 9.700       ms
[1660.567s][info   ][gc,stats    ]    Subphase: Pause Mark Try Complete                       0.000 / 0.000         0.000 / 0.000         0.053 / 0.195         0.053 / 0.195       ms
[1660.567s][info   ][gc,stats    ]      System: Java Threads                                      0 / 0                48 / 49               62 / 137              62 / 137         threads
[1660.567s][info   ][gc,stats    ] =========================================================================================================================================================
[1670.558s][info   ][gc,stats    ] === Garbage Collection Statistics =======================================================================================================================
[1670.558s][info   ][gc,stats    ]                                                              Last 10s              Last 10m              Last 10h                Total
[1670.558s][info   ][gc,stats    ]                                                              Avg / Max             Avg / Max             Avg / Max             Avg / Max
[1670.558s][info   ][gc,stats    ]   Collector: Garbage Collection Cycle                      0.000 / 0.000       296.370 / 349.949     812.062 / 3415.907    812.062 / 3415.907    ms
[1670.558s][info   ][gc,stats    ]  Contention: Mark Segment Reset Contention                     0 / 0                 0 / 2                 0 / 2                 0 / 2           ops/s
[1670.559s][info   ][gc,stats    ]  Contention: Mark SeqNum Reset Contention                      0 / 0                 0 / 0                 0 / 1                 0 / 1           ops/s
[1670.559s][info   ][gc,stats    ]    Critical: Allocation Stall                                  0 / 0                 0 / 0                 0 / 0                 0 / 0           ops/s
[1670.559s][info   ][gc,stats    ]    Critical: Allocation Stall                              0.000 / 0.000         0.000 / 0.000         0.000 / 0.000         0.000 / 0.000       ms
[1670.559s][info   ][gc,stats    ]    Critical: GC Locker Stall                                   0 / 0                 0 / 0                 0 / 0                 0 / 0           ops/s
[1670.559s][info   ][gc,stats    ]    Critical: GC Locker Stall                               0.000 / 0.000         0.000 / 0.000         0.000 / 0.000         0.000 / 0.000       ms
[1670.560s][info   ][gc,stats    ]    Critical: Relocation Stall                                  0 / 0                 0 / 0                 0 / 0                 0 / 0           ops/s
[1670.560s][info   ][gc,stats    ]    Critical: Relocation Stall                              0.000 / 0.000         0.000 / 0.000         0.000 / 0.000         0.000 / 0.000       ms
[1670.560s][info   ][gc,stats    ]      Memory: Allocation Rate                                   0 / 2                 0 / 10                1 / 68                1 / 68          MB/s
[1670.560s][info   ][gc,stats    ]      Memory: Defragment                                        0 / 0                 0 / 0                 0 / 0                 0 / 0           ops/s
[1670.560s][info   ][gc,stats    ]      Memory: Out Of Memory                                     0 / 0                 0 / 0                 0 / 0                 0 / 0           ops/s
[1670.560s][info   ][gc,stats    ]      Memory: Page Cache Flush                                  0 / 0                 0 / 0                 0 / 0                 0 / 0           MB/s
[1670.561s][info   ][gc,stats    ]      Memory: Page Cache Hit L1                                 0 / 1                 0 / 9                 0 / 30                0 / 30          ops/s
[1670.561s][info   ][gc,stats    ]      Memory: Page Cache Hit L2                                 0 / 0                 0 / 0                 0 / 0                 0 / 0           ops/s
[1670.561s][info   ][gc,stats    ]      Memory: Page Cache Hit L3                                 0 / 0                 0 / 0                 0 / 26                0 / 26          ops/s
[1670.561s][info   ][gc,stats    ]      Memory: Page Cache Miss                                   0 / 0                 0 / 0                 0 / 1                 0 / 1           ops/s
[1670.561s][info   ][gc,stats    ]      Memory: Uncommit                                          0 / 0                 0 / 0                 0 / 0                 0 / 0           MB/s
[1670.561s][info   ][gc,stats    ]      Memory: Undo Object Allocation Failed                     0 / 0                 0 / 0                 0 / 1                 0 / 1           ops/s
[1670.562s][info   ][gc,stats    ]      Memory: Undo Object Allocation Succeeded                  0 / 0                 0 / 0                 0 / 74                0 / 74          ops/s
[1670.562s][info   ][gc,stats    ]      Memory: Undo Page Allocation                              0 / 0                 0 / 0                 0 / 1                 0 / 1           ops/s
[1670.562s][info   ][gc,stats    ]       Phase: Concurrent Mark                               0.000 / 0.000       213.952 / 244.297     525.992 / 1491.398    525.992 / 1491.398    ms
[1670.562s][info   ][gc,stats    ]       Phase: Concurrent Mark Continue                      0.000 / 0.000         0.000 / 0.000         0.000 / 0.000         0.000 / 0.000       ms
[1670.562s][info   ][gc,stats    ]       Phase: Concurrent Mark Free                          0.000 / 0.000         0.001 / 0.002         0.002 / 0.004         0.002 / 0.004       ms
[1670.562s][info   ][gc,stats    ]       Phase: Concurrent Process Non-Strong References      0.000 / 0.000        53.169 / 77.869      218.676 / 1850.321    218.676 / 1850.321    ms
[1670.563s][info   ][gc,stats    ]       Phase: Concurrent Relocate                           0.000 / 0.000        18.844 / 19.993       15.794 / 33.849       15.794 / 33.849      ms
[1670.563s][info   ][gc,stats    ]       Phase: Concurrent Reset Relocation Set               0.000 / 0.000         0.012 / 0.016         0.017 / 0.040         0.017 / 0.040       ms
[1670.563s][info   ][gc,stats    ]       Phase: Concurrent Select Relocation Set              0.000 / 0.000         7.839 / 8.229         6.822 / 15.302        6.822 / 15.302      ms
[1670.563s][info   ][gc,stats    ]       Phase: Pause Mark End                                0.000 / 0.000         0.046 / 0.047         0.102 / 0.333         0.102 / 0.333       ms
[1670.563s][info   ][gc,stats    ]       Phase: Pause Mark Start                              0.000 / 0.000         0.048 / 0.057         0.037 / 0.083         0.037 / 0.083       ms
[1670.564s][info   ][gc,stats    ]       Phase: Pause Relocate Start                          0.000 / 0.000         0.031 / 0.037         0.031 / 0.079         0.031 / 0.079       ms
[1670.564s][info   ][gc,stats    ]    Subphase: Concurrent Classes Purge                      0.000 / 0.000         0.540 / 1.046         3.155 / 14.226        3.155 / 14.226      ms
[1670.564s][info   ][gc,stats    ]    Subphase: Concurrent Classes Unlink                     0.000 / 0.000        39.171 / 55.730      192.480 / 1768.670    192.480 / 1768.670    ms
[1670.564s][info   ][gc,stats    ]    Subphase: Concurrent Mark                               0.000 / 0.000       200.177 / 235.611     372.785 / 1136.625    372.785 / 1136.625    ms
[1670.565s][info   ][gc,stats    ]    Subphase: Concurrent Mark Try Flush                     0.000 / 0.000         0.141 / 0.189        29.593 / 148.506      29.593 / 148.506     ms
[1670.565s][info   ][gc,stats    ]    Subphase: Concurrent Mark Try Terminate                 0.000 / 0.000         4.583 / 13.940        2.849 / 148.509       2.849 / 148.509     ms
[1670.565s][info   ][gc,stats    ]    Subphase: Concurrent References Enqueue                 0.000 / 0.000         0.015 / 0.017         0.012 / 0.017         0.012 / 0.017       ms
[1670.565s][info   ][gc,stats    ]    Subphase: Concurrent References Process                 0.000 / 0.000         0.984 / 1.201         0.775 / 2.501         0.775 / 2.501       ms
[1670.565s][info   ][gc,stats    ]    Subphase: Concurrent Roots ClassLoaderDataGraph         0.000 / 0.000         0.881 / 2.002         0.619 / 2.051         0.619 / 2.051       ms
[1670.565s][info   ][gc,stats    ]    Subphase: Concurrent Roots CodeCache                    0.000 / 0.000         0.000 / 0.000         0.000 / 0.000         0.000 / 0.000       ms
[1670.566s][info   ][gc,stats    ]    Subphase: Concurrent Roots JavaThreads                  0.000 / 0.000         5.480 / 7.439        68.732 / 475.340      68.732 / 475.340     ms
[1670.566s][info   ][gc,stats    ]    Subphase: Concurrent Roots OopStorageSet                0.000 / 0.000         0.510 / 0.690         0.219 / 0.708         0.219 / 0.708       ms
[1670.566s][info   ][gc,stats    ]    Subphase: Concurrent Weak Roots OopStorageSet           0.000 / 0.000         4.891 / 5.394         4.538 / 9.700         4.538 / 9.700       ms
[1670.566s][info   ][gc,stats    ]    Subphase: Pause Mark Try Complete                       0.000 / 0.000         0.000 / 0.000         0.053 / 0.195         0.053 / 0.195       ms
[1670.566s][info   ][gc,stats    ]      System: Java Threads                                      0 / 0                48 / 49               62 / 137              62 / 137         threads
[1670.566s][info   ][gc,stats    ] =========================================================================================================================================================
[1680.562s][info   ][gc,stats    ] === Garbage Collection Statistics =======================================================================================================================
[1680.562s][info   ][gc,stats    ]                                                              Last 10s              Last 10m              Last 10h                Total
[1680.562s][info   ][gc,stats    ]                                                              Avg / Max             Avg / Max             Avg / Max             Avg / Max
[1680.562s][info   ][gc,stats    ]   Collector: Garbage Collection Cycle                      0.000 / 0.000       296.370 / 349.949     812.062 / 3415.907    812.062 / 3415.907    ms
[1680.562s][info   ][gc,stats    ]  Contention: Mark Segment Reset Contention                     0 / 0                 0 / 2                 0 / 2                 0 / 2           ops/s
[1680.562s][info   ][gc,stats    ]  Contention: Mark SeqNum Reset Contention                      0 / 0                 0 / 0                 0 / 1                 0 / 1           ops/s
[1680.562s][info   ][gc,stats    ]    Critical: Allocation Stall                                  0 / 0                 0 / 0                 0 / 0                 0 / 0           ops/s
[1680.563s][info   ][gc,stats    ]    Critical: Allocation Stall                              0.000 / 0.000         0.000 / 0.000         0.000 / 0.000         0.000 / 0.000       ms
[1680.563s][info   ][gc,stats    ]    Critical: GC Locker Stall                                   0 / 0                 0 / 0                 0 / 0                 0 / 0           ops/s
[1680.563s][info   ][gc,stats    ]    Critical: GC Locker Stall                               0.000 / 0.000         0.000 / 0.000         0.000 / 0.000         0.000 / 0.000       ms
[1680.563s][info   ][gc,stats    ]    Critical: Relocation Stall                                  0 / 0                 0 / 0                 0 / 0                 0 / 0           ops/s
[1680.563s][info   ][gc,stats    ]    Critical: Relocation Stall                              0.000 / 0.000         0.000 / 0.000         0.000 / 0.000         0.000 / 0.000       ms
[1680.563s][info   ][gc,stats    ]      Memory: Allocation Rate                                   0 / 2                 0 / 10                1 / 68                1 / 68          MB/s
[1680.563s][info   ][gc,stats    ]      Memory: Defragment                                        0 / 0                 0 / 0                 0 / 0                 0 / 0           ops/s
[1680.563s][info   ][gc,stats    ]      Memory: Out Of Memory                                     0 / 0                 0 / 0                 0 / 0                 0 / 0           ops/s
[1680.563s][info   ][gc,stats    ]      Memory: Page Cache Flush                                  0 / 0                 0 / 0                 0 / 0                 0 / 0           MB/s
[1680.563s][info   ][gc,stats    ]      Memory: Page Cache Hit L1                                 0 / 1                 0 / 9                 0 / 30                0 / 30          ops/s
[1680.563s][info   ][gc,stats    ]      Memory: Page Cache Hit L2                                 0 / 0                 0 / 0                 0 / 0                 0 / 0           ops/s
[1680.563s][info   ][gc,stats    ]      Memory: Page Cache Hit L3                                 0 / 0                 0 / 0                 0 / 26                0 / 26          ops/s
[1680.563s][info   ][gc,stats    ]      Memory: Page Cache Miss                                   0 / 0                 0 / 0                 0 / 1                 0 / 1           ops/s
[1680.563s][info   ][gc,stats    ]      Memory: Uncommit                                          0 / 0                 0 / 0                 0 / 0                 0 / 0           MB/s
[1680.563s][info   ][gc,stats    ]      Memory: Undo Object Allocation Failed                     0 / 0                 0 / 0                 0 / 1                 0 / 1           ops/s
[1680.563s][info   ][gc,stats    ]      Memory: Undo Object Allocation Succeeded                  0 / 0                 0 / 0                 0 / 74                0 / 74          ops/s
[1680.564s][info   ][gc,stats    ]      Memory: Undo Page Allocation                              0 / 0                 0 / 0                 0 / 1                 0 / 1           ops/s
[1680.564s][info   ][gc,stats    ]       Phase: Concurrent Mark                               0.000 / 0.000       213.952 / 244.297     525.992 / 1491.398    525.992 / 1491.398    ms
[1680.564s][info   ][gc,stats    ]       Phase: Concurrent Mark Continue                      0.000 / 0.000         0.000 / 0.000         0.000 / 0.000         0.000 / 0.000       ms
[1680.564s][info   ][gc,stats    ]       Phase: Concurrent Mark Free                          0.000 / 0.000         0.001 / 0.002         0.002 / 0.004         0.002 / 0.004       ms
[1680.564s][info   ][gc,stats    ]       Phase: Concurrent Process Non-Strong References      0.000 / 0.000        53.169 / 77.869      218.676 / 1850.321    218.676 / 1850.321    ms
[1680.564s][info   ][gc,stats    ]       Phase: Concurrent Relocate                           0.000 / 0.000        18.844 / 19.993       15.794 / 33.849       15.794 / 33.849      ms
[1680.564s][info   ][gc,stats    ]       Phase: Concurrent Reset Relocation Set               0.000 / 0.000         0.012 / 0.016         0.017 / 0.040         0.017 / 0.040       ms
[1680.564s][info   ][gc,stats    ]       Phase: Concurrent Select Relocation Set              0.000 / 0.000         7.839 / 8.229         6.822 / 15.302        6.822 / 15.302      ms
[1680.564s][info   ][gc,stats    ]       Phase: Pause Mark End                                0.000 / 0.000         0.046 / 0.047         0.102 / 0.333         0.102 / 0.333       ms
[1680.564s][info   ][gc,stats    ]       Phase: Pause Mark Start                              0.000 / 0.000         0.048 / 0.057         0.037 / 0.083         0.037 / 0.083       ms
[1680.564s][info   ][gc,stats    ]       Phase: Pause Relocate Start                          0.000 / 0.000         0.031 / 0.037         0.031 / 0.079         0.031 / 0.079       ms
[1680.564s][info   ][gc,stats    ]    Subphase: Concurrent Classes Purge                      0.000 / 0.000         0.540 / 1.046         3.155 / 14.226        3.155 / 14.226      ms
[1680.564s][info   ][gc,stats    ]    Subphase: Concurrent Classes Unlink                     0.000 / 0.000        39.171 / 55.730      192.480 / 1768.670    192.480 / 1768.670    ms
[1680.564s][info   ][gc,stats    ]    Subphase: Concurrent Mark                               0.000 / 0.000       200.177 / 235.611     372.785 / 1136.625    372.785 / 1136.625    ms
[1680.564s][info   ][gc,stats    ]    Subphase: Concurrent Mark Try Flush                     0.000 / 0.000         0.141 / 0.189        29.593 / 148.506      29.593 / 148.506     ms
[1680.565s][info   ][gc,stats    ]    Subphase: Concurrent Mark Try Terminate                 0.000 / 0.000         4.583 / 13.940        2.849 / 148.509       2.849 / 148.509     ms
[1680.565s][info   ][gc,stats    ]    Subphase: Concurrent References Enqueue                 0.000 / 0.000         0.015 / 0.017         0.012 / 0.017         0.012 / 0.017       ms
[1680.565s][info   ][gc,stats    ]    Subphase: Concurrent References Process                 0.000 / 0.000         0.984 / 1.201         0.775 / 2.501         0.775 / 2.501       ms
[1680.565s][info   ][gc,stats    ]    Subphase: Concurrent Roots ClassLoaderDataGraph         0.000 / 0.000         0.881 / 2.002         0.619 / 2.051         0.619 / 2.051       ms
[1680.565s][info   ][gc,stats    ]    Subphase: Concurrent Roots CodeCache                    0.000 / 0.000         0.000 / 0.000         0.000 / 0.000         0.000 / 0.000       ms
[1680.565s][info   ][gc,stats    ]    Subphase: Concurrent Roots JavaThreads                  0.000 / 0.000         5.480 / 7.439        68.732 / 475.340      68.732 / 475.340     ms
[1680.565s][info   ][gc,stats    ]    Subphase: Concurrent Roots OopStorageSet                0.000 / 0.000         0.510 / 0.690         0.219 / 0.708         0.219 / 0.708       ms
[1680.565s][info   ][gc,stats    ]    Subphase: Concurrent Weak Roots OopStorageSet           0.000 / 0.000         4.891 / 5.394         4.538 / 9.700         4.538 / 9.700       ms
[1680.565s][info   ][gc,stats    ]    Subphase: Pause Mark Try Complete                       0.000 / 0.000         0.000 / 0.000         0.053 / 0.195         0.053 / 0.195       ms
[1680.565s][info   ][gc,stats    ]      System: Java Threads                                      0 / 0                48 / 49               62 / 137              62 / 137         threads
[1680.565s][info   ][gc,stats    ] =========================================================================================================================================================
[1690.565s][info   ][gc,stats    ] === Garbage Collection Statistics =======================================================================================================================
[1690.565s][info   ][gc,stats    ]                                                              Last 10s              Last 10m              Last 10h                Total
[1690.565s][info   ][gc,stats    ]                                                              Avg / Max             Avg / Max             Avg / Max             Avg / Max
[1690.565s][info   ][gc,stats    ]   Collector: Garbage Collection Cycle                      0.000 / 0.000       296.370 / 349.949     812.062 / 3415.907    812.062 / 3415.907    ms
[1690.565s][info   ][gc,stats    ]  Contention: Mark Segment Reset Contention                     0 / 0                 0 / 2                 0 / 2                 0 / 2           ops/s
[1690.565s][info   ][gc,stats    ]  Contention: Mark SeqNum Reset Contention                      0 / 0                 0 / 0                 0 / 1                 0 / 1           ops/s
[1690.565s][info   ][gc,stats    ]    Critical: Allocation Stall                                  0 / 0                 0 / 0                 0 / 0                 0 / 0           ops/s
[1690.565s][info   ][gc,stats    ]    Critical: Allocation Stall                              0.000 / 0.000         0.000 / 0.000         0.000 / 0.000         0.000 / 0.000       ms
[1690.565s][info   ][gc,stats    ]    Critical: GC Locker Stall                                   0 / 0                 0 / 0                 0 / 0                 0 / 0           ops/s
[1690.566s][info   ][gc,stats    ]    Critical: GC Locker Stall                               0.000 / 0.000         0.000 / 0.000         0.000 / 0.000         0.000 / 0.000       ms
[1690.566s][info   ][gc,stats    ]    Critical: Relocation Stall                                  0 / 0                 0 / 0                 0 / 0                 0 / 0           ops/s
[1690.566s][info   ][gc,stats    ]    Critical: Relocation Stall                              0.000 / 0.000         0.000 / 0.000         0.000 / 0.000         0.000 / 0.000       ms
[1690.566s][info   ][gc,stats    ]      Memory: Allocation Rate                                   0 / 0                 0 / 10                1 / 68                1 / 68          MB/s
[1690.566s][info   ][gc,stats    ]      Memory: Defragment                                        0 / 0                 0 / 0                 0 / 0                 0 / 0           ops/s
[1690.566s][info   ][gc,stats    ]      Memory: Out Of Memory                                     0 / 0                 0 / 0                 0 / 0                 0 / 0           ops/s
[1690.566s][info   ][gc,stats    ]      Memory: Page Cache Flush                                  0 / 0                 0 / 0                 0 / 0                 0 / 0           MB/s
[1690.566s][info   ][gc,stats    ]      Memory: Page Cache Hit L1                                 0 / 0                 0 / 9                 0 / 30                0 / 30          ops/s
[1690.566s][info   ][gc,stats    ]      Memory: Page Cache Hit L2                                 0 / 0                 0 / 0                 0 / 0                 0 / 0           ops/s
[1690.566s][info   ][gc,stats    ]      Memory: Page Cache Hit L3                                 0 / 0                 0 / 0                 0 / 26                0 / 26          ops/s
[1690.566s][info   ][gc,stats    ]      Memory: Page Cache Miss                                   0 / 0                 0 / 0                 0 / 1                 0 / 1           ops/s
[1690.566s][info   ][gc,stats    ]      Memory: Uncommit                                          0 / 0                 0 / 0                 0 / 0                 0 / 0           MB/s
[1690.566s][info   ][gc,stats    ]      Memory: Undo Object Allocation Failed                     0 / 0                 0 / 0                 0 / 1                 0 / 1           ops/s
[1690.566s][info   ][gc,stats    ]      Memory: Undo Object Allocation Succeeded                  0 / 0                 0 / 0                 0 / 74                0 / 74          ops/s
[1690.566s][info   ][gc,stats    ]      Memory: Undo Page Allocation                              0 / 0                 0 / 0                 0 / 1                 0 / 1           ops/s
[1690.567s][info   ][gc,stats    ]       Phase: Concurrent Mark                               0.000 / 0.000       213.952 / 244.297     525.992 / 1491.398    525.992 / 1491.398    ms
[1690.567s][info   ][gc,stats    ]       Phase: Concurrent Mark Continue                      0.000 / 0.000         0.000 / 0.000         0.000 / 0.000         0.000 / 0.000       ms
[1690.567s][info   ][gc,stats    ]       Phase: Concurrent Mark Free                          0.000 / 0.000         0.001 / 0.002         0.002 / 0.004         0.002 / 0.004       ms
[1690.567s][info   ][gc,stats    ]       Phase: Concurrent Process Non-Strong References      0.000 / 0.000        53.169 / 77.869      218.676 / 1850.321    218.676 / 1850.321    ms
[1690.567s][info   ][gc,stats    ]       Phase: Concurrent Relocate                           0.000 / 0.000        18.844 / 19.993       15.794 / 33.849       15.794 / 33.849      ms
[1690.567s][info   ][gc,stats    ]       Phase: Concurrent Reset Relocation Set               0.000 / 0.000         0.012 / 0.016         0.017 / 0.040         0.017 / 0.040       ms
[1690.567s][info   ][gc,stats    ]       Phase: Concurrent Select Relocation Set              0.000 / 0.000         7.839 / 8.229         6.822 / 15.302        6.822 / 15.302      ms
[1690.567s][info   ][gc,stats    ]       Phase: Pause Mark End                                0.000 / 0.000         0.046 / 0.047         0.102 / 0.333         0.102 / 0.333       ms
[1690.567s][info   ][gc,stats    ]       Phase: Pause Mark Start                              0.000 / 0.000         0.048 / 0.057         0.037 / 0.083         0.037 / 0.083       ms
[1690.567s][info   ][gc,stats    ]       Phase: Pause Relocate Start                          0.000 / 0.000         0.031 / 0.037         0.031 / 0.079         0.031 / 0.079       ms
[1690.567s][info   ][gc,stats    ]    Subphase: Concurrent Classes Purge                      0.000 / 0.000         0.540 / 1.046         3.155 / 14.226        3.155 / 14.226      ms
[1690.567s][info   ][gc,stats    ]    Subphase: Concurrent Classes Unlink                     0.000 / 0.000        39.171 / 55.730      192.480 / 1768.670    192.480 / 1768.670    ms
[1690.567s][info   ][gc,stats    ]    Subphase: Concurrent Mark                               0.000 / 0.000       200.177 / 235.611     372.785 / 1136.625    372.785 / 1136.625    ms
[1690.567s][info   ][gc,stats    ]    Subphase: Concurrent Mark Try Flush                     0.000 / 0.000         0.141 / 0.189        29.593 / 148.506      29.593 / 148.506     ms
[1690.567s][info   ][gc,stats    ]    Subphase: Concurrent Mark Try Terminate                 0.000 / 0.000         4.583 / 13.940        2.849 / 148.509       2.849 / 148.509     ms
[1690.567s][info   ][gc,stats    ]    Subphase: Concurrent References Enqueue                 0.000 / 0.000         0.015 / 0.017         0.012 / 0.017         0.012 / 0.017       ms
[1690.568s][info   ][gc,stats    ]    Subphase: Concurrent References Process                 0.000 / 0.000         0.984 / 1.201         0.775 / 2.501         0.775 / 2.501       ms
[1690.568s][info   ][gc,stats    ]    Subphase: Concurrent Roots ClassLoaderDataGraph         0.000 / 0.000         0.881 / 2.002         0.619 / 2.051         0.619 / 2.051       ms
[1690.568s][info   ][gc,stats    ]    Subphase: Concurrent Roots CodeCache                    0.000 / 0.000         0.000 / 0.000         0.000 / 0.000         0.000 / 0.000       ms
[1690.568s][info   ][gc,stats    ]    Subphase: Concurrent Roots JavaThreads                  0.000 / 0.000         5.480 / 7.439        68.732 / 475.340      68.732 / 475.340     ms
[1690.568s][info   ][gc,stats    ]    Subphase: Concurrent Roots OopStorageSet                0.000 / 0.000         0.510 / 0.690         0.219 / 0.708         0.219 / 0.708       ms
[1690.568s][info   ][gc,stats    ]    Subphase: Concurrent Weak Roots OopStorageSet           0.000 / 0.000         4.891 / 5.394         4.538 / 9.700         4.538 / 9.700       ms
[1690.568s][info   ][gc,stats    ]    Subphase: Pause Mark Try Complete                       0.000 / 0.000         0.000 / 0.000         0.053 / 0.195         0.053 / 0.195       ms
[1690.568s][info   ][gc,stats    ]      System: Java Threads                                      0 / 0                48 / 49               62 / 137              62 / 137         threads
[1690.568s][info   ][gc,stats    ] =========================================================================================================================================================
[1694.157s][info   ][gc,start    ] GC(21) Garbage Collection (Proactive)
[1694.157s][info   ][gc,task     ] GC(21) Using 2 workers
[1694.157s][info   ][gc,phases   ] GC(21) Pause Mark Start 0.044ms
[1694.371s][info   ][gc,phases   ] GC(21) Concurrent Mark 214.014ms
[1694.372s][info   ][gc,phases   ] GC(21) Pause Mark End 0.052ms
[1694.372s][info   ][gc,phases   ] GC(21) Concurrent Mark Free 0.002ms
[1694.440s][info   ][gc,phases   ] GC(21) Concurrent Process Non-Strong References 68.136ms
[1694.440s][info   ][gc,phases   ] GC(21) Concurrent Reset Relocation Set 0.006ms
[1694.447s][info   ][gc,phases   ] GC(21) Concurrent Select Relocation Set 6.069ms
[1694.447s][info   ][gc,phases   ] GC(21) Pause Relocate Start 0.033ms
[1694.455s][info   ][gc,phases   ] GC(21) Concurrent Relocate 8.115ms
[1694.456s][info   ][gc,load     ] GC(21) Load: 0.00/0.00/0.00
[1694.456s][info   ][gc,mmu      ] GC(21) MMU: 2ms/83.4%, 5ms/93.4%, 10ms/96.7%, 20ms/98.3%, 50ms/99.3%, 100ms/99.7%
[1694.456s][info   ][gc,marking  ] GC(21) Mark: 2 stripe(s), 7 proactive flush(es), 1 terminate flush(es), 0 completion(s), 0 continuation(s) 
[1694.456s][info   ][gc,marking  ] GC(21) Mark Stack Usage: 32M
[1694.456s][info   ][gc,nmethod  ] GC(21) NMethods: 4820 registered, 0 unregistered
[1694.456s][info   ][gc,metaspace] GC(21) Metaspace: 123M used, 125M committed, 1152M reserved
[1694.456s][info   ][gc,ref      ] GC(21) Soft: 2766 encountered, 2292 discovered, 18 enqueued
[1694.456s][info   ][gc,ref      ] GC(21) Weak: 10485 encountered, 7047 discovered, 32 enqueued
[1694.456s][info   ][gc,ref      ] GC(21) Final: 35 encountered, 0 discovered, 0 enqueued
[1694.456s][info   ][gc,ref      ] GC(21) Phantom: 552 encountered, 283 discovered, 9 enqueued
[1694.456s][info   ][gc,reloc    ] GC(21) Small Pages: 60 / 120M, Empty: 2M, Relocated: 3M, In-Place: 0
[1694.456s][info   ][gc,reloc    ] GC(21) Medium Pages: 1 / 16M, Empty: 0M, Relocated: 0M, In-Place: 0
[1694.456s][info   ][gc,reloc    ] GC(21) Large Pages: 0 / 0M, Empty: 0M, Relocated: 0M, In-Place: 0
[1694.456s][info   ][gc,reloc    ] GC(21) Forwarding Usage: 0M
[1694.457s][info   ][gc,heap     ] GC(21) Min Capacity: 512M(100%)
[1694.457s][info   ][gc,heap     ] GC(21) Max Capacity: 512M(100%)
[1694.457s][info   ][gc,heap     ] GC(21) Soft Max Capacity: 512M(100%)
[1694.457s][info   ][gc,heap     ] GC(21)                Mark Start          Mark End        Relocate Start      Relocate End           High               Low         
[1694.457s][info   ][gc,heap     ] GC(21)  Capacity:      512M (100%)        512M (100%)        512M (100%)        512M (100%)        512M (100%)        512M (100%)   
[1694.457s][info   ][gc,heap     ] GC(21)      Free:      376M (73%)         368M (72%)         368M (72%)         406M (79%)         406M (79%)         364M (71%)    
[1694.457s][info   ][gc,heap     ] GC(21)      Used:      136M (27%)         144M (28%)         144M (28%)         106M (21%)         148M (29%)         106M (21%)    
[1694.457s][info   ][gc,heap     ] GC(21)      Live:         -                68M (13%)          68M (13%)          68M (13%)            -                  -          
[1694.457s][info   ][gc,heap     ] GC(21) Allocated:         -                 8M (2%)           10M (2%)            9M (2%)             -                  -          
[1694.457s][info   ][gc,heap     ] GC(21)   Garbage:         -                67M (13%)          65M (13%)          27M (5%)             -                  -          
[1694.457s][info   ][gc,heap     ] GC(21) Reclaimed:         -                  -                 2M (0%)           39M (8%)             -                  -          
[1694.457s][info   ][gc          ] GC(21) Garbage Collection (Proactive) 136M(27%)->106M(21%)
[1700.558s][info   ][gc,stats    ] === Garbage Collection Statistics =======================================================================================================================
[1700.558s][info   ][gc,stats    ]                                                              Last 10s              Last 10m              Last 10h                Total
[1700.558s][info   ][gc,stats    ]                                                              Avg / Max             Avg / Max             Avg / Max             Avg / Max
[1700.559s][info   ][gc,stats    ]   Collector: Garbage Collection Cycle                    298.767 / 298.767     270.779 / 298.767     788.730 / 3415.907    788.730 / 3415.907    ms
[1700.559s][info   ][gc,stats    ]  Contention: Mark Segment Reset Contention                     0 / 0                 0 / 2                 0 / 2                 0 / 2           ops/s
[1700.559s][info   ][gc,stats    ]  Contention: Mark SeqNum Reset Contention                      0 / 0                 0 / 0                 0 / 1                 0 / 1           ops/s
[1700.559s][info   ][gc,stats    ]    Critical: Allocation Stall                                  0 / 0                 0 / 0                 0 / 0                 0 / 0           ops/s
[1700.559s][info   ][gc,stats    ]    Critical: Allocation Stall                              0.000 / 0.000         0.000 / 0.000         0.000 / 0.000         0.000 / 0.000       ms
[1700.560s][info   ][gc,stats    ]    Critical: GC Locker Stall                                   0 / 0                 0 / 0                 0 / 0                 0 / 0           ops/s
[1700.560s][info   ][gc,stats    ]    Critical: GC Locker Stall                               0.000 / 0.000         0.000 / 0.000         0.000 / 0.000         0.000 / 0.000       ms
[1700.560s][info   ][gc,stats    ]    Critical: Relocation Stall                                  0 / 0                 0 / 0                 0 / 0                 0 / 0           ops/s
[1700.560s][info   ][gc,stats    ]    Critical: Relocation Stall                              0.000 / 0.000         0.000 / 0.000         0.000 / 0.000         0.000 / 0.000       ms
[1700.560s][info   ][gc,stats    ]      Memory: Allocation Rate                                   1 / 10                0 / 10                1 / 68                1 / 68          MB/s
[1700.560s][info   ][gc,stats    ]      Memory: Defragment                                        0 / 0                 0 / 0                 0 / 0                 0 / 0           ops/s
[1700.561s][info   ][gc,stats    ]      Memory: Out Of Memory                                     0 / 0                 0 / 0                 0 / 0                 0 / 0           ops/s
[1700.561s][info   ][gc,stats    ]      Memory: Page Cache Flush                                  0 / 0                 0 / 0                 0 / 0                 0 / 0           MB/s
[1700.561s][info   ][gc,stats    ]      Memory: Page Cache Hit L1                                 0 / 7                 0 / 7                 0 / 30                0 / 30          ops/s
[1700.561s][info   ][gc,stats    ]      Memory: Page Cache Hit L2                                 0 / 0                 0 / 0                 0 / 0                 0 / 0           ops/s
[1700.561s][info   ][gc,stats    ]      Memory: Page Cache Hit L3                                 0 / 0                 0 / 0                 0 / 26                0 / 26          ops/s
[1700.561s][info   ][gc,stats    ]      Memory: Page Cache Miss                                   0 / 0                 0 / 0                 0 / 1                 0 / 1           ops/s
[1700.562s][info   ][gc,stats    ]      Memory: Uncommit                                          0 / 0                 0 / 0                 0 / 0                 0 / 0           MB/s
[1700.562s][info   ][gc,stats    ]      Memory: Undo Object Allocation Failed                     0 / 0                 0 / 0                 0 / 1                 0 / 1           ops/s
[1700.562s][info   ][gc,stats    ]      Memory: Undo Object Allocation Succeeded                  0 / 0                 0 / 0                 0 / 74                0 / 74          ops/s
[1700.562s][info   ][gc,stats    ]      Memory: Undo Page Allocation                              0 / 0                 0 / 0                 0 / 1                 0 / 1           ops/s
[1700.562s][info   ][gc,stats    ]       Phase: Concurrent Mark                             214.014 / 214.014     198.811 / 214.014     511.811 / 1491.398    511.811 / 1491.398    ms
[1700.562s][info   ][gc,stats    ]       Phase: Concurrent Mark Continue                      0.000 / 0.000         0.000 / 0.000         0.000 / 0.000         0.000 / 0.000       ms
[1700.563s][info   ][gc,stats    ]       Phase: Concurrent Mark Free                          0.002 / 0.002         0.001 / 0.002         0.002 / 0.004         0.002 / 0.004       ms
[1700.563s][info   ][gc,stats    ]       Phase: Concurrent Process Non-Strong References     68.136 / 68.136       48.303 / 68.136      211.833 / 1850.321    211.833 / 1850.321    ms
[1700.563s][info   ][gc,stats    ]       Phase: Concurrent Relocate                           8.115 / 8.115        14.054 / 19.993       15.445 / 33.849       15.445 / 33.849      ms
[1700.563s][info   ][gc,stats    ]       Phase: Concurrent Reset Relocation Set               0.006 / 0.006         0.011 / 0.016         0.017 / 0.040         0.017 / 0.040       ms
[1700.563s][info   ][gc,stats    ]       Phase: Concurrent Select Relocation Set              6.069 / 6.069         7.149 / 8.229         6.788 / 15.302        6.788 / 15.302      ms
[1700.563s][info   ][gc,stats    ]       Phase: Pause Mark End                                0.052 / 0.052         0.049 / 0.052         0.099 / 0.333         0.099 / 0.333       ms
[1700.564s][info   ][gc,stats    ]       Phase: Pause Mark Start                              0.044 / 0.044         0.042 / 0.044         0.037 / 0.083         0.037 / 0.083       ms
[1700.564s][info   ][gc,stats    ]       Phase: Pause Relocate Start                          0.033 / 0.033         0.029 / 0.033         0.031 / 0.079         0.031 / 0.079       ms
[1700.564s][info   ][gc,stats    ]    Subphase: Concurrent Classes Purge                     28.821 / 28.821       14.428 / 28.821        4.322 / 28.821        4.322 / 28.821      ms
[1700.564s][info   ][gc,stats    ]    Subphase: Concurrent Classes Unlink                    31.967 / 31.967       27.290 / 31.967      185.184 / 1768.670    185.184 / 1768.670    ms
[1700.564s][info   ][gc,stats    ]    Subphase: Concurrent Mark                             206.318 / 207.949     188.732 / 207.949     364.248 / 1136.625    364.248 / 1136.625    ms
[1700.565s][info   ][gc,stats    ]    Subphase: Concurrent Mark Try Flush                     0.158 / 0.211         0.150 / 0.211        27.969 / 148.506      27.969 / 148.506     ms
[1700.565s][info   ][gc,stats    ]    Subphase: Concurrent Mark Try Terminate                 1.227 / 3.553         2.954 / 13.940        2.845 / 148.509       2.845 / 148.509     ms
[1700.565s][info   ][gc,stats    ]    Subphase: Concurrent References Enqueue                 0.009 / 0.009         0.013 / 0.017         0.012 / 0.017         0.012 / 0.017       ms
[1700.565s][info   ][gc,stats    ]    Subphase: Concurrent References Process                 1.710 / 1.710         1.238 / 1.710         0.817 / 2.501         0.817 / 2.501       ms
[1700.565s][info   ][gc,stats    ]    Subphase: Concurrent Roots ClassLoaderDataGraph         0.640 / 1.208         0.622 / 1.208         0.620 / 2.051         0.620 / 2.051       ms
[1700.565s][info   ][gc,stats    ]    Subphase: Concurrent Roots CodeCache                    0.000 / 0.000         0.000 / 0.000         0.000 / 0.000         0.000 / 0.000       ms
[1700.566s][info   ][gc,stats    ]    Subphase: Concurrent Roots JavaThreads                  4.814 / 5.309         4.627 / 5.309        65.454 / 475.340      65.454 / 475.340     ms
[1700.566s][info   ][gc,stats    ]    Subphase: Concurrent Roots OopStorageSet                0.369 / 0.505         0.358 / 0.505         0.227 / 0.708         0.227 / 0.708       ms
[1700.566s][info   ][gc,stats    ]    Subphase: Concurrent Weak Roots OopStorageSet           5.231 / 5.232         4.811 / 5.232         4.573 / 9.700         4.573 / 9.700       ms
[1700.566s][info   ][gc,stats    ]    Subphase: Pause Mark Try Complete                       0.000 / 0.000         0.000 / 0.000         0.053 / 0.195         0.053 / 0.195       ms
[1700.566s][info   ][gc,stats    ]      System: Java Threads                                     48 / 48               48 / 48               61 / 137              61 / 137         threads
[1700.566s][info   ][gc,stats    ] =========================================================================================================================================================
[1710.562s][info   ][gc,stats    ] === Garbage Collection Statistics =======================================================================================================================
[1710.562s][info   ][gc,stats    ]                                                              Last 10s              Last 10m              Last 10h                Total
[1710.562s][info   ][gc,stats    ]                                                              Avg / Max             Avg / Max             Avg / Max             Avg / Max
[1710.562s][info   ][gc,stats    ]   Collector: Garbage Collection Cycle                      0.000 / 0.000       270.779 / 298.767     788.730 / 3415.907    788.730 / 3415.907    ms
[1710.563s][info   ][gc,stats    ]  Contention: Mark Segment Reset Contention                     0 / 0                 0 / 2                 0 / 2                 0 / 2           ops/s
[1710.563s][info   ][gc,stats    ]  Contention: Mark SeqNum Reset Contention                      0 / 0                 0 / 0                 0 / 1                 0 / 1           ops/s
[1710.563s][info   ][gc,stats    ]    Critical: Allocation Stall                                  0 / 0                 0 / 0                 0 / 0                 0 / 0           ops/s
[1710.563s][info   ][gc,stats    ]    Critical: Allocation Stall                              0.000 / 0.000         0.000 / 0.000         0.000 / 0.000         0.000 / 0.000       ms
[1710.563s][info   ][gc,stats    ]    Critical: GC Locker Stall                                   0 / 0                 0 / 0                 0 / 0                 0 / 0           ops/s
[1710.563s][info   ][gc,stats    ]    Critical: GC Locker Stall                               0.000 / 0.000         0.000 / 0.000         0.000 / 0.000         0.000 / 0.000       ms
[1710.563s][info   ][gc,stats    ]    Critical: Relocation Stall                                  0 / 0                 0 / 0                 0 / 0                 0 / 0           ops/s
[1710.564s][info   ][gc,stats    ]    Critical: Relocation Stall                              0.000 / 0.000         0.000 / 0.000         0.000 / 0.000         0.000 / 0.000       ms
[1710.564s][info   ][gc,stats    ]      Memory: Allocation Rate                                   0 / 2                 0 / 10                1 / 68                1 / 68          MB/s
[1710.564s][info   ][gc,stats    ]      Memory: Defragment                                        0 / 0                 0 / 0                 0 / 0                 0 / 0           ops/s
[1710.564s][info   ][gc,stats    ]      Memory: Out Of Memory                                     0 / 0                 0 / 0                 0 / 0                 0 / 0           ops/s
[1710.564s][info   ][gc,stats    ]      Memory: Page Cache Flush                                  0 / 0                 0 / 0                 0 / 0                 0 / 0           MB/s
[1710.564s][info   ][gc,stats    ]      Memory: Page Cache Hit L1                                 0 / 1                 0 / 7                 0 / 30                0 / 30          ops/s
[1710.565s][info   ][gc,stats    ]      Memory: Page Cache Hit L2                                 0 / 0                 0 / 0                 0 / 0                 0 / 0           ops/s
[1710.565s][info   ][gc,stats    ]      Memory: Page Cache Hit L3                                 0 / 0                 0 / 0                 0 / 26                0 / 26          ops/s
[1710.565s][info   ][gc,stats    ]      Memory: Page Cache Miss                                   0 / 0                 0 / 0                 0 / 1                 0 / 1           ops/s
[1710.565s][info   ][gc,stats    ]      Memory: Uncommit                                          0 / 0                 0 / 0                 0 / 0                 0 / 0           MB/s
[1710.565s][info   ][gc,stats    ]      Memory: Undo Object Allocation Failed                     0 / 0                 0 / 0                 0 / 1                 0 / 1           ops/s
[1710.565s][info   ][gc,stats    ]      Memory: Undo Object Allocation Succeeded                  0 / 0                 0 / 0                 0 / 74                0 / 74          ops/s
[1710.565s][info   ][gc,stats    ]      Memory: Undo Page Allocation                              0 / 0                 0 / 0                 0 / 1                 0 / 1           ops/s
[1710.565s][info   ][gc,stats    ]       Phase: Concurrent Mark                               0.000 / 0.000       198.811 / 214.014     511.811 / 1491.398    511.811 / 1491.398    ms
[1710.565s][info   ][gc,stats    ]       Phase: Concurrent Mark Continue                      0.000 / 0.000         0.000 / 0.000         0.000 / 0.000         0.000 / 0.000       ms
[1710.565s][info   ][gc,stats    ]       Phase: Concurrent Mark Free                          0.000 / 0.000         0.001 / 0.002         0.002 / 0.004         0.002 / 0.004       ms
[1710.566s][info   ][gc,stats    ]       Phase: Concurrent Process Non-Strong References      0.000 / 0.000        48.303 / 68.136      211.833 / 1850.321    211.833 / 1850.321    ms
[1710.566s][info   ][gc,stats    ]       Phase: Concurrent Relocate                           0.000 / 0.000        14.054 / 19.993       15.445 / 33.849       15.445 / 33.849      ms
[1710.566s][info   ][gc,stats    ]       Phase: Concurrent Reset Relocation Set               0.000 / 0.000         0.011 / 0.016         0.017 / 0.040         0.017 / 0.040       ms
[1710.566s][info   ][gc,stats    ]       Phase: Concurrent Select Relocation Set              0.000 / 0.000         7.149 / 8.229         6.788 / 15.302        6.788 / 15.302      ms
[1710.566s][info   ][gc,stats    ]       Phase: Pause Mark End                                0.000 / 0.000         0.049 / 0.052         0.099 / 0.333         0.099 / 0.333       ms
[1710.566s][info   ][gc,stats    ]       Phase: Pause Mark Start                              0.000 / 0.000         0.042 / 0.044         0.037 / 0.083         0.037 / 0.083       ms
[1710.566s][info   ][gc,stats    ]       Phase: Pause Relocate Start                          0.000 / 0.000         0.029 / 0.033         0.031 / 0.079         0.031 / 0.079       ms
[1710.566s][info   ][gc,stats    ]    Subphase: Concurrent Classes Purge                      0.000 / 0.000        14.428 / 28.821        4.322 / 28.821        4.322 / 28.821      ms
[1710.566s][info   ][gc,stats    ]    Subphase: Concurrent Classes Unlink                     0.000 / 0.000        27.290 / 31.967      185.184 / 1768.670    185.184 / 1768.670    ms
[1710.567s][info   ][gc,stats    ]    Subphase: Concurrent Mark                               0.000 / 0.000       188.732 / 207.949     364.248 / 1136.625    364.248 / 1136.625    ms
[1710.567s][info   ][gc,stats    ]    Subphase: Concurrent Mark Try Flush                     0.000 / 0.000         0.150 / 0.211        27.969 / 148.506      27.969 / 148.506     ms
[1710.567s][info   ][gc,stats    ]    Subphase: Concurrent Mark Try Terminate                 0.000 / 0.000         2.954 / 13.940        2.845 / 148.509       2.845 / 148.509     ms
[1710.567s][info   ][gc,stats    ]    Subphase: Concurrent References Enqueue                 0.000 / 0.000         0.013 / 0.017         0.012 / 0.017         0.012 / 0.017       ms
[1710.567s][info   ][gc,stats    ]    Subphase: Concurrent References Process                 0.000 / 0.000         1.238 / 1.710         0.817 / 2.501         0.817 / 2.501       ms
[1710.567s][info   ][gc,stats    ]    Subphase: Concurrent Roots ClassLoaderDataGraph         0.000 / 0.000         0.622 / 1.208         0.620 / 2.051         0.620 / 2.051       ms
[1710.567s][info   ][gc,stats    ]    Subphase: Concurrent Roots CodeCache                    0.000 / 0.000         0.000 / 0.000         0.000 / 0.000         0.000 / 0.000       ms
[1710.567s][info   ][gc,stats    ]    Subphase: Concurrent Roots JavaThreads                  0.000 / 0.000         4.627 / 5.309        65.454 / 475.340      65.454 / 475.340     ms
[1710.567s][info   ][gc,stats    ]    Subphase: Concurrent Roots OopStorageSet                0.000 / 0.000         0.358 / 0.505         0.227 / 0.708         0.227 / 0.708       ms
[1710.567s][info   ][gc,stats    ]    Subphase: Concurrent Weak Roots OopStorageSet           0.000 / 0.000         4.811 / 5.232         4.573 / 9.700         4.573 / 9.700       ms
[1710.567s][info   ][gc,stats    ]    Subphase: Pause Mark Try Complete                       0.000 / 0.000         0.000 / 0.000         0.053 / 0.195         0.053 / 0.195       ms
[1710.568s][info   ][gc,stats    ]      System: Java Threads                                      0 / 0                48 / 48               61 / 137              61 / 137         threads
[1710.568s][info   ][gc,stats    ] =========================================================================================================================================================
[1720.560s][info   ][gc,stats    ] === Garbage Collection Statistics =======================================================================================================================
[1720.560s][info   ][gc,stats    ]                                                              Last 10s              Last 10m              Last 10h                Total
[1720.560s][info   ][gc,stats    ]                                                              Avg / Max             Avg / Max             Avg / Max             Avg / Max
[1720.561s][info   ][gc,stats    ]   Collector: Garbage Collection Cycle                      0.000 / 0.000       270.779 / 298.767     788.730 / 3415.907    788.730 / 3415.907    ms
[1720.561s][info   ][gc,stats    ]  Contention: Mark Segment Reset Contention                     0 / 0                 0 / 2                 0 / 2                 0 / 2           ops/s
[1720.561s][info   ][gc,stats    ]  Contention: Mark SeqNum Reset Contention                      0 / 0                 0 / 0                 0 / 1                 0 / 1           ops/s
[1720.561s][info   ][gc,stats    ]    Critical: Allocation Stall                                  0 / 0                 0 / 0                 0 / 0                 0 / 0           ops/s
[1720.561s][info   ][gc,stats    ]    Critical: Allocation Stall                              0.000 / 0.000         0.000 / 0.000         0.000 / 0.000         0.000 / 0.000       ms
[1720.561s][info   ][gc,stats    ]    Critical: GC Locker Stall                                   0 / 0                 0 / 0                 0 / 0                 0 / 0           ops/s
[1720.562s][info   ][gc,stats    ]    Critical: GC Locker Stall                               0.000 / 0.000         0.000 / 0.000         0.000 / 0.000         0.000 / 0.000       ms
[1720.562s][info   ][gc,stats    ]    Critical: Relocation Stall                                  0 / 0                 0 / 0                 0 / 0                 0 / 0           ops/s
[1720.562s][info   ][gc,stats    ]    Critical: Relocation Stall                              0.000 / 0.000         0.000 / 0.000         0.000 / 0.000         0.000 / 0.000       ms
[1720.562s][info   ][gc,stats    ]      Memory: Allocation Rate                                   0 / 0                 0 / 10                1 / 68                1 / 68          MB/s
[1720.562s][info   ][gc,stats    ]      Memory: Defragment                                        0 / 0                 0 / 0                 0 / 0                 0 / 0           ops/s
[1720.562s][info   ][gc,stats    ]      Memory: Out Of Memory                                     0 / 0                 0 / 0                 0 / 0                 0 / 0           ops/s
[1720.563s][info   ][gc,stats    ]      Memory: Page Cache Flush                                  0 / 0                 0 / 0                 0 / 0                 0 / 0           MB/s
[1720.563s][info   ][gc,stats    ]      Memory: Page Cache Hit L1                                 0 / 0                 0 / 7                 0 / 30                0 / 30          ops/s
[1720.563s][info   ][gc,stats    ]      Memory: Page Cache Hit L2                                 0 / 0                 0 / 0                 0 / 0                 0 / 0           ops/s
[1720.563s][info   ][gc,stats    ]      Memory: Page Cache Hit L3                                 0 / 0                 0 / 0                 0 / 26                0 / 26          ops/s
[1720.563s][info   ][gc,stats    ]      Memory: Page Cache Miss                                   0 / 0                 0 / 0                 0 / 1                 0 / 1           ops/s
[1720.563s][info   ][gc,stats    ]      Memory: Uncommit                                          0 / 0                 0 / 0                 0 / 0                 0 / 0           MB/s
[1720.564s][info   ][gc,stats    ]      Memory: Undo Object Allocation Failed                     0 / 0                 0 / 0                 0 / 1                 0 / 1           ops/s
[1720.564s][info   ][gc,stats    ]      Memory: Undo Object Allocation Succeeded                  0 / 0                 0 / 0                 0 / 74                0 / 74          ops/s
[1720.564s][info   ][gc,stats    ]      Memory: Undo Page Allocation                              0 / 0                 0 / 0                 0 / 1                 0 / 1           ops/s
[1720.564s][info   ][gc,stats    ]       Phase: Concurrent Mark                               0.000 / 0.000       198.811 / 214.014     511.811 / 1491.398    511.811 / 1491.398    ms
[1720.564s][info   ][gc,stats    ]       Phase: Concurrent Mark Continue                      0.000 / 0.000         0.000 / 0.000         0.000 / 0.000         0.000 / 0.000       ms
[1720.565s][info   ][gc,stats    ]       Phase: Concurrent Mark Free                          0.000 / 0.000         0.001 / 0.002         0.002 / 0.004         0.002 / 0.004       ms
[1720.565s][info   ][gc,stats    ]       Phase: Concurrent Process Non-Strong References      0.000 / 0.000        48.303 / 68.136      211.833 / 1850.321    211.833 / 1850.321    ms
[1720.565s][info   ][gc,stats    ]       Phase: Concurrent Relocate                           0.000 / 0.000        14.054 / 19.993       15.445 / 33.849       15.445 / 33.849      ms
[1720.565s][info   ][gc,stats    ]       Phase: Concurrent Reset Relocation Set               0.000 / 0.000         0.011 / 0.016         0.017 / 0.040         0.017 / 0.040       ms
[1720.565s][info   ][gc,stats    ]       Phase: Concurrent Select Relocation Set              0.000 / 0.000         7.149 / 8.229         6.788 / 15.302        6.788 / 15.302      ms
[1720.566s][info   ][gc,stats    ]       Phase: Pause Mark End                                0.000 / 0.000         0.049 / 0.052         0.099 / 0.333         0.099 / 0.333       ms
[1720.566s][info   ][gc,stats    ]       Phase: Pause Mark Start                              0.000 / 0.000         0.042 / 0.044         0.037 / 0.083         0.037 / 0.083       ms
[1720.566s][info   ][gc,stats    ]       Phase: Pause Relocate Start                          0.000 / 0.000         0.029 / 0.033         0.031 / 0.079         0.031 / 0.079       ms
[1720.566s][info   ][gc,stats    ]    Subphase: Concurrent Classes Purge                      0.000 / 0.000        14.428 / 28.821        4.322 / 28.821        4.322 / 28.821      ms
[1720.566s][info   ][gc,stats    ]    Subphase: Concurrent Classes Unlink                     0.000 / 0.000        27.290 / 31.967      185.184 / 1768.670    185.184 / 1768.670    ms
[1720.567s][info   ][gc,stats    ]    Subphase: Concurrent Mark                               0.000 / 0.000       188.732 / 207.949     364.248 / 1136.625    364.248 / 1136.625    ms
[1720.567s][info   ][gc,stats    ]    Subphase: Concurrent Mark Try Flush                     0.000 / 0.000         0.150 / 0.211        27.969 / 148.506      27.969 / 148.506     ms
[1720.567s][info   ][gc,stats    ]    Subphase: Concurrent Mark Try Terminate                 0.000 / 0.000         2.954 / 13.940        2.845 / 148.509       2.845 / 148.509     ms
[1720.567s][info   ][gc,stats    ]    Subphase: Concurrent References Enqueue                 0.000 / 0.000         0.013 / 0.017         0.012 / 0.017         0.012 / 0.017       ms
[1720.567s][info   ][gc,stats    ]    Subphase: Concurrent References Process                 0.000 / 0.000         1.238 / 1.710         0.817 / 2.501         0.817 / 2.501       ms
[1720.568s][info   ][gc,stats    ]    Subphase: Concurrent Roots ClassLoaderDataGraph         0.000 / 0.000         0.622 / 1.208         0.620 / 2.051         0.620 / 2.051       ms
[1720.568s][info   ][gc,stats    ]    Subphase: Concurrent Roots CodeCache                    0.000 / 0.000         0.000 / 0.000         0.000 / 0.000         0.000 / 0.000       ms
[1720.568s][info   ][gc,stats    ]    Subphase: Concurrent Roots JavaThreads                  0.000 / 0.000         4.627 / 5.309        65.454 / 475.340      65.454 / 475.340     ms
[1720.568s][info   ][gc,stats    ]    Subphase: Concurrent Roots OopStorageSet                0.000 / 0.000         0.358 / 0.505         0.227 / 0.708         0.227 / 0.708       ms
[1720.568s][info   ][gc,stats    ]    Subphase: Concurrent Weak Roots OopStorageSet           0.000 / 0.000         4.811 / 5.232         4.573 / 9.700         4.573 / 9.700       ms
[1720.568s][info   ][gc,stats    ]    Subphase: Pause Mark Try Complete                       0.000 / 0.000         0.000 / 0.000         0.053 / 0.195         0.053 / 0.195       ms
[1720.569s][info   ][gc,stats    ]      System: Java Threads                                      0 / 0                48 / 48               61 / 137              61 / 137         threads
[1720.569s][info   ][gc,stats    ] =========================================================================================================================================================
[1730.570s][info   ][gc,stats    ] === Garbage Collection Statistics =======================================================================================================================
[1730.570s][info   ][gc,stats    ]                                                              Last 10s              Last 10m              Last 10h                Total
[1730.570s][info   ][gc,stats    ]                                                              Avg / Max             Avg / Max             Avg / Max             Avg / Max
[1730.570s][info   ][gc,stats    ]   Collector: Garbage Collection Cycle                      0.000 / 0.000       270.779 / 298.767     788.730 / 3415.907    788.730 / 3415.907    ms
[1730.570s][info   ][gc,stats    ]  Contention: Mark Segment Reset Contention                     0 / 0                 0 / 2                 0 / 2                 0 / 2           ops/s
[1730.570s][info   ][gc,stats    ]  Contention: Mark SeqNum Reset Contention                      0 / 0                 0 / 0                 0 / 1                 0 / 1           ops/s
[1730.570s][info   ][gc,stats    ]    Critical: Allocation Stall                                  0 / 0                 0 / 0                 0 / 0                 0 / 0           ops/s
[1730.570s][info   ][gc,stats    ]    Critical: Allocation Stall                              0.000 / 0.000         0.000 / 0.000         0.000 / 0.000         0.000 / 0.000       ms
[1730.570s][info   ][gc,stats    ]    Critical: GC Locker Stall                                   0 / 0                 0 / 0                 0 / 0                 0 / 0           ops/s
[1730.570s][info   ][gc,stats    ]    Critical: GC Locker Stall                               0.000 / 0.000         0.000 / 0.000         0.000 / 0.000         0.000 / 0.000       ms
[1730.570s][info   ][gc,stats    ]    Critical: Relocation Stall                                  0 / 0                 0 / 0                 0 / 0                 0 / 0           ops/s
[1730.570s][info   ][gc,stats    ]    Critical: Relocation Stall                              0.000 / 0.000         0.000 / 0.000         0.000 / 0.000         0.000 / 0.000       ms
[1730.571s][info   ][gc,stats    ]      Memory: Allocation Rate                                   0 / 0                 0 / 10                1 / 68                1 / 68          MB/s
[1730.571s][info   ][gc,stats    ]      Memory: Defragment                                        0 / 0                 0 / 0                 0 / 0                 0 / 0           ops/s
[1730.571s][info   ][gc,stats    ]      Memory: Out Of Memory                                     0 / 0                 0 / 0                 0 / 0                 0 / 0           ops/s
[1730.571s][info   ][gc,stats    ]      Memory: Page Cache Flush                                  0 / 0                 0 / 0                 0 / 0                 0 / 0           MB/s
[1730.571s][info   ][gc,stats    ]      Memory: Page Cache Hit L1                                 0 / 0                 0 / 7                 0 / 30                0 / 30          ops/s
[1730.571s][info   ][gc,stats    ]      Memory: Page Cache Hit L2                                 0 / 0                 0 / 0                 0 / 0                 0 / 0           ops/s
[1730.571s][info   ][gc,stats    ]      Memory: Page Cache Hit L3                                 0 / 0                 0 / 0                 0 / 26                0 / 26          ops/s
[1730.571s][info   ][gc,stats    ]      Memory: Page Cache Miss                                   0 / 0                 0 / 0                 0 / 1                 0 / 1           ops/s
[1730.571s][info   ][gc,stats    ]      Memory: Uncommit                                          0 / 0                 0 / 0                 0 / 0                 0 / 0           MB/s
[1730.571s][info   ][gc,stats    ]      Memory: Undo Object Allocation Failed                     0 / 0                 0 / 0                 0 / 1                 0 / 1           ops/s
[1730.571s][info   ][gc,stats    ]      Memory: Undo Object Allocation Succeeded                  0 / 0                 0 / 0                 0 / 74                0 / 74          ops/s
[1730.571s][info   ][gc,stats    ]      Memory: Undo Page Allocation                              0 / 0                 0 / 0                 0 / 1                 0 / 1           ops/s
[1730.571s][info   ][gc,stats    ]       Phase: Concurrent Mark                               0.000 / 0.000       198.811 / 214.014     511.811 / 1491.398    511.811 / 1491.398    ms
[1730.572s][info   ][gc,stats    ]       Phase: Concurrent Mark Continue                      0.000 / 0.000         0.000 / 0.000         0.000 / 0.000         0.000 / 0.000       ms
[1730.572s][info   ][gc,stats    ]       Phase: Concurrent Mark Free                          0.000 / 0.000         0.001 / 0.002         0.002 / 0.004         0.002 / 0.004       ms
[1730.572s][info   ][gc,stats    ]       Phase: Concurrent Process Non-Strong References      0.000 / 0.000        48.303 / 68.136      211.833 / 1850.321    211.833 / 1850.321    ms
[1730.572s][info   ][gc,stats    ]       Phase: Concurrent Relocate                           0.000 / 0.000        14.054 / 19.993       15.445 / 33.849       15.445 / 33.849      ms
[1730.572s][info   ][gc,stats    ]       Phase: Concurrent Reset Relocation Set               0.000 / 0.000         0.011 / 0.016         0.017 / 0.040         0.017 / 0.040       ms
[1730.572s][info   ][gc,stats    ]       Phase: Concurrent Select Relocation Set              0.000 / 0.000         7.149 / 8.229         6.788 / 15.302        6.788 / 15.302      ms
[1730.572s][info   ][gc,stats    ]       Phase: Pause Mark End                                0.000 / 0.000         0.049 / 0.052         0.099 / 0.333         0.099 / 0.333       ms
[1730.572s][info   ][gc,stats    ]       Phase: Pause Mark Start                              0.000 / 0.000         0.042 / 0.044         0.037 / 0.083         0.037 / 0.083       ms
[1730.572s][info   ][gc,stats    ]       Phase: Pause Relocate Start                          0.000 / 0.000         0.029 / 0.033         0.031 / 0.079         0.031 / 0.079       ms
[1730.572s][info   ][gc,stats    ]    Subphase: Concurrent Classes Purge                      0.000 / 0.000        14.428 / 28.821        4.322 / 28.821        4.322 / 28.821      ms
[1730.572s][info   ][gc,stats    ]    Subphase: Concurrent Classes Unlink                     0.000 / 0.000        27.290 / 31.967      185.184 / 1768.670    185.184 / 1768.670    ms
[1730.572s][info   ][gc,stats    ]    Subphase: Concurrent Mark                               0.000 / 0.000       188.732 / 207.949     364.248 / 1136.625    364.248 / 1136.625    ms
[1730.572s][info   ][gc,stats    ]    Subphase: Concurrent Mark Try Flush                     0.000 / 0.000         0.150 / 0.211        27.969 / 148.506      27.969 / 148.506     ms
[1730.572s][info   ][gc,stats    ]    Subphase: Concurrent Mark Try Terminate                 0.000 / 0.000         2.954 / 13.940        2.845 / 148.509       2.845 / 148.509     ms
[1730.572s][info   ][gc,stats    ]    Subphase: Concurrent References Enqueue                 0.000 / 0.000         0.013 / 0.017         0.012 / 0.017         0.012 / 0.017       ms
[1730.573s][info   ][gc,stats    ]    Subphase: Concurrent References Process                 0.000 / 0.000         1.238 / 1.710         0.817 / 2.501         0.817 / 2.501       ms
[1730.573s][info   ][gc,stats    ]    Subphase: Concurrent Roots ClassLoaderDataGraph         0.000 / 0.000         0.622 / 1.208         0.620 / 2.051         0.620 / 2.051       ms
[1730.573s][info   ][gc,stats    ]    Subphase: Concurrent Roots CodeCache                    0.000 / 0.000         0.000 / 0.000         0.000 / 0.000         0.000 / 0.000       ms
[1730.573s][info   ][gc,stats    ]    Subphase: Concurrent Roots JavaThreads                  0.000 / 0.000         4.627 / 5.309        65.454 / 475.340      65.454 / 475.340     ms
[1730.573s][info   ][gc,stats    ]    Subphase: Concurrent Roots OopStorageSet                0.000 / 0.000         0.358 / 0.505         0.227 / 0.708         0.227 / 0.708       ms
[1730.573s][info   ][gc,stats    ]    Subphase: Concurrent Weak Roots OopStorageSet           0.000 / 0.000         4.811 / 5.232         4.573 / 9.700         4.573 / 9.700       ms
[1730.573s][info   ][gc,stats    ]    Subphase: Pause Mark Try Complete                       0.000 / 0.000         0.000 / 0.000         0.053 / 0.195         0.053 / 0.195       ms
[1730.573s][info   ][gc,stats    ]      System: Java Threads                                      0 / 0                48 / 48               61 / 137              61 / 137         threads
[1730.573s][info   ][gc,stats    ] =========================================================================================================================================================
[1740.560s][info   ][gc,stats    ] === Garbage Collection Statistics =======================================================================================================================
[1740.561s][info   ][gc,stats    ]                                                              Last 10s              Last 10m              Last 10h                Total
[1740.561s][info   ][gc,stats    ]                                                              Avg / Max             Avg / Max             Avg / Max             Avg / Max
[1740.561s][info   ][gc,stats    ]   Collector: Garbage Collection Cycle                      0.000 / 0.000       270.779 / 298.767     788.730 / 3415.907    788.730 / 3415.907    ms
[1740.561s][info   ][gc,stats    ]  Contention: Mark Segment Reset Contention                     0 / 0                 0 / 2                 0 / 2                 0 / 2           ops/s
[1740.561s][info   ][gc,stats    ]  Contention: Mark SeqNum Reset Contention                      0 / 0                 0 / 0                 0 / 1                 0 / 1           ops/s
[1740.562s][info   ][gc,stats    ]    Critical: Allocation Stall                                  0 / 0                 0 / 0                 0 / 0                 0 / 0           ops/s
[1740.562s][info   ][gc,stats    ]    Critical: Allocation Stall                              0.000 / 0.000         0.000 / 0.000         0.000 / 0.000         0.000 / 0.000       ms
[1740.562s][info   ][gc,stats    ]    Critical: GC Locker Stall                                   0 / 0                 0 / 0                 0 / 0                 0 / 0           ops/s
[1740.562s][info   ][gc,stats    ]    Critical: GC Locker Stall                               0.000 / 0.000         0.000 / 0.000         0.000 / 0.000         0.000 / 0.000       ms
[1740.562s][info   ][gc,stats    ]    Critical: Relocation Stall                                  0 / 0                 0 / 0                 0 / 0                 0 / 0           ops/s
[1740.563s][info   ][gc,stats    ]    Critical: Relocation Stall                              0.000 / 0.000         0.000 / 0.000         0.000 / 0.000         0.000 / 0.000       ms
[1740.563s][info   ][gc,stats    ]      Memory: Allocation Rate                                   0 / 2                 0 / 10                1 / 68                1 / 68          MB/s
[1740.563s][info   ][gc,stats    ]      Memory: Defragment                                        0 / 0                 0 / 0                 0 / 0                 0 / 0           ops/s
[1740.563s][info   ][gc,stats    ]      Memory: Out Of Memory                                     0 / 0                 0 / 0                 0 / 0                 0 / 0           ops/s
[1740.563s][info   ][gc,stats    ]      Memory: Page Cache Flush                                  0 / 0                 0 / 0                 0 / 0                 0 / 0           MB/s
[1740.563s][info   ][gc,stats    ]      Memory: Page Cache Hit L1                                 0 / 1                 0 / 7                 0 / 30                0 / 30          ops/s
[1740.563s][info   ][gc,stats    ]      Memory: Page Cache Hit L2                                 0 / 0                 0 / 0                 0 / 0                 0 / 0           ops/s
[1740.564s][info   ][gc,stats    ]      Memory: Page Cache Hit L3                                 0 / 0                 0 / 0                 0 / 26                0 / 26          ops/s
[1740.564s][info   ][gc,stats    ]      Memory: Page Cache Miss                                   0 / 0                 0 / 0                 0 / 1                 0 / 1           ops/s
[1740.564s][info   ][gc,stats    ]      Memory: Uncommit                                          0 / 0                 0 / 0                 0 / 0                 0 / 0           MB/s
[1740.564s][info   ][gc,stats    ]      Memory: Undo Object Allocation Failed                     0 / 0                 0 / 0                 0 / 1                 0 / 1           ops/s
[1740.564s][info   ][gc,stats    ]      Memory: Undo Object Allocation Succeeded                  0 / 0                 0 / 0                 0 / 74                0 / 74          ops/s
[1740.565s][info   ][gc,stats    ]      Memory: Undo Page Allocation                              0 / 0                 0 / 0                 0 / 1                 0 / 1           ops/s
[1740.565s][info   ][gc,stats    ]       Phase: Concurrent Mark                               0.000 / 0.000       198.811 / 214.014     511.811 / 1491.398    511.811 / 1491.398    ms
[1740.565s][info   ][gc,stats    ]       Phase: Concurrent Mark Continue                      0.000 / 0.000         0.000 / 0.000         0.000 / 0.000         0.000 / 0.000       ms
[1740.565s][info   ][gc,stats    ]       Phase: Concurrent Mark Free                          0.000 / 0.000         0.001 / 0.002         0.002 / 0.004         0.002 / 0.004       ms
[1740.565s][info   ][gc,stats    ]       Phase: Concurrent Process Non-Strong References      0.000 / 0.000        48.303 / 68.136      211.833 / 1850.321    211.833 / 1850.321    ms
[1740.565s][info   ][gc,stats    ]       Phase: Concurrent Relocate                           0.000 / 0.000        14.054 / 19.993       15.445 / 33.849       15.445 / 33.849      ms
[1740.566s][info   ][gc,stats    ]       Phase: Concurrent Reset Relocation Set               0.000 / 0.000         0.011 / 0.016         0.017 / 0.040         0.017 / 0.040       ms
[1740.566s][info   ][gc,stats    ]       Phase: Concurrent Select Relocation Set              0.000 / 0.000         7.149 / 8.229         6.788 / 15.302        6.788 / 15.302      ms
[1740.566s][info   ][gc,stats    ]       Phase: Pause Mark End                                0.000 / 0.000         0.049 / 0.052         0.099 / 0.333         0.099 / 0.333       ms
[1740.566s][info   ][gc,stats    ]       Phase: Pause Mark Start                              0.000 / 0.000         0.042 / 0.044         0.037 / 0.083         0.037 / 0.083       ms
[1740.566s][info   ][gc,stats    ]       Phase: Pause Relocate Start                          0.000 / 0.000         0.029 / 0.033         0.031 / 0.079         0.031 / 0.079       ms
[1740.567s][info   ][gc,stats    ]    Subphase: Concurrent Classes Purge                      0.000 / 0.000        14.428 / 28.821        4.322 / 28.821        4.322 / 28.821      ms
[1740.567s][info   ][gc,stats    ]    Subphase: Concurrent Classes Unlink                     0.000 / 0.000        27.290 / 31.967      185.184 / 1768.670    185.184 / 1768.670    ms
[1740.567s][info   ][gc,stats    ]    Subphase: Concurrent Mark                               0.000 / 0.000       188.732 / 207.949     364.248 / 1136.625    364.248 / 1136.625    ms
[1740.567s][info   ][gc,stats    ]    Subphase: Concurrent Mark Try Flush                     0.000 / 0.000         0.150 / 0.211        27.969 / 148.506      27.969 / 148.506     ms
[1740.567s][info   ][gc,stats    ]    Subphase: Concurrent Mark Try Terminate                 0.000 / 0.000         2.954 / 13.940        2.845 / 148.509       2.845 / 148.509     ms
[1740.568s][info   ][gc,stats    ]    Subphase: Concurrent References Enqueue                 0.000 / 0.000         0.013 / 0.017         0.012 / 0.017         0.012 / 0.017       ms
[1740.568s][info   ][gc,stats    ]    Subphase: Concurrent References Process                 0.000 / 0.000         1.238 / 1.710         0.817 / 2.501         0.817 / 2.501       ms
[1740.568s][info   ][gc,stats    ]    Subphase: Concurrent Roots ClassLoaderDataGraph         0.000 / 0.000         0.622 / 1.208         0.620 / 2.051         0.620 / 2.051       ms
[1740.568s][info   ][gc,stats    ]    Subphase: Concurrent Roots CodeCache                    0.000 / 0.000         0.000 / 0.000         0.000 / 0.000         0.000 / 0.000       ms
[1740.569s][info   ][gc,stats    ]    Subphase: Concurrent Roots JavaThreads                  0.000 / 0.000         4.627 / 5.309        65.454 / 475.340      65.454 / 475.340     ms
[1740.569s][info   ][gc,stats    ]    Subphase: Concurrent Roots OopStorageSet                0.000 / 0.000         0.358 / 0.505         0.227 / 0.708         0.227 / 0.708       ms
[1740.569s][info   ][gc,stats    ]    Subphase: Concurrent Weak Roots OopStorageSet           0.000 / 0.000         4.811 / 5.232         4.573 / 9.700         4.573 / 9.700       ms
[1740.569s][info   ][gc,stats    ]    Subphase: Pause Mark Try Complete                       0.000 / 0.000         0.000 / 0.000         0.053 / 0.195         0.053 / 0.195       ms
[1740.569s][info   ][gc,stats    ]      System: Java Threads                                      0 / 0                48 / 48               61 / 137              61 / 137         threads
[1740.569s][info   ][gc,stats    ] =========================================================================================================================================================
[1750.556s][info   ][gc,stats    ] === Garbage Collection Statistics =======================================================================================================================
[1750.557s][info   ][gc,stats    ]                                                              Last 10s              Last 10m              Last 10h                Total
[1750.557s][info   ][gc,stats    ]                                                              Avg / Max             Avg / Max             Avg / Max             Avg / Max
[1750.557s][info   ][gc,stats    ]   Collector: Garbage Collection Cycle                      0.000 / 0.000       270.779 / 298.767     788.730 / 3415.907    788.730 / 3415.907    ms
[1750.557s][info   ][gc,stats    ]  Contention: Mark Segment Reset Contention                     0 / 0                 0 / 2                 0 / 2                 0 / 2           ops/s
[1750.557s][info   ][gc,stats    ]  Contention: Mark SeqNum Reset Contention                      0 / 0                 0 / 0                 0 / 1                 0 / 1           ops/s
[1750.557s][info   ][gc,stats    ]    Critical: Allocation Stall                                  0 / 0                 0 / 0                 0 / 0                 0 / 0           ops/s
[1750.557s][info   ][gc,stats    ]    Critical: Allocation Stall                              0.000 / 0.000         0.000 / 0.000         0.000 / 0.000         0.000 / 0.000       ms
[1750.558s][info   ][gc,stats    ]    Critical: GC Locker Stall                                   0 / 0                 0 / 0                 0 / 0                 0 / 0           ops/s
[1750.558s][info   ][gc,stats    ]    Critical: GC Locker Stall                               0.000 / 0.000         0.000 / 0.000         0.000 / 0.000         0.000 / 0.000       ms
[1750.558s][info   ][gc,stats    ]    Critical: Relocation Stall                                  0 / 0                 0 / 0                 0 / 0                 0 / 0           ops/s
[1750.558s][info   ][gc,stats    ]    Critical: Relocation Stall                              0.000 / 0.000         0.000 / 0.000         0.000 / 0.000         0.000 / 0.000       ms
[1750.558s][info   ][gc,stats    ]      Memory: Allocation Rate                                   0 / 0                 0 / 10                1 / 68                1 / 68          MB/s
[1750.558s][info   ][gc,stats    ]      Memory: Defragment                                        0 / 0                 0 / 0                 0 / 0                 0 / 0           ops/s
[1750.559s][info   ][gc,stats    ]      Memory: Out Of Memory                                     0 / 0                 0 / 0                 0 / 0                 0 / 0           ops/s
[1750.559s][info   ][gc,stats    ]      Memory: Page Cache Flush                                  0 / 0                 0 / 0                 0 / 0                 0 / 0           MB/s
[1750.559s][info   ][gc,stats    ]      Memory: Page Cache Hit L1                                 0 / 0                 0 / 7                 0 / 30                0 / 30          ops/s
[1750.559s][info   ][gc,stats    ]      Memory: Page Cache Hit L2                                 0 / 0                 0 / 0                 0 / 0                 0 / 0           ops/s
[1750.559s][info   ][gc,stats    ]      Memory: Page Cache Hit L3                                 0 / 0                 0 / 0                 0 / 26                0 / 26          ops/s
[1750.559s][info   ][gc,stats    ]      Memory: Page Cache Miss                                   0 / 0                 0 / 0                 0 / 1                 0 / 1           ops/s
[1750.559s][info   ][gc,stats    ]      Memory: Uncommit                                          0 / 0                 0 / 0                 0 / 0                 0 / 0           MB/s
[1750.559s][info   ][gc,stats    ]      Memory: Undo Object Allocation Failed                     0 / 0                 0 / 0                 0 / 1                 0 / 1           ops/s
[1750.560s][info   ][gc,stats    ]      Memory: Undo Object Allocation Succeeded                  0 / 0                 0 / 0                 0 / 74                0 / 74          ops/s
[1750.560s][info   ][gc,stats    ]      Memory: Undo Page Allocation                              0 / 0                 0 / 0                 0 / 1                 0 / 1           ops/s
[1750.560s][info   ][gc,stats    ]       Phase: Concurrent Mark                               0.000 / 0.000       198.811 / 214.014     511.811 / 1491.398    511.811 / 1491.398    ms
[1750.560s][info   ][gc,stats    ]       Phase: Concurrent Mark Continue                      0.000 / 0.000         0.000 / 0.000         0.000 / 0.000         0.000 / 0.000       ms
[1750.560s][info   ][gc,stats    ]       Phase: Concurrent Mark Free                          0.000 / 0.000         0.001 / 0.002         0.002 / 0.004         0.002 / 0.004       ms
[1750.560s][info   ][gc,stats    ]       Phase: Concurrent Process Non-Strong References      0.000 / 0.000        48.303 / 68.136      211.833 / 1850.321    211.833 / 1850.321    ms
[1750.561s][info   ][gc,stats    ]       Phase: Concurrent Relocate                           0.000 / 0.000        14.054 / 19.993       15.445 / 33.849       15.445 / 33.849      ms
[1750.561s][info   ][gc,stats    ]       Phase: Concurrent Reset Relocation Set               0.000 / 0.000         0.011 / 0.016         0.017 / 0.040         0.017 / 0.040       ms
[1750.561s][info   ][gc,stats    ]       Phase: Concurrent Select Relocation Set              0.000 / 0.000         7.149 / 8.229         6.788 / 15.302        6.788 / 15.302      ms
[1750.561s][info   ][gc,stats    ]       Phase: Pause Mark End                                0.000 / 0.000         0.049 / 0.052         0.099 / 0.333         0.099 / 0.333       ms
[1750.561s][info   ][gc,stats    ]       Phase: Pause Mark Start                              0.000 / 0.000         0.042 / 0.044         0.037 / 0.083         0.037 / 0.083       ms
[1750.561s][info   ][gc,stats    ]       Phase: Pause Relocate Start                          0.000 / 0.000         0.029 / 0.033         0.031 / 0.079         0.031 / 0.079       ms
[1750.562s][info   ][gc,stats    ]    Subphase: Concurrent Classes Purge                      0.000 / 0.000        14.428 / 28.821        4.322 / 28.821        4.322 / 28.821      ms
[1750.562s][info   ][gc,stats    ]    Subphase: Concurrent Classes Unlink                     0.000 / 0.000        27.290 / 31.967      185.184 / 1768.670    185.184 / 1768.670    ms
[1750.562s][info   ][gc,stats    ]    Subphase: Concurrent Mark                               0.000 / 0.000       188.732 / 207.949     364.248 / 1136.625    364.248 / 1136.625    ms
[1750.562s][info   ][gc,stats    ]    Subphase: Concurrent Mark Try Flush                     0.000 / 0.000         0.150 / 0.211        27.969 / 148.506      27.969 / 148.506     ms
[1750.562s][info   ][gc,stats    ]    Subphase: Concurrent Mark Try Terminate                 0.000 / 0.000         2.954 / 13.940        2.845 / 148.509       2.845 / 148.509     ms
[1750.563s][info   ][gc,stats    ]    Subphase: Concurrent References Enqueue                 0.000 / 0.000         0.013 / 0.017         0.012 / 0.017         0.012 / 0.017       ms
[1750.563s][info   ][gc,stats    ]    Subphase: Concurrent References Process                 0.000 / 0.000         1.238 / 1.710         0.817 / 2.501         0.817 / 2.501       ms
[1750.563s][info   ][gc,stats    ]    Subphase: Concurrent Roots ClassLoaderDataGraph         0.000 / 0.000         0.622 / 1.208         0.620 / 2.051         0.620 / 2.051       ms
[1750.563s][info   ][gc,stats    ]    Subphase: Concurrent Roots CodeCache                    0.000 / 0.000         0.000 / 0.000         0.000 / 0.000         0.000 / 0.000       ms
[1750.563s][info   ][gc,stats    ]    Subphase: Concurrent Roots JavaThreads                  0.000 / 0.000         4.627 / 5.309        65.454 / 475.340      65.454 / 475.340     ms
[1750.563s][info   ][gc,stats    ]    Subphase: Concurrent Roots OopStorageSet                0.000 / 0.000         0.358 / 0.505         0.227 / 0.708         0.227 / 0.708       ms
[1750.564s][info   ][gc,stats    ]    Subphase: Concurrent Weak Roots OopStorageSet           0.000 / 0.000         4.811 / 5.232         4.573 / 9.700         4.573 / 9.700       ms
[1750.564s][info   ][gc,stats    ]    Subphase: Pause Mark Try Complete                       0.000 / 0.000         0.000 / 0.000         0.053 / 0.195         0.053 / 0.195       ms
[1750.564s][info   ][gc,stats    ]      System: Java Threads                                      0 / 0                48 / 48               61 / 137              61 / 137         threads
[1750.564s][info   ][gc,stats    ] =========================================================================================================================================================
[1760.561s][info   ][gc,stats    ] === Garbage Collection Statistics =======================================================================================================================
[1760.561s][info   ][gc,stats    ]                                                              Last 10s              Last 10m              Last 10h                Total
[1760.561s][info   ][gc,stats    ]                                                              Avg / Max             Avg / Max             Avg / Max             Avg / Max
[1760.561s][info   ][gc,stats    ]   Collector: Garbage Collection Cycle                      0.000 / 0.000       270.779 / 298.767     788.730 / 3415.907    788.730 / 3415.907    ms
[1760.561s][info   ][gc,stats    ]  Contention: Mark Segment Reset Contention                     0 / 0                 0 / 2                 0 / 2                 0 / 2           ops/s
[1760.562s][info   ][gc,stats    ]  Contention: Mark SeqNum Reset Contention                      0 / 0                 0 / 0                 0 / 1                 0 / 1           ops/s
[1760.562s][info   ][gc,stats    ]    Critical: Allocation Stall                                  0 / 0                 0 / 0                 0 / 0                 0 / 0           ops/s
[1760.562s][info   ][gc,stats    ]    Critical: Allocation Stall                              0.000 / 0.000         0.000 / 0.000         0.000 / 0.000         0.000 / 0.000       ms
[1760.562s][info   ][gc,stats    ]    Critical: GC Locker Stall                                   0 / 0                 0 / 0                 0 / 0                 0 / 0           ops/s
[1760.562s][info   ][gc,stats    ]    Critical: GC Locker Stall                               0.000 / 0.000         0.000 / 0.000         0.000 / 0.000         0.000 / 0.000       ms
[1760.562s][info   ][gc,stats    ]    Critical: Relocation Stall                                  0 / 0                 0 / 0                 0 / 0                 0 / 0           ops/s
[1760.562s][info   ][gc,stats    ]    Critical: Relocation Stall                              0.000 / 0.000         0.000 / 0.000         0.000 / 0.000         0.000 / 0.000       ms
[1760.563s][info   ][gc,stats    ]      Memory: Allocation Rate                                   0 / 0                 0 / 10                1 / 68                1 / 68          MB/s
[1760.563s][info   ][gc,stats    ]      Memory: Defragment                                        0 / 0                 0 / 0                 0 / 0                 0 / 0           ops/s
[1760.563s][info   ][gc,stats    ]      Memory: Out Of Memory                                     0 / 0                 0 / 0                 0 / 0                 0 / 0           ops/s
[1760.563s][info   ][gc,stats    ]      Memory: Page Cache Flush                                  0 / 0                 0 / 0                 0 / 0                 0 / 0           MB/s
[1760.563s][info   ][gc,stats    ]      Memory: Page Cache Hit L1                                 0 / 0                 0 / 7                 0 / 30                0 / 30          ops/s
[1760.563s][info   ][gc,stats    ]      Memory: Page Cache Hit L2                                 0 / 0                 0 / 0                 0 / 0                 0 / 0           ops/s
[1760.563s][info   ][gc,stats    ]      Memory: Page Cache Hit L3                                 0 / 0                 0 / 0                 0 / 26                0 / 26          ops/s
[1760.564s][info   ][gc,stats    ]      Memory: Page Cache Miss                                   0 / 0                 0 / 0                 0 / 1                 0 / 1           ops/s
[1760.564s][info   ][gc,stats    ]      Memory: Uncommit                                          0 / 0                 0 / 0                 0 / 0                 0 / 0           MB/s
[1760.564s][info   ][gc,stats    ]      Memory: Undo Object Allocation Failed                     0 / 0                 0 / 0                 0 / 1                 0 / 1           ops/s
[1760.564s][info   ][gc,stats    ]      Memory: Undo Object Allocation Succeeded                  0 / 0                 0 / 0                 0 / 74                0 / 74          ops/s
[1760.564s][info   ][gc,stats    ]      Memory: Undo Page Allocation                              0 / 0                 0 / 0                 0 / 1                 0 / 1           ops/s
[1760.564s][info   ][gc,stats    ]       Phase: Concurrent Mark                               0.000 / 0.000       198.811 / 214.014     511.811 / 1491.398    511.811 / 1491.398    ms
[1760.564s][info   ][gc,stats    ]       Phase: Concurrent Mark Continue                      0.000 / 0.000         0.000 / 0.000         0.000 / 0.000         0.000 / 0.000       ms
[1760.564s][info   ][gc,stats    ]       Phase: Concurrent Mark Free                          0.000 / 0.000         0.001 / 0.002         0.002 / 0.004         0.002 / 0.004       ms
[1760.564s][info   ][gc,stats    ]       Phase: Concurrent Process Non-Strong References      0.000 / 0.000        48.303 / 68.136      211.833 / 1850.321    211.833 / 1850.321    ms
[1760.564s][info   ][gc,stats    ]       Phase: Concurrent Relocate                           0.000 / 0.000        14.054 / 19.993       15.445 / 33.849       15.445 / 33.849      ms
[1760.564s][info   ][gc,stats    ]       Phase: Concurrent Reset Relocation Set               0.000 / 0.000         0.011 / 0.016         0.017 / 0.040         0.017 / 0.040       ms
[1760.565s][info   ][gc,stats    ]       Phase: Concurrent Select Relocation Set              0.000 / 0.000         7.149 / 8.229         6.788 / 15.302        6.788 / 15.302      ms
[1760.565s][info   ][gc,stats    ]       Phase: Pause Mark End                                0.000 / 0.000         0.049 / 0.052         0.099 / 0.333         0.099 / 0.333       ms
[1760.565s][info   ][gc,stats    ]       Phase: Pause Mark Start                              0.000 / 0.000         0.042 / 0.044         0.037 / 0.083         0.037 / 0.083       ms
[1760.565s][info   ][gc,stats    ]       Phase: Pause Relocate Start                          0.000 / 0.000         0.029 / 0.033         0.031 / 0.079         0.031 / 0.079       ms
[1760.566s][info   ][gc,stats    ]    Subphase: Concurrent Classes Purge                      0.000 / 0.000        14.428 / 28.821        4.322 / 28.821        4.322 / 28.821      ms
[1760.566s][info   ][gc,stats    ]    Subphase: Concurrent Classes Unlink                     0.000 / 0.000        27.290 / 31.967      185.184 / 1768.670    185.184 / 1768.670    ms
[1760.566s][info   ][gc,stats    ]    Subphase: Concurrent Mark                               0.000 / 0.000       188.732 / 207.949     364.248 / 1136.625    364.248 / 1136.625    ms
[1760.566s][info   ][gc,stats    ]    Subphase: Concurrent Mark Try Flush                     0.000 / 0.000         0.150 / 0.211        27.969 / 148.506      27.969 / 148.506     ms
[1760.566s][info   ][gc,stats    ]    Subphase: Concurrent Mark Try Terminate                 0.000 / 0.000         2.954 / 13.940        2.845 / 148.509       2.845 / 148.509     ms
[1760.566s][info   ][gc,stats    ]    Subphase: Concurrent References Enqueue                 0.000 / 0.000         0.013 / 0.017         0.012 / 0.017         0.012 / 0.017       ms
[1760.566s][info   ][gc,stats    ]    Subphase: Concurrent References Process                 0.000 / 0.000         1.238 / 1.710         0.817 / 2.501         0.817 / 2.501       ms
[1760.566s][info   ][gc,stats    ]    Subphase: Concurrent Roots ClassLoaderDataGraph         0.000 / 0.000         0.622 / 1.208         0.620 / 2.051         0.620 / 2.051       ms
[1760.566s][info   ][gc,stats    ]    Subphase: Concurrent Roots CodeCache                    0.000 / 0.000         0.000 / 0.000         0.000 / 0.000         0.000 / 0.000       ms
[1760.566s][info   ][gc,stats    ]    Subphase: Concurrent Roots JavaThreads                  0.000 / 0.000         4.627 / 5.309        65.454 / 475.340      65.454 / 475.340     ms
[1760.567s][info   ][gc,stats    ]    Subphase: Concurrent Roots OopStorageSet                0.000 / 0.000         0.358 / 0.505         0.227 / 0.708         0.227 / 0.708       ms
[1760.567s][info   ][gc,stats    ]    Subphase: Concurrent Weak Roots OopStorageSet           0.000 / 0.000         4.811 / 5.232         4.573 / 9.700         4.573 / 9.700       ms
[1760.567s][info   ][gc,stats    ]    Subphase: Pause Mark Try Complete                       0.000 / 0.000         0.000 / 0.000         0.053 / 0.195         0.053 / 0.195       ms
[1760.567s][info   ][gc,stats    ]      System: Java Threads                                      0 / 0                48 / 48               61 / 137              61 / 137         threads
[1760.567s][info   ][gc,stats    ] =========================================================================================================================================================
[1770.564s][info   ][gc,stats    ] === Garbage Collection Statistics =======================================================================================================================
[1770.564s][info   ][gc,stats    ]                                                              Last 10s              Last 10m              Last 10h                Total
[1770.564s][info   ][gc,stats    ]                                                              Avg / Max             Avg / Max             Avg / Max             Avg / Max
[1770.564s][info   ][gc,stats    ]   Collector: Garbage Collection Cycle                      0.000 / 0.000       270.779 / 298.767     788.730 / 3415.907    788.730 / 3415.907    ms
[1770.564s][info   ][gc,stats    ]  Contention: Mark Segment Reset Contention                     0 / 0                 0 / 2                 0 / 2                 0 / 2           ops/s
[1770.565s][info   ][gc,stats    ]  Contention: Mark SeqNum Reset Contention                      0 / 0                 0 / 0                 0 / 1                 0 / 1           ops/s
[1770.565s][info   ][gc,stats    ]    Critical: Allocation Stall                                  0 / 0                 0 / 0                 0 / 0                 0 / 0           ops/s
[1770.565s][info   ][gc,stats    ]    Critical: Allocation Stall                              0.000 / 0.000         0.000 / 0.000         0.000 / 0.000         0.000 / 0.000       ms
[1770.565s][info   ][gc,stats    ]    Critical: GC Locker Stall                                   0 / 0                 0 / 0                 0 / 0                 0 / 0           ops/s
[1770.565s][info   ][gc,stats    ]    Critical: GC Locker Stall                               0.000 / 0.000         0.000 / 0.000         0.000 / 0.000         0.000 / 0.000       ms
[1770.565s][info   ][gc,stats    ]    Critical: Relocation Stall                                  0 / 0                 0 / 0                 0 / 0                 0 / 0           ops/s
[1770.565s][info   ][gc,stats    ]    Critical: Relocation Stall                              0.000 / 0.000         0.000 / 0.000         0.000 / 0.000         0.000 / 0.000       ms
[1770.565s][info   ][gc,stats    ]      Memory: Allocation Rate                                   0 / 0                 0 / 10                1 / 68                1 / 68          MB/s
[1770.565s][info   ][gc,stats    ]      Memory: Defragment                                        0 / 0                 0 / 0                 0 / 0                 0 / 0           ops/s
[1770.565s][info   ][gc,stats    ]      Memory: Out Of Memory                                     0 / 0                 0 / 0                 0 / 0                 0 / 0           ops/s
[1770.566s][info   ][gc,stats    ]      Memory: Page Cache Flush                                  0 / 0                 0 / 0                 0 / 0                 0 / 0           MB/s
[1770.566s][info   ][gc,stats    ]      Memory: Page Cache Hit L1                                 0 / 0                 0 / 7                 0 / 30                0 / 30          ops/s
[1770.566s][info   ][gc,stats    ]      Memory: Page Cache Hit L2                                 0 / 0                 0 / 0                 0 / 0                 0 / 0           ops/s
[1770.566s][info   ][gc,stats    ]      Memory: Page Cache Hit L3                                 0 / 0                 0 / 0                 0 / 26                0 / 26          ops/s
[1770.566s][info   ][gc,stats    ]      Memory: Page Cache Miss                                   0 / 0                 0 / 0                 0 / 1                 0 / 1           ops/s
[1770.566s][info   ][gc,stats    ]      Memory: Uncommit                                          0 / 0                 0 / 0                 0 / 0                 0 / 0           MB/s
[1770.566s][info   ][gc,stats    ]      Memory: Undo Object Allocation Failed                     0 / 0                 0 / 0                 0 / 1                 0 / 1           ops/s
[1770.566s][info   ][gc,stats    ]      Memory: Undo Object Allocation Succeeded                  0 / 0                 0 / 0                 0 / 74                0 / 74          ops/s
[1770.566s][info   ][gc,stats    ]      Memory: Undo Page Allocation                              0 / 0                 0 / 0                 0 / 1                 0 / 1           ops/s
[1770.566s][info   ][gc,stats    ]       Phase: Concurrent Mark                               0.000 / 0.000       198.811 / 214.014     511.811 / 1491.398    511.811 / 1491.398    ms
[1770.566s][info   ][gc,stats    ]       Phase: Concurrent Mark Continue                      0.000 / 0.000         0.000 / 0.000         0.000 / 0.000         0.000 / 0.000       ms
[1770.567s][info   ][gc,stats    ]       Phase: Concurrent Mark Free                          0.000 / 0.000         0.001 / 0.002         0.002 / 0.004         0.002 / 0.004       ms
[1770.567s][info   ][gc,stats    ]       Phase: Concurrent Process Non-Strong References      0.000 / 0.000        48.303 / 68.136      211.833 / 1850.321    211.833 / 1850.321    ms
[1770.567s][info   ][gc,stats    ]       Phase: Concurrent Relocate                           0.000 / 0.000        14.054 / 19.993       15.445 / 33.849       15.445 / 33.849      ms
[1770.567s][info   ][gc,stats    ]       Phase: Concurrent Reset Relocation Set               0.000 / 0.000         0.011 / 0.016         0.017 / 0.040         0.017 / 0.040       ms
[1770.567s][info   ][gc,stats    ]       Phase: Concurrent Select Relocation Set              0.000 / 0.000         7.149 / 8.229         6.788 / 15.302        6.788 / 15.302      ms
[1770.567s][info   ][gc,stats    ]       Phase: Pause Mark End                                0.000 / 0.000         0.049 / 0.052         0.099 / 0.333         0.099 / 0.333       ms
[1770.567s][info   ][gc,stats    ]       Phase: Pause Mark Start                              0.000 / 0.000         0.042 / 0.044         0.037 / 0.083         0.037 / 0.083       ms
[1770.567s][info   ][gc,stats    ]       Phase: Pause Relocate Start                          0.000 / 0.000         0.029 / 0.033         0.031 / 0.079         0.031 / 0.079       ms
[1770.567s][info   ][gc,stats    ]    Subphase: Concurrent Classes Purge                      0.000 / 0.000        14.428 / 28.821        4.322 / 28.821        4.322 / 28.821      ms
[1770.568s][info   ][gc,stats    ]    Subphase: Concurrent Classes Unlink                     0.000 / 0.000        27.290 / 31.967      185.184 / 1768.670    185.184 / 1768.670    ms
[1770.568s][info   ][gc,stats    ]    Subphase: Concurrent Mark                               0.000 / 0.000       188.732 / 207.949     364.248 / 1136.625    364.248 / 1136.625    ms
[1770.568s][info   ][gc,stats    ]    Subphase: Concurrent Mark Try Flush                     0.000 / 0.000         0.150 / 0.211        27.969 / 148.506      27.969 / 148.506     ms
[1770.568s][info   ][gc,stats    ]    Subphase: Concurrent Mark Try Terminate                 0.000 / 0.000         2.954 / 13.940        2.845 / 148.509       2.845 / 148.509     ms
[1770.568s][info   ][gc,stats    ]    Subphase: Concurrent References Enqueue                 0.000 / 0.000         0.013 / 0.017         0.012 / 0.017         0.012 / 0.017       ms
[1770.568s][info   ][gc,stats    ]    Subphase: Concurrent References Process                 0.000 / 0.000         1.238 / 1.710         0.817 / 2.501         0.817 / 2.501       ms
[1770.568s][info   ][gc,stats    ]    Subphase: Concurrent Roots ClassLoaderDataGraph         0.000 / 0.000         0.622 / 1.208         0.620 / 2.051         0.620 / 2.051       ms
[1770.568s][info   ][gc,stats    ]    Subphase: Concurrent Roots CodeCache                    0.000 / 0.000         0.000 / 0.000         0.000 / 0.000         0.000 / 0.000       ms
[1770.568s][info   ][gc,stats    ]    Subphase: Concurrent Roots JavaThreads                  0.000 / 0.000         4.627 / 5.309        65.454 / 475.340      65.454 / 475.340     ms
[1770.569s][info   ][gc,stats    ]    Subphase: Concurrent Roots OopStorageSet                0.000 / 0.000         0.358 / 0.505         0.227 / 0.708         0.227 / 0.708       ms
[1770.569s][info   ][gc,stats    ]    Subphase: Concurrent Weak Roots OopStorageSet           0.000 / 0.000         4.811 / 5.232         4.573 / 9.700         4.573 / 9.700       ms
[1770.569s][info   ][gc,stats    ]    Subphase: Pause Mark Try Complete                       0.000 / 0.000         0.000 / 0.000         0.053 / 0.195         0.053 / 0.195       ms
[1770.569s][info   ][gc,stats    ]      System: Java Threads                                      0 / 0                48 / 48               61 / 137              61 / 137         threads
[1770.569s][info   ][gc,stats    ] =========================================================================================================================================================
[1780.560s][info   ][gc,stats    ] === Garbage Collection Statistics =======================================================================================================================
[1780.560s][info   ][gc,stats    ]                                                              Last 10s              Last 10m              Last 10h                Total
[1780.560s][info   ][gc,stats    ]                                                              Avg / Max             Avg / Max             Avg / Max             Avg / Max
[1780.560s][info   ][gc,stats    ]   Collector: Garbage Collection Cycle                      0.000 / 0.000       270.779 / 298.767     788.730 / 3415.907    788.730 / 3415.907    ms
[1780.560s][info   ][gc,stats    ]  Contention: Mark Segment Reset Contention                     0 / 0                 0 / 2                 0 / 2                 0 / 2           ops/s
[1780.560s][info   ][gc,stats    ]  Contention: Mark SeqNum Reset Contention                      0 / 0                 0 / 0                 0 / 1                 0 / 1           ops/s
[1780.560s][info   ][gc,stats    ]    Critical: Allocation Stall                                  0 / 0                 0 / 0                 0 / 0                 0 / 0           ops/s
[1780.560s][info   ][gc,stats    ]    Critical: Allocation Stall                              0.000 / 0.000         0.000 / 0.000         0.000 / 0.000         0.000 / 0.000       ms
[1780.560s][info   ][gc,stats    ]    Critical: GC Locker Stall                                   0 / 0                 0 / 0                 0 / 0                 0 / 0           ops/s
[1780.561s][info   ][gc,stats    ]    Critical: GC Locker Stall                               0.000 / 0.000         0.000 / 0.000         0.000 / 0.000         0.000 / 0.000       ms
[1780.561s][info   ][gc,stats    ]    Critical: Relocation Stall                                  0 / 0                 0 / 0                 0 / 0                 0 / 0           ops/s
[1780.561s][info   ][gc,stats    ]    Critical: Relocation Stall                              0.000 / 0.000         0.000 / 0.000         0.000 / 0.000         0.000 / 0.000       ms
[1780.561s][info   ][gc,stats    ]      Memory: Allocation Rate                                   0 / 0                 0 / 10                1 / 68                1 / 68          MB/s
[1780.561s][info   ][gc,stats    ]      Memory: Defragment                                        0 / 0                 0 / 0                 0 / 0                 0 / 0           ops/s
[1780.561s][info   ][gc,stats    ]      Memory: Out Of Memory                                     0 / 0                 0 / 0                 0 / 0                 0 / 0           ops/s
[1780.561s][info   ][gc,stats    ]      Memory: Page Cache Flush                                  0 / 0                 0 / 0                 0 / 0                 0 / 0           MB/s
[1780.561s][info   ][gc,stats    ]      Memory: Page Cache Hit L1                                 0 / 0                 0 / 7                 0 / 30                0 / 30          ops/s
[1780.561s][info   ][gc,stats    ]      Memory: Page Cache Hit L2                                 0 / 0                 0 / 0                 0 / 0                 0 / 0           ops/s
[1780.561s][info   ][gc,stats    ]      Memory: Page Cache Hit L3                                 0 / 0                 0 / 0                 0 / 26                0 / 26          ops/s
[1780.561s][info   ][gc,stats    ]      Memory: Page Cache Miss                                   0 / 0                 0 / 0                 0 / 1                 0 / 1           ops/s
[1780.561s][info   ][gc,stats    ]      Memory: Uncommit                                          0 / 0                 0 / 0                 0 / 0                 0 / 0           MB/s
[1780.561s][info   ][gc,stats    ]      Memory: Undo Object Allocation Failed                     0 / 0                 0 / 0                 0 / 1                 0 / 1           ops/s
[1780.561s][info   ][gc,stats    ]      Memory: Undo Object Allocation Succeeded                  0 / 0                 0 / 0                 0 / 74                0 / 74          ops/s
[1780.562s][info   ][gc,stats    ]      Memory: Undo Page Allocation                              0 / 0                 0 / 0                 0 / 1                 0 / 1           ops/s
[1780.562s][info   ][gc,stats    ]       Phase: Concurrent Mark                               0.000 / 0.000       198.811 / 214.014     511.811 / 1491.398    511.811 / 1491.398    ms
[1780.562s][info   ][gc,stats    ]       Phase: Concurrent Mark Continue                      0.000 / 0.000         0.000 / 0.000         0.000 / 0.000         0.000 / 0.000       ms
[1780.562s][info   ][gc,stats    ]       Phase: Concurrent Mark Free                          0.000 / 0.000         0.001 / 0.002         0.002 / 0.004         0.002 / 0.004       ms
[1780.562s][info   ][gc,stats    ]       Phase: Concurrent Process Non-Strong References      0.000 / 0.000        48.303 / 68.136      211.833 / 1850.321    211.833 / 1850.321    ms
[1780.562s][info   ][gc,stats    ]       Phase: Concurrent Relocate                           0.000 / 0.000        14.054 / 19.993       15.445 / 33.849       15.445 / 33.849      ms
[1780.562s][info   ][gc,stats    ]       Phase: Concurrent Reset Relocation Set               0.000 / 0.000         0.011 / 0.016         0.017 / 0.040         0.017 / 0.040       ms
[1780.562s][info   ][gc,stats    ]       Phase: Concurrent Select Relocation Set              0.000 / 0.000         7.149 / 8.229         6.788 / 15.302        6.788 / 15.302      ms
[1780.562s][info   ][gc,stats    ]       Phase: Pause Mark End                                0.000 / 0.000         0.049 / 0.052         0.099 / 0.333         0.099 / 0.333       ms
[1780.562s][info   ][gc,stats    ]       Phase: Pause Mark Start                              0.000 / 0.000         0.042 / 0.044         0.037 / 0.083         0.037 / 0.083       ms
[1780.563s][info   ][gc,stats    ]       Phase: Pause Relocate Start                          0.000 / 0.000         0.029 / 0.033         0.031 / 0.079         0.031 / 0.079       ms
[1780.563s][info   ][gc,stats    ]    Subphase: Concurrent Classes Purge                      0.000 / 0.000        14.428 / 28.821        4.322 / 28.821        4.322 / 28.821      ms
[1780.563s][info   ][gc,stats    ]    Subphase: Concurrent Classes Unlink                     0.000 / 0.000        27.290 / 31.967      185.184 / 1768.670    185.184 / 1768.670    ms
[1780.563s][info   ][gc,stats    ]    Subphase: Concurrent Mark                               0.000 / 0.000       188.732 / 207.949     364.248 / 1136.625    364.248 / 1136.625    ms
[1780.563s][info   ][gc,stats    ]    Subphase: Concurrent Mark Try Flush                     0.000 / 0.000         0.150 / 0.211        27.969 / 148.506      27.969 / 148.506     ms
[1780.563s][info   ][gc,stats    ]    Subphase: Concurrent Mark Try Terminate                 0.000 / 0.000         2.954 / 13.940        2.845 / 148.509       2.845 / 148.509     ms
[1780.563s][info   ][gc,stats    ]    Subphase: Concurrent References Enqueue                 0.000 / 0.000         0.013 / 0.017         0.012 / 0.017         0.012 / 0.017       ms
[1780.563s][info   ][gc,stats    ]    Subphase: Concurrent References Process                 0.000 / 0.000         1.238 / 1.710         0.817 / 2.501         0.817 / 2.501       ms
[1780.563s][info   ][gc,stats    ]    Subphase: Concurrent Roots ClassLoaderDataGraph         0.000 / 0.000         0.622 / 1.208         0.620 / 2.051         0.620 / 2.051       ms
[1780.563s][info   ][gc,stats    ]    Subphase: Concurrent Roots CodeCache                    0.000 / 0.000         0.000 / 0.000         0.000 / 0.000         0.000 / 0.000       ms
[1780.563s][info   ][gc,stats    ]    Subphase: Concurrent Roots JavaThreads                  0.000 / 0.000         4.627 / 5.309        65.454 / 475.340      65.454 / 475.340     ms
[1780.563s][info   ][gc,stats    ]    Subphase: Concurrent Roots OopStorageSet                0.000 / 0.000         0.358 / 0.505         0.227 / 0.708         0.227 / 0.708       ms
[1780.564s][info   ][gc,stats    ]    Subphase: Concurrent Weak Roots OopStorageSet           0.000 / 0.000         4.811 / 5.232         4.573 / 9.700         4.573 / 9.700       ms
[1780.564s][info   ][gc,stats    ]    Subphase: Pause Mark Try Complete                       0.000 / 0.000         0.000 / 0.000         0.053 / 0.195         0.053 / 0.195       ms
[1780.564s][info   ][gc,stats    ]      System: Java Threads                                      0 / 0                48 / 48               61 / 137              61 / 137         threads
[1780.564s][info   ][gc,stats    ] =========================================================================================================================================================
[1790.559s][info   ][gc,stats    ] === Garbage Collection Statistics =======================================================================================================================
[1790.560s][info   ][gc,stats    ]                                                              Last 10s              Last 10m              Last 10h                Total
[1790.560s][info   ][gc,stats    ]                                                              Avg / Max             Avg / Max             Avg / Max             Avg / Max
[1790.560s][info   ][gc,stats    ]   Collector: Garbage Collection Cycle                      0.000 / 0.000       270.779 / 298.767     788.730 / 3415.907    788.730 / 3415.907    ms
[1790.560s][info   ][gc,stats    ]  Contention: Mark Segment Reset Contention                     0 / 0                 0 / 2                 0 / 2                 0 / 2           ops/s
[1790.560s][info   ][gc,stats    ]  Contention: Mark SeqNum Reset Contention                      0 / 0                 0 / 0                 0 / 1                 0 / 1           ops/s
[1790.560s][info   ][gc,stats    ]    Critical: Allocation Stall                                  0 / 0                 0 / 0                 0 / 0                 0 / 0           ops/s
[1790.561s][info   ][gc,stats    ]    Critical: Allocation Stall                              0.000 / 0.000         0.000 / 0.000         0.000 / 0.000         0.000 / 0.000       ms
[1790.561s][info   ][gc,stats    ]    Critical: GC Locker Stall                                   0 / 0                 0 / 0                 0 / 0                 0 / 0           ops/s
[1790.561s][info   ][gc,stats    ]    Critical: GC Locker Stall                               0.000 / 0.000         0.000 / 0.000         0.000 / 0.000         0.000 / 0.000       ms
[1790.561s][info   ][gc,stats    ]    Critical: Relocation Stall                                  0 / 0                 0 / 0                 0 / 0                 0 / 0           ops/s
[1790.561s][info   ][gc,stats    ]    Critical: Relocation Stall                              0.000 / 0.000         0.000 / 0.000         0.000 / 0.000         0.000 / 0.000       ms
[1790.561s][info   ][gc,stats    ]      Memory: Allocation Rate                                   0 / 0                 0 / 10                1 / 68                1 / 68          MB/s
[1790.562s][info   ][gc,stats    ]      Memory: Defragment                                        0 / 0                 0 / 0                 0 / 0                 0 / 0           ops/s
[1790.562s][info   ][gc,stats    ]      Memory: Out Of Memory                                     0 / 0                 0 / 0                 0 / 0                 0 / 0           ops/s
[1790.562s][info   ][gc,stats    ]      Memory: Page Cache Flush                                  0 / 0                 0 / 0                 0 / 0                 0 / 0           MB/s
[1790.562s][info   ][gc,stats    ]      Memory: Page Cache Hit L1                                 0 / 0                 0 / 7                 0 / 30                0 / 30          ops/s
[1790.562s][info   ][gc,stats    ]      Memory: Page Cache Hit L2                                 0 / 0                 0 / 0                 0 / 0                 0 / 0           ops/s
[1790.562s][info   ][gc,stats    ]      Memory: Page Cache Hit L3                                 0 / 0                 0 / 0                 0 / 26                0 / 26          ops/s
[1790.562s][info   ][gc,stats    ]      Memory: Page Cache Miss                                   0 / 0                 0 / 0                 0 / 1                 0 / 1           ops/s
[1790.563s][info   ][gc,stats    ]      Memory: Uncommit                                          0 / 0                 0 / 0                 0 / 0                 0 / 0           MB/s
[1790.563s][info   ][gc,stats    ]      Memory: Undo Object Allocation Failed                     0 / 0                 0 / 0                 0 / 1                 0 / 1           ops/s
[1790.563s][info   ][gc,stats    ]      Memory: Undo Object Allocation Succeeded                  0 / 0                 0 / 0                 0 / 74                0 / 74          ops/s
[1790.563s][info   ][gc,stats    ]      Memory: Undo Page Allocation                              0 / 0                 0 / 0                 0 / 1                 0 / 1           ops/s
[1790.563s][info   ][gc,stats    ]       Phase: Concurrent Mark                               0.000 / 0.000       198.811 / 214.014     511.811 / 1491.398    511.811 / 1491.398    ms
[1790.564s][info   ][gc,stats    ]       Phase: Concurrent Mark Continue                      0.000 / 0.000         0.000 / 0.000         0.000 / 0.000         0.000 / 0.000       ms
[1790.564s][info   ][gc,stats    ]       Phase: Concurrent Mark Free                          0.000 / 0.000         0.001 / 0.002         0.002 / 0.004         0.002 / 0.004       ms
[1790.564s][info   ][gc,stats    ]       Phase: Concurrent Process Non-Strong References      0.000 / 0.000        48.303 / 68.136      211.833 / 1850.321    211.833 / 1850.321    ms
[1790.564s][info   ][gc,stats    ]       Phase: Concurrent Relocate                           0.000 / 0.000        14.054 / 19.993       15.445 / 33.849       15.445 / 33.849      ms
[1790.564s][info   ][gc,stats    ]       Phase: Concurrent Reset Relocation Set               0.000 / 0.000         0.011 / 0.016         0.017 / 0.040         0.017 / 0.040       ms
[1790.564s][info   ][gc,stats    ]       Phase: Concurrent Select Relocation Set              0.000 / 0.000         7.149 / 8.229         6.788 / 15.302        6.788 / 15.302      ms
[1790.565s][info   ][gc,stats    ]       Phase: Pause Mark End                                0.000 / 0.000         0.049 / 0.052         0.099 / 0.333         0.099 / 0.333       ms
[1790.565s][info   ][gc,stats    ]       Phase: Pause Mark Start                              0.000 / 0.000         0.042 / 0.044         0.037 / 0.083         0.037 / 0.083       ms
[1790.565s][info   ][gc,stats    ]       Phase: Pause Relocate Start                          0.000 / 0.000         0.029 / 0.033         0.031 / 0.079         0.031 / 0.079       ms
[1790.565s][info   ][gc,stats    ]    Subphase: Concurrent Classes Purge                      0.000 / 0.000        14.428 / 28.821        4.322 / 28.821        4.322 / 28.821      ms
[1790.565s][info   ][gc,stats    ]    Subphase: Concurrent Classes Unlink                     0.000 / 0.000        27.290 / 31.967      185.184 / 1768.670    185.184 / 1768.670    ms
[1790.566s][info   ][gc,stats    ]    Subphase: Concurrent Mark                               0.000 / 0.000       188.732 / 207.949     364.248 / 1136.625    364.248 / 1136.625    ms
[1790.566s][info   ][gc,stats    ]    Subphase: Concurrent Mark Try Flush                     0.000 / 0.000         0.150 / 0.211        27.969 / 148.506      27.969 / 148.506     ms
[1790.566s][info   ][gc,stats    ]    Subphase: Concurrent Mark Try Terminate                 0.000 / 0.000         2.954 / 13.940        2.845 / 148.509       2.845 / 148.509     ms
[1790.566s][info   ][gc,stats    ]    Subphase: Concurrent References Enqueue                 0.000 / 0.000         0.013 / 0.017         0.012 / 0.017         0.012 / 0.017       ms
[1790.566s][info   ][gc,stats    ]    Subphase: Concurrent References Process                 0.000 / 0.000         1.238 / 1.710         0.817 / 2.501         0.817 / 2.501       ms
[1790.566s][info   ][gc,stats    ]    Subphase: Concurrent Roots ClassLoaderDataGraph         0.000 / 0.000         0.622 / 1.208         0.620 / 2.051         0.620 / 2.051       ms
[1790.567s][info   ][gc,stats    ]    Subphase: Concurrent Roots CodeCache                    0.000 / 0.000         0.000 / 0.000         0.000 / 0.000         0.000 / 0.000       ms
[1790.567s][info   ][gc,stats    ]    Subphase: Concurrent Roots JavaThreads                  0.000 / 0.000         4.627 / 5.309        65.454 / 475.340      65.454 / 475.340     ms
[1790.567s][info   ][gc,stats    ]    Subphase: Concurrent Roots OopStorageSet                0.000 / 0.000         0.358 / 0.505         0.227 / 0.708         0.227 / 0.708       ms
[1790.567s][info   ][gc,stats    ]    Subphase: Concurrent Weak Roots OopStorageSet           0.000 / 0.000         4.811 / 5.232         4.573 / 9.700         4.573 / 9.700       ms
[1790.567s][info   ][gc,stats    ]    Subphase: Pause Mark Try Complete                       0.000 / 0.000         0.000 / 0.000         0.053 / 0.195         0.053 / 0.195       ms
[1790.567s][info   ][gc,stats    ]      System: Java Threads                                      0 / 0                48 / 48               61 / 137              61 / 137         threads
[1790.567s][info   ][gc,stats    ] =========================================================================================================================================================
[1800.564s][info   ][gc,stats    ] === Garbage Collection Statistics =======================================================================================================================
[1800.565s][info   ][gc,stats    ]                                                              Last 10s              Last 10m              Last 10h                Total
[1800.565s][info   ][gc,stats    ]                                                              Avg / Max             Avg / Max             Avg / Max             Avg / Max
[1800.565s][info   ][gc,stats    ]   Collector: Garbage Collection Cycle                      0.000 / 0.000       270.779 / 298.767     788.730 / 3415.907    788.730 / 3415.907    ms
[1800.565s][info   ][gc,stats    ]  Contention: Mark Segment Reset Contention                     0 / 0                 0 / 2                 0 / 2                 0 / 2           ops/s
[1800.565s][info   ][gc,stats    ]  Contention: Mark SeqNum Reset Contention                      0 / 0                 0 / 0                 0 / 1                 0 / 1           ops/s
[1800.565s][info   ][gc,stats    ]    Critical: Allocation Stall                                  0 / 0                 0 / 0                 0 / 0                 0 / 0           ops/s
[1800.565s][info   ][gc,stats    ]    Critical: Allocation Stall                              0.000 / 0.000         0.000 / 0.000         0.000 / 0.000         0.000 / 0.000       ms
[1800.565s][info   ][gc,stats    ]    Critical: GC Locker Stall                                   0 / 0                 0 / 0                 0 / 0                 0 / 0           ops/s
[1800.565s][info   ][gc,stats    ]    Critical: GC Locker Stall                               0.000 / 0.000         0.000 / 0.000         0.000 / 0.000         0.000 / 0.000       ms
[1800.565s][info   ][gc,stats    ]    Critical: Relocation Stall                                  0 / 0                 0 / 0                 0 / 0                 0 / 0           ops/s
[1800.566s][info   ][gc,stats    ]    Critical: Relocation Stall                              0.000 / 0.000         0.000 / 0.000         0.000 / 0.000         0.000 / 0.000       ms
[1800.566s][info   ][gc,stats    ]      Memory: Allocation Rate                                   0 / 2                 0 / 10                1 / 68                1 / 68          MB/s
[1800.566s][info   ][gc,stats    ]      Memory: Defragment                                        0 / 0                 0 / 0                 0 / 0                 0 / 0           ops/s
[1800.566s][info   ][gc,stats    ]      Memory: Out Of Memory                                     0 / 0                 0 / 0                 0 / 0                 0 / 0           ops/s
[1800.566s][info   ][gc,stats    ]      Memory: Page Cache Flush                                  0 / 0                 0 / 0                 0 / 0                 0 / 0           MB/s
[1800.566s][info   ][gc,stats    ]      Memory: Page Cache Hit L1                                 0 / 1                 0 / 7                 0 / 30                0 / 30          ops/s
[1800.566s][info   ][gc,stats    ]      Memory: Page Cache Hit L2                                 0 / 0                 0 / 0                 0 / 0                 0 / 0           ops/s
[1800.566s][info   ][gc,stats    ]      Memory: Page Cache Hit L3                                 0 / 0                 0 / 0                 0 / 26                0 / 26          ops/s
[1800.566s][info   ][gc,stats    ]      Memory: Page Cache Miss                                   0 / 0                 0 / 0                 0 / 1                 0 / 1           ops/s
[1800.566s][info   ][gc,stats    ]      Memory: Uncommit                                          0 / 0                 0 / 0                 0 / 0                 0 / 0           MB/s
[1800.566s][info   ][gc,stats    ]      Memory: Undo Object Allocation Failed                     0 / 0                 0 / 0                 0 / 1                 0 / 1           ops/s
[1800.566s][info   ][gc,stats    ]      Memory: Undo Object Allocation Succeeded                  0 / 0                 0 / 0                 0 / 74                0 / 74          ops/s
[1800.566s][info   ][gc,stats    ]      Memory: Undo Page Allocation                              0 / 0                 0 / 0                 0 / 1                 0 / 1           ops/s
[1800.567s][info   ][gc,stats    ]       Phase: Concurrent Mark                               0.000 / 0.000       198.811 / 214.014     511.811 / 1491.398    511.811 / 1491.398    ms
[1800.567s][info   ][gc,stats    ]       Phase: Concurrent Mark Continue                      0.000 / 0.000         0.000 / 0.000         0.000 / 0.000         0.000 / 0.000       ms
[1800.567s][info   ][gc,stats    ]       Phase: Concurrent Mark Free                          0.000 / 0.000         0.001 / 0.002         0.002 / 0.004         0.002 / 0.004       ms
[1800.567s][info   ][gc,stats    ]       Phase: Concurrent Process Non-Strong References      0.000 / 0.000        48.303 / 68.136      211.833 / 1850.321    211.833 / 1850.321    ms
[1800.567s][info   ][gc,stats    ]       Phase: Concurrent Relocate                           0.000 / 0.000        14.054 / 19.993       15.445 / 33.849       15.445 / 33.849      ms
[1800.567s][info   ][gc,stats    ]       Phase: Concurrent Reset Relocation Set               0.000 / 0.000         0.011 / 0.016         0.017 / 0.040         0.017 / 0.040       ms
[1800.567s][info   ][gc,stats    ]       Phase: Concurrent Select Relocation Set              0.000 / 0.000         7.149 / 8.229         6.788 / 15.302        6.788 / 15.302      ms
[1800.567s][info   ][gc,stats    ]       Phase: Pause Mark End                                0.000 / 0.000         0.049 / 0.052         0.099 / 0.333         0.099 / 0.333       ms
[1800.567s][info   ][gc,stats    ]       Phase: Pause Mark Start                              0.000 / 0.000         0.042 / 0.044         0.037 / 0.083         0.037 / 0.083       ms
[1800.567s][info   ][gc,stats    ]       Phase: Pause Relocate Start                          0.000 / 0.000         0.029 / 0.033         0.031 / 0.079         0.031 / 0.079       ms
[1800.568s][info   ][gc,stats    ]    Subphase: Concurrent Classes Purge                      0.000 / 0.000        14.428 / 28.821        4.322 / 28.821        4.322 / 28.821      ms
[1800.568s][info   ][gc,stats    ]    Subphase: Concurrent Classes Unlink                     0.000 / 0.000        27.290 / 31.967      185.184 / 1768.670    185.184 / 1768.670    ms
[1800.568s][info   ][gc,stats    ]    Subphase: Concurrent Mark                               0.000 / 0.000       188.732 / 207.949     364.248 / 1136.625    364.248 / 1136.625    ms
[1800.568s][info   ][gc,stats    ]    Subphase: Concurrent Mark Try Flush                     0.000 / 0.000         0.150 / 0.211        27.969 / 148.506      27.969 / 148.506     ms
[1800.568s][info   ][gc,stats    ]    Subphase: Concurrent Mark Try Terminate                 0.000 / 0.000         2.954 / 13.940        2.845 / 148.509       2.845 / 148.509     ms
[1800.568s][info   ][gc,stats    ]    Subphase: Concurrent References Enqueue                 0.000 / 0.000         0.013 / 0.017         0.012 / 0.017         0.012 / 0.017       ms
[1800.568s][info   ][gc,stats    ]    Subphase: Concurrent References Process                 0.000 / 0.000         1.238 / 1.710         0.817 / 2.501         0.817 / 2.501       ms
[1800.568s][info   ][gc,stats    ]    Subphase: Concurrent Roots ClassLoaderDataGraph         0.000 / 0.000         0.622 / 1.208         0.620 / 2.051         0.620 / 2.051       ms
[1800.568s][info   ][gc,stats    ]    Subphase: Concurrent Roots CodeCache                    0.000 / 0.000         0.000 / 0.000         0.000 / 0.000         0.000 / 0.000       ms
[1800.569s][info   ][gc,stats    ]    Subphase: Concurrent Roots JavaThreads                  0.000 / 0.000         4.627 / 5.309        65.454 / 475.340      65.454 / 475.340     ms
[1800.569s][info   ][gc,stats    ]    Subphase: Concurrent Roots OopStorageSet                0.000 / 0.000         0.358 / 0.505         0.227 / 0.708         0.227 / 0.708       ms
[1800.569s][info   ][gc,stats    ]    Subphase: Concurrent Weak Roots OopStorageSet           0.000 / 0.000         4.811 / 5.232         4.573 / 9.700         4.573 / 9.700       ms
[1800.569s][info   ][gc,stats    ]    Subphase: Pause Mark Try Complete                       0.000 / 0.000         0.000 / 0.000         0.053 / 0.195         0.053 / 0.195       ms
[1800.569s][info   ][gc,stats    ]      System: Java Threads                                      0 / 0                48 / 48               61 / 137              61 / 137         threads
[1800.569s][info   ][gc,stats    ] =========================================================================================================================================================
[1810.569s][info   ][gc,stats    ] === Garbage Collection Statistics =======================================================================================================================
[1810.569s][info   ][gc,stats    ]                                                              Last 10s              Last 10m              Last 10h                Total
[1810.569s][info   ][gc,stats    ]                                                              Avg / Max             Avg / Max             Avg / Max             Avg / Max
[1810.569s][info   ][gc,stats    ]   Collector: Garbage Collection Cycle                      0.000 / 0.000       270.779 / 298.767     788.730 / 3415.907    788.730 / 3415.907    ms
[1810.569s][info   ][gc,stats    ]  Contention: Mark Segment Reset Contention                     0 / 0                 0 / 2                 0 / 2                 0 / 2           ops/s
[1810.569s][info   ][gc,stats    ]  Contention: Mark SeqNum Reset Contention                      0 / 0                 0 / 0                 0 / 1                 0 / 1           ops/s
[1810.570s][info   ][gc,stats    ]    Critical: Allocation Stall                                  0 / 0                 0 / 0                 0 / 0                 0 / 0           ops/s
[1810.570s][info   ][gc,stats    ]    Critical: Allocation Stall                              0.000 / 0.000         0.000 / 0.000         0.000 / 0.000         0.000 / 0.000       ms
[1810.570s][info   ][gc,stats    ]    Critical: GC Locker Stall                                   0 / 0                 0 / 0                 0 / 0                 0 / 0           ops/s
[1810.570s][info   ][gc,stats    ]    Critical: GC Locker Stall                               0.000 / 0.000         0.000 / 0.000         0.000 / 0.000         0.000 / 0.000       ms
[1810.570s][info   ][gc,stats    ]    Critical: Relocation Stall                                  0 / 0                 0 / 0                 0 / 0                 0 / 0           ops/s
[1810.570s][info   ][gc,stats    ]    Critical: Relocation Stall                              0.000 / 0.000         0.000 / 0.000         0.000 / 0.000         0.000 / 0.000       ms
[1810.570s][info   ][gc,stats    ]      Memory: Allocation Rate                                   0 / 0                 0 / 10                1 / 68                1 / 68          MB/s
[1810.570s][info   ][gc,stats    ]      Memory: Defragment                                        0 / 0                 0 / 0                 0 / 0                 0 / 0           ops/s
[1810.570s][info   ][gc,stats    ]      Memory: Out Of Memory                                     0 / 0                 0 / 0                 0 / 0                 0 / 0           ops/s
[1810.570s][info   ][gc,stats    ]      Memory: Page Cache Flush                                  0 / 0                 0 / 0                 0 / 0                 0 / 0           MB/s
[1810.570s][info   ][gc,stats    ]      Memory: Page Cache Hit L1                                 0 / 0                 0 / 7                 0 / 30                0 / 30          ops/s
[1810.571s][info   ][gc,stats    ]      Memory: Page Cache Hit L2                                 0 / 0                 0 / 0                 0 / 0                 0 / 0           ops/s
[1810.571s][info   ][gc,stats    ]      Memory: Page Cache Hit L3                                 0 / 0                 0 / 0                 0 / 26                0 / 26          ops/s
[1810.571s][info   ][gc,stats    ]      Memory: Page Cache Miss                                   0 / 0                 0 / 0                 0 / 1                 0 / 1           ops/s
[1810.571s][info   ][gc,stats    ]      Memory: Uncommit                                          0 / 0                 0 / 0                 0 / 0                 0 / 0           MB/s
[1810.571s][info   ][gc,stats    ]      Memory: Undo Object Allocation Failed                     0 / 0                 0 / 0                 0 / 1                 0 / 1           ops/s
[1810.571s][info   ][gc,stats    ]      Memory: Undo Object Allocation Succeeded                  0 / 0                 0 / 0                 0 / 74                0 / 74          ops/s
[1810.571s][info   ][gc,stats    ]      Memory: Undo Page Allocation                              0 / 0                 0 / 0                 0 / 1                 0 / 1           ops/s
[1810.571s][info   ][gc,stats    ]       Phase: Concurrent Mark                               0.000 / 0.000       198.811 / 214.014     511.811 / 1491.398    511.811 / 1491.398    ms
[1810.571s][info   ][gc,stats    ]       Phase: Concurrent Mark Continue                      0.000 / 0.000         0.000 / 0.000         0.000 / 0.000         0.000 / 0.000       ms
[1810.572s][info   ][gc,stats    ]       Phase: Concurrent Mark Free                          0.000 / 0.000         0.001 / 0.002         0.002 / 0.004         0.002 / 0.004       ms
[1810.572s][info   ][gc,stats    ]       Phase: Concurrent Process Non-Strong References      0.000 / 0.000        48.303 / 68.136      211.833 / 1850.321    211.833 / 1850.321    ms
[1810.572s][info   ][gc,stats    ]       Phase: Concurrent Relocate                           0.000 / 0.000        14.054 / 19.993       15.445 / 33.849       15.445 / 33.849      ms
[1810.572s][info   ][gc,stats    ]       Phase: Concurrent Reset Relocation Set               0.000 / 0.000         0.011 / 0.016         0.017 / 0.040         0.017 / 0.040       ms
[1810.572s][info   ][gc,stats    ]       Phase: Concurrent Select Relocation Set              0.000 / 0.000         7.149 / 8.229         6.788 / 15.302        6.788 / 15.302      ms
[1810.572s][info   ][gc,stats    ]       Phase: Pause Mark End                                0.000 / 0.000         0.049 / 0.052         0.099 / 0.333         0.099 / 0.333       ms
[1810.572s][info   ][gc,stats    ]       Phase: Pause Mark Start                              0.000 / 0.000         0.042 / 0.044         0.037 / 0.083         0.037 / 0.083       ms
[1810.572s][info   ][gc,stats    ]       Phase: Pause Relocate Start                          0.000 / 0.000         0.029 / 0.033         0.031 / 0.079         0.031 / 0.079       ms
[1810.573s][info   ][gc,stats    ]    Subphase: Concurrent Classes Purge                      0.000 / 0.000        14.428 / 28.821        4.322 / 28.821        4.322 / 28.821      ms
[1810.573s][info   ][gc,stats    ]    Subphase: Concurrent Classes Unlink                     0.000 / 0.000        27.290 / 31.967      185.184 / 1768.670    185.184 / 1768.670    ms
[1810.573s][info   ][gc,stats    ]    Subphase: Concurrent Mark                               0.000 / 0.000       188.732 / 207.949     364.248 / 1136.625    364.248 / 1136.625    ms
[1810.573s][info   ][gc,stats    ]    Subphase: Concurrent Mark Try Flush                     0.000 / 0.000         0.150 / 0.211        27.969 / 148.506      27.969 / 148.506     ms
[1810.573s][info   ][gc,stats    ]    Subphase: Concurrent Mark Try Terminate                 0.000 / 0.000         2.954 / 13.940        2.845 / 148.509       2.845 / 148.509     ms
[1810.573s][info   ][gc,stats    ]    Subphase: Concurrent References Enqueue                 0.000 / 0.000         0.013 / 0.017         0.012 / 0.017         0.012 / 0.017       ms
[1810.573s][info   ][gc,stats    ]    Subphase: Concurrent References Process                 0.000 / 0.000         1.238 / 1.710         0.817 / 2.501         0.817 / 2.501       ms
[1810.573s][info   ][gc,stats    ]    Subphase: Concurrent Roots ClassLoaderDataGraph         0.000 / 0.000         0.622 / 1.208         0.620 / 2.051         0.620 / 2.051       ms
[1810.573s][info   ][gc,stats    ]    Subphase: Concurrent Roots CodeCache                    0.000 / 0.000         0.000 / 0.000         0.000 / 0.000         0.000 / 0.000       ms
[1810.574s][info   ][gc,stats    ]    Subphase: Concurrent Roots JavaThreads                  0.000 / 0.000         4.627 / 5.309        65.454 / 475.340      65.454 / 475.340     ms
[1810.574s][info   ][gc,stats    ]    Subphase: Concurrent Roots OopStorageSet                0.000 / 0.000         0.358 / 0.505         0.227 / 0.708         0.227 / 0.708       ms
[1810.574s][info   ][gc,stats    ]    Subphase: Concurrent Weak Roots OopStorageSet           0.000 / 0.000         4.811 / 5.232         4.573 / 9.700         4.573 / 9.700       ms
[1810.574s][info   ][gc,stats    ]    Subphase: Pause Mark Try Complete                       0.000 / 0.000         0.000 / 0.000         0.053 / 0.195         0.053 / 0.195       ms
[1810.574s][info   ][gc,stats    ]      System: Java Threads                                      0 / 0                48 / 48               61 / 137              61 / 137         threads
[1810.574s][info   ][gc,stats    ] =========================================================================================================================================================
[1820.570s][info   ][gc,stats    ] === Garbage Collection Statistics =======================================================================================================================
[1820.570s][info   ][gc,stats    ]                                                              Last 10s              Last 10m              Last 10h                Total
[1820.570s][info   ][gc,stats    ]                                                              Avg / Max             Avg / Max             Avg / Max             Avg / Max
[1820.570s][info   ][gc,stats    ]   Collector: Garbage Collection Cycle                      0.000 / 0.000       270.779 / 298.767     788.730 / 3415.907    788.730 / 3415.907    ms
[1820.571s][info   ][gc,stats    ]  Contention: Mark Segment Reset Contention                     0 / 0                 0 / 2                 0 / 2                 0 / 2           ops/s
[1820.571s][info   ][gc,stats    ]  Contention: Mark SeqNum Reset Contention                      0 / 0                 0 / 0                 0 / 1                 0 / 1           ops/s
[1820.571s][info   ][gc,stats    ]    Critical: Allocation Stall                                  0 / 0                 0 / 0                 0 / 0                 0 / 0           ops/s
[1820.572s][info   ][gc,stats    ]    Critical: Allocation Stall                              0.000 / 0.000         0.000 / 0.000         0.000 / 0.000         0.000 / 0.000       ms
[1820.572s][info   ][gc,stats    ]    Critical: GC Locker Stall                                   0 / 0                 0 / 0                 0 / 0                 0 / 0           ops/s
[1820.572s][info   ][gc,stats    ]    Critical: GC Locker Stall                               0.000 / 0.000         0.000 / 0.000         0.000 / 0.000         0.000 / 0.000       ms
[1820.572s][info   ][gc,stats    ]    Critical: Relocation Stall                                  0 / 0                 0 / 0                 0 / 0                 0 / 0           ops/s
[1820.572s][info   ][gc,stats    ]    Critical: Relocation Stall                              0.000 / 0.000         0.000 / 0.000         0.000 / 0.000         0.000 / 0.000       ms
[1820.572s][info   ][gc,stats    ]      Memory: Allocation Rate                                   0 / 2                 0 / 10                1 / 68                1 / 68          MB/s
[1820.572s][info   ][gc,stats    ]      Memory: Defragment                                        0 / 0                 0 / 0                 0 / 0                 0 / 0           ops/s
[1820.572s][info   ][gc,stats    ]      Memory: Out Of Memory                                     0 / 0                 0 / 0                 0 / 0                 0 / 0           ops/s
[1820.573s][info   ][gc,stats    ]      Memory: Page Cache Flush                                  0 / 0                 0 / 0                 0 / 0                 0 / 0           MB/s
[1820.573s][info   ][gc,stats    ]      Memory: Page Cache Hit L1                                 0 / 1                 0 / 7                 0 / 30                0 / 30          ops/s
[1820.573s][info   ][gc,stats    ]      Memory: Page Cache Hit L2                                 0 / 0                 0 / 0                 0 / 0                 0 / 0           ops/s
[1820.573s][info   ][gc,stats    ]      Memory: Page Cache Hit L3                                 0 / 0                 0 / 0                 0 / 26                0 / 26          ops/s
[1820.573s][info   ][gc,stats    ]      Memory: Page Cache Miss                                   0 / 0                 0 / 0                 0 / 1                 0 / 1           ops/s
[1820.573s][info   ][gc,stats    ]      Memory: Uncommit                                          0 / 0                 0 / 0                 0 / 0                 0 / 0           MB/s
[1820.574s][info   ][gc,stats    ]      Memory: Undo Object Allocation Failed                     0 / 0                 0 / 0                 0 / 1                 0 / 1           ops/s
[1820.574s][info   ][gc,stats    ]      Memory: Undo Object Allocation Succeeded                  0 / 0                 0 / 0                 0 / 74                0 / 74          ops/s
[1820.574s][info   ][gc,stats    ]      Memory: Undo Page Allocation                              0 / 0                 0 / 0                 0 / 1                 0 / 1           ops/s
[1820.574s][info   ][gc,stats    ]       Phase: Concurrent Mark                               0.000 / 0.000       198.811 / 214.014     511.811 / 1491.398    511.811 / 1491.398    ms
[1820.574s][info   ][gc,stats    ]       Phase: Concurrent Mark Continue                      0.000 / 0.000         0.000 / 0.000         0.000 / 0.000         0.000 / 0.000       ms
[1820.574s][info   ][gc,stats    ]       Phase: Concurrent Mark Free                          0.000 / 0.000         0.001 / 0.002         0.002 / 0.004         0.002 / 0.004       ms
[1820.575s][info   ][gc,stats    ]       Phase: Concurrent Process Non-Strong References      0.000 / 0.000        48.303 / 68.136      211.833 / 1850.321    211.833 / 1850.321    ms
[1820.575s][info   ][gc,stats    ]       Phase: Concurrent Relocate                           0.000 / 0.000        14.054 / 19.993       15.445 / 33.849       15.445 / 33.849      ms
[1820.575s][info   ][gc,stats    ]       Phase: Concurrent Reset Relocation Set               0.000 / 0.000         0.011 / 0.016         0.017 / 0.040         0.017 / 0.040       ms
[1820.575s][info   ][gc,stats    ]       Phase: Concurrent Select Relocation Set              0.000 / 0.000         7.149 / 8.229         6.788 / 15.302        6.788 / 15.302      ms
[1820.575s][info   ][gc,stats    ]       Phase: Pause Mark End                                0.000 / 0.000         0.049 / 0.052         0.099 / 0.333         0.099 / 0.333       ms
[1820.575s][info   ][gc,stats    ]       Phase: Pause Mark Start                              0.000 / 0.000         0.042 / 0.044         0.037 / 0.083         0.037 / 0.083       ms
[1820.575s][info   ][gc,stats    ]       Phase: Pause Relocate Start                          0.000 / 0.000         0.029 / 0.033         0.031 / 0.079         0.031 / 0.079       ms
[1820.575s][info   ][gc,stats    ]    Subphase: Concurrent Classes Purge                      0.000 / 0.000        14.428 / 28.821        4.322 / 28.821        4.322 / 28.821      ms
[1820.575s][info   ][gc,stats    ]    Subphase: Concurrent Classes Unlink                     0.000 / 0.000        27.290 / 31.967      185.184 / 1768.670    185.184 / 1768.670    ms
[1820.575s][info   ][gc,stats    ]    Subphase: Concurrent Mark                               0.000 / 0.000       188.732 / 207.949     364.248 / 1136.625    364.248 / 1136.625    ms
[1820.575s][info   ][gc,stats    ]    Subphase: Concurrent Mark Try Flush                     0.000 / 0.000         0.150 / 0.211        27.969 / 148.506      27.969 / 148.506     ms
[1820.575s][info   ][gc,stats    ]    Subphase: Concurrent Mark Try Terminate                 0.000 / 0.000         2.954 / 13.940        2.845 / 148.509       2.845 / 148.509     ms
[1820.576s][info   ][gc,stats    ]    Subphase: Concurrent References Enqueue                 0.000 / 0.000         0.013 / 0.017         0.012 / 0.017         0.012 / 0.017       ms
[1820.576s][info   ][gc,stats    ]    Subphase: Concurrent References Process                 0.000 / 0.000         1.238 / 1.710         0.817 / 2.501         0.817 / 2.501       ms
[1820.576s][info   ][gc,stats    ]    Subphase: Concurrent Roots ClassLoaderDataGraph         0.000 / 0.000         0.622 / 1.208         0.620 / 2.051         0.620 / 2.051       ms
[1820.576s][info   ][gc,stats    ]    Subphase: Concurrent Roots CodeCache                    0.000 / 0.000         0.000 / 0.000         0.000 / 0.000         0.000 / 0.000       ms
[1820.576s][info   ][gc,stats    ]    Subphase: Concurrent Roots JavaThreads                  0.000 / 0.000         4.627 / 5.309        65.454 / 475.340      65.454 / 475.340     ms
[1820.577s][info   ][gc,stats    ]    Subphase: Concurrent Roots OopStorageSet                0.000 / 0.000         0.358 / 0.505         0.227 / 0.708         0.227 / 0.708       ms
[1820.577s][info   ][gc,stats    ]    Subphase: Concurrent Weak Roots OopStorageSet           0.000 / 0.000         4.811 / 5.232         4.573 / 9.700         4.573 / 9.700       ms
[1820.577s][info   ][gc,stats    ]    Subphase: Pause Mark Try Complete                       0.000 / 0.000         0.000 / 0.000         0.053 / 0.195         0.053 / 0.195       ms
[1820.577s][info   ][gc,stats    ]      System: Java Threads                                      0 / 0                48 / 48               61 / 137              61 / 137         threads
[1820.577s][info   ][gc,stats    ] =========================================================================================================================================================
[1830.564s][info   ][gc,stats    ] === Garbage Collection Statistics =======================================================================================================================
[1830.564s][info   ][gc,stats    ]                                                              Last 10s              Last 10m              Last 10h                Total
[1830.564s][info   ][gc,stats    ]                                                              Avg / Max             Avg / Max             Avg / Max             Avg / Max
[1830.564s][info   ][gc,stats    ]   Collector: Garbage Collection Cycle                      0.000 / 0.000       270.779 / 298.767     788.730 / 3415.907    788.730 / 3415.907    ms
[1830.564s][info   ][gc,stats    ]  Contention: Mark Segment Reset Contention                     0 / 0                 0 / 2                 0 / 2                 0 / 2           ops/s
[1830.564s][info   ][gc,stats    ]  Contention: Mark SeqNum Reset Contention                      0 / 0                 0 / 0                 0 / 1                 0 / 1           ops/s
[1830.564s][info   ][gc,stats    ]    Critical: Allocation Stall                                  0 / 0                 0 / 0                 0 / 0                 0 / 0           ops/s
[1830.564s][info   ][gc,stats    ]    Critical: Allocation Stall                              0.000 / 0.000         0.000 / 0.000         0.000 / 0.000         0.000 / 0.000       ms
[1830.565s][info   ][gc,stats    ]    Critical: GC Locker Stall                                   0 / 0                 0 / 0                 0 / 0                 0 / 0           ops/s
[1830.565s][info   ][gc,stats    ]    Critical: GC Locker Stall                               0.000 / 0.000         0.000 / 0.000         0.000 / 0.000         0.000 / 0.000       ms
[1830.565s][info   ][gc,stats    ]    Critical: Relocation Stall                                  0 / 0                 0 / 0                 0 / 0                 0 / 0           ops/s
[1830.565s][info   ][gc,stats    ]    Critical: Relocation Stall                              0.000 / 0.000         0.000 / 0.000         0.000 / 0.000         0.000 / 0.000       ms
[1830.565s][info   ][gc,stats    ]      Memory: Allocation Rate                                   0 / 2                 0 / 10                1 / 68                1 / 68          MB/s
[1830.565s][info   ][gc,stats    ]      Memory: Defragment                                        0 / 0                 0 / 0                 0 / 0                 0 / 0           ops/s
[1830.565s][info   ][gc,stats    ]      Memory: Out Of Memory                                     0 / 0                 0 / 0                 0 / 0                 0 / 0           ops/s
[1830.565s][info   ][gc,stats    ]      Memory: Page Cache Flush                                  0 / 0                 0 / 0                 0 / 0                 0 / 0           MB/s
[1830.565s][info   ][gc,stats    ]      Memory: Page Cache Hit L1                                 0 / 1                 0 / 7                 0 / 30                0 / 30          ops/s
[1830.565s][info   ][gc,stats    ]      Memory: Page Cache Hit L2                                 0 / 0                 0 / 0                 0 / 0                 0 / 0           ops/s
[1830.565s][info   ][gc,stats    ]      Memory: Page Cache Hit L3                                 0 / 0                 0 / 0                 0 / 26                0 / 26          ops/s
[1830.565s][info   ][gc,stats    ]      Memory: Page Cache Miss                                   0 / 0                 0 / 0                 0 / 1                 0 / 1           ops/s
[1830.565s][info   ][gc,stats    ]      Memory: Uncommit                                          0 / 0                 0 / 0                 0 / 0                 0 / 0           MB/s
[1830.566s][info   ][gc,stats    ]      Memory: Undo Object Allocation Failed                     0 / 0                 0 / 0                 0 / 1                 0 / 1           ops/s
[1830.566s][info   ][gc,stats    ]      Memory: Undo Object Allocation Succeeded                  0 / 0                 0 / 0                 0 / 74                0 / 74          ops/s
[1830.566s][info   ][gc,stats    ]      Memory: Undo Page Allocation                              0 / 0                 0 / 0                 0 / 1                 0 / 1           ops/s
[1830.566s][info   ][gc,stats    ]       Phase: Concurrent Mark                               0.000 / 0.000       198.811 / 214.014     511.811 / 1491.398    511.811 / 1491.398    ms
[1830.566s][info   ][gc,stats    ]       Phase: Concurrent Mark Continue                      0.000 / 0.000         0.000 / 0.000         0.000 / 0.000         0.000 / 0.000       ms
[1830.566s][info   ][gc,stats    ]       Phase: Concurrent Mark Free                          0.000 / 0.000         0.001 / 0.002         0.002 / 0.004         0.002 / 0.004       ms
[1830.566s][info   ][gc,stats    ]       Phase: Concurrent Process Non-Strong References      0.000 / 0.000        48.303 / 68.136      211.833 / 1850.321    211.833 / 1850.321    ms
[1830.566s][info   ][gc,stats    ]       Phase: Concurrent Relocate                           0.000 / 0.000        14.054 / 19.993       15.445 / 33.849       15.445 / 33.849      ms
[1830.566s][info   ][gc,stats    ]       Phase: Concurrent Reset Relocation Set               0.000 / 0.000         0.011 / 0.016         0.017 / 0.040         0.017 / 0.040       ms
[1830.566s][info   ][gc,stats    ]       Phase: Concurrent Select Relocation Set              0.000 / 0.000         7.149 / 8.229         6.788 / 15.302        6.788 / 15.302      ms
[1830.566s][info   ][gc,stats    ]       Phase: Pause Mark End                                0.000 / 0.000         0.049 / 0.052         0.099 / 0.333         0.099 / 0.333       ms
[1830.566s][info   ][gc,stats    ]       Phase: Pause Mark Start                              0.000 / 0.000         0.042 / 0.044         0.037 / 0.083         0.037 / 0.083       ms
[1830.566s][info   ][gc,stats    ]       Phase: Pause Relocate Start                          0.000 / 0.000         0.029 / 0.033         0.031 / 0.079         0.031 / 0.079       ms
[1830.566s][info   ][gc,stats    ]    Subphase: Concurrent Classes Purge                      0.000 / 0.000        14.428 / 28.821        4.322 / 28.821        4.322 / 28.821      ms
[1830.567s][info   ][gc,stats    ]    Subphase: Concurrent Classes Unlink                     0.000 / 0.000        27.290 / 31.967      185.184 / 1768.670    185.184 / 1768.670    ms
[1830.567s][info   ][gc,stats    ]    Subphase: Concurrent Mark                               0.000 / 0.000       188.732 / 207.949     364.248 / 1136.625    364.248 / 1136.625    ms
[1830.567s][info   ][gc,stats    ]    Subphase: Concurrent Mark Try Flush                     0.000 / 0.000         0.150 / 0.211        27.969 / 148.506      27.969 / 148.506     ms
[1830.567s][info   ][gc,stats    ]    Subphase: Concurrent Mark Try Terminate                 0.000 / 0.000         2.954 / 13.940        2.845 / 148.509       2.845 / 148.509     ms
[1830.567s][info   ][gc,stats    ]    Subphase: Concurrent References Enqueue                 0.000 / 0.000         0.013 / 0.017         0.012 / 0.017         0.012 / 0.017       ms
[1830.567s][info   ][gc,stats    ]    Subphase: Concurrent References Process                 0.000 / 0.000         1.238 / 1.710         0.817 / 2.501         0.817 / 2.501       ms
[1830.567s][info   ][gc,stats    ]    Subphase: Concurrent Roots ClassLoaderDataGraph         0.000 / 0.000         0.622 / 1.208         0.620 / 2.051         0.620 / 2.051       ms
[1830.567s][info   ][gc,stats    ]    Subphase: Concurrent Roots CodeCache                    0.000 / 0.000         0.000 / 0.000         0.000 / 0.000         0.000 / 0.000       ms
[1830.567s][info   ][gc,stats    ]    Subphase: Concurrent Roots JavaThreads                  0.000 / 0.000         4.627 / 5.309        65.454 / 475.340      65.454 / 475.340     ms
[1830.567s][info   ][gc,stats    ]    Subphase: Concurrent Roots OopStorageSet                0.000 / 0.000         0.358 / 0.505         0.227 / 0.708         0.227 / 0.708       ms
[1830.567s][info   ][gc,stats    ]    Subphase: Concurrent Weak Roots OopStorageSet           0.000 / 0.000         4.811 / 5.232         4.573 / 9.700         4.573 / 9.700       ms
[1830.567s][info   ][gc,stats    ]    Subphase: Pause Mark Try Complete                       0.000 / 0.000         0.000 / 0.000         0.053 / 0.195         0.053 / 0.195       ms
[1830.567s][info   ][gc,stats    ]      System: Java Threads                                      0 / 0                48 / 48               61 / 137              61 / 137         threads
[1830.567s][info   ][gc,stats    ] =========================================================================================================================================================
[1840.560s][info   ][gc,stats    ] === Garbage Collection Statistics =======================================================================================================================
[1840.560s][info   ][gc,stats    ]                                                              Last 10s              Last 10m              Last 10h                Total
[1840.560s][info   ][gc,stats    ]                                                              Avg / Max             Avg / Max             Avg / Max             Avg / Max
[1840.561s][info   ][gc,stats    ]   Collector: Garbage Collection Cycle                      0.000 / 0.000       270.779 / 298.767     788.730 / 3415.907    788.730 / 3415.907    ms
[1840.561s][info   ][gc,stats    ]  Contention: Mark Segment Reset Contention                     0 / 0                 0 / 2                 0 / 2                 0 / 2           ops/s
[1840.561s][info   ][gc,stats    ]  Contention: Mark SeqNum Reset Contention                      0 / 0                 0 / 0                 0 / 1                 0 / 1           ops/s
[1840.561s][info   ][gc,stats    ]    Critical: Allocation Stall                                  0 / 0                 0 / 0                 0 / 0                 0 / 0           ops/s
[1840.561s][info   ][gc,stats    ]    Critical: Allocation Stall                              0.000 / 0.000         0.000 / 0.000         0.000 / 0.000         0.000 / 0.000       ms
[1840.561s][info   ][gc,stats    ]    Critical: GC Locker Stall                                   0 / 0                 0 / 0                 0 / 0                 0 / 0           ops/s
[1840.561s][info   ][gc,stats    ]    Critical: GC Locker Stall                               0.000 / 0.000         0.000 / 0.000         0.000 / 0.000         0.000 / 0.000       ms
[1840.561s][info   ][gc,stats    ]    Critical: Relocation Stall                                  0 / 0                 0 / 0                 0 / 0                 0 / 0           ops/s
[1840.561s][info   ][gc,stats    ]    Critical: Relocation Stall                              0.000 / 0.000         0.000 / 0.000         0.000 / 0.000         0.000 / 0.000       ms
[1840.561s][info   ][gc,stats    ]      Memory: Allocation Rate                                   0 / 0                 0 / 10                1 / 68                1 / 68          MB/s
[1840.561s][info   ][gc,stats    ]      Memory: Defragment                                        0 / 0                 0 / 0                 0 / 0                 0 / 0           ops/s
[1840.561s][info   ][gc,stats    ]      Memory: Out Of Memory                                     0 / 0                 0 / 0                 0 / 0                 0 / 0           ops/s
[1840.562s][info   ][gc,stats    ]      Memory: Page Cache Flush                                  0 / 0                 0 / 0                 0 / 0                 0 / 0           MB/s
[1840.562s][info   ][gc,stats    ]      Memory: Page Cache Hit L1                                 0 / 0                 0 / 7                 0 / 30                0 / 30          ops/s
[1840.562s][info   ][gc,stats    ]      Memory: Page Cache Hit L2                                 0 / 0                 0 / 0                 0 / 0                 0 / 0           ops/s
[1840.562s][info   ][gc,stats    ]      Memory: Page Cache Hit L3                                 0 / 0                 0 / 0                 0 / 26                0 / 26          ops/s
[1840.562s][info   ][gc,stats    ]      Memory: Page Cache Miss                                   0 / 0                 0 / 0                 0 / 1                 0 / 1           ops/s
[1840.562s][info   ][gc,stats    ]      Memory: Uncommit                                          0 / 0                 0 / 0                 0 / 0                 0 / 0           MB/s
[1840.562s][info   ][gc,stats    ]      Memory: Undo Object Allocation Failed                     0 / 0                 0 / 0                 0 / 1                 0 / 1           ops/s
[1840.562s][info   ][gc,stats    ]      Memory: Undo Object Allocation Succeeded                  0 / 0                 0 / 0                 0 / 74                0 / 74          ops/s
[1840.562s][info   ][gc,stats    ]      Memory: Undo Page Allocation                              0 / 0                 0 / 0                 0 / 1                 0 / 1           ops/s
[1840.562s][info   ][gc,stats    ]       Phase: Concurrent Mark                               0.000 / 0.000       198.811 / 214.014     511.811 / 1491.398    511.811 / 1491.398    ms
[1840.562s][info   ][gc,stats    ]       Phase: Concurrent Mark Continue                      0.000 / 0.000         0.000 / 0.000         0.000 / 0.000         0.000 / 0.000       ms
[1840.562s][info   ][gc,stats    ]       Phase: Concurrent Mark Free                          0.000 / 0.000         0.001 / 0.002         0.002 / 0.004         0.002 / 0.004       ms
[1840.563s][info   ][gc,stats    ]       Phase: Concurrent Process Non-Strong References      0.000 / 0.000        48.303 / 68.136      211.833 / 1850.321    211.833 / 1850.321    ms
[1840.563s][info   ][gc,stats    ]       Phase: Concurrent Relocate                           0.000 / 0.000        14.054 / 19.993       15.445 / 33.849       15.445 / 33.849      ms
[1840.563s][info   ][gc,stats    ]       Phase: Concurrent Reset Relocation Set               0.000 / 0.000         0.011 / 0.016         0.017 / 0.040         0.017 / 0.040       ms
[1840.563s][info   ][gc,stats    ]       Phase: Concurrent Select Relocation Set              0.000 / 0.000         7.149 / 8.229         6.788 / 15.302        6.788 / 15.302      ms
[1840.563s][info   ][gc,stats    ]       Phase: Pause Mark End                                0.000 / 0.000         0.049 / 0.052         0.099 / 0.333         0.099 / 0.333       ms
[1840.563s][info   ][gc,stats    ]       Phase: Pause Mark Start                              0.000 / 0.000         0.042 / 0.044         0.037 / 0.083         0.037 / 0.083       ms
[1840.563s][info   ][gc,stats    ]       Phase: Pause Relocate Start                          0.000 / 0.000         0.029 / 0.033         0.031 / 0.079         0.031 / 0.079       ms
[1840.563s][info   ][gc,stats    ]    Subphase: Concurrent Classes Purge                      0.000 / 0.000        14.428 / 28.821        4.322 / 28.821        4.322 / 28.821      ms
[1840.563s][info   ][gc,stats    ]    Subphase: Concurrent Classes Unlink                     0.000 / 0.000        27.290 / 31.967      185.184 / 1768.670    185.184 / 1768.670    ms
[1840.563s][info   ][gc,stats    ]    Subphase: Concurrent Mark                               0.000 / 0.000       188.732 / 207.949     364.248 / 1136.625    364.248 / 1136.625    ms
[1840.563s][info   ][gc,stats    ]    Subphase: Concurrent Mark Try Flush                     0.000 / 0.000         0.150 / 0.211        27.969 / 148.506      27.969 / 148.506     ms
[1840.563s][info   ][gc,stats    ]    Subphase: Concurrent Mark Try Terminate                 0.000 / 0.000         2.954 / 13.940        2.845 / 148.509       2.845 / 148.509     ms
[1840.563s][info   ][gc,stats    ]    Subphase: Concurrent References Enqueue                 0.000 / 0.000         0.013 / 0.017         0.012 / 0.017         0.012 / 0.017       ms
[1840.563s][info   ][gc,stats    ]    Subphase: Concurrent References Process                 0.000 / 0.000         1.238 / 1.710         0.817 / 2.501         0.817 / 2.501       ms
[1840.564s][info   ][gc,stats    ]    Subphase: Concurrent Roots ClassLoaderDataGraph         0.000 / 0.000         0.622 / 1.208         0.620 / 2.051         0.620 / 2.051       ms
[1840.564s][info   ][gc,stats    ]    Subphase: Concurrent Roots CodeCache                    0.000 / 0.000         0.000 / 0.000         0.000 / 0.000         0.000 / 0.000       ms
[1840.564s][info   ][gc,stats    ]    Subphase: Concurrent Roots JavaThreads                  0.000 / 0.000         4.627 / 5.309        65.454 / 475.340      65.454 / 475.340     ms
[1840.564s][info   ][gc,stats    ]    Subphase: Concurrent Roots OopStorageSet                0.000 / 0.000         0.358 / 0.505         0.227 / 0.708         0.227 / 0.708       ms
[1840.564s][info   ][gc,stats    ]    Subphase: Concurrent Weak Roots OopStorageSet           0.000 / 0.000         4.811 / 5.232         4.573 / 9.700         4.573 / 9.700       ms
[1840.564s][info   ][gc,stats    ]    Subphase: Pause Mark Try Complete                       0.000 / 0.000         0.000 / 0.000         0.053 / 0.195         0.053 / 0.195       ms
[1840.564s][info   ][gc,stats    ]      System: Java Threads                                      0 / 0                48 / 48               61 / 137              61 / 137         threads
[1840.564s][info   ][gc,stats    ] =========================================================================================================================================================
[1850.558s][info   ][gc,stats    ] === Garbage Collection Statistics =======================================================================================================================
[1850.558s][info   ][gc,stats    ]                                                              Last 10s              Last 10m              Last 10h                Total
[1850.558s][info   ][gc,stats    ]                                                              Avg / Max             Avg / Max             Avg / Max             Avg / Max
[1850.558s][info   ][gc,stats    ]   Collector: Garbage Collection Cycle                      0.000 / 0.000       270.779 / 298.767     788.730 / 3415.907    788.730 / 3415.907    ms
[1850.558s][info   ][gc,stats    ]  Contention: Mark Segment Reset Contention                     0 / 0                 0 / 2                 0 / 2                 0 / 2           ops/s
[1850.558s][info   ][gc,stats    ]  Contention: Mark SeqNum Reset Contention                      0 / 0                 0 / 0                 0 / 1                 0 / 1           ops/s
[1850.559s][info   ][gc,stats    ]    Critical: Allocation Stall                                  0 / 0                 0 / 0                 0 / 0                 0 / 0           ops/s
[1850.559s][info   ][gc,stats    ]    Critical: Allocation Stall                              0.000 / 0.000         0.000 / 0.000         0.000 / 0.000         0.000 / 0.000       ms
[1850.559s][info   ][gc,stats    ]    Critical: GC Locker Stall                                   0 / 0                 0 / 0                 0 / 0                 0 / 0           ops/s
[1850.559s][info   ][gc,stats    ]    Critical: GC Locker Stall                               0.000 / 0.000         0.000 / 0.000         0.000 / 0.000         0.000 / 0.000       ms
[1850.559s][info   ][gc,stats    ]    Critical: Relocation Stall                                  0 / 0                 0 / 0                 0 / 0                 0 / 0           ops/s
[1850.559s][info   ][gc,stats    ]    Critical: Relocation Stall                              0.000 / 0.000         0.000 / 0.000         0.000 / 0.000         0.000 / 0.000       ms
[1850.559s][info   ][gc,stats    ]      Memory: Allocation Rate                                   0 / 0                 0 / 10                1 / 68                1 / 68          MB/s
[1850.559s][info   ][gc,stats    ]      Memory: Defragment                                        0 / 0                 0 / 0                 0 / 0                 0 / 0           ops/s
[1850.559s][info   ][gc,stats    ]      Memory: Out Of Memory                                     0 / 0                 0 / 0                 0 / 0                 0 / 0           ops/s
[1850.560s][info   ][gc,stats    ]      Memory: Page Cache Flush                                  0 / 0                 0 / 0                 0 / 0                 0 / 0           MB/s
[1850.560s][info   ][gc,stats    ]      Memory: Page Cache Hit L1                                 0 / 0                 0 / 7                 0 / 30                0 / 30          ops/s
[1850.560s][info   ][gc,stats    ]      Memory: Page Cache Hit L2                                 0 / 0                 0 / 0                 0 / 0                 0 / 0           ops/s
[1850.560s][info   ][gc,stats    ]      Memory: Page Cache Hit L3                                 0 / 0                 0 / 0                 0 / 26                0 / 26          ops/s
[1850.560s][info   ][gc,stats    ]      Memory: Page Cache Miss                                   0 / 0                 0 / 0                 0 / 1                 0 / 1           ops/s
[1850.560s][info   ][gc,stats    ]      Memory: Uncommit                                          0 / 0                 0 / 0                 0 / 0                 0 / 0           MB/s
[1850.560s][info   ][gc,stats    ]      Memory: Undo Object Allocation Failed                     0 / 0                 0 / 0                 0 / 1                 0 / 1           ops/s
[1850.560s][info   ][gc,stats    ]      Memory: Undo Object Allocation Succeeded                  0 / 0                 0 / 0                 0 / 74                0 / 74          ops/s
[1850.560s][info   ][gc,stats    ]      Memory: Undo Page Allocation                              0 / 0                 0 / 0                 0 / 1                 0 / 1           ops/s
[1850.560s][info   ][gc,stats    ]       Phase: Concurrent Mark                               0.000 / 0.000       198.811 / 214.014     511.811 / 1491.398    511.811 / 1491.398    ms
[1850.561s][info   ][gc,stats    ]       Phase: Concurrent Mark Continue                      0.000 / 0.000         0.000 / 0.000         0.000 / 0.000         0.000 / 0.000       ms
[1850.561s][info   ][gc,stats    ]       Phase: Concurrent Mark Free                          0.000 / 0.000         0.001 / 0.002         0.002 / 0.004         0.002 / 0.004       ms
[1850.561s][info   ][gc,stats    ]       Phase: Concurrent Process Non-Strong References      0.000 / 0.000        48.303 / 68.136      211.833 / 1850.321    211.833 / 1850.321    ms
[1850.561s][info   ][gc,stats    ]       Phase: Concurrent Relocate                           0.000 / 0.000        14.054 / 19.993       15.445 / 33.849       15.445 / 33.849      ms
[1850.561s][info   ][gc,stats    ]       Phase: Concurrent Reset Relocation Set               0.000 / 0.000         0.011 / 0.016         0.017 / 0.040         0.017 / 0.040       ms
[1850.561s][info   ][gc,stats    ]       Phase: Concurrent Select Relocation Set              0.000 / 0.000         7.149 / 8.229         6.788 / 15.302        6.788 / 15.302      ms
[1850.561s][info   ][gc,stats    ]       Phase: Pause Mark End                                0.000 / 0.000         0.049 / 0.052         0.099 / 0.333         0.099 / 0.333       ms
[1850.561s][info   ][gc,stats    ]       Phase: Pause Mark Start                              0.000 / 0.000         0.042 / 0.044         0.037 / 0.083         0.037 / 0.083       ms
[1850.561s][info   ][gc,stats    ]       Phase: Pause Relocate Start                          0.000 / 0.000         0.029 / 0.033         0.031 / 0.079         0.031 / 0.079       ms
[1850.561s][info   ][gc,stats    ]    Subphase: Concurrent Classes Purge                      0.000 / 0.000        14.428 / 28.821        4.322 / 28.821        4.322 / 28.821      ms
[1850.561s][info   ][gc,stats    ]    Subphase: Concurrent Classes Unlink                     0.000 / 0.000        27.290 / 31.967      185.184 / 1768.670    185.184 / 1768.670    ms
[1850.562s][info   ][gc,stats    ]    Subphase: Concurrent Mark                               0.000 / 0.000       188.732 / 207.949     364.248 / 1136.625    364.248 / 1136.625    ms
[1850.562s][info   ][gc,stats    ]    Subphase: Concurrent Mark Try Flush                     0.000 / 0.000         0.150 / 0.211        27.969 / 148.506      27.969 / 148.506     ms
[1850.562s][info   ][gc,stats    ]    Subphase: Concurrent Mark Try Terminate                 0.000 / 0.000         2.954 / 13.940        2.845 / 148.509       2.845 / 148.509     ms
[1850.562s][info   ][gc,stats    ]    Subphase: Concurrent References Enqueue                 0.000 / 0.000         0.013 / 0.017         0.012 / 0.017         0.012 / 0.017       ms
[1850.562s][info   ][gc,stats    ]    Subphase: Concurrent References Process                 0.000 / 0.000         1.238 / 1.710         0.817 / 2.501         0.817 / 2.501       ms
[1850.562s][info   ][gc,stats    ]    Subphase: Concurrent Roots ClassLoaderDataGraph         0.000 / 0.000         0.622 / 1.208         0.620 / 2.051         0.620 / 2.051       ms
[1850.562s][info   ][gc,stats    ]    Subphase: Concurrent Roots CodeCache                    0.000 / 0.000         0.000 / 0.000         0.000 / 0.000         0.000 / 0.000       ms
[1850.562s][info   ][gc,stats    ]    Subphase: Concurrent Roots JavaThreads                  0.000 / 0.000         4.627 / 5.309        65.454 / 475.340      65.454 / 475.340     ms
[1850.562s][info   ][gc,stats    ]    Subphase: Concurrent Roots OopStorageSet                0.000 / 0.000         0.358 / 0.505         0.227 / 0.708         0.227 / 0.708       ms
[1850.562s][info   ][gc,stats    ]    Subphase: Concurrent Weak Roots OopStorageSet           0.000 / 0.000         4.811 / 5.232         4.573 / 9.700         4.573 / 9.700       ms
[1850.563s][info   ][gc,stats    ]    Subphase: Pause Mark Try Complete                       0.000 / 0.000         0.000 / 0.000         0.053 / 0.195         0.053 / 0.195       ms
[1850.563s][info   ][gc,stats    ]      System: Java Threads                                      0 / 0                48 / 48               61 / 137              61 / 137         threads
[1850.563s][info   ][gc,stats    ] =========================================================================================================================================================
[1860.559s][info   ][gc,stats    ] === Garbage Collection Statistics =======================================================================================================================
[1860.559s][info   ][gc,stats    ]                                                              Last 10s              Last 10m              Last 10h                Total
[1860.559s][info   ][gc,stats    ]                                                              Avg / Max             Avg / Max             Avg / Max             Avg / Max
[1860.560s][info   ][gc,stats    ]   Collector: Garbage Collection Cycle                      0.000 / 0.000       270.779 / 298.767     788.730 / 3415.907    788.730 / 3415.907    ms
[1860.560s][info   ][gc,stats    ]  Contention: Mark Segment Reset Contention                     0 / 0                 0 / 2                 0 / 2                 0 / 2           ops/s
[1860.560s][info   ][gc,stats    ]  Contention: Mark SeqNum Reset Contention                      0 / 0                 0 / 0                 0 / 1                 0 / 1           ops/s
[1860.560s][info   ][gc,stats    ]    Critical: Allocation Stall                                  0 / 0                 0 / 0                 0 / 0                 0 / 0           ops/s
[1860.560s][info   ][gc,stats    ]    Critical: Allocation Stall                              0.000 / 0.000         0.000 / 0.000         0.000 / 0.000         0.000 / 0.000       ms
[1860.560s][info   ][gc,stats    ]    Critical: GC Locker Stall                                   0 / 0                 0 / 0                 0 / 0                 0 / 0           ops/s
[1860.560s][info   ][gc,stats    ]    Critical: GC Locker Stall                               0.000 / 0.000         0.000 / 0.000         0.000 / 0.000         0.000 / 0.000       ms
[1860.561s][info   ][gc,stats    ]    Critical: Relocation Stall                                  0 / 0                 0 / 0                 0 / 0                 0 / 0           ops/s
[1860.561s][info   ][gc,stats    ]    Critical: Relocation Stall                              0.000 / 0.000         0.000 / 0.000         0.000 / 0.000         0.000 / 0.000       ms
[1860.561s][info   ][gc,stats    ]      Memory: Allocation Rate                                   0 / 0                 0 / 10                1 / 68                1 / 68          MB/s
[1860.561s][info   ][gc,stats    ]      Memory: Defragment                                        0 / 0                 0 / 0                 0 / 0                 0 / 0           ops/s
[1860.561s][info   ][gc,stats    ]      Memory: Out Of Memory                                     0 / 0                 0 / 0                 0 / 0                 0 / 0           ops/s
[1860.561s][info   ][gc,stats    ]      Memory: Page Cache Flush                                  0 / 0                 0 / 0                 0 / 0                 0 / 0           MB/s
[1860.561s][info   ][gc,stats    ]      Memory: Page Cache Hit L1                                 0 / 0                 0 / 7                 0 / 30                0 / 30          ops/s
[1860.562s][info   ][gc,stats    ]      Memory: Page Cache Hit L2                                 0 / 0                 0 / 0                 0 / 0                 0 / 0           ops/s
[1860.562s][info   ][gc,stats    ]      Memory: Page Cache Hit L3                                 0 / 0                 0 / 0                 0 / 26                0 / 26          ops/s
[1860.562s][info   ][gc,stats    ]      Memory: Page Cache Miss                                   0 / 0                 0 / 0                 0 / 1                 0 / 1           ops/s
[1860.562s][info   ][gc,stats    ]      Memory: Uncommit                                          0 / 0                 0 / 0                 0 / 0                 0 / 0           MB/s
[1860.563s][info   ][gc,stats    ]      Memory: Undo Object Allocation Failed                     0 / 0                 0 / 0                 0 / 1                 0 / 1           ops/s
[1860.563s][info   ][gc,stats    ]      Memory: Undo Object Allocation Succeeded                  0 / 0                 0 / 0                 0 / 74                0 / 74          ops/s
[1860.563s][info   ][gc,stats    ]      Memory: Undo Page Allocation                              0 / 0                 0 / 0                 0 / 1                 0 / 1           ops/s
[1860.563s][info   ][gc,stats    ]       Phase: Concurrent Mark                               0.000 / 0.000       198.811 / 214.014     511.811 / 1491.398    511.811 / 1491.398    ms
[1860.563s][info   ][gc,stats    ]       Phase: Concurrent Mark Continue                      0.000 / 0.000         0.000 / 0.000         0.000 / 0.000         0.000 / 0.000       ms
[1860.563s][info   ][gc,stats    ]       Phase: Concurrent Mark Free                          0.000 / 0.000         0.001 / 0.002         0.002 / 0.004         0.002 / 0.004       ms
[1860.563s][info   ][gc,stats    ]       Phase: Concurrent Process Non-Strong References      0.000 / 0.000        48.303 / 68.136      211.833 / 1850.321    211.833 / 1850.321    ms
[1860.564s][info   ][gc,stats    ]       Phase: Concurrent Relocate                           0.000 / 0.000        14.054 / 19.993       15.445 / 33.849       15.445 / 33.849      ms
[1860.564s][info   ][gc,stats    ]       Phase: Concurrent Reset Relocation Set               0.000 / 0.000         0.011 / 0.016         0.017 / 0.040         0.017 / 0.040       ms
[1860.564s][info   ][gc,stats    ]       Phase: Concurrent Select Relocation Set              0.000 / 0.000         7.149 / 8.229         6.788 / 15.302        6.788 / 15.302      ms
[1860.564s][info   ][gc,stats    ]       Phase: Pause Mark End                                0.000 / 0.000         0.049 / 0.052         0.099 / 0.333         0.099 / 0.333       ms
[1860.564s][info   ][gc,stats    ]       Phase: Pause Mark Start                              0.000 / 0.000         0.042 / 0.044         0.037 / 0.083         0.037 / 0.083       ms
[1860.565s][info   ][gc,stats    ]       Phase: Pause Relocate Start                          0.000 / 0.000         0.029 / 0.033         0.031 / 0.079         0.031 / 0.079       ms
[1860.565s][info   ][gc,stats    ]    Subphase: Concurrent Classes Purge                      0.000 / 0.000        14.428 / 28.821        4.322 / 28.821        4.322 / 28.821      ms
[1860.565s][info   ][gc,stats    ]    Subphase: Concurrent Classes Unlink                     0.000 / 0.000        27.290 / 31.967      185.184 / 1768.670    185.184 / 1768.670    ms
[1860.565s][info   ][gc,stats    ]    Subphase: Concurrent Mark                               0.000 / 0.000       188.732 / 207.949     364.248 / 1136.625    364.248 / 1136.625    ms
[1860.565s][info   ][gc,stats    ]    Subphase: Concurrent Mark Try Flush                     0.000 / 0.000         0.150 / 0.211        27.969 / 148.506      27.969 / 148.506     ms
[1860.566s][info   ][gc,stats    ]    Subphase: Concurrent Mark Try Terminate                 0.000 / 0.000         2.954 / 13.940        2.845 / 148.509       2.845 / 148.509     ms
[1860.566s][info   ][gc,stats    ]    Subphase: Concurrent References Enqueue                 0.000 / 0.000         0.013 / 0.017         0.012 / 0.017         0.012 / 0.017       ms
[1860.566s][info   ][gc,stats    ]    Subphase: Concurrent References Process                 0.000 / 0.000         1.238 / 1.710         0.817 / 2.501         0.817 / 2.501       ms
[1860.566s][info   ][gc,stats    ]    Subphase: Concurrent Roots ClassLoaderDataGraph         0.000 / 0.000         0.622 / 1.208         0.620 / 2.051         0.620 / 2.051       ms
[1860.566s][info   ][gc,stats    ]    Subphase: Concurrent Roots CodeCache                    0.000 / 0.000         0.000 / 0.000         0.000 / 0.000         0.000 / 0.000       ms
[1860.567s][info   ][gc,stats    ]    Subphase: Concurrent Roots JavaThreads                  0.000 / 0.000         4.627 / 5.309        65.454 / 475.340      65.454 / 475.340     ms
[1860.567s][info   ][gc,stats    ]    Subphase: Concurrent Roots OopStorageSet                0.000 / 0.000         0.358 / 0.505         0.227 / 0.708         0.227 / 0.708       ms
[1860.567s][info   ][gc,stats    ]    Subphase: Concurrent Weak Roots OopStorageSet           0.000 / 0.000         4.811 / 5.232         4.573 / 9.700         4.573 / 9.700       ms
[1860.567s][info   ][gc,stats    ]    Subphase: Pause Mark Try Complete                       0.000 / 0.000         0.000 / 0.000         0.053 / 0.195         0.053 / 0.195       ms
[1860.567s][info   ][gc,stats    ]      System: Java Threads                                      0 / 0                48 / 48               61 / 137              61 / 137         threads
[1860.567s][info   ][gc,stats    ] =========================================================================================================================================================
[1870.558s][info   ][gc,stats    ] === Garbage Collection Statistics =======================================================================================================================
[1870.558s][info   ][gc,stats    ]                                                              Last 10s              Last 10m              Last 10h                Total
[1870.558s][info   ][gc,stats    ]                                                              Avg / Max             Avg / Max             Avg / Max             Avg / Max
[1870.558s][info   ][gc,stats    ]   Collector: Garbage Collection Cycle                      0.000 / 0.000       270.779 / 298.767     788.730 / 3415.907    788.730 / 3415.907    ms
[1870.558s][info   ][gc,stats    ]  Contention: Mark Segment Reset Contention                     0 / 0                 0 / 2                 0 / 2                 0 / 2           ops/s
[1870.558s][info   ][gc,stats    ]  Contention: Mark SeqNum Reset Contention                      0 / 0                 0 / 0                 0 / 1                 0 / 1           ops/s
[1870.558s][info   ][gc,stats    ]    Critical: Allocation Stall                                  0 / 0                 0 / 0                 0 / 0                 0 / 0           ops/s
[1870.558s][info   ][gc,stats    ]    Critical: Allocation Stall                              0.000 / 0.000         0.000 / 0.000         0.000 / 0.000         0.000 / 0.000       ms
[1870.559s][info   ][gc,stats    ]    Critical: GC Locker Stall                                   0 / 0                 0 / 0                 0 / 0                 0 / 0           ops/s
[1870.559s][info   ][gc,stats    ]    Critical: GC Locker Stall                               0.000 / 0.000         0.000 / 0.000         0.000 / 0.000         0.000 / 0.000       ms
[1870.559s][info   ][gc,stats    ]    Critical: Relocation Stall                                  0 / 0                 0 / 0                 0 / 0                 0 / 0           ops/s
[1870.559s][info   ][gc,stats    ]    Critical: Relocation Stall                              0.000 / 0.000         0.000 / 0.000         0.000 / 0.000         0.000 / 0.000       ms
[1870.559s][info   ][gc,stats    ]      Memory: Allocation Rate                                   0 / 0                 0 / 10                1 / 68                1 / 68          MB/s
[1870.559s][info   ][gc,stats    ]      Memory: Defragment                                        0 / 0                 0 / 0                 0 / 0                 0 / 0           ops/s
[1870.559s][info   ][gc,stats    ]      Memory: Out Of Memory                                     0 / 0                 0 / 0                 0 / 0                 0 / 0           ops/s
[1870.559s][info   ][gc,stats    ]      Memory: Page Cache Flush                                  0 / 0                 0 / 0                 0 / 0                 0 / 0           MB/s
[1870.559s][info   ][gc,stats    ]      Memory: Page Cache Hit L1                                 0 / 0                 0 / 7                 0 / 30                0 / 30          ops/s
[1870.559s][info   ][gc,stats    ]      Memory: Page Cache Hit L2                                 0 / 0                 0 / 0                 0 / 0                 0 / 0           ops/s
[1870.559s][info   ][gc,stats    ]      Memory: Page Cache Hit L3                                 0 / 0                 0 / 0                 0 / 26                0 / 26          ops/s
[1870.559s][info   ][gc,stats    ]      Memory: Page Cache Miss                                   0 / 0                 0 / 0                 0 / 1                 0 / 1           ops/s
[1870.560s][info   ][gc,stats    ]      Memory: Uncommit                                          0 / 0                 0 / 0                 0 / 0                 0 / 0           MB/s
[1870.560s][info   ][gc,stats    ]      Memory: Undo Object Allocation Failed                     0 / 0                 0 / 0                 0 / 1                 0 / 1           ops/s
[1870.560s][info   ][gc,stats    ]      Memory: Undo Object Allocation Succeeded                  0 / 0                 0 / 0                 0 / 74                0 / 74          ops/s
[1870.560s][info   ][gc,stats    ]      Memory: Undo Page Allocation                              0 / 0                 0 / 0                 0 / 1                 0 / 1           ops/s
[1870.560s][info   ][gc,stats    ]       Phase: Concurrent Mark                               0.000 / 0.000       198.811 / 214.014     511.811 / 1491.398    511.811 / 1491.398    ms
[1870.560s][info   ][gc,stats    ]       Phase: Concurrent Mark Continue                      0.000 / 0.000         0.000 / 0.000         0.000 / 0.000         0.000 / 0.000       ms
[1870.560s][info   ][gc,stats    ]       Phase: Concurrent Mark Free                          0.000 / 0.000         0.001 / 0.002         0.002 / 0.004         0.002 / 0.004       ms
[1870.560s][info   ][gc,stats    ]       Phase: Concurrent Process Non-Strong References      0.000 / 0.000        48.303 / 68.136      211.833 / 1850.321    211.833 / 1850.321    ms
[1870.560s][info   ][gc,stats    ]       Phase: Concurrent Relocate                           0.000 / 0.000        14.054 / 19.993       15.445 / 33.849       15.445 / 33.849      ms
[1870.560s][info   ][gc,stats    ]       Phase: Concurrent Reset Relocation Set               0.000 / 0.000         0.011 / 0.016         0.017 / 0.040         0.017 / 0.040       ms
[1870.560s][info   ][gc,stats    ]       Phase: Concurrent Select Relocation Set              0.000 / 0.000         7.149 / 8.229         6.788 / 15.302        6.788 / 15.302      ms
[1870.560s][info   ][gc,stats    ]       Phase: Pause Mark End                                0.000 / 0.000         0.049 / 0.052         0.099 / 0.333         0.099 / 0.333       ms
[1870.560s][info   ][gc,stats    ]       Phase: Pause Mark Start                              0.000 / 0.000         0.042 / 0.044         0.037 / 0.083         0.037 / 0.083       ms
[1870.561s][info   ][gc,stats    ]       Phase: Pause Relocate Start                          0.000 / 0.000         0.029 / 0.033         0.031 / 0.079         0.031 / 0.079       ms
[1870.561s][info   ][gc,stats    ]    Subphase: Concurrent Classes Purge                      0.000 / 0.000        14.428 / 28.821        4.322 / 28.821        4.322 / 28.821      ms
[1870.561s][info   ][gc,stats    ]    Subphase: Concurrent Classes Unlink                     0.000 / 0.000        27.290 / 31.967      185.184 / 1768.670    185.184 / 1768.670    ms
[1870.561s][info   ][gc,stats    ]    Subphase: Concurrent Mark                               0.000 / 0.000       188.732 / 207.949     364.248 / 1136.625    364.248 / 1136.625    ms
[1870.561s][info   ][gc,stats    ]    Subphase: Concurrent Mark Try Flush                     0.000 / 0.000         0.150 / 0.211        27.969 / 148.506      27.969 / 148.506     ms
[1870.561s][info   ][gc,stats    ]    Subphase: Concurrent Mark Try Terminate                 0.000 / 0.000         2.954 / 13.940        2.845 / 148.509       2.845 / 148.509     ms
[1870.561s][info   ][gc,stats    ]    Subphase: Concurrent References Enqueue                 0.000 / 0.000         0.013 / 0.017         0.012 / 0.017         0.012 / 0.017       ms
[1870.561s][info   ][gc,stats    ]    Subphase: Concurrent References Process                 0.000 / 0.000         1.238 / 1.710         0.817 / 2.501         0.817 / 2.501       ms
[1870.561s][info   ][gc,stats    ]    Subphase: Concurrent Roots ClassLoaderDataGraph         0.000 / 0.000         0.622 / 1.208         0.620 / 2.051         0.620 / 2.051       ms
[1870.562s][info   ][gc,stats    ]    Subphase: Concurrent Roots CodeCache                    0.000 / 0.000         0.000 / 0.000         0.000 / 0.000         0.000 / 0.000       ms
[1870.562s][info   ][gc,stats    ]    Subphase: Concurrent Roots JavaThreads                  0.000 / 0.000         4.627 / 5.309        65.454 / 475.340      65.454 / 475.340     ms
[1870.562s][info   ][gc,stats    ]    Subphase: Concurrent Roots OopStorageSet                0.000 / 0.000         0.358 / 0.505         0.227 / 0.708         0.227 / 0.708       ms
[1870.562s][info   ][gc,stats    ]    Subphase: Concurrent Weak Roots OopStorageSet           0.000 / 0.000         4.811 / 5.232         4.573 / 9.700         4.573 / 9.700       ms
[1870.562s][info   ][gc,stats    ]    Subphase: Pause Mark Try Complete                       0.000 / 0.000         0.000 / 0.000         0.053 / 0.195         0.053 / 0.195       ms
[1870.562s][info   ][gc,stats    ]      System: Java Threads                                      0 / 0                48 / 48               61 / 137              61 / 137         threads
[1870.562s][info   ][gc,stats    ] =========================================================================================================================================================
[1880.570s][info   ][gc,stats    ] === Garbage Collection Statistics =======================================================================================================================
[1880.571s][info   ][gc,stats    ]                                                              Last 10s              Last 10m              Last 10h                Total
[1880.571s][info   ][gc,stats    ]                                                              Avg / Max             Avg / Max             Avg / Max             Avg / Max
[1880.571s][info   ][gc,stats    ]   Collector: Garbage Collection Cycle                      0.000 / 0.000       270.779 / 298.767     788.730 / 3415.907    788.730 / 3415.907    ms
[1880.571s][info   ][gc,stats    ]  Contention: Mark Segment Reset Contention                     0 / 0                 0 / 2                 0 / 2                 0 / 2           ops/s
[1880.571s][info   ][gc,stats    ]  Contention: Mark SeqNum Reset Contention                      0 / 0                 0 / 0                 0 / 1                 0 / 1           ops/s
[1880.572s][info   ][gc,stats    ]    Critical: Allocation Stall                                  0 / 0                 0 / 0                 0 / 0                 0 / 0           ops/s
[1880.572s][info   ][gc,stats    ]    Critical: Allocation Stall                              0.000 / 0.000         0.000 / 0.000         0.000 / 0.000         0.000 / 0.000       ms
[1880.572s][info   ][gc,stats    ]    Critical: GC Locker Stall                                   0 / 0                 0 / 0                 0 / 0                 0 / 0           ops/s
[1880.572s][info   ][gc,stats    ]    Critical: GC Locker Stall                               0.000 / 0.000         0.000 / 0.000         0.000 / 0.000         0.000 / 0.000       ms
[1880.572s][info   ][gc,stats    ]    Critical: Relocation Stall                                  0 / 0                 0 / 0                 0 / 0                 0 / 0           ops/s
[1880.573s][info   ][gc,stats    ]    Critical: Relocation Stall                              0.000 / 0.000         0.000 / 0.000         0.000 / 0.000         0.000 / 0.000       ms
[1880.573s][info   ][gc,stats    ]      Memory: Allocation Rate                                   0 / 0                 0 / 10                1 / 68                1 / 68          MB/s
[1880.573s][info   ][gc,stats    ]      Memory: Defragment                                        0 / 0                 0 / 0                 0 / 0                 0 / 0           ops/s
[1880.573s][info   ][gc,stats    ]      Memory: Out Of Memory                                     0 / 0                 0 / 0                 0 / 0                 0 / 0           ops/s
[1880.573s][info   ][gc,stats    ]      Memory: Page Cache Flush                                  0 / 0                 0 / 0                 0 / 0                 0 / 0           MB/s
[1880.574s][info   ][gc,stats    ]      Memory: Page Cache Hit L1                                 0 / 0                 0 / 7                 0 / 30                0 / 30          ops/s
[1880.574s][info   ][gc,stats    ]      Memory: Page Cache Hit L2                                 0 / 0                 0 / 0                 0 / 0                 0 / 0           ops/s
[1880.574s][info   ][gc,stats    ]      Memory: Page Cache Hit L3                                 0 / 0                 0 / 0                 0 / 26                0 / 26          ops/s
[1880.574s][info   ][gc,stats    ]      Memory: Page Cache Miss                                   0 / 0                 0 / 0                 0 / 1                 0 / 1           ops/s
[1880.574s][info   ][gc,stats    ]      Memory: Uncommit                                          0 / 0                 0 / 0                 0 / 0                 0 / 0           MB/s
[1880.574s][info   ][gc,stats    ]      Memory: Undo Object Allocation Failed                     0 / 0                 0 / 0                 0 / 1                 0 / 1           ops/s
[1880.574s][info   ][gc,stats    ]      Memory: Undo Object Allocation Succeeded                  0 / 0                 0 / 0                 0 / 74                0 / 74          ops/s
[1880.574s][info   ][gc,stats    ]      Memory: Undo Page Allocation                              0 / 0                 0 / 0                 0 / 1                 0 / 1           ops/s
[1880.574s][info   ][gc,stats    ]       Phase: Concurrent Mark                               0.000 / 0.000       198.811 / 214.014     511.811 / 1491.398    511.811 / 1491.398    ms
[1880.575s][info   ][gc,stats    ]       Phase: Concurrent Mark Continue                      0.000 / 0.000         0.000 / 0.000         0.000 / 0.000         0.000 / 0.000       ms
[1880.575s][info   ][gc,stats    ]       Phase: Concurrent Mark Free                          0.000 / 0.000         0.001 / 0.002         0.002 / 0.004         0.002 / 0.004       ms
[1880.575s][info   ][gc,stats    ]       Phase: Concurrent Process Non-Strong References      0.000 / 0.000        48.303 / 68.136      211.833 / 1850.321    211.833 / 1850.321    ms
[1880.575s][info   ][gc,stats    ]       Phase: Concurrent Relocate                           0.000 / 0.000        14.054 / 19.993       15.445 / 33.849       15.445 / 33.849      ms
[1880.575s][info   ][gc,stats    ]       Phase: Concurrent Reset Relocation Set               0.000 / 0.000         0.011 / 0.016         0.017 / 0.040         0.017 / 0.040       ms
[1880.575s][info   ][gc,stats    ]       Phase: Concurrent Select Relocation Set              0.000 / 0.000         7.149 / 8.229         6.788 / 15.302        6.788 / 15.302      ms
[1880.575s][info   ][gc,stats    ]       Phase: Pause Mark End                                0.000 / 0.000         0.049 / 0.052         0.099 / 0.333         0.099 / 0.333       ms
[1880.575s][info   ][gc,stats    ]       Phase: Pause Mark Start                              0.000 / 0.000         0.042 / 0.044         0.037 / 0.083         0.037 / 0.083       ms
[1880.575s][info   ][gc,stats    ]       Phase: Pause Relocate Start                          0.000 / 0.000         0.029 / 0.033         0.031 / 0.079         0.031 / 0.079       ms
[1880.575s][info   ][gc,stats    ]    Subphase: Concurrent Classes Purge                      0.000 / 0.000        14.428 / 28.821        4.322 / 28.821        4.322 / 28.821      ms
[1880.575s][info   ][gc,stats    ]    Subphase: Concurrent Classes Unlink                     0.000 / 0.000        27.290 / 31.967      185.184 / 1768.670    185.184 / 1768.670    ms
[1880.576s][info   ][gc,stats    ]    Subphase: Concurrent Mark                               0.000 / 0.000       188.732 / 207.949     364.248 / 1136.625    364.248 / 1136.625    ms
[1880.576s][info   ][gc,stats    ]    Subphase: Concurrent Mark Try Flush                     0.000 / 0.000         0.150 / 0.211        27.969 / 148.506      27.969 / 148.506     ms
[1880.576s][info   ][gc,stats    ]    Subphase: Concurrent Mark Try Terminate                 0.000 / 0.000         2.954 / 13.940        2.845 / 148.509       2.845 / 148.509     ms
[1880.576s][info   ][gc,stats    ]    Subphase: Concurrent References Enqueue                 0.000 / 0.000         0.013 / 0.017         0.012 / 0.017         0.012 / 0.017       ms
[1880.576s][info   ][gc,stats    ]    Subphase: Concurrent References Process                 0.000 / 0.000         1.238 / 1.710         0.817 / 2.501         0.817 / 2.501       ms
[1880.576s][info   ][gc,stats    ]    Subphase: Concurrent Roots ClassLoaderDataGraph         0.000 / 0.000         0.622 / 1.208         0.620 / 2.051         0.620 / 2.051       ms
[1880.576s][info   ][gc,stats    ]    Subphase: Concurrent Roots CodeCache                    0.000 / 0.000         0.000 / 0.000         0.000 / 0.000         0.000 / 0.000       ms
[1880.576s][info   ][gc,stats    ]    Subphase: Concurrent Roots JavaThreads                  0.000 / 0.000         4.627 / 5.309        65.454 / 475.340      65.454 / 475.340     ms
[1880.577s][info   ][gc,stats    ]    Subphase: Concurrent Roots OopStorageSet                0.000 / 0.000         0.358 / 0.505         0.227 / 0.708         0.227 / 0.708       ms
[1880.577s][info   ][gc,stats    ]    Subphase: Concurrent Weak Roots OopStorageSet           0.000 / 0.000         4.811 / 5.232         4.573 / 9.700         4.573 / 9.700       ms
[1880.577s][info   ][gc,stats    ]    Subphase: Pause Mark Try Complete                       0.000 / 0.000         0.000 / 0.000         0.053 / 0.195         0.053 / 0.195       ms
[1880.577s][info   ][gc,stats    ]      System: Java Threads                                      0 / 0                48 / 48               61 / 137              61 / 137         threads
[1880.577s][info   ][gc,stats    ] =========================================================================================================================================================
[1890.560s][info   ][gc,stats    ] === Garbage Collection Statistics =======================================================================================================================
[1890.560s][info   ][gc,stats    ]                                                              Last 10s              Last 10m              Last 10h                Total
[1890.560s][info   ][gc,stats    ]                                                              Avg / Max             Avg / Max             Avg / Max             Avg / Max
[1890.560s][info   ][gc,stats    ]   Collector: Garbage Collection Cycle                      0.000 / 0.000       270.779 / 298.767     788.730 / 3415.907    788.730 / 3415.907    ms
[1890.560s][info   ][gc,stats    ]  Contention: Mark Segment Reset Contention                     0 / 0                 0 / 2                 0 / 2                 0 / 2           ops/s
[1890.561s][info   ][gc,stats    ]  Contention: Mark SeqNum Reset Contention                      0 / 0                 0 / 0                 0 / 1                 0 / 1           ops/s
[1890.561s][info   ][gc,stats    ]    Critical: Allocation Stall                                  0 / 0                 0 / 0                 0 / 0                 0 / 0           ops/s
[1890.561s][info   ][gc,stats    ]    Critical: Allocation Stall                              0.000 / 0.000         0.000 / 0.000         0.000 / 0.000         0.000 / 0.000       ms
[1890.561s][info   ][gc,stats    ]    Critical: GC Locker Stall                                   0 / 0                 0 / 0                 0 / 0                 0 / 0           ops/s
[1890.561s][info   ][gc,stats    ]    Critical: GC Locker Stall                               0.000 / 0.000         0.000 / 0.000         0.000 / 0.000         0.000 / 0.000       ms
[1890.561s][info   ][gc,stats    ]    Critical: Relocation Stall                                  0 / 0                 0 / 0                 0 / 0                 0 / 0           ops/s
[1890.562s][info   ][gc,stats    ]    Critical: Relocation Stall                              0.000 / 0.000         0.000 / 0.000         0.000 / 0.000         0.000 / 0.000       ms
[1890.562s][info   ][gc,stats    ]      Memory: Allocation Rate                                   0 / 0                 0 / 10                1 / 68                1 / 68          MB/s
[1890.562s][info   ][gc,stats    ]      Memory: Defragment                                        0 / 0                 0 / 0                 0 / 0                 0 / 0           ops/s
[1890.562s][info   ][gc,stats    ]      Memory: Out Of Memory                                     0 / 0                 0 / 0                 0 / 0                 0 / 0           ops/s
[1890.563s][info   ][gc,stats    ]      Memory: Page Cache Flush                                  0 / 0                 0 / 0                 0 / 0                 0 / 0           MB/s
[1890.563s][info   ][gc,stats    ]      Memory: Page Cache Hit L1                                 0 / 0                 0 / 7                 0 / 30                0 / 30          ops/s
[1890.563s][info   ][gc,stats    ]      Memory: Page Cache Hit L2                                 0 / 0                 0 / 0                 0 / 0                 0 / 0           ops/s
[1890.563s][info   ][gc,stats    ]      Memory: Page Cache Hit L3                                 0 / 0                 0 / 0                 0 / 26                0 / 26          ops/s
[1890.563s][info   ][gc,stats    ]      Memory: Page Cache Miss                                   0 / 0                 0 / 0                 0 / 1                 0 / 1           ops/s
[1890.564s][info   ][gc,stats    ]      Memory: Uncommit                                          0 / 0                 0 / 0                 0 / 0                 0 / 0           MB/s
[1890.564s][info   ][gc,stats    ]      Memory: Undo Object Allocation Failed                     0 / 0                 0 / 0                 0 / 1                 0 / 1           ops/s
[1890.564s][info   ][gc,stats    ]      Memory: Undo Object Allocation Succeeded                  0 / 0                 0 / 0                 0 / 74                0 / 74          ops/s
[1890.564s][info   ][gc,stats    ]      Memory: Undo Page Allocation                              0 / 0                 0 / 0                 0 / 1                 0 / 1           ops/s
[1890.564s][info   ][gc,stats    ]       Phase: Concurrent Mark                               0.000 / 0.000       198.811 / 214.014     511.811 / 1491.398    511.811 / 1491.398    ms
[1890.564s][info   ][gc,stats    ]       Phase: Concurrent Mark Continue                      0.000 / 0.000         0.000 / 0.000         0.000 / 0.000         0.000 / 0.000       ms
[1890.564s][info   ][gc,stats    ]       Phase: Concurrent Mark Free                          0.000 / 0.000         0.001 / 0.002         0.002 / 0.004         0.002 / 0.004       ms
[1890.564s][info   ][gc,stats    ]       Phase: Concurrent Process Non-Strong References      0.000 / 0.000        48.303 / 68.136      211.833 / 1850.321    211.833 / 1850.321    ms
[1890.564s][info   ][gc,stats    ]       Phase: Concurrent Relocate                           0.000 / 0.000        14.054 / 19.993       15.445 / 33.849       15.445 / 33.849      ms
[1890.565s][info   ][gc,stats    ]       Phase: Concurrent Reset Relocation Set               0.000 / 0.000         0.011 / 0.016         0.017 / 0.040         0.017 / 0.040       ms
[1890.565s][info   ][gc,stats    ]       Phase: Concurrent Select Relocation Set              0.000 / 0.000         7.149 / 8.229         6.788 / 15.302        6.788 / 15.302      ms
[1890.565s][info   ][gc,stats    ]       Phase: Pause Mark End                                0.000 / 0.000         0.049 / 0.052         0.099 / 0.333         0.099 / 0.333       ms
[1890.565s][info   ][gc,stats    ]       Phase: Pause Mark Start                              0.000 / 0.000         0.042 / 0.044         0.037 / 0.083         0.037 / 0.083       ms
[1890.566s][info   ][gc,stats    ]       Phase: Pause Relocate Start                          0.000 / 0.000         0.029 / 0.033         0.031 / 0.079         0.031 / 0.079       ms
[1890.566s][info   ][gc,stats    ]    Subphase: Concurrent Classes Purge                      0.000 / 0.000        14.428 / 28.821        4.322 / 28.821        4.322 / 28.821      ms
[1890.566s][info   ][gc,stats    ]    Subphase: Concurrent Classes Unlink                     0.000 / 0.000        27.290 / 31.967      185.184 / 1768.670    185.184 / 1768.670    ms
[1890.566s][info   ][gc,stats    ]    Subphase: Concurrent Mark                               0.000 / 0.000       188.732 / 207.949     364.248 / 1136.625    364.248 / 1136.625    ms
[1890.566s][info   ][gc,stats    ]    Subphase: Concurrent Mark Try Flush                     0.000 / 0.000         0.150 / 0.211        27.969 / 148.506      27.969 / 148.506     ms
[1890.566s][info   ][gc,stats    ]    Subphase: Concurrent Mark Try Terminate                 0.000 / 0.000         2.954 / 13.940        2.845 / 148.509       2.845 / 148.509     ms
[1890.567s][info   ][gc,stats    ]    Subphase: Concurrent References Enqueue                 0.000 / 0.000         0.013 / 0.017         0.012 / 0.017         0.012 / 0.017       ms
[1890.567s][info   ][gc,stats    ]    Subphase: Concurrent References Process                 0.000 / 0.000         1.238 / 1.710         0.817 / 2.501         0.817 / 2.501       ms
[1890.567s][info   ][gc,stats    ]    Subphase: Concurrent Roots ClassLoaderDataGraph         0.000 / 0.000         0.622 / 1.208         0.620 / 2.051         0.620 / 2.051       ms
[1890.567s][info   ][gc,stats    ]    Subphase: Concurrent Roots CodeCache                    0.000 / 0.000         0.000 / 0.000         0.000 / 0.000         0.000 / 0.000       ms
[1890.568s][info   ][gc,stats    ]    Subphase: Concurrent Roots JavaThreads                  0.000 / 0.000         4.627 / 5.309        65.454 / 475.340      65.454 / 475.340     ms
[1890.568s][info   ][gc,stats    ]    Subphase: Concurrent Roots OopStorageSet                0.000 / 0.000         0.358 / 0.505         0.227 / 0.708         0.227 / 0.708       ms
[1890.568s][info   ][gc,stats    ]    Subphase: Concurrent Weak Roots OopStorageSet           0.000 / 0.000         4.811 / 5.232         4.573 / 9.700         4.573 / 9.700       ms
[1890.568s][info   ][gc,stats    ]    Subphase: Pause Mark Try Complete                       0.000 / 0.000         0.000 / 0.000         0.053 / 0.195         0.053 / 0.195       ms
[1890.568s][info   ][gc,stats    ]      System: Java Threads                                      0 / 0                48 / 48               61 / 137              61 / 137         threads
[1890.568s][info   ][gc,stats    ] =========================================================================================================================================================
[1900.562s][info   ][gc,stats    ] === Garbage Collection Statistics =======================================================================================================================
[1900.562s][info   ][gc,stats    ]                                                              Last 10s              Last 10m              Last 10h                Total
[1900.562s][info   ][gc,stats    ]                                                              Avg / Max             Avg / Max             Avg / Max             Avg / Max
[1900.562s][info   ][gc,stats    ]   Collector: Garbage Collection Cycle                      0.000 / 0.000       270.779 / 298.767     788.730 / 3415.907    788.730 / 3415.907    ms
[1900.563s][info   ][gc,stats    ]  Contention: Mark Segment Reset Contention                     0 / 0                 0 / 2                 0 / 2                 0 / 2           ops/s
[1900.563s][info   ][gc,stats    ]  Contention: Mark SeqNum Reset Contention                      0 / 0                 0 / 0                 0 / 1                 0 / 1           ops/s
[1900.563s][info   ][gc,stats    ]    Critical: Allocation Stall                                  0 / 0                 0 / 0                 0 / 0                 0 / 0           ops/s
[1900.563s][info   ][gc,stats    ]    Critical: Allocation Stall                              0.000 / 0.000         0.000 / 0.000         0.000 / 0.000         0.000 / 0.000       ms
[1900.563s][info   ][gc,stats    ]    Critical: GC Locker Stall                                   0 / 0                 0 / 0                 0 / 0                 0 / 0           ops/s
[1900.563s][info   ][gc,stats    ]    Critical: GC Locker Stall                               0.000 / 0.000         0.000 / 0.000         0.000 / 0.000         0.000 / 0.000       ms
[1900.563s][info   ][gc,stats    ]    Critical: Relocation Stall                                  0 / 0                 0 / 0                 0 / 0                 0 / 0           ops/s
[1900.563s][info   ][gc,stats    ]    Critical: Relocation Stall                              0.000 / 0.000         0.000 / 0.000         0.000 / 0.000         0.000 / 0.000       ms
[1900.563s][info   ][gc,stats    ]      Memory: Allocation Rate                                   0 / 0                 0 / 10                1 / 68                1 / 68          MB/s
[1900.563s][info   ][gc,stats    ]      Memory: Defragment                                        0 / 0                 0 / 0                 0 / 0                 0 / 0           ops/s
[1900.563s][info   ][gc,stats    ]      Memory: Out Of Memory                                     0 / 0                 0 / 0                 0 / 0                 0 / 0           ops/s
[1900.563s][info   ][gc,stats    ]      Memory: Page Cache Flush                                  0 / 0                 0 / 0                 0 / 0                 0 / 0           MB/s
[1900.564s][info   ][gc,stats    ]      Memory: Page Cache Hit L1                                 0 / 0                 0 / 7                 0 / 30                0 / 30          ops/s
[1900.564s][info   ][gc,stats    ]      Memory: Page Cache Hit L2                                 0 / 0                 0 / 0                 0 / 0                 0 / 0           ops/s
[1900.564s][info   ][gc,stats    ]      Memory: Page Cache Hit L3                                 0 / 0                 0 / 0                 0 / 26                0 / 26          ops/s
[1900.564s][info   ][gc,stats    ]      Memory: Page Cache Miss                                   0 / 0                 0 / 0                 0 / 1                 0 / 1           ops/s
[1900.564s][info   ][gc,stats    ]      Memory: Uncommit                                          0 / 0                 0 / 0                 0 / 0                 0 / 0           MB/s
[1900.564s][info   ][gc,stats    ]      Memory: Undo Object Allocation Failed                     0 / 0                 0 / 0                 0 / 1                 0 / 1           ops/s
[1900.564s][info   ][gc,stats    ]      Memory: Undo Object Allocation Succeeded                  0 / 0                 0 / 0                 0 / 74                0 / 74          ops/s
[1900.564s][info   ][gc,stats    ]      Memory: Undo Page Allocation                              0 / 0                 0 / 0                 0 / 1                 0 / 1           ops/s
[1900.564s][info   ][gc,stats    ]       Phase: Concurrent Mark                               0.000 / 0.000       198.811 / 214.014     511.811 / 1491.398    511.811 / 1491.398    ms
[1900.565s][info   ][gc,stats    ]       Phase: Concurrent Mark Continue                      0.000 / 0.000         0.000 / 0.000         0.000 / 0.000         0.000 / 0.000       ms
[1900.565s][info   ][gc,stats    ]       Phase: Concurrent Mark Free                          0.000 / 0.000         0.001 / 0.002         0.002 / 0.004         0.002 / 0.004       ms
[1900.565s][info   ][gc,stats    ]       Phase: Concurrent Process Non-Strong References      0.000 / 0.000        48.303 / 68.136      211.833 / 1850.321    211.833 / 1850.321    ms
[1900.565s][info   ][gc,stats    ]       Phase: Concurrent Relocate                           0.000 / 0.000        14.054 / 19.993       15.445 / 33.849       15.445 / 33.849      ms
[1900.565s][info   ][gc,stats    ]       Phase: Concurrent Reset Relocation Set               0.000 / 0.000         0.011 / 0.016         0.017 / 0.040         0.017 / 0.040       ms
[1900.565s][info   ][gc,stats    ]       Phase: Concurrent Select Relocation Set              0.000 / 0.000         7.149 / 8.229         6.788 / 15.302        6.788 / 15.302      ms
[1900.565s][info   ][gc,stats    ]       Phase: Pause Mark End                                0.000 / 0.000         0.049 / 0.052         0.099 / 0.333         0.099 / 0.333       ms
[1900.565s][info   ][gc,stats    ]       Phase: Pause Mark Start                              0.000 / 0.000         0.042 / 0.044         0.037 / 0.083         0.037 / 0.083       ms
[1900.565s][info   ][gc,stats    ]       Phase: Pause Relocate Start                          0.000 / 0.000         0.029 / 0.033         0.031 / 0.079         0.031 / 0.079       ms
[1900.565s][info   ][gc,stats    ]    Subphase: Concurrent Classes Purge                      0.000 / 0.000        14.428 / 28.821        4.322 / 28.821        4.322 / 28.821      ms
[1900.565s][info   ][gc,stats    ]    Subphase: Concurrent Classes Unlink                     0.000 / 0.000        27.290 / 31.967      185.184 / 1768.670    185.184 / 1768.670    ms
[1900.565s][info   ][gc,stats    ]    Subphase: Concurrent Mark                               0.000 / 0.000       188.732 / 207.949     364.248 / 1136.625    364.248 / 1136.625    ms
[1900.566s][info   ][gc,stats    ]    Subphase: Concurrent Mark Try Flush                     0.000 / 0.000         0.150 / 0.211        27.969 / 148.506      27.969 / 148.506     ms
[1900.566s][info   ][gc,stats    ]    Subphase: Concurrent Mark Try Terminate                 0.000 / 0.000         2.954 / 13.940        2.845 / 148.509       2.845 / 148.509     ms
[1900.566s][info   ][gc,stats    ]    Subphase: Concurrent References Enqueue                 0.000 / 0.000         0.013 / 0.017         0.012 / 0.017         0.012 / 0.017       ms
[1900.566s][info   ][gc,stats    ]    Subphase: Concurrent References Process                 0.000 / 0.000         1.238 / 1.710         0.817 / 2.501         0.817 / 2.501       ms
[1900.566s][info   ][gc,stats    ]    Subphase: Concurrent Roots ClassLoaderDataGraph         0.000 / 0.000         0.622 / 1.208         0.620 / 2.051         0.620 / 2.051       ms
[1900.566s][info   ][gc,stats    ]    Subphase: Concurrent Roots CodeCache                    0.000 / 0.000         0.000 / 0.000         0.000 / 0.000         0.000 / 0.000       ms
[1900.566s][info   ][gc,stats    ]    Subphase: Concurrent Roots JavaThreads                  0.000 / 0.000         4.627 / 5.309        65.454 / 475.340      65.454 / 475.340     ms
[1900.566s][info   ][gc,stats    ]    Subphase: Concurrent Roots OopStorageSet                0.000 / 0.000         0.358 / 0.505         0.227 / 0.708         0.227 / 0.708       ms
[1900.566s][info   ][gc,stats    ]    Subphase: Concurrent Weak Roots OopStorageSet           0.000 / 0.000         4.811 / 5.232         4.573 / 9.700         4.573 / 9.700       ms
[1900.566s][info   ][gc,stats    ]    Subphase: Pause Mark Try Complete                       0.000 / 0.000         0.000 / 0.000         0.053 / 0.195         0.053 / 0.195       ms
[1900.566s][info   ][gc,stats    ]      System: Java Threads                                      0 / 0                48 / 48               61 / 137              61 / 137         threads
[1900.566s][info   ][gc,stats    ] =========================================================================================================================================================
[1910.565s][info   ][gc,stats    ] === Garbage Collection Statistics =======================================================================================================================
[1910.565s][info   ][gc,stats    ]                                                              Last 10s              Last 10m              Last 10h                Total
[1910.565s][info   ][gc,stats    ]                                                              Avg / Max             Avg / Max             Avg / Max             Avg / Max
[1910.566s][info   ][gc,stats    ]   Collector: Garbage Collection Cycle                      0.000 / 0.000       270.779 / 298.767     788.730 / 3415.907    788.730 / 3415.907    ms
[1910.566s][info   ][gc,stats    ]  Contention: Mark Segment Reset Contention                     0 / 0                 0 / 2                 0 / 2                 0 / 2           ops/s
[1910.566s][info   ][gc,stats    ]  Contention: Mark SeqNum Reset Contention                      0 / 0                 0 / 0                 0 / 1                 0 / 1           ops/s
[1910.566s][info   ][gc,stats    ]    Critical: Allocation Stall                                  0 / 0                 0 / 0                 0 / 0                 0 / 0           ops/s
[1910.566s][info   ][gc,stats    ]    Critical: Allocation Stall                              0.000 / 0.000         0.000 / 0.000         0.000 / 0.000         0.000 / 0.000       ms
[1910.566s][info   ][gc,stats    ]    Critical: GC Locker Stall                                   0 / 0                 0 / 0                 0 / 0                 0 / 0           ops/s
[1910.567s][info   ][gc,stats    ]    Critical: GC Locker Stall                               0.000 / 0.000         0.000 / 0.000         0.000 / 0.000         0.000 / 0.000       ms
[1910.567s][info   ][gc,stats    ]    Critical: Relocation Stall                                  0 / 0                 0 / 0                 0 / 0                 0 / 0           ops/s
[1910.567s][info   ][gc,stats    ]    Critical: Relocation Stall                              0.000 / 0.000         0.000 / 0.000         0.000 / 0.000         0.000 / 0.000       ms
[1910.567s][info   ][gc,stats    ]      Memory: Allocation Rate                                   0 / 2                 0 / 10                1 / 68                1 / 68          MB/s
[1910.567s][info   ][gc,stats    ]      Memory: Defragment                                        0 / 0                 0 / 0                 0 / 0                 0 / 0           ops/s
[1910.567s][info   ][gc,stats    ]      Memory: Out Of Memory                                     0 / 0                 0 / 0                 0 / 0                 0 / 0           ops/s
[1910.567s][info   ][gc,stats    ]      Memory: Page Cache Flush                                  0 / 0                 0 / 0                 0 / 0                 0 / 0           MB/s
[1910.568s][info   ][gc,stats    ]      Memory: Page Cache Hit L1                                 0 / 1                 0 / 7                 0 / 30                0 / 30          ops/s
[1910.568s][info   ][gc,stats    ]      Memory: Page Cache Hit L2                                 0 / 0                 0 / 0                 0 / 0                 0 / 0           ops/s
[1910.568s][info   ][gc,stats    ]      Memory: Page Cache Hit L3                                 0 / 0                 0 / 0                 0 / 26                0 / 26          ops/s
[1910.568s][info   ][gc,stats    ]      Memory: Page Cache Miss                                   0 / 0                 0 / 0                 0 / 1                 0 / 1           ops/s
[1910.568s][info   ][gc,stats    ]      Memory: Uncommit                                          0 / 0                 0 / 0                 0 / 0                 0 / 0           MB/s
[1910.568s][info   ][gc,stats    ]      Memory: Undo Object Allocation Failed                     0 / 0                 0 / 0                 0 / 1                 0 / 1           ops/s
[1910.568s][info   ][gc,stats    ]      Memory: Undo Object Allocation Succeeded                  0 / 0                 0 / 0                 0 / 74                0 / 74          ops/s
[1910.568s][info   ][gc,stats    ]      Memory: Undo Page Allocation                              0 / 0                 0 / 0                 0 / 1                 0 / 1           ops/s
[1910.569s][info   ][gc,stats    ]       Phase: Concurrent Mark                               0.000 / 0.000       198.811 / 214.014     511.811 / 1491.398    511.811 / 1491.398    ms
[1910.569s][info   ][gc,stats    ]       Phase: Concurrent Mark Continue                      0.000 / 0.000         0.000 / 0.000         0.000 / 0.000         0.000 / 0.000       ms
[1910.569s][info   ][gc,stats    ]       Phase: Concurrent Mark Free                          0.000 / 0.000         0.001 / 0.002         0.002 / 0.004         0.002 / 0.004       ms
[1910.569s][info   ][gc,stats    ]       Phase: Concurrent Process Non-Strong References      0.000 / 0.000        48.303 / 68.136      211.833 / 1850.321    211.833 / 1850.321    ms
[1910.569s][info   ][gc,stats    ]       Phase: Concurrent Relocate                           0.000 / 0.000        14.054 / 19.993       15.445 / 33.849       15.445 / 33.849      ms
[1910.569s][info   ][gc,stats    ]       Phase: Concurrent Reset Relocation Set               0.000 / 0.000         0.011 / 0.016         0.017 / 0.040         0.017 / 0.040       ms
[1910.569s][info   ][gc,stats    ]       Phase: Concurrent Select Relocation Set              0.000 / 0.000         7.149 / 8.229         6.788 / 15.302        6.788 / 15.302      ms
[1910.569s][info   ][gc,stats    ]       Phase: Pause Mark End                                0.000 / 0.000         0.049 / 0.052         0.099 / 0.333         0.099 / 0.333       ms
[1910.570s][info   ][gc,stats    ]       Phase: Pause Mark Start                              0.000 / 0.000         0.042 / 0.044         0.037 / 0.083         0.037 / 0.083       ms
[1910.570s][info   ][gc,stats    ]       Phase: Pause Relocate Start                          0.000 / 0.000         0.029 / 0.033         0.031 / 0.079         0.031 / 0.079       ms
[1910.570s][info   ][gc,stats    ]    Subphase: Concurrent Classes Purge                      0.000 / 0.000        14.428 / 28.821        4.322 / 28.821        4.322 / 28.821      ms
[1910.570s][info   ][gc,stats    ]    Subphase: Concurrent Classes Unlink                     0.000 / 0.000        27.290 / 31.967      185.184 / 1768.670    185.184 / 1768.670    ms
[1910.570s][info   ][gc,stats    ]    Subphase: Concurrent Mark                               0.000 / 0.000       188.732 / 207.949     364.248 / 1136.625    364.248 / 1136.625    ms
[1910.570s][info   ][gc,stats    ]    Subphase: Concurrent Mark Try Flush                     0.000 / 0.000         0.150 / 0.211        27.969 / 148.506      27.969 / 148.506     ms
[1910.571s][info   ][gc,stats    ]    Subphase: Concurrent Mark Try Terminate                 0.000 / 0.000         2.954 / 13.940        2.845 / 148.509       2.845 / 148.509     ms
[1910.571s][info   ][gc,stats    ]    Subphase: Concurrent References Enqueue                 0.000 / 0.000         0.013 / 0.017         0.012 / 0.017         0.012 / 0.017       ms
[1910.571s][info   ][gc,stats    ]    Subphase: Concurrent References Process                 0.000 / 0.000         1.238 / 1.710         0.817 / 2.501         0.817 / 2.501       ms
[1910.571s][info   ][gc,stats    ]    Subphase: Concurrent Roots ClassLoaderDataGraph         0.000 / 0.000         0.622 / 1.208         0.620 / 2.051         0.620 / 2.051       ms
[1910.571s][info   ][gc,stats    ]    Subphase: Concurrent Roots CodeCache                    0.000 / 0.000         0.000 / 0.000         0.000 / 0.000         0.000 / 0.000       ms
[1910.571s][info   ][gc,stats    ]    Subphase: Concurrent Roots JavaThreads                  0.000 / 0.000         4.627 / 5.309        65.454 / 475.340      65.454 / 475.340     ms
[1910.571s][info   ][gc,stats    ]    Subphase: Concurrent Roots OopStorageSet                0.000 / 0.000         0.358 / 0.505         0.227 / 0.708         0.227 / 0.708       ms
[1910.571s][info   ][gc,stats    ]    Subphase: Concurrent Weak Roots OopStorageSet           0.000 / 0.000         4.811 / 5.232         4.573 / 9.700         4.573 / 9.700       ms
[1910.571s][info   ][gc,stats    ]    Subphase: Pause Mark Try Complete                       0.000 / 0.000         0.000 / 0.000         0.053 / 0.195         0.053 / 0.195       ms
[1910.572s][info   ][gc,stats    ]      System: Java Threads                                      0 / 0                48 / 48               61 / 137              61 / 137         threads
[1910.572s][info   ][gc,stats    ] =========================================================================================================================================================
[1920.570s][info   ][gc,stats    ] === Garbage Collection Statistics =======================================================================================================================
[1920.570s][info   ][gc,stats    ]                                                              Last 10s              Last 10m              Last 10h                Total
[1920.570s][info   ][gc,stats    ]                                                              Avg / Max             Avg / Max             Avg / Max             Avg / Max
[1920.570s][info   ][gc,stats    ]   Collector: Garbage Collection Cycle                      0.000 / 0.000       270.779 / 298.767     788.730 / 3415.907    788.730 / 3415.907    ms
[1920.570s][info   ][gc,stats    ]  Contention: Mark Segment Reset Contention                     0 / 0                 0 / 2                 0 / 2                 0 / 2           ops/s
[1920.571s][info   ][gc,stats    ]  Contention: Mark SeqNum Reset Contention                      0 / 0                 0 / 0                 0 / 1                 0 / 1           ops/s
[1920.571s][info   ][gc,stats    ]    Critical: Allocation Stall                                  0 / 0                 0 / 0                 0 / 0                 0 / 0           ops/s
[1920.571s][info   ][gc,stats    ]    Critical: Allocation Stall                              0.000 / 0.000         0.000 / 0.000         0.000 / 0.000         0.000 / 0.000       ms
[1920.571s][info   ][gc,stats    ]    Critical: GC Locker Stall                                   0 / 0                 0 / 0                 0 / 0                 0 / 0           ops/s
[1920.571s][info   ][gc,stats    ]    Critical: GC Locker Stall                               0.000 / 0.000         0.000 / 0.000         0.000 / 0.000         0.000 / 0.000       ms
[1920.571s][info   ][gc,stats    ]    Critical: Relocation Stall                                  0 / 0                 0 / 0                 0 / 0                 0 / 0           ops/s
[1920.572s][info   ][gc,stats    ]    Critical: Relocation Stall                              0.000 / 0.000         0.000 / 0.000         0.000 / 0.000         0.000 / 0.000       ms
[1920.572s][info   ][gc,stats    ]      Memory: Allocation Rate                                   0 / 0                 0 / 10                1 / 68                1 / 68          MB/s
[1920.572s][info   ][gc,stats    ]      Memory: Defragment                                        0 / 0                 0 / 0                 0 / 0                 0 / 0           ops/s
[1920.572s][info   ][gc,stats    ]      Memory: Out Of Memory                                     0 / 0                 0 / 0                 0 / 0                 0 / 0           ops/s
[1920.572s][info   ][gc,stats    ]      Memory: Page Cache Flush                                  0 / 0                 0 / 0                 0 / 0                 0 / 0           MB/s
[1920.572s][info   ][gc,stats    ]      Memory: Page Cache Hit L1                                 0 / 0                 0 / 7                 0 / 30                0 / 30          ops/s
[1920.573s][info   ][gc,stats    ]      Memory: Page Cache Hit L2                                 0 / 0                 0 / 0                 0 / 0                 0 / 0           ops/s
[1920.573s][info   ][gc,stats    ]      Memory: Page Cache Hit L3                                 0 / 0                 0 / 0                 0 / 26                0 / 26          ops/s
[1920.573s][info   ][gc,stats    ]      Memory: Page Cache Miss                                   0 / 0                 0 / 0                 0 / 1                 0 / 1           ops/s
[1920.573s][info   ][gc,stats    ]      Memory: Uncommit                                          0 / 0                 0 / 0                 0 / 0                 0 / 0           MB/s
[1920.573s][info   ][gc,stats    ]      Memory: Undo Object Allocation Failed                     0 / 0                 0 / 0                 0 / 1                 0 / 1           ops/s
[1920.573s][info   ][gc,stats    ]      Memory: Undo Object Allocation Succeeded                  0 / 0                 0 / 0                 0 / 74                0 / 74          ops/s
[1920.573s][info   ][gc,stats    ]      Memory: Undo Page Allocation                              0 / 0                 0 / 0                 0 / 1                 0 / 1           ops/s
[1920.574s][info   ][gc,stats    ]       Phase: Concurrent Mark                               0.000 / 0.000       198.811 / 214.014     511.811 / 1491.398    511.811 / 1491.398    ms
[1920.574s][info   ][gc,stats    ]       Phase: Concurrent Mark Continue                      0.000 / 0.000         0.000 / 0.000         0.000 / 0.000         0.000 / 0.000       ms
[1920.574s][info   ][gc,stats    ]       Phase: Concurrent Mark Free                          0.000 / 0.000         0.001 / 0.002         0.002 / 0.004         0.002 / 0.004       ms
[1920.574s][info   ][gc,stats    ]       Phase: Concurrent Process Non-Strong References      0.000 / 0.000        48.303 / 68.136      211.833 / 1850.321    211.833 / 1850.321    ms
[1920.574s][info   ][gc,stats    ]       Phase: Concurrent Relocate                           0.000 / 0.000        14.054 / 19.993       15.445 / 33.849       15.445 / 33.849      ms
[1920.574s][info   ][gc,stats    ]       Phase: Concurrent Reset Relocation Set               0.000 / 0.000         0.011 / 0.016         0.017 / 0.040         0.017 / 0.040       ms
[1920.575s][info   ][gc,stats    ]       Phase: Concurrent Select Relocation Set              0.000 / 0.000         7.149 / 8.229         6.788 / 15.302        6.788 / 15.302      ms
[1920.575s][info   ][gc,stats    ]       Phase: Pause Mark End                                0.000 / 0.000         0.049 / 0.052         0.099 / 0.333         0.099 / 0.333       ms
[1920.575s][info   ][gc,stats    ]       Phase: Pause Mark Start                              0.000 / 0.000         0.042 / 0.044         0.037 / 0.083         0.037 / 0.083       ms
[1920.575s][info   ][gc,stats    ]       Phase: Pause Relocate Start                          0.000 / 0.000         0.029 / 0.033         0.031 / 0.079         0.031 / 0.079       ms
[1920.575s][info   ][gc,stats    ]    Subphase: Concurrent Classes Purge                      0.000 / 0.000        14.428 / 28.821        4.322 / 28.821        4.322 / 28.821      ms
[1920.575s][info   ][gc,stats    ]    Subphase: Concurrent Classes Unlink                     0.000 / 0.000        27.290 / 31.967      185.184 / 1768.670    185.184 / 1768.670    ms
[1920.576s][info   ][gc,stats    ]    Subphase: Concurrent Mark                               0.000 / 0.000       188.732 / 207.949     364.248 / 1136.625    364.248 / 1136.625    ms
[1920.576s][info   ][gc,stats    ]    Subphase: Concurrent Mark Try Flush                     0.000 / 0.000         0.150 / 0.211        27.969 / 148.506      27.969 / 148.506     ms
[1920.576s][info   ][gc,stats    ]    Subphase: Concurrent Mark Try Terminate                 0.000 / 0.000         2.954 / 13.940        2.845 / 148.509       2.845 / 148.509     ms
[1920.576s][info   ][gc,stats    ]    Subphase: Concurrent References Enqueue                 0.000 / 0.000         0.013 / 0.017         0.012 / 0.017         0.012 / 0.017       ms
[1920.576s][info   ][gc,stats    ]    Subphase: Concurrent References Process                 0.000 / 0.000         1.238 / 1.710         0.817 / 2.501         0.817 / 2.501       ms
[1920.576s][info   ][gc,stats    ]    Subphase: Concurrent Roots ClassLoaderDataGraph         0.000 / 0.000         0.622 / 1.208         0.620 / 2.051         0.620 / 2.051       ms
[1920.577s][info   ][gc,stats    ]    Subphase: Concurrent Roots CodeCache                    0.000 / 0.000         0.000 / 0.000         0.000 / 0.000         0.000 / 0.000       ms
[1920.577s][info   ][gc,stats    ]    Subphase: Concurrent Roots JavaThreads                  0.000 / 0.000         4.627 / 5.309        65.454 / 475.340      65.454 / 475.340     ms
[1920.577s][info   ][gc,stats    ]    Subphase: Concurrent Roots OopStorageSet                0.000 / 0.000         0.358 / 0.505         0.227 / 0.708         0.227 / 0.708       ms
[1920.577s][info   ][gc,stats    ]    Subphase: Concurrent Weak Roots OopStorageSet           0.000 / 0.000         4.811 / 5.232         4.573 / 9.700         4.573 / 9.700       ms
[1920.577s][info   ][gc,stats    ]    Subphase: Pause Mark Try Complete                       0.000 / 0.000         0.000 / 0.000         0.053 / 0.195         0.053 / 0.195       ms
[1920.577s][info   ][gc,stats    ]      System: Java Threads                                      0 / 0                48 / 48               61 / 137              61 / 137         threads
[1920.578s][info   ][gc,stats    ] =========================================================================================================================================================
[1930.561s][info   ][gc,stats    ] === Garbage Collection Statistics =======================================================================================================================
[1930.561s][info   ][gc,stats    ]                                                              Last 10s              Last 10m              Last 10h                Total
[1930.561s][info   ][gc,stats    ]                                                              Avg / Max             Avg / Max             Avg / Max             Avg / Max
[1930.562s][info   ][gc,stats    ]   Collector: Garbage Collection Cycle                      0.000 / 0.000       270.779 / 298.767     788.730 / 3415.907    788.730 / 3415.907    ms
[1930.562s][info   ][gc,stats    ]  Contention: Mark Segment Reset Contention                     0 / 0                 0 / 2                 0 / 2                 0 / 2           ops/s
[1930.562s][info   ][gc,stats    ]  Contention: Mark SeqNum Reset Contention                      0 / 0                 0 / 0                 0 / 1                 0 / 1           ops/s
[1930.562s][info   ][gc,stats    ]    Critical: Allocation Stall                                  0 / 0                 0 / 0                 0 / 0                 0 / 0           ops/s
[1930.562s][info   ][gc,stats    ]    Critical: Allocation Stall                              0.000 / 0.000         0.000 / 0.000         0.000 / 0.000         0.000 / 0.000       ms
[1930.563s][info   ][gc,stats    ]    Critical: GC Locker Stall                                   0 / 0                 0 / 0                 0 / 0                 0 / 0           ops/s
[1930.563s][info   ][gc,stats    ]    Critical: GC Locker Stall                               0.000 / 0.000         0.000 / 0.000         0.000 / 0.000         0.000 / 0.000       ms
[1930.563s][info   ][gc,stats    ]    Critical: Relocation Stall                                  0 / 0                 0 / 0                 0 / 0                 0 / 0           ops/s
[1930.563s][info   ][gc,stats    ]    Critical: Relocation Stall                              0.000 / 0.000         0.000 / 0.000         0.000 / 0.000         0.000 / 0.000       ms
[1930.564s][info   ][gc,stats    ]      Memory: Allocation Rate                                   0 / 0                 0 / 10                1 / 68                1 / 68          MB/s
[1930.564s][info   ][gc,stats    ]      Memory: Defragment                                        0 / 0                 0 / 0                 0 / 0                 0 / 0           ops/s
[1930.564s][info   ][gc,stats    ]      Memory: Out Of Memory                                     0 / 0                 0 / 0                 0 / 0                 0 / 0           ops/s
[1930.564s][info   ][gc,stats    ]      Memory: Page Cache Flush                                  0 / 0                 0 / 0                 0 / 0                 0 / 0           MB/s
[1930.564s][info   ][gc,stats    ]      Memory: Page Cache Hit L1                                 0 / 0                 0 / 7                 0 / 30                0 / 30          ops/s
[1930.564s][info   ][gc,stats    ]      Memory: Page Cache Hit L2                                 0 / 0                 0 / 0                 0 / 0                 0 / 0           ops/s
[1930.564s][info   ][gc,stats    ]      Memory: Page Cache Hit L3                                 0 / 0                 0 / 0                 0 / 26                0 / 26          ops/s
[1930.564s][info   ][gc,stats    ]      Memory: Page Cache Miss                                   0 / 0                 0 / 0                 0 / 1                 0 / 1           ops/s
[1930.565s][info   ][gc,stats    ]      Memory: Uncommit                                          0 / 0                 0 / 0                 0 / 0                 0 / 0           MB/s
[1930.565s][info   ][gc,stats    ]      Memory: Undo Object Allocation Failed                     0 / 0                 0 / 0                 0 / 1                 0 / 1           ops/s
[1930.565s][info   ][gc,stats    ]      Memory: Undo Object Allocation Succeeded                  0 / 0                 0 / 0                 0 / 74                0 / 74          ops/s
[1930.565s][info   ][gc,stats    ]      Memory: Undo Page Allocation                              0 / 0                 0 / 0                 0 / 1                 0 / 1           ops/s
[1930.565s][info   ][gc,stats    ]       Phase: Concurrent Mark                               0.000 / 0.000       198.811 / 214.014     511.811 / 1491.398    511.811 / 1491.398    ms
[1930.565s][info   ][gc,stats    ]       Phase: Concurrent Mark Continue                      0.000 / 0.000         0.000 / 0.000         0.000 / 0.000         0.000 / 0.000       ms
[1930.565s][info   ][gc,stats    ]       Phase: Concurrent Mark Free                          0.000 / 0.000         0.001 / 0.002         0.002 / 0.004         0.002 / 0.004       ms
[1930.565s][info   ][gc,stats    ]       Phase: Concurrent Process Non-Strong References      0.000 / 0.000        48.303 / 68.136      211.833 / 1850.321    211.833 / 1850.321    ms
[1930.565s][info   ][gc,stats    ]       Phase: Concurrent Relocate                           0.000 / 0.000        14.054 / 19.993       15.445 / 33.849       15.445 / 33.849      ms
[1930.566s][info   ][gc,stats    ]       Phase: Concurrent Reset Relocation Set               0.000 / 0.000         0.011 / 0.016         0.017 / 0.040         0.017 / 0.040       ms
[1930.566s][info   ][gc,stats    ]       Phase: Concurrent Select Relocation Set              0.000 / 0.000         7.149 / 8.229         6.788 / 15.302        6.788 / 15.302      ms
[1930.566s][info   ][gc,stats    ]       Phase: Pause Mark End                                0.000 / 0.000         0.049 / 0.052         0.099 / 0.333         0.099 / 0.333       ms
[1930.566s][info   ][gc,stats    ]       Phase: Pause Mark Start                              0.000 / 0.000         0.042 / 0.044         0.037 / 0.083         0.037 / 0.083       ms
[1930.566s][info   ][gc,stats    ]       Phase: Pause Relocate Start                          0.000 / 0.000         0.029 / 0.033         0.031 / 0.079         0.031 / 0.079       ms
[1930.566s][info   ][gc,stats    ]    Subphase: Concurrent Classes Purge                      0.000 / 0.000        14.428 / 28.821        4.322 / 28.821        4.322 / 28.821      ms
[1930.567s][info   ][gc,stats    ]    Subphase: Concurrent Classes Unlink                     0.000 / 0.000        27.290 / 31.967      185.184 / 1768.670    185.184 / 1768.670    ms
[1930.567s][info   ][gc,stats    ]    Subphase: Concurrent Mark                               0.000 / 0.000       188.732 / 207.949     364.248 / 1136.625    364.248 / 1136.625    ms
[1930.569s][info   ][gc,stats    ]    Subphase: Concurrent Mark Try Flush                     0.000 / 0.000         0.150 / 0.211        27.969 / 148.506      27.969 / 148.506     ms
[1930.569s][info   ][gc,stats    ]    Subphase: Concurrent Mark Try Terminate                 0.000 / 0.000         2.954 / 13.940        2.845 / 148.509       2.845 / 148.509     ms
[1930.569s][info   ][gc,stats    ]    Subphase: Concurrent References Enqueue                 0.000 / 0.000         0.013 / 0.017         0.012 / 0.017         0.012 / 0.017       ms
[1930.569s][info   ][gc,stats    ]    Subphase: Concurrent References Process                 0.000 / 0.000         1.238 / 1.710         0.817 / 2.501         0.817 / 2.501       ms
[1930.569s][info   ][gc,stats    ]    Subphase: Concurrent Roots ClassLoaderDataGraph         0.000 / 0.000         0.622 / 1.208         0.620 / 2.051         0.620 / 2.051       ms
[1930.569s][info   ][gc,stats    ]    Subphase: Concurrent Roots CodeCache                    0.000 / 0.000         0.000 / 0.000         0.000 / 0.000         0.000 / 0.000       ms
[1930.569s][info   ][gc,stats    ]    Subphase: Concurrent Roots JavaThreads                  0.000 / 0.000         4.627 / 5.309        65.454 / 475.340      65.454 / 475.340     ms
[1930.570s][info   ][gc,stats    ]    Subphase: Concurrent Roots OopStorageSet                0.000 / 0.000         0.358 / 0.505         0.227 / 0.708         0.227 / 0.708       ms
[1930.570s][info   ][gc,stats    ]    Subphase: Concurrent Weak Roots OopStorageSet           0.000 / 0.000         4.811 / 5.232         4.573 / 9.700         4.573 / 9.700       ms
[1930.570s][info   ][gc,stats    ]    Subphase: Pause Mark Try Complete                       0.000 / 0.000         0.000 / 0.000         0.053 / 0.195         0.053 / 0.195       ms
[1930.570s][info   ][gc,stats    ]      System: Java Threads                                      0 / 0                48 / 48               61 / 137              61 / 137         threads
[1930.570s][info   ][gc,stats    ] =========================================================================================================================================================
[1940.571s][info   ][gc,stats    ] === Garbage Collection Statistics =======================================================================================================================
[1940.572s][info   ][gc,stats    ]                                                              Last 10s              Last 10m              Last 10h                Total
[1940.572s][info   ][gc,stats    ]                                                              Avg / Max             Avg / Max             Avg / Max             Avg / Max
[1940.572s][info   ][gc,stats    ]   Collector: Garbage Collection Cycle                      0.000 / 0.000       270.779 / 298.767     788.730 / 3415.907    788.730 / 3415.907    ms
[1940.572s][info   ][gc,stats    ]  Contention: Mark Segment Reset Contention                     0 / 0                 0 / 2                 0 / 2                 0 / 2           ops/s
[1940.572s][info   ][gc,stats    ]  Contention: Mark SeqNum Reset Contention                      0 / 0                 0 / 0                 0 / 1                 0 / 1           ops/s
[1940.572s][info   ][gc,stats    ]    Critical: Allocation Stall                                  0 / 0                 0 / 0                 0 / 0                 0 / 0           ops/s
[1940.573s][info   ][gc,stats    ]    Critical: Allocation Stall                              0.000 / 0.000         0.000 / 0.000         0.000 / 0.000         0.000 / 0.000       ms
[1940.573s][info   ][gc,stats    ]    Critical: GC Locker Stall                                   0 / 0                 0 / 0                 0 / 0                 0 / 0           ops/s
[1940.573s][info   ][gc,stats    ]    Critical: GC Locker Stall                               0.000 / 0.000         0.000 / 0.000         0.000 / 0.000         0.000 / 0.000       ms
[1940.573s][info   ][gc,stats    ]    Critical: Relocation Stall                                  0 / 0                 0 / 0                 0 / 0                 0 / 0           ops/s
[1940.573s][info   ][gc,stats    ]    Critical: Relocation Stall                              0.000 / 0.000         0.000 / 0.000         0.000 / 0.000         0.000 / 0.000       ms
[1940.573s][info   ][gc,stats    ]      Memory: Allocation Rate                                   0 / 2                 0 / 10                1 / 68                1 / 68          MB/s
[1940.574s][info   ][gc,stats    ]      Memory: Defragment                                        0 / 0                 0 / 0                 0 / 0                 0 / 0           ops/s
[1940.574s][info   ][gc,stats    ]      Memory: Out Of Memory                                     0 / 0                 0 / 0                 0 / 0                 0 / 0           ops/s
[1940.574s][info   ][gc,stats    ]      Memory: Page Cache Flush                                  0 / 0                 0 / 0                 0 / 0                 0 / 0           MB/s
[1940.574s][info   ][gc,stats    ]      Memory: Page Cache Hit L1                                 0 / 1                 0 / 7                 0 / 30                0 / 30          ops/s
[1940.574s][info   ][gc,stats    ]      Memory: Page Cache Hit L2                                 0 / 0                 0 / 0                 0 / 0                 0 / 0           ops/s
[1940.574s][info   ][gc,stats    ]      Memory: Page Cache Hit L3                                 0 / 0                 0 / 0                 0 / 26                0 / 26          ops/s
[1940.575s][info   ][gc,stats    ]      Memory: Page Cache Miss                                   0 / 0                 0 / 0                 0 / 1                 0 / 1           ops/s
[1940.575s][info   ][gc,stats    ]      Memory: Uncommit                                          0 / 0                 0 / 0                 0 / 0                 0 / 0           MB/s
[1940.575s][info   ][gc,stats    ]      Memory: Undo Object Allocation Failed                     0 / 0                 0 / 0                 0 / 1                 0 / 1           ops/s
[1940.575s][info   ][gc,stats    ]      Memory: Undo Object Allocation Succeeded                  0 / 0                 0 / 0                 0 / 74                0 / 74          ops/s
[1940.575s][info   ][gc,stats    ]      Memory: Undo Page Allocation                              0 / 0                 0 / 0                 0 / 1                 0 / 1           ops/s
[1940.576s][info   ][gc,stats    ]       Phase: Concurrent Mark                               0.000 / 0.000       198.811 / 214.014     511.811 / 1491.398    511.811 / 1491.398    ms
[1940.576s][info   ][gc,stats    ]       Phase: Concurrent Mark Continue                      0.000 / 0.000         0.000 / 0.000         0.000 / 0.000         0.000 / 0.000       ms
[1940.576s][info   ][gc,stats    ]       Phase: Concurrent Mark Free                          0.000 / 0.000         0.001 / 0.002         0.002 / 0.004         0.002 / 0.004       ms
[1940.576s][info   ][gc,stats    ]       Phase: Concurrent Process Non-Strong References      0.000 / 0.000        48.303 / 68.136      211.833 / 1850.321    211.833 / 1850.321    ms
[1940.577s][info   ][gc,stats    ]       Phase: Concurrent Relocate                           0.000 / 0.000        14.054 / 19.993       15.445 / 33.849       15.445 / 33.849      ms
[1940.577s][info   ][gc,stats    ]       Phase: Concurrent Reset Relocation Set               0.000 / 0.000         0.011 / 0.016         0.017 / 0.040         0.017 / 0.040       ms
[1940.577s][info   ][gc,stats    ]       Phase: Concurrent Select Relocation Set              0.000 / 0.000         7.149 / 8.229         6.788 / 15.302        6.788 / 15.302      ms
[1940.578s][info   ][gc,stats    ]       Phase: Pause Mark End                                0.000 / 0.000         0.049 / 0.052         0.099 / 0.333         0.099 / 0.333       ms
[1940.578s][info   ][gc,stats    ]       Phase: Pause Mark Start                              0.000 / 0.000         0.042 / 0.044         0.037 / 0.083         0.037 / 0.083       ms
[1940.578s][info   ][gc,stats    ]       Phase: Pause Relocate Start                          0.000 / 0.000         0.029 / 0.033         0.031 / 0.079         0.031 / 0.079       ms
[1940.578s][info   ][gc,stats    ]    Subphase: Concurrent Classes Purge                      0.000 / 0.000        14.428 / 28.821        4.322 / 28.821        4.322 / 28.821      ms
[1940.578s][info   ][gc,stats    ]    Subphase: Concurrent Classes Unlink                     0.000 / 0.000        27.290 / 31.967      185.184 / 1768.670    185.184 / 1768.670    ms
[1940.578s][info   ][gc,stats    ]    Subphase: Concurrent Mark                               0.000 / 0.000       188.732 / 207.949     364.248 / 1136.625    364.248 / 1136.625    ms
[1940.579s][info   ][gc,stats    ]    Subphase: Concurrent Mark Try Flush                     0.000 / 0.000         0.150 / 0.211        27.969 / 148.506      27.969 / 148.506     ms
[1940.579s][info   ][gc,stats    ]    Subphase: Concurrent Mark Try Terminate                 0.000 / 0.000         2.954 / 13.940        2.845 / 148.509       2.845 / 148.509     ms
[1940.579s][info   ][gc,stats    ]    Subphase: Concurrent References Enqueue                 0.000 / 0.000         0.013 / 0.017         0.012 / 0.017         0.012 / 0.017       ms
[1940.579s][info   ][gc,stats    ]    Subphase: Concurrent References Process                 0.000 / 0.000         1.238 / 1.710         0.817 / 2.501         0.817 / 2.501       ms
[1940.579s][info   ][gc,stats    ]    Subphase: Concurrent Roots ClassLoaderDataGraph         0.000 / 0.000         0.622 / 1.208         0.620 / 2.051         0.620 / 2.051       ms
[1940.579s][info   ][gc,stats    ]    Subphase: Concurrent Roots CodeCache                    0.000 / 0.000         0.000 / 0.000         0.000 / 0.000         0.000 / 0.000       ms
[1940.580s][info   ][gc,stats    ]    Subphase: Concurrent Roots JavaThreads                  0.000 / 0.000         4.627 / 5.309        65.454 / 475.340      65.454 / 475.340     ms
[1940.580s][info   ][gc,stats    ]    Subphase: Concurrent Roots OopStorageSet                0.000 / 0.000         0.358 / 0.505         0.227 / 0.708         0.227 / 0.708       ms
[1940.580s][info   ][gc,stats    ]    Subphase: Concurrent Weak Roots OopStorageSet           0.000 / 0.000         4.811 / 5.232         4.573 / 9.700         4.573 / 9.700       ms
[1940.580s][info   ][gc,stats    ]    Subphase: Pause Mark Try Complete                       0.000 / 0.000         0.000 / 0.000         0.053 / 0.195         0.053 / 0.195       ms
[1940.582s][info   ][gc,stats    ]      System: Java Threads                                      0 / 0                48 / 48               61 / 137              61 / 137         threads
[1940.582s][info   ][gc,stats    ] =========================================================================================================================================================
[1950.556s][info   ][gc,stats    ] === Garbage Collection Statistics =======================================================================================================================
[1950.556s][info   ][gc,stats    ]                                                              Last 10s              Last 10m              Last 10h                Total
[1950.556s][info   ][gc,stats    ]                                                              Avg / Max             Avg / Max             Avg / Max             Avg / Max
[1950.557s][info   ][gc,stats    ]   Collector: Garbage Collection Cycle                      0.000 / 0.000       270.779 / 298.767     788.730 / 3415.907    788.730 / 3415.907    ms
[1950.557s][info   ][gc,stats    ]  Contention: Mark Segment Reset Contention                     0 / 0                 0 / 2                 0 / 2                 0 / 2           ops/s
[1950.557s][info   ][gc,stats    ]  Contention: Mark SeqNum Reset Contention                      0 / 0                 0 / 0                 0 / 1                 0 / 1           ops/s
[1950.557s][info   ][gc,stats    ]    Critical: Allocation Stall                                  0 / 0                 0 / 0                 0 / 0                 0 / 0           ops/s
[1950.557s][info   ][gc,stats    ]    Critical: Allocation Stall                              0.000 / 0.000         0.000 / 0.000         0.000 / 0.000         0.000 / 0.000       ms
[1950.557s][info   ][gc,stats    ]    Critical: GC Locker Stall                                   0 / 0                 0 / 0                 0 / 0                 0 / 0           ops/s
[1950.557s][info   ][gc,stats    ]    Critical: GC Locker Stall                               0.000 / 0.000         0.000 / 0.000         0.000 / 0.000         0.000 / 0.000       ms
[1950.557s][info   ][gc,stats    ]    Critical: Relocation Stall                                  0 / 0                 0 / 0                 0 / 0                 0 / 0           ops/s
[1950.558s][info   ][gc,stats    ]    Critical: Relocation Stall                              0.000 / 0.000         0.000 / 0.000         0.000 / 0.000         0.000 / 0.000       ms
[1950.558s][info   ][gc,stats    ]      Memory: Allocation Rate                                   0 / 0                 0 / 10                1 / 68                1 / 68          MB/s
[1950.558s][info   ][gc,stats    ]      Memory: Defragment                                        0 / 0                 0 / 0                 0 / 0                 0 / 0           ops/s
[1950.559s][info   ][gc,stats    ]      Memory: Out Of Memory                                     0 / 0                 0 / 0                 0 / 0                 0 / 0           ops/s
[1950.559s][info   ][gc,stats    ]      Memory: Page Cache Flush                                  0 / 0                 0 / 0                 0 / 0                 0 / 0           MB/s
[1950.559s][info   ][gc,stats    ]      Memory: Page Cache Hit L1                                 0 / 0                 0 / 7                 0 / 30                0 / 30          ops/s
[1950.559s][info   ][gc,stats    ]      Memory: Page Cache Hit L2                                 0 / 0                 0 / 0                 0 / 0                 0 / 0           ops/s
[1950.560s][info   ][gc,stats    ]      Memory: Page Cache Hit L3                                 0 / 0                 0 / 0                 0 / 26                0 / 26          ops/s
[1950.560s][info   ][gc,stats    ]      Memory: Page Cache Miss                                   0 / 0                 0 / 0                 0 / 1                 0 / 1           ops/s
[1950.560s][info   ][gc,stats    ]      Memory: Uncommit                                          0 / 0                 0 / 0                 0 / 0                 0 / 0           MB/s
[1950.560s][info   ][gc,stats    ]      Memory: Undo Object Allocation Failed                     0 / 0                 0 / 0                 0 / 1                 0 / 1           ops/s
[1950.560s][info   ][gc,stats    ]      Memory: Undo Object Allocation Succeeded                  0 / 0                 0 / 0                 0 / 74                0 / 74          ops/s
[1950.560s][info   ][gc,stats    ]      Memory: Undo Page Allocation                              0 / 0                 0 / 0                 0 / 1                 0 / 1           ops/s
[1950.560s][info   ][gc,stats    ]       Phase: Concurrent Mark                               0.000 / 0.000       198.811 / 214.014     511.811 / 1491.398    511.811 / 1491.398    ms
[1950.560s][info   ][gc,stats    ]       Phase: Concurrent Mark Continue                      0.000 / 0.000         0.000 / 0.000         0.000 / 0.000         0.000 / 0.000       ms
[1950.560s][info   ][gc,stats    ]       Phase: Concurrent Mark Free                          0.000 / 0.000         0.001 / 0.002         0.002 / 0.004         0.002 / 0.004       ms
[1950.561s][info   ][gc,stats    ]       Phase: Concurrent Process Non-Strong References      0.000 / 0.000        48.303 / 68.136      211.833 / 1850.321    211.833 / 1850.321    ms
[1950.561s][info   ][gc,stats    ]       Phase: Concurrent Relocate                           0.000 / 0.000        14.054 / 19.993       15.445 / 33.849       15.445 / 33.849      ms
[1950.561s][info   ][gc,stats    ]       Phase: Concurrent Reset Relocation Set               0.000 / 0.000         0.011 / 0.016         0.017 / 0.040         0.017 / 0.040       ms
[1950.561s][info   ][gc,stats    ]       Phase: Concurrent Select Relocation Set              0.000 / 0.000         7.149 / 8.229         6.788 / 15.302        6.788 / 15.302      ms
[1950.561s][info   ][gc,stats    ]       Phase: Pause Mark End                                0.000 / 0.000         0.049 / 0.052         0.099 / 0.333         0.099 / 0.333       ms
[1950.561s][info   ][gc,stats    ]       Phase: Pause Mark Start                              0.000 / 0.000         0.042 / 0.044         0.037 / 0.083         0.037 / 0.083       ms
[1950.561s][info   ][gc,stats    ]       Phase: Pause Relocate Start                          0.000 / 0.000         0.029 / 0.033         0.031 / 0.079         0.031 / 0.079       ms
[1950.562s][info   ][gc,stats    ]    Subphase: Concurrent Classes Purge                      0.000 / 0.000        14.428 / 28.821        4.322 / 28.821        4.322 / 28.821      ms
[1950.562s][info   ][gc,stats    ]    Subphase: Concurrent Classes Unlink                     0.000 / 0.000        27.290 / 31.967      185.184 / 1768.670    185.184 / 1768.670    ms
[1950.562s][info   ][gc,stats    ]    Subphase: Concurrent Mark                               0.000 / 0.000       188.732 / 207.949     364.248 / 1136.625    364.248 / 1136.625    ms
[1950.562s][info   ][gc,stats    ]    Subphase: Concurrent Mark Try Flush                     0.000 / 0.000         0.150 / 0.211        27.969 / 148.506      27.969 / 148.506     ms
[1950.562s][info   ][gc,stats    ]    Subphase: Concurrent Mark Try Terminate                 0.000 / 0.000         2.954 / 13.940        2.845 / 148.509       2.845 / 148.509     ms
[1950.562s][info   ][gc,stats    ]    Subphase: Concurrent References Enqueue                 0.000 / 0.000         0.013 / 0.017         0.012 / 0.017         0.012 / 0.017       ms
[1950.562s][info   ][gc,stats    ]    Subphase: Concurrent References Process                 0.000 / 0.000         1.238 / 1.710         0.817 / 2.501         0.817 / 2.501       ms
[1950.563s][info   ][gc,stats    ]    Subphase: Concurrent Roots ClassLoaderDataGraph         0.000 / 0.000         0.622 / 1.208         0.620 / 2.051         0.620 / 2.051       ms
[1950.563s][info   ][gc,stats    ]    Subphase: Concurrent Roots CodeCache                    0.000 / 0.000         0.000 / 0.000         0.000 / 0.000         0.000 / 0.000       ms
[1950.563s][info   ][gc,stats    ]    Subphase: Concurrent Roots JavaThreads                  0.000 / 0.000         4.627 / 5.309        65.454 / 475.340      65.454 / 475.340     ms
[1950.563s][info   ][gc,stats    ]    Subphase: Concurrent Roots OopStorageSet                0.000 / 0.000         0.358 / 0.505         0.227 / 0.708         0.227 / 0.708       ms
[1950.563s][info   ][gc,stats    ]    Subphase: Concurrent Weak Roots OopStorageSet           0.000 / 0.000         4.811 / 5.232         4.573 / 9.700         4.573 / 9.700       ms
[1950.563s][info   ][gc,stats    ]    Subphase: Pause Mark Try Complete                       0.000 / 0.000         0.000 / 0.000         0.053 / 0.195         0.053 / 0.195       ms
[1950.563s][info   ][gc,stats    ]      System: Java Threads                                      0 / 0                48 / 48               61 / 137              61 / 137         threads
[1950.563s][info   ][gc,stats    ] =========================================================================================================================================================
[1960.561s][info   ][gc,stats    ] === Garbage Collection Statistics =======================================================================================================================
[1960.562s][info   ][gc,stats    ]                                                              Last 10s              Last 10m              Last 10h                Total
[1960.562s][info   ][gc,stats    ]                                                              Avg / Max             Avg / Max             Avg / Max             Avg / Max
[1960.563s][info   ][gc,stats    ]   Collector: Garbage Collection Cycle                      0.000 / 0.000       270.779 / 298.767     788.730 / 3415.907    788.730 / 3415.907    ms
[1960.563s][info   ][gc,stats    ]  Contention: Mark Segment Reset Contention                     0 / 0                 0 / 2                 0 / 2                 0 / 2           ops/s
[1960.564s][info   ][gc,stats    ]  Contention: Mark SeqNum Reset Contention                      0 / 0                 0 / 0                 0 / 1                 0 / 1           ops/s
[1960.564s][info   ][gc,stats    ]    Critical: Allocation Stall                                  0 / 0                 0 / 0                 0 / 0                 0 / 0           ops/s
[1960.564s][info   ][gc,stats    ]    Critical: Allocation Stall                              0.000 / 0.000         0.000 / 0.000         0.000 / 0.000         0.000 / 0.000       ms
[1960.564s][info   ][gc,stats    ]    Critical: GC Locker Stall                                   0 / 0                 0 / 0                 0 / 0                 0 / 0           ops/s
[1960.564s][info   ][gc,stats    ]    Critical: GC Locker Stall                               0.000 / 0.000         0.000 / 0.000         0.000 / 0.000         0.000 / 0.000       ms
[1960.565s][info   ][gc,stats    ]    Critical: Relocation Stall                                  0 / 0                 0 / 0                 0 / 0                 0 / 0           ops/s
[1960.565s][info   ][gc,stats    ]    Critical: Relocation Stall                              0.000 / 0.000         0.000 / 0.000         0.000 / 0.000         0.000 / 0.000       ms
[1960.565s][info   ][gc,stats    ]      Memory: Allocation Rate                                   0 / 0                 0 / 10                1 / 68                1 / 68          MB/s
[1960.565s][info   ][gc,stats    ]      Memory: Defragment                                        0 / 0                 0 / 0                 0 / 0                 0 / 0           ops/s
[1960.565s][info   ][gc,stats    ]      Memory: Out Of Memory                                     0 / 0                 0 / 0                 0 / 0                 0 / 0           ops/s
[1960.566s][info   ][gc,stats    ]      Memory: Page Cache Flush                                  0 / 0                 0 / 0                 0 / 0                 0 / 0           MB/s
[1960.566s][info   ][gc,stats    ]      Memory: Page Cache Hit L1                                 0 / 0                 0 / 7                 0 / 30                0 / 30          ops/s
[1960.566s][info   ][gc,stats    ]      Memory: Page Cache Hit L2                                 0 / 0                 0 / 0                 0 / 0                 0 / 0           ops/s
[1960.566s][info   ][gc,stats    ]      Memory: Page Cache Hit L3                                 0 / 0                 0 / 0                 0 / 26                0 / 26          ops/s
[1960.566s][info   ][gc,stats    ]      Memory: Page Cache Miss                                   0 / 0                 0 / 0                 0 / 1                 0 / 1           ops/s
[1960.566s][info   ][gc,stats    ]      Memory: Uncommit                                          0 / 0                 0 / 0                 0 / 0                 0 / 0           MB/s
[1960.566s][info   ][gc,stats    ]      Memory: Undo Object Allocation Failed                     0 / 0                 0 / 0                 0 / 1                 0 / 1           ops/s
[1960.567s][info   ][gc,stats    ]      Memory: Undo Object Allocation Succeeded                  0 / 0                 0 / 0                 0 / 74                0 / 74          ops/s
[1960.567s][info   ][gc,stats    ]      Memory: Undo Page Allocation                              0 / 0                 0 / 0                 0 / 1                 0 / 1           ops/s
[1960.567s][info   ][gc,stats    ]       Phase: Concurrent Mark                               0.000 / 0.000       198.811 / 214.014     511.811 / 1491.398    511.811 / 1491.398    ms
[1960.567s][info   ][gc,stats    ]       Phase: Concurrent Mark Continue                      0.000 / 0.000         0.000 / 0.000         0.000 / 0.000         0.000 / 0.000       ms
[1960.567s][info   ][gc,stats    ]       Phase: Concurrent Mark Free                          0.000 / 0.000         0.001 / 0.002         0.002 / 0.004         0.002 / 0.004       ms
[1960.568s][info   ][gc,stats    ]       Phase: Concurrent Process Non-Strong References      0.000 / 0.000        48.303 / 68.136      211.833 / 1850.321    211.833 / 1850.321    ms
[1960.568s][info   ][gc,stats    ]       Phase: Concurrent Relocate                           0.000 / 0.000        14.054 / 19.993       15.445 / 33.849       15.445 / 33.849      ms
[1960.568s][info   ][gc,stats    ]       Phase: Concurrent Reset Relocation Set               0.000 / 0.000         0.011 / 0.016         0.017 / 0.040         0.017 / 0.040       ms
[1960.568s][info   ][gc,stats    ]       Phase: Concurrent Select Relocation Set              0.000 / 0.000         7.149 / 8.229         6.788 / 15.302        6.788 / 15.302      ms
[1960.568s][info   ][gc,stats    ]       Phase: Pause Mark End                                0.000 / 0.000         0.049 / 0.052         0.099 / 0.333         0.099 / 0.333       ms
[1960.568s][info   ][gc,stats    ]       Phase: Pause Mark Start                              0.000 / 0.000         0.042 / 0.044         0.037 / 0.083         0.037 / 0.083       ms
[1960.568s][info   ][gc,stats    ]       Phase: Pause Relocate Start                          0.000 / 0.000         0.029 / 0.033         0.031 / 0.079         0.031 / 0.079       ms
[1960.568s][info   ][gc,stats    ]    Subphase: Concurrent Classes Purge                      0.000 / 0.000        14.428 / 28.821        4.322 / 28.821        4.322 / 28.821      ms
[1960.568s][info   ][gc,stats    ]    Subphase: Concurrent Classes Unlink                     0.000 / 0.000        27.290 / 31.967      185.184 / 1768.670    185.184 / 1768.670    ms
[1960.569s][info   ][gc,stats    ]    Subphase: Concurrent Mark                               0.000 / 0.000       188.732 / 207.949     364.248 / 1136.625    364.248 / 1136.625    ms
[1960.569s][info   ][gc,stats    ]    Subphase: Concurrent Mark Try Flush                     0.000 / 0.000         0.150 / 0.211        27.969 / 148.506      27.969 / 148.506     ms
[1960.569s][info   ][gc,stats    ]    Subphase: Concurrent Mark Try Terminate                 0.000 / 0.000         2.954 / 13.940        2.845 / 148.509       2.845 / 148.509     ms
[1960.569s][info   ][gc,stats    ]    Subphase: Concurrent References Enqueue                 0.000 / 0.000         0.013 / 0.017         0.012 / 0.017         0.012 / 0.017       ms
[1960.570s][info   ][gc,stats    ]    Subphase: Concurrent References Process                 0.000 / 0.000         1.238 / 1.710         0.817 / 2.501         0.817 / 2.501       ms
[1960.570s][info   ][gc,stats    ]    Subphase: Concurrent Roots ClassLoaderDataGraph         0.000 / 0.000         0.622 / 1.208         0.620 / 2.051         0.620 / 2.051       ms
[1960.570s][info   ][gc,stats    ]    Subphase: Concurrent Roots CodeCache                    0.000 / 0.000         0.000 / 0.000         0.000 / 0.000         0.000 / 0.000       ms
[1960.570s][info   ][gc,stats    ]    Subphase: Concurrent Roots JavaThreads                  0.000 / 0.000         4.627 / 5.309        65.454 / 475.340      65.454 / 475.340     ms
[1960.570s][info   ][gc,stats    ]    Subphase: Concurrent Roots OopStorageSet                0.000 / 0.000         0.358 / 0.505         0.227 / 0.708         0.227 / 0.708       ms
[1960.570s][info   ][gc,stats    ]    Subphase: Concurrent Weak Roots OopStorageSet           0.000 / 0.000         4.811 / 5.232         4.573 / 9.700         4.573 / 9.700       ms
[1960.571s][info   ][gc,stats    ]    Subphase: Pause Mark Try Complete                       0.000 / 0.000         0.000 / 0.000         0.053 / 0.195         0.053 / 0.195       ms
[1960.571s][info   ][gc,stats    ]      System: Java Threads                                      0 / 0                48 / 48               61 / 137              61 / 137         threads
[1960.571s][info   ][gc,stats    ] =========================================================================================================================================================
[1970.562s][info   ][gc,stats    ] === Garbage Collection Statistics =======================================================================================================================
[1970.563s][info   ][gc,stats    ]                                                              Last 10s              Last 10m              Last 10h                Total
[1970.563s][info   ][gc,stats    ]                                                              Avg / Max             Avg / Max             Avg / Max             Avg / Max
[1970.563s][info   ][gc,stats    ]   Collector: Garbage Collection Cycle                      0.000 / 0.000       270.779 / 298.767     788.730 / 3415.907    788.730 / 3415.907    ms
[1970.563s][info   ][gc,stats    ]  Contention: Mark Segment Reset Contention                     0 / 0                 0 / 2                 0 / 2                 0 / 2           ops/s
[1970.563s][info   ][gc,stats    ]  Contention: Mark SeqNum Reset Contention                      0 / 0                 0 / 0                 0 / 1                 0 / 1           ops/s
[1970.563s][info   ][gc,stats    ]    Critical: Allocation Stall                                  0 / 0                 0 / 0                 0 / 0                 0 / 0           ops/s
[1970.563s][info   ][gc,stats    ]    Critical: Allocation Stall                              0.000 / 0.000         0.000 / 0.000         0.000 / 0.000         0.000 / 0.000       ms
[1970.564s][info   ][gc,stats    ]    Critical: GC Locker Stall                                   0 / 0                 0 / 0                 0 / 0                 0 / 0           ops/s
[1970.564s][info   ][gc,stats    ]    Critical: GC Locker Stall                               0.000 / 0.000         0.000 / 0.000         0.000 / 0.000         0.000 / 0.000       ms
[1970.564s][info   ][gc,stats    ]    Critical: Relocation Stall                                  0 / 0                 0 / 0                 0 / 0                 0 / 0           ops/s
[1970.564s][info   ][gc,stats    ]    Critical: Relocation Stall                              0.000 / 0.000         0.000 / 0.000         0.000 / 0.000         0.000 / 0.000       ms
[1970.564s][info   ][gc,stats    ]      Memory: Allocation Rate                                   0 / 2                 0 / 10                1 / 68                1 / 68          MB/s
[1970.564s][info   ][gc,stats    ]      Memory: Defragment                                        0 / 0                 0 / 0                 0 / 0                 0 / 0           ops/s
[1970.564s][info   ][gc,stats    ]      Memory: Out Of Memory                                     0 / 0                 0 / 0                 0 / 0                 0 / 0           ops/s
[1970.564s][info   ][gc,stats    ]      Memory: Page Cache Flush                                  0 / 0                 0 / 0                 0 / 0                 0 / 0           MB/s
[1970.564s][info   ][gc,stats    ]      Memory: Page Cache Hit L1                                 0 / 1                 0 / 7                 0 / 30                0 / 30          ops/s
[1970.564s][info   ][gc,stats    ]      Memory: Page Cache Hit L2                                 0 / 0                 0 / 0                 0 / 0                 0 / 0           ops/s
[1970.564s][info   ][gc,stats    ]      Memory: Page Cache Hit L3                                 0 / 0                 0 / 0                 0 / 26                0 / 26          ops/s
[1970.564s][info   ][gc,stats    ]      Memory: Page Cache Miss                                   0 / 0                 0 / 0                 0 / 1                 0 / 1           ops/s
[1970.564s][info   ][gc,stats    ]      Memory: Uncommit                                          0 / 0                 0 / 0                 0 / 0                 0 / 0           MB/s
[1970.564s][info   ][gc,stats    ]      Memory: Undo Object Allocation Failed                     0 / 0                 0 / 0                 0 / 1                 0 / 1           ops/s
[1970.564s][info   ][gc,stats    ]      Memory: Undo Object Allocation Succeeded                  0 / 0                 0 / 0                 0 / 74                0 / 74          ops/s
[1970.565s][info   ][gc,stats    ]      Memory: Undo Page Allocation                              0 / 0                 0 / 0                 0 / 1                 0 / 1           ops/s
[1970.565s][info   ][gc,stats    ]       Phase: Concurrent Mark                               0.000 / 0.000       198.811 / 214.014     511.811 / 1491.398    511.811 / 1491.398    ms
[1970.565s][info   ][gc,stats    ]       Phase: Concurrent Mark Continue                      0.000 / 0.000         0.000 / 0.000         0.000 / 0.000         0.000 / 0.000       ms
[1970.565s][info   ][gc,stats    ]       Phase: Concurrent Mark Free                          0.000 / 0.000         0.001 / 0.002         0.002 / 0.004         0.002 / 0.004       ms
[1970.565s][info   ][gc,stats    ]       Phase: Concurrent Process Non-Strong References      0.000 / 0.000        48.303 / 68.136      211.833 / 1850.321    211.833 / 1850.321    ms
[1970.565s][info   ][gc,stats    ]       Phase: Concurrent Relocate                           0.000 / 0.000        14.054 / 19.993       15.445 / 33.849       15.445 / 33.849      ms
[1970.565s][info   ][gc,stats    ]       Phase: Concurrent Reset Relocation Set               0.000 / 0.000         0.011 / 0.016         0.017 / 0.040         0.017 / 0.040       ms
[1970.565s][info   ][gc,stats    ]       Phase: Concurrent Select Relocation Set              0.000 / 0.000         7.149 / 8.229         6.788 / 15.302        6.788 / 15.302      ms
[1970.565s][info   ][gc,stats    ]       Phase: Pause Mark End                                0.000 / 0.000         0.049 / 0.052         0.099 / 0.333         0.099 / 0.333       ms
[1970.565s][info   ][gc,stats    ]       Phase: Pause Mark Start                              0.000 / 0.000         0.042 / 0.044         0.037 / 0.083         0.037 / 0.083       ms
[1970.565s][info   ][gc,stats    ]       Phase: Pause Relocate Start                          0.000 / 0.000         0.029 / 0.033         0.031 / 0.079         0.031 / 0.079       ms
[1970.565s][info   ][gc,stats    ]    Subphase: Concurrent Classes Purge                      0.000 / 0.000        14.428 / 28.821        4.322 / 28.821        4.322 / 28.821      ms
[1970.565s][info   ][gc,stats    ]    Subphase: Concurrent Classes Unlink                     0.000 / 0.000        27.290 / 31.967      185.184 / 1768.670    185.184 / 1768.670    ms
[1970.565s][info   ][gc,stats    ]    Subphase: Concurrent Mark                               0.000 / 0.000       188.732 / 207.949     364.248 / 1136.625    364.248 / 1136.625    ms
[1970.565s][info   ][gc,stats    ]    Subphase: Concurrent Mark Try Flush                     0.000 / 0.000         0.150 / 0.211        27.969 / 148.506      27.969 / 148.506     ms
[1970.566s][info   ][gc,stats    ]    Subphase: Concurrent Mark Try Terminate                 0.000 / 0.000         2.954 / 13.940        2.845 / 148.509       2.845 / 148.509     ms
[1970.566s][info   ][gc,stats    ]    Subphase: Concurrent References Enqueue                 0.000 / 0.000         0.013 / 0.017         0.012 / 0.017         0.012 / 0.017       ms
[1970.566s][info   ][gc,stats    ]    Subphase: Concurrent References Process                 0.000 / 0.000         1.238 / 1.710         0.817 / 2.501         0.817 / 2.501       ms
[1970.566s][info   ][gc,stats    ]    Subphase: Concurrent Roots ClassLoaderDataGraph         0.000 / 0.000         0.622 / 1.208         0.620 / 2.051         0.620 / 2.051       ms
[1970.566s][info   ][gc,stats    ]    Subphase: Concurrent Roots CodeCache                    0.000 / 0.000         0.000 / 0.000         0.000 / 0.000         0.000 / 0.000       ms
[1970.566s][info   ][gc,stats    ]    Subphase: Concurrent Roots JavaThreads                  0.000 / 0.000         4.627 / 5.309        65.454 / 475.340      65.454 / 475.340     ms
[1970.566s][info   ][gc,stats    ]    Subphase: Concurrent Roots OopStorageSet                0.000 / 0.000         0.358 / 0.505         0.227 / 0.708         0.227 / 0.708       ms
[1970.566s][info   ][gc,stats    ]    Subphase: Concurrent Weak Roots OopStorageSet           0.000 / 0.000         4.811 / 5.232         4.573 / 9.700         4.573 / 9.700       ms
[1970.566s][info   ][gc,stats    ]    Subphase: Pause Mark Try Complete                       0.000 / 0.000         0.000 / 0.000         0.053 / 0.195         0.053 / 0.195       ms
[1970.566s][info   ][gc,stats    ]      System: Java Threads                                      0 / 0                48 / 48               61 / 137              61 / 137         threads
[1970.566s][info   ][gc,stats    ] =========================================================================================================================================================
[1980.560s][info   ][gc,stats    ] === Garbage Collection Statistics =======================================================================================================================
[1980.560s][info   ][gc,stats    ]                                                              Last 10s              Last 10m              Last 10h                Total
[1980.560s][info   ][gc,stats    ]                                                              Avg / Max             Avg / Max             Avg / Max             Avg / Max
[1980.561s][info   ][gc,stats    ]   Collector: Garbage Collection Cycle                      0.000 / 0.000       270.779 / 298.767     788.730 / 3415.907    788.730 / 3415.907    ms
[1980.561s][info   ][gc,stats    ]  Contention: Mark Segment Reset Contention                     0 / 0                 0 / 2                 0 / 2                 0 / 2           ops/s
[1980.561s][info   ][gc,stats    ]  Contention: Mark SeqNum Reset Contention                      0 / 0                 0 / 0                 0 / 1                 0 / 1           ops/s
[1980.561s][info   ][gc,stats    ]    Critical: Allocation Stall                                  0 / 0                 0 / 0                 0 / 0                 0 / 0           ops/s
[1980.561s][info   ][gc,stats    ]    Critical: Allocation Stall                              0.000 / 0.000         0.000 / 0.000         0.000 / 0.000         0.000 / 0.000       ms
[1980.561s][info   ][gc,stats    ]    Critical: GC Locker Stall                                   0 / 0                 0 / 0                 0 / 0                 0 / 0           ops/s
[1980.562s][info   ][gc,stats    ]    Critical: GC Locker Stall                               0.000 / 0.000         0.000 / 0.000         0.000 / 0.000         0.000 / 0.000       ms
[1980.562s][info   ][gc,stats    ]    Critical: Relocation Stall                                  0 / 0                 0 / 0                 0 / 0                 0 / 0           ops/s
[1980.562s][info   ][gc,stats    ]    Critical: Relocation Stall                              0.000 / 0.000         0.000 / 0.000         0.000 / 0.000         0.000 / 0.000       ms
[1980.563s][info   ][gc,stats    ]      Memory: Allocation Rate                                   0 / 0                 0 / 10                1 / 68                1 / 68          MB/s
[1980.563s][info   ][gc,stats    ]      Memory: Defragment                                        0 / 0                 0 / 0                 0 / 0                 0 / 0           ops/s
[1980.563s][info   ][gc,stats    ]      Memory: Out Of Memory                                     0 / 0                 0 / 0                 0 / 0                 0 / 0           ops/s
[1980.563s][info   ][gc,stats    ]      Memory: Page Cache Flush                                  0 / 0                 0 / 0                 0 / 0                 0 / 0           MB/s
[1980.564s][info   ][gc,stats    ]      Memory: Page Cache Hit L1                                 0 / 0                 0 / 7                 0 / 30                0 / 30          ops/s
[1980.564s][info   ][gc,stats    ]      Memory: Page Cache Hit L2                                 0 / 0                 0 / 0                 0 / 0                 0 / 0           ops/s
[1980.564s][info   ][gc,stats    ]      Memory: Page Cache Hit L3                                 0 / 0                 0 / 0                 0 / 26                0 / 26          ops/s
[1980.564s][info   ][gc,stats    ]      Memory: Page Cache Miss                                   0 / 0                 0 / 0                 0 / 1                 0 / 1           ops/s
[1980.564s][info   ][gc,stats    ]      Memory: Uncommit                                          0 / 0                 0 / 0                 0 / 0                 0 / 0           MB/s
[1980.564s][info   ][gc,stats    ]      Memory: Undo Object Allocation Failed                     0 / 0                 0 / 0                 0 / 1                 0 / 1           ops/s
[1980.564s][info   ][gc,stats    ]      Memory: Undo Object Allocation Succeeded                  0 / 0                 0 / 0                 0 / 74                0 / 74          ops/s
[1980.564s][info   ][gc,stats    ]      Memory: Undo Page Allocation                              0 / 0                 0 / 0                 0 / 1                 0 / 1           ops/s
[1980.564s][info   ][gc,stats    ]       Phase: Concurrent Mark                               0.000 / 0.000       198.811 / 214.014     511.811 / 1491.398    511.811 / 1491.398    ms
[1980.564s][info   ][gc,stats    ]       Phase: Concurrent Mark Continue                      0.000 / 0.000         0.000 / 0.000         0.000 / 0.000         0.000 / 0.000       ms
[1980.564s][info   ][gc,stats    ]       Phase: Concurrent Mark Free                          0.000 / 0.000         0.001 / 0.002         0.002 / 0.004         0.002 / 0.004       ms
[1980.564s][info   ][gc,stats    ]       Phase: Concurrent Process Non-Strong References      0.000 / 0.000        48.303 / 68.136      211.833 / 1850.321    211.833 / 1850.321    ms
[1980.564s][info   ][gc,stats    ]       Phase: Concurrent Relocate                           0.000 / 0.000        14.054 / 19.993       15.445 / 33.849       15.445 / 33.849      ms
[1980.565s][info   ][gc,stats    ]       Phase: Concurrent Reset Relocation Set               0.000 / 0.000         0.011 / 0.016         0.017 / 0.040         0.017 / 0.040       ms
[1980.565s][info   ][gc,stats    ]       Phase: Concurrent Select Relocation Set              0.000 / 0.000         7.149 / 8.229         6.788 / 15.302        6.788 / 15.302      ms
[1980.565s][info   ][gc,stats    ]       Phase: Pause Mark End                                0.000 / 0.000         0.049 / 0.052         0.099 / 0.333         0.099 / 0.333       ms
[1980.565s][info   ][gc,stats    ]       Phase: Pause Mark Start                              0.000 / 0.000         0.042 / 0.044         0.037 / 0.083         0.037 / 0.083       ms
[1980.565s][info   ][gc,stats    ]       Phase: Pause Relocate Start                          0.000 / 0.000         0.029 / 0.033         0.031 / 0.079         0.031 / 0.079       ms
[1980.565s][info   ][gc,stats    ]    Subphase: Concurrent Classes Purge                      0.000 / 0.000        14.428 / 28.821        4.322 / 28.821        4.322 / 28.821      ms
[1980.565s][info   ][gc,stats    ]    Subphase: Concurrent Classes Unlink                     0.000 / 0.000        27.290 / 31.967      185.184 / 1768.670    185.184 / 1768.670    ms
[1980.565s][info   ][gc,stats    ]    Subphase: Concurrent Mark                               0.000 / 0.000       188.732 / 207.949     364.248 / 1136.625    364.248 / 1136.625    ms
[1980.565s][info   ][gc,stats    ]    Subphase: Concurrent Mark Try Flush                     0.000 / 0.000         0.150 / 0.211        27.969 / 148.506      27.969 / 148.506     ms
[1980.566s][info   ][gc,stats    ]    Subphase: Concurrent Mark Try Terminate                 0.000 / 0.000         2.954 / 13.940        2.845 / 148.509       2.845 / 148.509     ms
[1980.566s][info   ][gc,stats    ]    Subphase: Concurrent References Enqueue                 0.000 / 0.000         0.013 / 0.017         0.012 / 0.017         0.012 / 0.017       ms
[1980.566s][info   ][gc,stats    ]    Subphase: Concurrent References Process                 0.000 / 0.000         1.238 / 1.710         0.817 / 2.501         0.817 / 2.501       ms
[1980.566s][info   ][gc,stats    ]    Subphase: Concurrent Roots ClassLoaderDataGraph         0.000 / 0.000         0.622 / 1.208         0.620 / 2.051         0.620 / 2.051       ms
[1980.566s][info   ][gc,stats    ]    Subphase: Concurrent Roots CodeCache                    0.000 / 0.000         0.000 / 0.000         0.000 / 0.000         0.000 / 0.000       ms
[1980.566s][info   ][gc,stats    ]    Subphase: Concurrent Roots JavaThreads                  0.000 / 0.000         4.627 / 5.309        65.454 / 475.340      65.454 / 475.340     ms
[1980.566s][info   ][gc,stats    ]    Subphase: Concurrent Roots OopStorageSet                0.000 / 0.000         0.358 / 0.505         0.227 / 0.708         0.227 / 0.708       ms
[1980.567s][info   ][gc,stats    ]    Subphase: Concurrent Weak Roots OopStorageSet           0.000 / 0.000         4.811 / 5.232         4.573 / 9.700         4.573 / 9.700       ms
[1980.567s][info   ][gc,stats    ]    Subphase: Pause Mark Try Complete                       0.000 / 0.000         0.000 / 0.000         0.053 / 0.195         0.053 / 0.195       ms
[1980.567s][info   ][gc,stats    ]      System: Java Threads                                      0 / 0                48 / 48               61 / 137              61 / 137         threads
[1980.567s][info   ][gc,stats    ] =========================================================================================================================================================
[1990.570s][info   ][gc,stats    ] === Garbage Collection Statistics =======================================================================================================================
[1990.571s][info   ][gc,stats    ]                                                              Last 10s              Last 10m              Last 10h                Total
[1990.571s][info   ][gc,stats    ]                                                              Avg / Max             Avg / Max             Avg / Max             Avg / Max
[1990.571s][info   ][gc,stats    ]   Collector: Garbage Collection Cycle                      0.000 / 0.000       270.779 / 298.767     788.730 / 3415.907    788.730 / 3415.907    ms
[1990.572s][info   ][gc,stats    ]  Contention: Mark Segment Reset Contention                     0 / 0                 0 / 2                 0 / 2                 0 / 2           ops/s
[1990.572s][info   ][gc,stats    ]  Contention: Mark SeqNum Reset Contention                      0 / 0                 0 / 0                 0 / 1                 0 / 1           ops/s
[1990.572s][info   ][gc,stats    ]    Critical: Allocation Stall                                  0 / 0                 0 / 0                 0 / 0                 0 / 0           ops/s
[1990.572s][info   ][gc,stats    ]    Critical: Allocation Stall                              0.000 / 0.000         0.000 / 0.000         0.000 / 0.000         0.000 / 0.000       ms
[1990.572s][info   ][gc,stats    ]    Critical: GC Locker Stall                                   0 / 0                 0 / 0                 0 / 0                 0 / 0           ops/s
[1990.572s][info   ][gc,stats    ]    Critical: GC Locker Stall                               0.000 / 0.000         0.000 / 0.000         0.000 / 0.000         0.000 / 0.000       ms
[1990.572s][info   ][gc,stats    ]    Critical: Relocation Stall                                  0 / 0                 0 / 0                 0 / 0                 0 / 0           ops/s
[1990.573s][info   ][gc,stats    ]    Critical: Relocation Stall                              0.000 / 0.000         0.000 / 0.000         0.000 / 0.000         0.000 / 0.000       ms
[1990.573s][info   ][gc,stats    ]      Memory: Allocation Rate                                   0 / 0                 0 / 10                1 / 68                1 / 68          MB/s
[1990.573s][info   ][gc,stats    ]      Memory: Defragment                                        0 / 0                 0 / 0                 0 / 0                 0 / 0           ops/s
[1990.573s][info   ][gc,stats    ]      Memory: Out Of Memory                                     0 / 0                 0 / 0                 0 / 0                 0 / 0           ops/s
[1990.573s][info   ][gc,stats    ]      Memory: Page Cache Flush                                  0 / 0                 0 / 0                 0 / 0                 0 / 0           MB/s
[1990.573s][info   ][gc,stats    ]      Memory: Page Cache Hit L1                                 0 / 0                 0 / 7                 0 / 30                0 / 30          ops/s
[1990.573s][info   ][gc,stats    ]      Memory: Page Cache Hit L2                                 0 / 0                 0 / 0                 0 / 0                 0 / 0           ops/s
[1990.574s][info   ][gc,stats    ]      Memory: Page Cache Hit L3                                 0 / 0                 0 / 0                 0 / 26                0 / 26          ops/s
[1990.574s][info   ][gc,stats    ]      Memory: Page Cache Miss                                   0 / 0                 0 / 0                 0 / 1                 0 / 1           ops/s
[1990.574s][info   ][gc,stats    ]      Memory: Uncommit                                          0 / 0                 0 / 0                 0 / 0                 0 / 0           MB/s
[1990.574s][info   ][gc,stats    ]      Memory: Undo Object Allocation Failed                     0 / 0                 0 / 0                 0 / 1                 0 / 1           ops/s
[1990.575s][info   ][gc,stats    ]      Memory: Undo Object Allocation Succeeded                  0 / 0                 0 / 0                 0 / 74                0 / 74          ops/s
[1990.575s][info   ][gc,stats    ]      Memory: Undo Page Allocation                              0 / 0                 0 / 0                 0 / 1                 0 / 1           ops/s
[1990.575s][info   ][gc,stats    ]       Phase: Concurrent Mark                               0.000 / 0.000       198.811 / 214.014     511.811 / 1491.398    511.811 / 1491.398    ms
[1990.575s][info   ][gc,stats    ]       Phase: Concurrent Mark Continue                      0.000 / 0.000         0.000 / 0.000         0.000 / 0.000         0.000 / 0.000       ms
[1990.575s][info   ][gc,stats    ]       Phase: Concurrent Mark Free                          0.000 / 0.000         0.001 / 0.002         0.002 / 0.004         0.002 / 0.004       ms
[1990.576s][info   ][gc,stats    ]       Phase: Concurrent Process Non-Strong References      0.000 / 0.000        48.303 / 68.136      211.833 / 1850.321    211.833 / 1850.321    ms
[1990.576s][info   ][gc,stats    ]       Phase: Concurrent Relocate                           0.000 / 0.000        14.054 / 19.993       15.445 / 33.849       15.445 / 33.849      ms
[1990.576s][info   ][gc,stats    ]       Phase: Concurrent Reset Relocation Set               0.000 / 0.000         0.011 / 0.016         0.017 / 0.040         0.017 / 0.040       ms
[1990.576s][info   ][gc,stats    ]       Phase: Concurrent Select Relocation Set              0.000 / 0.000         7.149 / 8.229         6.788 / 15.302        6.788 / 15.302      ms
[1990.576s][info   ][gc,stats    ]       Phase: Pause Mark End                                0.000 / 0.000         0.049 / 0.052         0.099 / 0.333         0.099 / 0.333       ms
[1990.577s][info   ][gc,stats    ]       Phase: Pause Mark Start                              0.000 / 0.000         0.042 / 0.044         0.037 / 0.083         0.037 / 0.083       ms
[1990.577s][info   ][gc,stats    ]       Phase: Pause Relocate Start                          0.000 / 0.000         0.029 / 0.033         0.031 / 0.079         0.031 / 0.079       ms
[1990.577s][info   ][gc,stats    ]    Subphase: Concurrent Classes Purge                      0.000 / 0.000        14.428 / 28.821        4.322 / 28.821        4.322 / 28.821      ms
[1990.577s][info   ][gc,stats    ]    Subphase: Concurrent Classes Unlink                     0.000 / 0.000        27.290 / 31.967      185.184 / 1768.670    185.184 / 1768.670    ms
[1990.577s][info   ][gc,stats    ]    Subphase: Concurrent Mark                               0.000 / 0.000       188.732 / 207.949     364.248 / 1136.625    364.248 / 1136.625    ms
[1990.578s][info   ][gc,stats    ]    Subphase: Concurrent Mark Try Flush                     0.000 / 0.000         0.150 / 0.211        27.969 / 148.506      27.969 / 148.506     ms
[1990.578s][info   ][gc,stats    ]    Subphase: Concurrent Mark Try Terminate                 0.000 / 0.000         2.954 / 13.940        2.845 / 148.509       2.845 / 148.509     ms
[1990.578s][info   ][gc,stats    ]    Subphase: Concurrent References Enqueue                 0.000 / 0.000         0.013 / 0.017         0.012 / 0.017         0.012 / 0.017       ms
[1990.579s][info   ][gc,stats    ]    Subphase: Concurrent References Process                 0.000 / 0.000         1.238 / 1.710         0.817 / 2.501         0.817 / 2.501       ms
[1990.579s][info   ][gc,stats    ]    Subphase: Concurrent Roots ClassLoaderDataGraph         0.000 / 0.000         0.622 / 1.208         0.620 / 2.051         0.620 / 2.051       ms
[1990.579s][info   ][gc,stats    ]    Subphase: Concurrent Roots CodeCache                    0.000 / 0.000         0.000 / 0.000         0.000 / 0.000         0.000 / 0.000       ms
[1990.579s][info   ][gc,stats    ]    Subphase: Concurrent Roots JavaThreads                  0.000 / 0.000         4.627 / 5.309        65.454 / 475.340      65.454 / 475.340     ms
[1990.580s][info   ][gc,stats    ]    Subphase: Concurrent Roots OopStorageSet                0.000 / 0.000         0.358 / 0.505         0.227 / 0.708         0.227 / 0.708       ms
[1990.580s][info   ][gc,stats    ]    Subphase: Concurrent Weak Roots OopStorageSet           0.000 / 0.000         4.811 / 5.232         4.573 / 9.700         4.573 / 9.700       ms
[1990.580s][info   ][gc,stats    ]    Subphase: Pause Mark Try Complete                       0.000 / 0.000         0.000 / 0.000         0.053 / 0.195         0.053 / 0.195       ms
[1990.580s][info   ][gc,stats    ]      System: Java Threads                                      0 / 0                48 / 48               61 / 137              61 / 137         threads
[1990.580s][info   ][gc,stats    ] =========================================================================================================================================================
[1994.459s][info   ][gc,start    ] GC(22) Garbage Collection (Proactive)
[1994.459s][info   ][gc,task     ] GC(22) Using 2 workers
[1994.460s][info   ][gc,phases   ] GC(22) Pause Mark Start 0.099ms
[1994.644s][info   ][gc,phases   ] GC(22) Concurrent Mark 182.936ms
[1994.644s][info   ][gc,phases   ] GC(22) Pause Mark End 0.036ms
[1994.644s][info   ][gc,phases   ] GC(22) Concurrent Mark Free 0.002ms
[1994.660s][info   ][gc,phases   ] GC(22) Concurrent Process Non-Strong References 15.959ms
[1994.661s][info   ][gc,phases   ] GC(22) Concurrent Reset Relocation Set 0.004ms
[1994.666s][info   ][gc,phases   ] GC(22) Concurrent Select Relocation Set 5.399ms
[1994.666s][info   ][gc,phases   ] GC(22) Pause Relocate Start 0.030ms
[1994.670s][info   ][gc,phases   ] GC(22) Concurrent Relocate 3.846ms
[1994.670s][info   ][gc,load     ] GC(22) Load: 0.00/0.00/0.00
[1994.670s][info   ][gc,mmu      ] GC(22) MMU: 2ms/83.4%, 5ms/93.4%, 10ms/96.7%, 20ms/98.3%, 50ms/99.3%, 100ms/99.7%
[1994.670s][info   ][gc,marking  ] GC(22) Mark: 2 stripe(s), 2 proactive flush(es), 1 terminate flush(es), 0 completion(s), 0 continuation(s) 
[1994.671s][info   ][gc,marking  ] GC(22) Mark Stack Usage: 32M
[1994.671s][info   ][gc,nmethod  ] GC(22) NMethods: 4972 registered, 0 unregistered
[1994.671s][info   ][gc,metaspace] GC(22) Metaspace: 123M used, 125M committed, 1152M reserved
[1994.671s][info   ][gc,ref      ] GC(22) Soft: 2748 encountered, 2381 discovered, 28 enqueued
[1994.671s][info   ][gc,ref      ] GC(22) Weak: 10474 encountered, 6821 discovered, 21 enqueued
[1994.671s][info   ][gc,ref      ] GC(22) Final: 35 encountered, 0 discovered, 0 enqueued
[1994.671s][info   ][gc,ref      ] GC(22) Phantom: 533 encountered, 282 discovered, 2 enqueued
[1994.671s][info   ][gc,reloc    ] GC(22) Small Pages: 57 / 114M, Empty: 2M, Relocated: 1M, In-Place: 0
[1994.671s][info   ][gc,reloc    ] GC(22) Medium Pages: 1 / 16M, Empty: 0M, Relocated: 0M, In-Place: 0
[1994.671s][info   ][gc,reloc    ] GC(22) Large Pages: 0 / 0M, Empty: 0M, Relocated: 0M, In-Place: 0
[1994.671s][info   ][gc,reloc    ] GC(22) Forwarding Usage: 0M
[1994.671s][info   ][gc,heap     ] GC(22) Min Capacity: 512M(100%)
[1994.671s][info   ][gc,heap     ] GC(22) Max Capacity: 512M(100%)
[1994.671s][info   ][gc,heap     ] GC(22) Soft Max Capacity: 512M(100%)
[1994.671s][info   ][gc,heap     ] GC(22)                Mark Start          Mark End        Relocate Start      Relocate End           High               Low         
[1994.671s][info   ][gc,heap     ] GC(22)  Capacity:      512M (100%)        512M (100%)        512M (100%)        512M (100%)        512M (100%)        512M (100%)   
[1994.671s][info   ][gc,heap     ] GC(22)      Free:      382M (75%)         376M (73%)         378M (74%)         408M (80%)         408M (80%)         374M (73%)    
[1994.671s][info   ][gc,heap     ] GC(22)      Used:      130M (25%)         136M (27%)         134M (26%)         104M (20%)         138M (27%)         104M (20%)    
[1994.671s][info   ][gc,heap     ] GC(22)      Live:         -                68M (13%)          68M (13%)          68M (13%)            -                  -          
[1994.671s][info   ][gc,heap     ] GC(22) Allocated:         -                 6M (1%)            6M (1%)            5M (1%)             -                  -          
[1994.671s][info   ][gc,heap     ] GC(22)   Garbage:         -                61M (12%)          59M (12%)          29M (6%)             -                  -          
[1994.671s][info   ][gc,heap     ] GC(22) Reclaimed:         -                  -                 2M (0%)           31M (6%)             -                  -          
[1994.672s][info   ][gc          ] GC(22) Garbage Collection (Proactive) 130M(25%)->104M(20%)
[2000.561s][info   ][gc,stats    ] === Garbage Collection Statistics =======================================================================================================================
[2000.561s][info   ][gc,stats    ]                                                              Last 10s              Last 10m              Last 10h                Total
[2000.562s][info   ][gc,stats    ]                                                              Avg / Max             Avg / Max             Avg / Max             Avg / Max
[2000.562s][info   ][gc,stats    ]   Collector: Garbage Collection Cycle                    211.486 / 211.486     255.127 / 298.767     763.632 / 3415.907    763.632 / 3415.907    ms
[2000.562s][info   ][gc,stats    ]  Contention: Mark Segment Reset Contention                     0 / 0                 0 / 0                 0 / 2                 0 / 2           ops/s
[2000.562s][info   ][gc,stats    ]  Contention: Mark SeqNum Reset Contention                      0 / 1                 0 / 1                 0 / 1                 0 / 1           ops/s
[2000.562s][info   ][gc,stats    ]    Critical: Allocation Stall                                  0 / 0                 0 / 0                 0 / 0                 0 / 0           ops/s
[2000.562s][info   ][gc,stats    ]    Critical: Allocation Stall                              0.000 / 0.000         0.000 / 0.000         0.000 / 0.000         0.000 / 0.000       ms
[2000.562s][info   ][gc,stats    ]    Critical: GC Locker Stall                                   0 / 0                 0 / 0                 0 / 0                 0 / 0           ops/s
[2000.562s][info   ][gc,stats    ]    Critical: GC Locker Stall                               0.000 / 0.000         0.000 / 0.000         0.000 / 0.000         0.000 / 0.000       ms
[2000.563s][info   ][gc,stats    ]    Critical: Relocation Stall                                  0 / 0                 0 / 0                 0 / 0                 0 / 0           ops/s
[2000.563s][info   ][gc,stats    ]    Critical: Relocation Stall                              0.000 / 0.000         0.000 / 0.000         0.000 / 0.000         0.000 / 0.000       ms
[2000.563s][info   ][gc,stats    ]      Memory: Allocation Rate                                   1 / 6                 0 / 10                1 / 68                1 / 68          MB/s
[2000.563s][info   ][gc,stats    ]      Memory: Defragment                                        0 / 0                 0 / 0                 0 / 0                 0 / 0           ops/s
[2000.563s][info   ][gc,stats    ]      Memory: Out Of Memory                                     0 / 0                 0 / 0                 0 / 0                 0 / 0           ops/s
[2000.563s][info   ][gc,stats    ]      Memory: Page Cache Flush                                  0 / 0                 0 / 0                 0 / 0                 0 / 0           MB/s
[2000.564s][info   ][gc,stats    ]      Memory: Page Cache Hit L1                                 0 / 5                 0 / 7                 0 / 30                0 / 30          ops/s
[2000.564s][info   ][gc,stats    ]      Memory: Page Cache Hit L2                                 0 / 0                 0 / 0                 0 / 0                 0 / 0           ops/s
[2000.564s][info   ][gc,stats    ]      Memory: Page Cache Hit L3                                 0 / 0                 0 / 0                 0 / 26                0 / 26          ops/s
[2000.564s][info   ][gc,stats    ]      Memory: Page Cache Miss                                   0 / 0                 0 / 0                 0 / 1                 0 / 1           ops/s
[2000.564s][info   ][gc,stats    ]      Memory: Uncommit                                          0 / 0                 0 / 0                 0 / 0                 0 / 0           MB/s
[2000.564s][info   ][gc,stats    ]      Memory: Undo Object Allocation Failed                     0 / 0                 0 / 0                 0 / 1                 0 / 1           ops/s
[2000.565s][info   ][gc,stats    ]      Memory: Undo Object Allocation Succeeded                  0 / 0                 0 / 0                 0 / 74                0 / 74          ops/s
[2000.565s][info   ][gc,stats    ]      Memory: Undo Page Allocation                              0 / 0                 0 / 0                 0 / 1                 0 / 1           ops/s
[2000.565s][info   ][gc,stats    ]       Phase: Concurrent Mark                             182.936 / 182.936     198.475 / 214.014     497.512 / 1491.398    497.512 / 1491.398    ms
[2000.566s][info   ][gc,stats    ]       Phase: Concurrent Mark Continue                      0.000 / 0.000         0.000 / 0.000         0.000 / 0.000         0.000 / 0.000       ms
[2000.566s][info   ][gc,stats    ]       Phase: Concurrent Mark Free                          0.002 / 0.002         0.002 / 0.002         0.002 / 0.004         0.002 / 0.004       ms
[2000.566s][info   ][gc,stats    ]       Phase: Concurrent Process Non-Strong References     15.959 / 15.959       42.047 / 68.136      203.317 / 1850.321    203.317 / 1850.321    ms
[2000.566s][info   ][gc,stats    ]       Phase: Concurrent Relocate                           3.846 / 3.846         5.981 / 8.115        14.941 / 33.849       14.941 / 33.849      ms
[2000.567s][info   ][gc,stats    ]       Phase: Concurrent Reset Relocation Set               0.004 / 0.004         0.005 / 0.006         0.016 / 0.040         0.016 / 0.040       ms
[2000.567s][info   ][gc,stats    ]       Phase: Concurrent Select Relocation Set              5.399 / 5.399         5.734 / 6.069         6.728 / 15.302        6.728 / 15.302      ms
[2000.567s][info   ][gc,stats    ]       Phase: Pause Mark End                                0.036 / 0.036         0.044 / 0.052         0.097 / 0.333         0.097 / 0.333       ms
[2000.567s][info   ][gc,stats    ]       Phase: Pause Mark Start                              0.099 / 0.099         0.072 / 0.099         0.040 / 0.099         0.040 / 0.099       ms
[2000.567s][info   ][gc,stats    ]       Phase: Pause Relocate Start                          0.030 / 0.030         0.031 / 0.033         0.031 / 0.079         0.031 / 0.079       ms
[2000.567s][info   ][gc,stats    ]    Subphase: Concurrent Classes Purge                      0.015 / 0.015        14.418 / 28.821        4.135 / 28.821        4.135 / 28.821      ms
[2000.567s][info   ][gc,stats    ]    Subphase: Concurrent Classes Unlink                    10.842 / 10.842       21.405 / 31.967      177.603 / 1768.670    177.603 / 1768.670    ms
[2000.568s][info   ][gc,stats    ]    Subphase: Concurrent Mark                             163.803 / 170.376     185.060 / 207.949     354.470 / 1136.625    354.470 / 1136.625    ms
[2000.568s][info   ][gc,stats    ]    Subphase: Concurrent Mark Try Flush                     0.238 / 0.428         0.180 / 0.428        27.407 / 148.506      27.407 / 148.506     ms
[2000.568s][info   ][gc,stats    ]    Subphase: Concurrent Mark Try Terminate                 4.607 / 13.707        2.917 / 13.707        2.850 / 148.509       2.850 / 148.509     ms
[2000.568s][info   ][gc,stats    ]    Subphase: Concurrent References Enqueue                 0.009 / 0.009         0.009 / 0.009         0.012 / 0.017         0.012 / 0.017       ms
[2000.568s][info   ][gc,stats    ]    Subphase: Concurrent References Process                 1.144 / 1.144         1.427 / 1.710         0.832 / 2.501         0.832 / 2.501       ms
[2000.568s][info   ][gc,stats    ]    Subphase: Concurrent Roots ClassLoaderDataGraph         1.360 / 2.525         1.000 / 2.525         0.656 / 2.525         0.656 / 2.525       ms
[2000.568s][info   ][gc,stats    ]    Subphase: Concurrent Roots CodeCache                    0.000 / 0.000         0.000 / 0.000         0.000 / 0.000         0.000 / 0.000       ms
[2000.569s][info   ][gc,stats    ]    Subphase: Concurrent Roots JavaThreads                  9.755 / 10.756        7.284 / 10.756       62.738 / 475.340      62.738 / 475.340     ms
[2000.569s][info   ][gc,stats    ]    Subphase: Concurrent Roots OopStorageSet                1.048 / 1.132         0.709 / 1.132         0.267 / 1.132         0.267 / 1.132       ms
[2000.569s][info   ][gc,stats    ]    Subphase: Concurrent Weak Roots OopStorageSet           3.621 / 3.626         4.426 / 5.232         4.527 / 9.700         4.527 / 9.700       ms
[2000.569s][info   ][gc,stats    ]    Subphase: Pause Mark Try Complete                       0.000 / 0.000         0.000 / 0.000         0.053 / 0.195         0.053 / 0.195       ms
[2000.569s][info   ][gc,stats    ]      System: Java Threads                                     48 / 48               48 / 48               60 / 137              60 / 137         threads
[2000.569s][info   ][gc,stats    ] =========================================================================================================================================================
[2010.557s][info   ][gc,stats    ] === Garbage Collection Statistics =======================================================================================================================
[2010.557s][info   ][gc,stats    ]                                                              Last 10s              Last 10m              Last 10h                Total
[2010.558s][info   ][gc,stats    ]                                                              Avg / Max             Avg / Max             Avg / Max             Avg / Max
[2010.558s][info   ][gc,stats    ]   Collector: Garbage Collection Cycle                      0.000 / 0.000       255.127 / 298.767     763.632 / 3415.907    763.632 / 3415.907    ms
[2010.558s][info   ][gc,stats    ]  Contention: Mark Segment Reset Contention                     0 / 0                 0 / 0                 0 / 2                 0 / 2           ops/s
[2010.558s][info   ][gc,stats    ]  Contention: Mark SeqNum Reset Contention                      0 / 0                 0 / 1                 0 / 1                 0 / 1           ops/s
[2010.558s][info   ][gc,stats    ]    Critical: Allocation Stall                                  0 / 0                 0 / 0                 0 / 0                 0 / 0           ops/s
[2010.558s][info   ][gc,stats    ]    Critical: Allocation Stall                              0.000 / 0.000         0.000 / 0.000         0.000 / 0.000         0.000 / 0.000       ms
[2010.558s][info   ][gc,stats    ]    Critical: GC Locker Stall                                   0 / 0                 0 / 0                 0 / 0                 0 / 0           ops/s
[2010.558s][info   ][gc,stats    ]    Critical: GC Locker Stall                               0.000 / 0.000         0.000 / 0.000         0.000 / 0.000         0.000 / 0.000       ms
[2010.558s][info   ][gc,stats    ]    Critical: Relocation Stall                                  0 / 0                 0 / 0                 0 / 0                 0 / 0           ops/s
[2010.558s][info   ][gc,stats    ]    Critical: Relocation Stall                              0.000 / 0.000         0.000 / 0.000         0.000 / 0.000         0.000 / 0.000       ms
[2010.558s][info   ][gc,stats    ]      Memory: Allocation Rate                                   0 / 2                 0 / 10                1 / 68                1 / 68          MB/s
[2010.559s][info   ][gc,stats    ]      Memory: Defragment                                        0 / 0                 0 / 0                 0 / 0                 0 / 0           ops/s
[2010.559s][info   ][gc,stats    ]      Memory: Out Of Memory                                     0 / 0                 0 / 0                 0 / 0                 0 / 0           ops/s
[2010.559s][info   ][gc,stats    ]      Memory: Page Cache Flush                                  0 / 0                 0 / 0                 0 / 0                 0 / 0           MB/s
[2010.559s][info   ][gc,stats    ]      Memory: Page Cache Hit L1                                 0 / 1                 0 / 7                 0 / 30                0 / 30          ops/s
[2010.559s][info   ][gc,stats    ]      Memory: Page Cache Hit L2                                 0 / 0                 0 / 0                 0 / 0                 0 / 0           ops/s
[2010.559s][info   ][gc,stats    ]      Memory: Page Cache Hit L3                                 0 / 0                 0 / 0                 0 / 26                0 / 26          ops/s
[2010.559s][info   ][gc,stats    ]      Memory: Page Cache Miss                                   0 / 0                 0 / 0                 0 / 1                 0 / 1           ops/s
[2010.559s][info   ][gc,stats    ]      Memory: Uncommit                                          0 / 0                 0 / 0                 0 / 0                 0 / 0           MB/s
[2010.559s][info   ][gc,stats    ]      Memory: Undo Object Allocation Failed                     0 / 0                 0 / 0                 0 / 1                 0 / 1           ops/s
[2010.559s][info   ][gc,stats    ]      Memory: Undo Object Allocation Succeeded                  0 / 0                 0 / 0                 0 / 74                0 / 74          ops/s
[2010.560s][info   ][gc,stats    ]      Memory: Undo Page Allocation                              0 / 0                 0 / 0                 0 / 1                 0 / 1           ops/s
[2010.560s][info   ][gc,stats    ]       Phase: Concurrent Mark                               0.000 / 0.000       198.475 / 214.014     497.512 / 1491.398    497.512 / 1491.398    ms
[2010.560s][info   ][gc,stats    ]       Phase: Concurrent Mark Continue                      0.000 / 0.000         0.000 / 0.000         0.000 / 0.000         0.000 / 0.000       ms
[2010.560s][info   ][gc,stats    ]       Phase: Concurrent Mark Free                          0.000 / 0.000         0.002 / 0.002         0.002 / 0.004         0.002 / 0.004       ms
[2010.560s][info   ][gc,stats    ]       Phase: Concurrent Process Non-Strong References      0.000 / 0.000        42.047 / 68.136      203.317 / 1850.321    203.317 / 1850.321    ms
[2010.560s][info   ][gc,stats    ]       Phase: Concurrent Relocate                           0.000 / 0.000         5.981 / 8.115        14.941 / 33.849       14.941 / 33.849      ms
[2010.560s][info   ][gc,stats    ]       Phase: Concurrent Reset Relocation Set               0.000 / 0.000         0.005 / 0.006         0.016 / 0.040         0.016 / 0.040       ms
[2010.560s][info   ][gc,stats    ]       Phase: Concurrent Select Relocation Set              0.000 / 0.000         5.734 / 6.069         6.728 / 15.302        6.728 / 15.302      ms
[2010.560s][info   ][gc,stats    ]       Phase: Pause Mark End                                0.000 / 0.000         0.044 / 0.052         0.097 / 0.333         0.097 / 0.333       ms
[2010.560s][info   ][gc,stats    ]       Phase: Pause Mark Start                              0.000 / 0.000         0.072 / 0.099         0.040 / 0.099         0.040 / 0.099       ms
[2010.560s][info   ][gc,stats    ]       Phase: Pause Relocate Start                          0.000 / 0.000         0.031 / 0.033         0.031 / 0.079         0.031 / 0.079       ms
[2010.560s][info   ][gc,stats    ]    Subphase: Concurrent Classes Purge                      0.000 / 0.000        14.418 / 28.821        4.135 / 28.821        4.135 / 28.821      ms
[2010.560s][info   ][gc,stats    ]    Subphase: Concurrent Classes Unlink                     0.000 / 0.000        21.405 / 31.967      177.603 / 1768.670    177.603 / 1768.670    ms
[2010.560s][info   ][gc,stats    ]    Subphase: Concurrent Mark                               0.000 / 0.000       185.060 / 207.949     354.470 / 1136.625    354.470 / 1136.625    ms
[2010.560s][info   ][gc,stats    ]    Subphase: Concurrent Mark Try Flush                     0.000 / 0.000         0.180 / 0.428        27.407 / 148.506      27.407 / 148.506     ms
[2010.561s][info   ][gc,stats    ]    Subphase: Concurrent Mark Try Terminate                 0.000 / 0.000         2.917 / 13.707        2.850 / 148.509       2.850 / 148.509     ms
[2010.561s][info   ][gc,stats    ]    Subphase: Concurrent References Enqueue                 0.000 / 0.000         0.009 / 0.009         0.012 / 0.017         0.012 / 0.017       ms
[2010.561s][info   ][gc,stats    ]    Subphase: Concurrent References Process                 0.000 / 0.000         1.427 / 1.710         0.832 / 2.501         0.832 / 2.501       ms
[2010.561s][info   ][gc,stats    ]    Subphase: Concurrent Roots ClassLoaderDataGraph         0.000 / 0.000         1.000 / 2.525         0.656 / 2.525         0.656 / 2.525       ms
[2010.561s][info   ][gc,stats    ]    Subphase: Concurrent Roots CodeCache                    0.000 / 0.000         0.000 / 0.000         0.000 / 0.000         0.000 / 0.000       ms
[2010.561s][info   ][gc,stats    ]    Subphase: Concurrent Roots JavaThreads                  0.000 / 0.000         7.284 / 10.756       62.738 / 475.340      62.738 / 475.340     ms
[2010.561s][info   ][gc,stats    ]    Subphase: Concurrent Roots OopStorageSet                0.000 / 0.000         0.709 / 1.132         0.267 / 1.132         0.267 / 1.132       ms
[2010.561s][info   ][gc,stats    ]    Subphase: Concurrent Weak Roots OopStorageSet           0.000 / 0.000         4.426 / 5.232         4.527 / 9.700         4.527 / 9.700       ms
[2010.562s][info   ][gc,stats    ]    Subphase: Pause Mark Try Complete                       0.000 / 0.000         0.000 / 0.000         0.053 / 0.195         0.053 / 0.195       ms
[2010.562s][info   ][gc,stats    ]      System: Java Threads                                      0 / 0                48 / 48               60 / 137              60 / 137         threads
[2010.562s][info   ][gc,stats    ] =========================================================================================================================================================
[2020.567s][info   ][gc,stats    ] === Garbage Collection Statistics =======================================================================================================================
[2020.567s][info   ][gc,stats    ]                                                              Last 10s              Last 10m              Last 10h                Total
[2020.567s][info   ][gc,stats    ]                                                              Avg / Max             Avg / Max             Avg / Max             Avg / Max
[2020.567s][info   ][gc,stats    ]   Collector: Garbage Collection Cycle                      0.000 / 0.000       255.127 / 298.767     763.632 / 3415.907    763.632 / 3415.907    ms
[2020.567s][info   ][gc,stats    ]  Contention: Mark Segment Reset Contention                     0 / 0                 0 / 0                 0 / 2                 0 / 2           ops/s
[2020.567s][info   ][gc,stats    ]  Contention: Mark SeqNum Reset Contention                      0 / 0                 0 / 1                 0 / 1                 0 / 1           ops/s
[2020.567s][info   ][gc,stats    ]    Critical: Allocation Stall                                  0 / 0                 0 / 0                 0 / 0                 0 / 0           ops/s
[2020.567s][info   ][gc,stats    ]    Critical: Allocation Stall                              0.000 / 0.000         0.000 / 0.000         0.000 / 0.000         0.000 / 0.000       ms
[2020.567s][info   ][gc,stats    ]    Critical: GC Locker Stall                                   0 / 0                 0 / 0                 0 / 0                 0 / 0           ops/s
[2020.568s][info   ][gc,stats    ]    Critical: GC Locker Stall                               0.000 / 0.000         0.000 / 0.000         0.000 / 0.000         0.000 / 0.000       ms
[2020.568s][info   ][gc,stats    ]    Critical: Relocation Stall                                  0 / 0                 0 / 0                 0 / 0                 0 / 0           ops/s
[2020.568s][info   ][gc,stats    ]    Critical: Relocation Stall                              0.000 / 0.000         0.000 / 0.000         0.000 / 0.000         0.000 / 0.000       ms
[2020.568s][info   ][gc,stats    ]      Memory: Allocation Rate                                   0 / 0                 0 / 10                1 / 68                1 / 68          MB/s
[2020.568s][info   ][gc,stats    ]      Memory: Defragment                                        0 / 0                 0 / 0                 0 / 0                 0 / 0           ops/s
[2020.568s][info   ][gc,stats    ]      Memory: Out Of Memory                                     0 / 0                 0 / 0                 0 / 0                 0 / 0           ops/s
[2020.568s][info   ][gc,stats    ]      Memory: Page Cache Flush                                  0 / 0                 0 / 0                 0 / 0                 0 / 0           MB/s
[2020.568s][info   ][gc,stats    ]      Memory: Page Cache Hit L1                                 0 / 0                 0 / 7                 0 / 30                0 / 30          ops/s
[2020.568s][info   ][gc,stats    ]      Memory: Page Cache Hit L2                                 0 / 0                 0 / 0                 0 / 0                 0 / 0           ops/s
[2020.568s][info   ][gc,stats    ]      Memory: Page Cache Hit L3                                 0 / 0                 0 / 0                 0 / 26                0 / 26          ops/s
[2020.568s][info   ][gc,stats    ]      Memory: Page Cache Miss                                   0 / 0                 0 / 0                 0 / 1                 0 / 1           ops/s
[2020.568s][info   ][gc,stats    ]      Memory: Uncommit                                          0 / 0                 0 / 0                 0 / 0                 0 / 0           MB/s
[2020.568s][info   ][gc,stats    ]      Memory: Undo Object Allocation Failed                     0 / 0                 0 / 0                 0 / 1                 0 / 1           ops/s
[2020.568s][info   ][gc,stats    ]      Memory: Undo Object Allocation Succeeded                  0 / 0                 0 / 0                 0 / 74                0 / 74          ops/s
[2020.569s][info   ][gc,stats    ]      Memory: Undo Page Allocation                              0 / 0                 0 / 0                 0 / 1                 0 / 1           ops/s
[2020.569s][info   ][gc,stats    ]       Phase: Concurrent Mark                               0.000 / 0.000       198.475 / 214.014     497.512 / 1491.398    497.512 / 1491.398    ms
[2020.569s][info   ][gc,stats    ]       Phase: Concurrent Mark Continue                      0.000 / 0.000         0.000 / 0.000         0.000 / 0.000         0.000 / 0.000       ms
[2020.569s][info   ][gc,stats    ]       Phase: Concurrent Mark Free                          0.000 / 0.000         0.002 / 0.002         0.002 / 0.004         0.002 / 0.004       ms
[2020.569s][info   ][gc,stats    ]       Phase: Concurrent Process Non-Strong References      0.000 / 0.000        42.047 / 68.136      203.317 / 1850.321    203.317 / 1850.321    ms
[2020.569s][info   ][gc,stats    ]       Phase: Concurrent Relocate                           0.000 / 0.000         5.981 / 8.115        14.941 / 33.849       14.941 / 33.849      ms
[2020.569s][info   ][gc,stats    ]       Phase: Concurrent Reset Relocation Set               0.000 / 0.000         0.005 / 0.006         0.016 / 0.040         0.016 / 0.040       ms
[2020.569s][info   ][gc,stats    ]       Phase: Concurrent Select Relocation Set              0.000 / 0.000         5.734 / 6.069         6.728 / 15.302        6.728 / 15.302      ms
[2020.569s][info   ][gc,stats    ]       Phase: Pause Mark End                                0.000 / 0.000         0.044 / 0.052         0.097 / 0.333         0.097 / 0.333       ms
[2020.569s][info   ][gc,stats    ]       Phase: Pause Mark Start                              0.000 / 0.000         0.072 / 0.099         0.040 / 0.099         0.040 / 0.099       ms
[2020.569s][info   ][gc,stats    ]       Phase: Pause Relocate Start                          0.000 / 0.000         0.031 / 0.033         0.031 / 0.079         0.031 / 0.079       ms
[2020.569s][info   ][gc,stats    ]    Subphase: Concurrent Classes Purge                      0.000 / 0.000        14.418 / 28.821        4.135 / 28.821        4.135 / 28.821      ms
[2020.569s][info   ][gc,stats    ]    Subphase: Concurrent Classes Unlink                     0.000 / 0.000        21.405 / 31.967      177.603 / 1768.670    177.603 / 1768.670    ms
[2020.569s][info   ][gc,stats    ]    Subphase: Concurrent Mark                               0.000 / 0.000       185.060 / 207.949     354.470 / 1136.625    354.470 / 1136.625    ms
[2020.569s][info   ][gc,stats    ]    Subphase: Concurrent Mark Try Flush                     0.000 / 0.000         0.180 / 0.428        27.407 / 148.506      27.407 / 148.506     ms
[2020.570s][info   ][gc,stats    ]    Subphase: Concurrent Mark Try Terminate                 0.000 / 0.000         2.917 / 13.707        2.850 / 148.509       2.850 / 148.509     ms
[2020.570s][info   ][gc,stats    ]    Subphase: Concurrent References Enqueue                 0.000 / 0.000         0.009 / 0.009         0.012 / 0.017         0.012 / 0.017       ms
[2020.570s][info   ][gc,stats    ]    Subphase: Concurrent References Process                 0.000 / 0.000         1.427 / 1.710         0.832 / 2.501         0.832 / 2.501       ms
[2020.570s][info   ][gc,stats    ]    Subphase: Concurrent Roots ClassLoaderDataGraph         0.000 / 0.000         1.000 / 2.525         0.656 / 2.525         0.656 / 2.525       ms
[2020.570s][info   ][gc,stats    ]    Subphase: Concurrent Roots CodeCache                    0.000 / 0.000         0.000 / 0.000         0.000 / 0.000         0.000 / 0.000       ms
[2020.570s][info   ][gc,stats    ]    Subphase: Concurrent Roots JavaThreads                  0.000 / 0.000         7.284 / 10.756       62.738 / 475.340      62.738 / 475.340     ms
[2020.570s][info   ][gc,stats    ]    Subphase: Concurrent Roots OopStorageSet                0.000 / 0.000         0.709 / 1.132         0.267 / 1.132         0.267 / 1.132       ms
[2020.570s][info   ][gc,stats    ]    Subphase: Concurrent Weak Roots OopStorageSet           0.000 / 0.000         4.426 / 5.232         4.527 / 9.700         4.527 / 9.700       ms
[2020.570s][info   ][gc,stats    ]    Subphase: Pause Mark Try Complete                       0.000 / 0.000         0.000 / 0.000         0.053 / 0.195         0.053 / 0.195       ms
[2020.570s][info   ][gc,stats    ]      System: Java Threads                                      0 / 0                48 / 48               60 / 137              60 / 137         threads
[2020.570s][info   ][gc,stats    ] =========================================================================================================================================================
[2030.557s][info   ][gc,stats    ] === Garbage Collection Statistics =======================================================================================================================
[2030.557s][info   ][gc,stats    ]                                                              Last 10s              Last 10m              Last 10h                Total
[2030.557s][info   ][gc,stats    ]                                                              Avg / Max             Avg / Max             Avg / Max             Avg / Max
[2030.557s][info   ][gc,stats    ]   Collector: Garbage Collection Cycle                      0.000 / 0.000       255.127 / 298.767     763.632 / 3415.907    763.632 / 3415.907    ms
[2030.558s][info   ][gc,stats    ]  Contention: Mark Segment Reset Contention                     0 / 0                 0 / 0                 0 / 2                 0 / 2           ops/s
[2030.558s][info   ][gc,stats    ]  Contention: Mark SeqNum Reset Contention                      0 / 0                 0 / 1                 0 / 1                 0 / 1           ops/s
[2030.558s][info   ][gc,stats    ]    Critical: Allocation Stall                                  0 / 0                 0 / 0                 0 / 0                 0 / 0           ops/s
[2030.558s][info   ][gc,stats    ]    Critical: Allocation Stall                              0.000 / 0.000         0.000 / 0.000         0.000 / 0.000         0.000 / 0.000       ms
[2030.558s][info   ][gc,stats    ]    Critical: GC Locker Stall                                   0 / 0                 0 / 0                 0 / 0                 0 / 0           ops/s
[2030.559s][info   ][gc,stats    ]    Critical: GC Locker Stall                               0.000 / 0.000         0.000 / 0.000         0.000 / 0.000         0.000 / 0.000       ms
[2030.559s][info   ][gc,stats    ]    Critical: Relocation Stall                                  0 / 0                 0 / 0                 0 / 0                 0 / 0           ops/s
[2030.559s][info   ][gc,stats    ]    Critical: Relocation Stall                              0.000 / 0.000         0.000 / 0.000         0.000 / 0.000         0.000 / 0.000       ms
[2030.559s][info   ][gc,stats    ]      Memory: Allocation Rate                                   0 / 0                 0 / 10                1 / 68                1 / 68          MB/s
[2030.559s][info   ][gc,stats    ]      Memory: Defragment                                        0 / 0                 0 / 0                 0 / 0                 0 / 0           ops/s
[2030.560s][info   ][gc,stats    ]      Memory: Out Of Memory                                     0 / 0                 0 / 0                 0 / 0                 0 / 0           ops/s
[2030.560s][info   ][gc,stats    ]      Memory: Page Cache Flush                                  0 / 0                 0 / 0                 0 / 0                 0 / 0           MB/s
[2030.560s][info   ][gc,stats    ]      Memory: Page Cache Hit L1                                 0 / 0                 0 / 7                 0 / 30                0 / 30          ops/s
[2030.560s][info   ][gc,stats    ]      Memory: Page Cache Hit L2                                 0 / 0                 0 / 0                 0 / 0                 0 / 0           ops/s
[2030.561s][info   ][gc,stats    ]      Memory: Page Cache Hit L3                                 0 / 0                 0 / 0                 0 / 26                0 / 26          ops/s
[2030.561s][info   ][gc,stats    ]      Memory: Page Cache Miss                                   0 / 0                 0 / 0                 0 / 1                 0 / 1           ops/s
[2030.561s][info   ][gc,stats    ]      Memory: Uncommit                                          0 / 0                 0 / 0                 0 / 0                 0 / 0           MB/s
[2030.561s][info   ][gc,stats    ]      Memory: Undo Object Allocation Failed                     0 / 0                 0 / 0                 0 / 1                 0 / 1           ops/s
[2030.561s][info   ][gc,stats    ]      Memory: Undo Object Allocation Succeeded                  0 / 0                 0 / 0                 0 / 74                0 / 74          ops/s
[2030.562s][info   ][gc,stats    ]      Memory: Undo Page Allocation                              0 / 0                 0 / 0                 0 / 1                 0 / 1           ops/s
[2030.562s][info   ][gc,stats    ]       Phase: Concurrent Mark                               0.000 / 0.000       198.475 / 214.014     497.512 / 1491.398    497.512 / 1491.398    ms
[2030.562s][info   ][gc,stats    ]       Phase: Concurrent Mark Continue                      0.000 / 0.000         0.000 / 0.000         0.000 / 0.000         0.000 / 0.000       ms
[2030.562s][info   ][gc,stats    ]       Phase: Concurrent Mark Free                          0.000 / 0.000         0.002 / 0.002         0.002 / 0.004         0.002 / 0.004       ms
[2030.562s][info   ][gc,stats    ]       Phase: Concurrent Process Non-Strong References      0.000 / 0.000        42.047 / 68.136      203.317 / 1850.321    203.317 / 1850.321    ms
[2030.562s][info   ][gc,stats    ]       Phase: Concurrent Relocate                           0.000 / 0.000         5.981 / 8.115        14.941 / 33.849       14.941 / 33.849      ms
[2030.563s][info   ][gc,stats    ]       Phase: Concurrent Reset Relocation Set               0.000 / 0.000         0.005 / 0.006         0.016 / 0.040         0.016 / 0.040       ms
[2030.563s][info   ][gc,stats    ]       Phase: Concurrent Select Relocation Set              0.000 / 0.000         5.734 / 6.069         6.728 / 15.302        6.728 / 15.302      ms
[2030.563s][info   ][gc,stats    ]       Phase: Pause Mark End                                0.000 / 0.000         0.044 / 0.052         0.097 / 0.333         0.097 / 0.333       ms
[2030.563s][info   ][gc,stats    ]       Phase: Pause Mark Start                              0.000 / 0.000         0.072 / 0.099         0.040 / 0.099         0.040 / 0.099       ms
[2030.563s][info   ][gc,stats    ]       Phase: Pause Relocate Start                          0.000 / 0.000         0.031 / 0.033         0.031 / 0.079         0.031 / 0.079       ms
[2030.563s][info   ][gc,stats    ]    Subphase: Concurrent Classes Purge                      0.000 / 0.000        14.418 / 28.821        4.135 / 28.821        4.135 / 28.821      ms
[2030.563s][info   ][gc,stats    ]    Subphase: Concurrent Classes Unlink                     0.000 / 0.000        21.405 / 31.967      177.603 / 1768.670    177.603 / 1768.670    ms
[2030.564s][info   ][gc,stats    ]    Subphase: Concurrent Mark                               0.000 / 0.000       185.060 / 207.949     354.470 / 1136.625    354.470 / 1136.625    ms
[2030.564s][info   ][gc,stats    ]    Subphase: Concurrent Mark Try Flush                     0.000 / 0.000         0.180 / 0.428        27.407 / 148.506      27.407 / 148.506     ms
[2030.564s][info   ][gc,stats    ]    Subphase: Concurrent Mark Try Terminate                 0.000 / 0.000         2.917 / 13.707        2.850 / 148.509       2.850 / 148.509     ms
[2030.564s][info   ][gc,stats    ]    Subphase: Concurrent References Enqueue                 0.000 / 0.000         0.009 / 0.009         0.012 / 0.017         0.012 / 0.017       ms
[2030.564s][info   ][gc,stats    ]    Subphase: Concurrent References Process                 0.000 / 0.000         1.427 / 1.710         0.832 / 2.501         0.832 / 2.501       ms
[2030.564s][info   ][gc,stats    ]    Subphase: Concurrent Roots ClassLoaderDataGraph         0.000 / 0.000         1.000 / 2.525         0.656 / 2.525         0.656 / 2.525       ms
[2030.564s][info   ][gc,stats    ]    Subphase: Concurrent Roots CodeCache                    0.000 / 0.000         0.000 / 0.000         0.000 / 0.000         0.000 / 0.000       ms
[2030.564s][info   ][gc,stats    ]    Subphase: Concurrent Roots JavaThreads                  0.000 / 0.000         7.284 / 10.756       62.738 / 475.340      62.738 / 475.340     ms
[2030.565s][info   ][gc,stats    ]    Subphase: Concurrent Roots OopStorageSet                0.000 / 0.000         0.709 / 1.132         0.267 / 1.132         0.267 / 1.132       ms
[2030.565s][info   ][gc,stats    ]    Subphase: Concurrent Weak Roots OopStorageSet           0.000 / 0.000         4.426 / 5.232         4.527 / 9.700         4.527 / 9.700       ms
[2030.565s][info   ][gc,stats    ]    Subphase: Pause Mark Try Complete                       0.000 / 0.000         0.000 / 0.000         0.053 / 0.195         0.053 / 0.195       ms
[2030.567s][info   ][gc,stats    ]      System: Java Threads                                      0 / 0                48 / 48               60 / 137              60 / 137         threads
[2030.568s][info   ][gc,stats    ] =========================================================================================================================================================
[2040.571s][info   ][gc,stats    ] === Garbage Collection Statistics =======================================================================================================================
[2040.571s][info   ][gc,stats    ]                                                              Last 10s              Last 10m              Last 10h                Total
[2040.572s][info   ][gc,stats    ]                                                              Avg / Max             Avg / Max             Avg / Max             Avg / Max
[2040.572s][info   ][gc,stats    ]   Collector: Garbage Collection Cycle                      0.000 / 0.000       255.127 / 298.767     763.632 / 3415.907    763.632 / 3415.907    ms
[2040.572s][info   ][gc,stats    ]  Contention: Mark Segment Reset Contention                     0 / 0                 0 / 0                 0 / 2                 0 / 2           ops/s
[2040.573s][info   ][gc,stats    ]  Contention: Mark SeqNum Reset Contention                      0 / 0                 0 / 1                 0 / 1                 0 / 1           ops/s
[2040.573s][info   ][gc,stats    ]    Critical: Allocation Stall                                  0 / 0                 0 / 0                 0 / 0                 0 / 0           ops/s
[2040.573s][info   ][gc,stats    ]    Critical: Allocation Stall                              0.000 / 0.000         0.000 / 0.000         0.000 / 0.000         0.000 / 0.000       ms
[2040.573s][info   ][gc,stats    ]    Critical: GC Locker Stall                                   0 / 0                 0 / 0                 0 / 0                 0 / 0           ops/s
[2040.573s][info   ][gc,stats    ]    Critical: GC Locker Stall                               0.000 / 0.000         0.000 / 0.000         0.000 / 0.000         0.000 / 0.000       ms
[2040.574s][info   ][gc,stats    ]    Critical: Relocation Stall                                  0 / 0                 0 / 0                 0 / 0                 0 / 0           ops/s
[2040.574s][info   ][gc,stats    ]    Critical: Relocation Stall                              0.000 / 0.000         0.000 / 0.000         0.000 / 0.000         0.000 / 0.000       ms
[2040.574s][info   ][gc,stats    ]      Memory: Allocation Rate                                   0 / 0                 0 / 10                1 / 68                1 / 68          MB/s
[2040.574s][info   ][gc,stats    ]      Memory: Defragment                                        0 / 0                 0 / 0                 0 / 0                 0 / 0           ops/s
[2040.574s][info   ][gc,stats    ]      Memory: Out Of Memory                                     0 / 0                 0 / 0                 0 / 0                 0 / 0           ops/s
[2040.574s][info   ][gc,stats    ]      Memory: Page Cache Flush                                  0 / 0                 0 / 0                 0 / 0                 0 / 0           MB/s
[2040.574s][info   ][gc,stats    ]      Memory: Page Cache Hit L1                                 0 / 0                 0 / 7                 0 / 30                0 / 30          ops/s
[2040.574s][info   ][gc,stats    ]      Memory: Page Cache Hit L2                                 0 / 0                 0 / 0                 0 / 0                 0 / 0           ops/s
[2040.575s][info   ][gc,stats    ]      Memory: Page Cache Hit L3                                 0 / 0                 0 / 0                 0 / 26                0 / 26          ops/s
[2040.575s][info   ][gc,stats    ]      Memory: Page Cache Miss                                   0 / 0                 0 / 0                 0 / 1                 0 / 1           ops/s
[2040.575s][info   ][gc,stats    ]      Memory: Uncommit                                          0 / 0                 0 / 0                 0 / 0                 0 / 0           MB/s
[2040.575s][info   ][gc,stats    ]      Memory: Undo Object Allocation Failed                     0 / 0                 0 / 0                 0 / 1                 0 / 1           ops/s
[2040.575s][info   ][gc,stats    ]      Memory: Undo Object Allocation Succeeded                  0 / 0                 0 / 0                 0 / 74                0 / 74          ops/s
[2040.575s][info   ][gc,stats    ]      Memory: Undo Page Allocation                              0 / 0                 0 / 0                 0 / 1                 0 / 1           ops/s
[2040.575s][info   ][gc,stats    ]       Phase: Concurrent Mark                               0.000 / 0.000       198.475 / 214.014     497.512 / 1491.398    497.512 / 1491.398    ms
[2040.576s][info   ][gc,stats    ]       Phase: Concurrent Mark Continue                      0.000 / 0.000         0.000 / 0.000         0.000 / 0.000         0.000 / 0.000       ms
[2040.576s][info   ][gc,stats    ]       Phase: Concurrent Mark Free                          0.000 / 0.000         0.002 / 0.002         0.002 / 0.004         0.002 / 0.004       ms
[2040.576s][info   ][gc,stats    ]       Phase: Concurrent Process Non-Strong References      0.000 / 0.000        42.047 / 68.136      203.317 / 1850.321    203.317 / 1850.321    ms
[2040.576s][info   ][gc,stats    ]       Phase: Concurrent Relocate                           0.000 / 0.000         5.981 / 8.115        14.941 / 33.849       14.941 / 33.849      ms
[2040.577s][info   ][gc,stats    ]       Phase: Concurrent Reset Relocation Set               0.000 / 0.000         0.005 / 0.006         0.016 / 0.040         0.016 / 0.040       ms
[2040.577s][info   ][gc,stats    ]       Phase: Concurrent Select Relocation Set              0.000 / 0.000         5.734 / 6.069         6.728 / 15.302        6.728 / 15.302      ms
[2040.577s][info   ][gc,stats    ]       Phase: Pause Mark End                                0.000 / 0.000         0.044 / 0.052         0.097 / 0.333         0.097 / 0.333       ms
[2040.577s][info   ][gc,stats    ]       Phase: Pause Mark Start                              0.000 / 0.000         0.072 / 0.099         0.040 / 0.099         0.040 / 0.099       ms
[2040.577s][info   ][gc,stats    ]       Phase: Pause Relocate Start                          0.000 / 0.000         0.031 / 0.033         0.031 / 0.079         0.031 / 0.079       ms
[2040.577s][info   ][gc,stats    ]    Subphase: Concurrent Classes Purge                      0.000 / 0.000        14.418 / 28.821        4.135 / 28.821        4.135 / 28.821      ms
[2040.577s][info   ][gc,stats    ]    Subphase: Concurrent Classes Unlink                     0.000 / 0.000        21.405 / 31.967      177.603 / 1768.670    177.603 / 1768.670    ms
[2040.577s][info   ][gc,stats    ]    Subphase: Concurrent Mark                               0.000 / 0.000       185.060 / 207.949     354.470 / 1136.625    354.470 / 1136.625    ms
[2040.577s][info   ][gc,stats    ]    Subphase: Concurrent Mark Try Flush                     0.000 / 0.000         0.180 / 0.428        27.407 / 148.506      27.407 / 148.506     ms
[2040.577s][info   ][gc,stats    ]    Subphase: Concurrent Mark Try Terminate                 0.000 / 0.000         2.917 / 13.707        2.850 / 148.509       2.850 / 148.509     ms
[2040.577s][info   ][gc,stats    ]    Subphase: Concurrent References Enqueue                 0.000 / 0.000         0.009 / 0.009         0.012 / 0.017         0.012 / 0.017       ms
[2040.578s][info   ][gc,stats    ]    Subphase: Concurrent References Process                 0.000 / 0.000         1.427 / 1.710         0.832 / 2.501         0.832 / 2.501       ms
[2040.578s][info   ][gc,stats    ]    Subphase: Concurrent Roots ClassLoaderDataGraph         0.000 / 0.000         1.000 / 2.525         0.656 / 2.525         0.656 / 2.525       ms
[2040.578s][info   ][gc,stats    ]    Subphase: Concurrent Roots CodeCache                    0.000 / 0.000         0.000 / 0.000         0.000 / 0.000         0.000 / 0.000       ms
[2040.578s][info   ][gc,stats    ]    Subphase: Concurrent Roots JavaThreads                  0.000 / 0.000         7.284 / 10.756       62.738 / 475.340      62.738 / 475.340     ms
[2040.579s][info   ][gc,stats    ]    Subphase: Concurrent Roots OopStorageSet                0.000 / 0.000         0.709 / 1.132         0.267 / 1.132         0.267 / 1.132       ms
[2040.579s][info   ][gc,stats    ]    Subphase: Concurrent Weak Roots OopStorageSet           0.000 / 0.000         4.426 / 5.232         4.527 / 9.700         4.527 / 9.700       ms
[2040.579s][info   ][gc,stats    ]    Subphase: Pause Mark Try Complete                       0.000 / 0.000         0.000 / 0.000         0.053 / 0.195         0.053 / 0.195       ms
[2040.579s][info   ][gc,stats    ]      System: Java Threads                                      0 / 0                48 / 48               60 / 137              60 / 137         threads
[2040.579s][info   ][gc,stats    ] =========================================================================================================================================================
[2050.567s][info   ][gc,stats    ] === Garbage Collection Statistics =======================================================================================================================
[2050.567s][info   ][gc,stats    ]                                                              Last 10s              Last 10m              Last 10h                Total
[2050.567s][info   ][gc,stats    ]                                                              Avg / Max             Avg / Max             Avg / Max             Avg / Max
[2050.567s][info   ][gc,stats    ]   Collector: Garbage Collection Cycle                      0.000 / 0.000       255.127 / 298.767     763.632 / 3415.907    763.632 / 3415.907    ms
[2050.567s][info   ][gc,stats    ]  Contention: Mark Segment Reset Contention                     0 / 0                 0 / 0                 0 / 2                 0 / 2           ops/s
[2050.567s][info   ][gc,stats    ]  Contention: Mark SeqNum Reset Contention                      0 / 0                 0 / 1                 0 / 1                 0 / 1           ops/s
[2050.568s][info   ][gc,stats    ]    Critical: Allocation Stall                                  0 / 0                 0 / 0                 0 / 0                 0 / 0           ops/s
[2050.568s][info   ][gc,stats    ]    Critical: Allocation Stall                              0.000 / 0.000         0.000 / 0.000         0.000 / 0.000         0.000 / 0.000       ms
[2050.568s][info   ][gc,stats    ]    Critical: GC Locker Stall                                   0 / 0                 0 / 0                 0 / 0                 0 / 0           ops/s
[2050.568s][info   ][gc,stats    ]    Critical: GC Locker Stall                               0.000 / 0.000         0.000 / 0.000         0.000 / 0.000         0.000 / 0.000       ms
[2050.568s][info   ][gc,stats    ]    Critical: Relocation Stall                                  0 / 0                 0 / 0                 0 / 0                 0 / 0           ops/s
[2050.568s][info   ][gc,stats    ]    Critical: Relocation Stall                              0.000 / 0.000         0.000 / 0.000         0.000 / 0.000         0.000 / 0.000       ms
[2050.568s][info   ][gc,stats    ]      Memory: Allocation Rate                                   0 / 0                 0 / 10                1 / 68                1 / 68          MB/s
[2050.569s][info   ][gc,stats    ]      Memory: Defragment                                        0 / 0                 0 / 0                 0 / 0                 0 / 0           ops/s
[2050.569s][info   ][gc,stats    ]      Memory: Out Of Memory                                     0 / 0                 0 / 0                 0 / 0                 0 / 0           ops/s
[2050.569s][info   ][gc,stats    ]      Memory: Page Cache Flush                                  0 / 0                 0 / 0                 0 / 0                 0 / 0           MB/s
[2050.569s][info   ][gc,stats    ]      Memory: Page Cache Hit L1                                 0 / 0                 0 / 7                 0 / 30                0 / 30          ops/s
[2050.569s][info   ][gc,stats    ]      Memory: Page Cache Hit L2                                 0 / 0                 0 / 0                 0 / 0                 0 / 0           ops/s
[2050.569s][info   ][gc,stats    ]      Memory: Page Cache Hit L3                                 0 / 0                 0 / 0                 0 / 26                0 / 26          ops/s
[2050.569s][info   ][gc,stats    ]      Memory: Page Cache Miss                                   0 / 0                 0 / 0                 0 / 1                 0 / 1           ops/s
[2050.570s][info   ][gc,stats    ]      Memory: Uncommit                                          0 / 0                 0 / 0                 0 / 0                 0 / 0           MB/s
[2050.570s][info   ][gc,stats    ]      Memory: Undo Object Allocation Failed                     0 / 0                 0 / 0                 0 / 1                 0 / 1           ops/s
[2050.570s][info   ][gc,stats    ]      Memory: Undo Object Allocation Succeeded                  0 / 0                 0 / 0                 0 / 74                0 / 74          ops/s
[2050.570s][info   ][gc,stats    ]      Memory: Undo Page Allocation                              0 / 0                 0 / 0                 0 / 1                 0 / 1           ops/s
[2050.570s][info   ][gc,stats    ]       Phase: Concurrent Mark                               0.000 / 0.000       198.475 / 214.014     497.512 / 1491.398    497.512 / 1491.398    ms
[2050.570s][info   ][gc,stats    ]       Phase: Concurrent Mark Continue                      0.000 / 0.000         0.000 / 0.000         0.000 / 0.000         0.000 / 0.000       ms
[2050.571s][info   ][gc,stats    ]       Phase: Concurrent Mark Free                          0.000 / 0.000         0.002 / 0.002         0.002 / 0.004         0.002 / 0.004       ms
[2050.571s][info   ][gc,stats    ]       Phase: Concurrent Process Non-Strong References      0.000 / 0.000        42.047 / 68.136      203.317 / 1850.321    203.317 / 1850.321    ms
[2050.571s][info   ][gc,stats    ]       Phase: Concurrent Relocate                           0.000 / 0.000         5.981 / 8.115        14.941 / 33.849       14.941 / 33.849      ms
[2050.571s][info   ][gc,stats    ]       Phase: Concurrent Reset Relocation Set               0.000 / 0.000         0.005 / 0.006         0.016 / 0.040         0.016 / 0.040       ms
[2050.571s][info   ][gc,stats    ]       Phase: Concurrent Select Relocation Set              0.000 / 0.000         5.734 / 6.069         6.728 / 15.302        6.728 / 15.302      ms
[2050.571s][info   ][gc,stats    ]       Phase: Pause Mark End                                0.000 / 0.000         0.044 / 0.052         0.097 / 0.333         0.097 / 0.333       ms
[2050.572s][info   ][gc,stats    ]       Phase: Pause Mark Start                              0.000 / 0.000         0.072 / 0.099         0.040 / 0.099         0.040 / 0.099       ms
[2050.572s][info   ][gc,stats    ]       Phase: Pause Relocate Start                          0.000 / 0.000         0.031 / 0.033         0.031 / 0.079         0.031 / 0.079       ms
[2050.572s][info   ][gc,stats    ]    Subphase: Concurrent Classes Purge                      0.000 / 0.000        14.418 / 28.821        4.135 / 28.821        4.135 / 28.821      ms
[2050.572s][info   ][gc,stats    ]    Subphase: Concurrent Classes Unlink                     0.000 / 0.000        21.405 / 31.967      177.603 / 1768.670    177.603 / 1768.670    ms
[2050.572s][info   ][gc,stats    ]    Subphase: Concurrent Mark                               0.000 / 0.000       185.060 / 207.949     354.470 / 1136.625    354.470 / 1136.625    ms
[2050.572s][info   ][gc,stats    ]    Subphase: Concurrent Mark Try Flush                     0.000 / 0.000         0.180 / 0.428        27.407 / 148.506      27.407 / 148.506     ms
[2050.573s][info   ][gc,stats    ]    Subphase: Concurrent Mark Try Terminate                 0.000 / 0.000         2.917 / 13.707        2.850 / 148.509       2.850 / 148.509     ms
[2050.573s][info   ][gc,stats    ]    Subphase: Concurrent References Enqueue                 0.000 / 0.000         0.009 / 0.009         0.012 / 0.017         0.012 / 0.017       ms
[2050.573s][info   ][gc,stats    ]    Subphase: Concurrent References Process                 0.000 / 0.000         1.427 / 1.710         0.832 / 2.501         0.832 / 2.501       ms
[2050.573s][info   ][gc,stats    ]    Subphase: Concurrent Roots ClassLoaderDataGraph         0.000 / 0.000         1.000 / 2.525         0.656 / 2.525         0.656 / 2.525       ms
[2050.573s][info   ][gc,stats    ]    Subphase: Concurrent Roots CodeCache                    0.000 / 0.000         0.000 / 0.000         0.000 / 0.000         0.000 / 0.000       ms
[2050.573s][info   ][gc,stats    ]    Subphase: Concurrent Roots JavaThreads                  0.000 / 0.000         7.284 / 10.756       62.738 / 475.340      62.738 / 475.340     ms
[2050.574s][info   ][gc,stats    ]    Subphase: Concurrent Roots OopStorageSet                0.000 / 0.000         0.709 / 1.132         0.267 / 1.132         0.267 / 1.132       ms
[2050.574s][info   ][gc,stats    ]    Subphase: Concurrent Weak Roots OopStorageSet           0.000 / 0.000         4.426 / 5.232         4.527 / 9.700         4.527 / 9.700       ms
[2050.574s][info   ][gc,stats    ]    Subphase: Pause Mark Try Complete                       0.000 / 0.000         0.000 / 0.000         0.053 / 0.195         0.053 / 0.195       ms
[2050.574s][info   ][gc,stats    ]      System: Java Threads                                      0 / 0                48 / 48               60 / 137              60 / 137         threads
[2050.574s][info   ][gc,stats    ] =========================================================================================================================================================
[2060.567s][info   ][gc,stats    ] === Garbage Collection Statistics =======================================================================================================================
[2060.568s][info   ][gc,stats    ]                                                              Last 10s              Last 10m              Last 10h                Total
[2060.568s][info   ][gc,stats    ]                                                              Avg / Max             Avg / Max             Avg / Max             Avg / Max
[2060.568s][info   ][gc,stats    ]   Collector: Garbage Collection Cycle                      0.000 / 0.000       255.127 / 298.767     763.632 / 3415.907    763.632 / 3415.907    ms
[2060.568s][info   ][gc,stats    ]  Contention: Mark Segment Reset Contention                     0 / 0                 0 / 0                 0 / 2                 0 / 2           ops/s
[2060.568s][info   ][gc,stats    ]  Contention: Mark SeqNum Reset Contention                      0 / 0                 0 / 1                 0 / 1                 0 / 1           ops/s
[2060.569s][info   ][gc,stats    ]    Critical: Allocation Stall                                  0 / 0                 0 / 0                 0 / 0                 0 / 0           ops/s
[2060.569s][info   ][gc,stats    ]    Critical: Allocation Stall                              0.000 / 0.000         0.000 / 0.000         0.000 / 0.000         0.000 / 0.000       ms
[2060.569s][info   ][gc,stats    ]    Critical: GC Locker Stall                                   0 / 0                 0 / 0                 0 / 0                 0 / 0           ops/s
[2060.569s][info   ][gc,stats    ]    Critical: GC Locker Stall                               0.000 / 0.000         0.000 / 0.000         0.000 / 0.000         0.000 / 0.000       ms
[2060.569s][info   ][gc,stats    ]    Critical: Relocation Stall                                  0 / 0                 0 / 0                 0 / 0                 0 / 0           ops/s
[2060.569s][info   ][gc,stats    ]    Critical: Relocation Stall                              0.000 / 0.000         0.000 / 0.000         0.000 / 0.000         0.000 / 0.000       ms
[2060.569s][info   ][gc,stats    ]      Memory: Allocation Rate                                   0 / 0                 0 / 10                1 / 68                1 / 68          MB/s
[2060.570s][info   ][gc,stats    ]      Memory: Defragment                                        0 / 0                 0 / 0                 0 / 0                 0 / 0           ops/s
[2060.570s][info   ][gc,stats    ]      Memory: Out Of Memory                                     0 / 0                 0 / 0                 0 / 0                 0 / 0           ops/s
[2060.570s][info   ][gc,stats    ]      Memory: Page Cache Flush                                  0 / 0                 0 / 0                 0 / 0                 0 / 0           MB/s
[2060.570s][info   ][gc,stats    ]      Memory: Page Cache Hit L1                                 0 / 0                 0 / 7                 0 / 30                0 / 30          ops/s
[2060.570s][info   ][gc,stats    ]      Memory: Page Cache Hit L2                                 0 / 0                 0 / 0                 0 / 0                 0 / 0           ops/s
[2060.571s][info   ][gc,stats    ]      Memory: Page Cache Hit L3                                 0 / 0                 0 / 0                 0 / 26                0 / 26          ops/s
[2060.571s][info   ][gc,stats    ]      Memory: Page Cache Miss                                   0 / 0                 0 / 0                 0 / 1                 0 / 1           ops/s
[2060.571s][info   ][gc,stats    ]      Memory: Uncommit                                          0 / 0                 0 / 0                 0 / 0                 0 / 0           MB/s
[2060.571s][info   ][gc,stats    ]      Memory: Undo Object Allocation Failed                     0 / 0                 0 / 0                 0 / 1                 0 / 1           ops/s
[2060.571s][info   ][gc,stats    ]      Memory: Undo Object Allocation Succeeded                  0 / 0                 0 / 0                 0 / 74                0 / 74          ops/s
[2060.571s][info   ][gc,stats    ]      Memory: Undo Page Allocation                              0 / 0                 0 / 0                 0 / 1                 0 / 1           ops/s
[2060.571s][info   ][gc,stats    ]       Phase: Concurrent Mark                               0.000 / 0.000       198.475 / 214.014     497.512 / 1491.398    497.512 / 1491.398    ms
[2060.571s][info   ][gc,stats    ]       Phase: Concurrent Mark Continue                      0.000 / 0.000         0.000 / 0.000         0.000 / 0.000         0.000 / 0.000       ms
[2060.572s][info   ][gc,stats    ]       Phase: Concurrent Mark Free                          0.000 / 0.000         0.002 / 0.002         0.002 / 0.004         0.002 / 0.004       ms
[2060.572s][info   ][gc,stats    ]       Phase: Concurrent Process Non-Strong References      0.000 / 0.000        42.047 / 68.136      203.317 / 1850.321    203.317 / 1850.321    ms
[2060.572s][info   ][gc,stats    ]       Phase: Concurrent Relocate                           0.000 / 0.000         5.981 / 8.115        14.941 / 33.849       14.941 / 33.849      ms
[2060.572s][info   ][gc,stats    ]       Phase: Concurrent Reset Relocation Set               0.000 / 0.000         0.005 / 0.006         0.016 / 0.040         0.016 / 0.040       ms
[2060.572s][info   ][gc,stats    ]       Phase: Concurrent Select Relocation Set              0.000 / 0.000         5.734 / 6.069         6.728 / 15.302        6.728 / 15.302      ms
[2060.572s][info   ][gc,stats    ]       Phase: Pause Mark End                                0.000 / 0.000         0.044 / 0.052         0.097 / 0.333         0.097 / 0.333       ms
[2060.572s][info   ][gc,stats    ]       Phase: Pause Mark Start                              0.000 / 0.000         0.072 / 0.099         0.040 / 0.099         0.040 / 0.099       ms
[2060.573s][info   ][gc,stats    ]       Phase: Pause Relocate Start                          0.000 / 0.000         0.031 / 0.033         0.031 / 0.079         0.031 / 0.079       ms
[2060.573s][info   ][gc,stats    ]    Subphase: Concurrent Classes Purge                      0.000 / 0.000        14.418 / 28.821        4.135 / 28.821        4.135 / 28.821      ms
[2060.573s][info   ][gc,stats    ]    Subphase: Concurrent Classes Unlink                     0.000 / 0.000        21.405 / 31.967      177.603 / 1768.670    177.603 / 1768.670    ms
[2060.573s][info   ][gc,stats    ]    Subphase: Concurrent Mark                               0.000 / 0.000       185.060 / 207.949     354.470 / 1136.625    354.470 / 1136.625    ms
[2060.573s][info   ][gc,stats    ]    Subphase: Concurrent Mark Try Flush                     0.000 / 0.000         0.180 / 0.428        27.407 / 148.506      27.407 / 148.506     ms
[2060.573s][info   ][gc,stats    ]    Subphase: Concurrent Mark Try Terminate                 0.000 / 0.000         2.917 / 13.707        2.850 / 148.509       2.850 / 148.509     ms
[2060.574s][info   ][gc,stats    ]    Subphase: Concurrent References Enqueue                 0.000 / 0.000         0.009 / 0.009         0.012 / 0.017         0.012 / 0.017       ms
[2060.574s][info   ][gc,stats    ]    Subphase: Concurrent References Process                 0.000 / 0.000         1.427 / 1.710         0.832 / 2.501         0.832 / 2.501       ms
[2060.574s][info   ][gc,stats    ]    Subphase: Concurrent Roots ClassLoaderDataGraph         0.000 / 0.000         1.000 / 2.525         0.656 / 2.525         0.656 / 2.525       ms
[2060.574s][info   ][gc,stats    ]    Subphase: Concurrent Roots CodeCache                    0.000 / 0.000         0.000 / 0.000         0.000 / 0.000         0.000 / 0.000       ms
[2060.574s][info   ][gc,stats    ]    Subphase: Concurrent Roots JavaThreads                  0.000 / 0.000         7.284 / 10.756       62.738 / 475.340      62.738 / 475.340     ms
[2060.574s][info   ][gc,stats    ]    Subphase: Concurrent Roots OopStorageSet                0.000 / 0.000         0.709 / 1.132         0.267 / 1.132         0.267 / 1.132       ms
[2060.574s][info   ][gc,stats    ]    Subphase: Concurrent Weak Roots OopStorageSet           0.000 / 0.000         4.426 / 5.232         4.527 / 9.700         4.527 / 9.700       ms
[2060.574s][info   ][gc,stats    ]    Subphase: Pause Mark Try Complete                       0.000 / 0.000         0.000 / 0.000         0.053 / 0.195         0.053 / 0.195       ms
[2060.575s][info   ][gc,stats    ]      System: Java Threads                                      0 / 0                48 / 48               60 / 137              60 / 137         threads
[2060.575s][info   ][gc,stats    ] =========================================================================================================================================================
[2070.568s][info   ][gc,stats    ] === Garbage Collection Statistics =======================================================================================================================
[2070.568s][info   ][gc,stats    ]                                                              Last 10s              Last 10m              Last 10h                Total
[2070.569s][info   ][gc,stats    ]                                                              Avg / Max             Avg / Max             Avg / Max             Avg / Max
[2070.569s][info   ][gc,stats    ]   Collector: Garbage Collection Cycle                      0.000 / 0.000       255.127 / 298.767     763.632 / 3415.907    763.632 / 3415.907    ms
[2070.569s][info   ][gc,stats    ]  Contention: Mark Segment Reset Contention                     0 / 0                 0 / 0                 0 / 2                 0 / 2           ops/s
[2070.569s][info   ][gc,stats    ]  Contention: Mark SeqNum Reset Contention                      0 / 0                 0 / 1                 0 / 1                 0 / 1           ops/s
[2070.569s][info   ][gc,stats    ]    Critical: Allocation Stall                                  0 / 0                 0 / 0                 0 / 0                 0 / 0           ops/s
[2070.569s][info   ][gc,stats    ]    Critical: Allocation Stall                              0.000 / 0.000         0.000 / 0.000         0.000 / 0.000         0.000 / 0.000       ms
[2070.569s][info   ][gc,stats    ]    Critical: GC Locker Stall                                   0 / 0                 0 / 0                 0 / 0                 0 / 0           ops/s
[2070.570s][info   ][gc,stats    ]    Critical: GC Locker Stall                               0.000 / 0.000         0.000 / 0.000         0.000 / 0.000         0.000 / 0.000       ms
[2070.570s][info   ][gc,stats    ]    Critical: Relocation Stall                                  0 / 0                 0 / 0                 0 / 0                 0 / 0           ops/s
[2070.570s][info   ][gc,stats    ]    Critical: Relocation Stall                              0.000 / 0.000         0.000 / 0.000         0.000 / 0.000         0.000 / 0.000       ms
[2070.570s][info   ][gc,stats    ]      Memory: Allocation Rate                                   0 / 0                 0 / 10                1 / 68                1 / 68          MB/s
[2070.570s][info   ][gc,stats    ]      Memory: Defragment                                        0 / 0                 0 / 0                 0 / 0                 0 / 0           ops/s
[2070.570s][info   ][gc,stats    ]      Memory: Out Of Memory                                     0 / 0                 0 / 0                 0 / 0                 0 / 0           ops/s
[2070.570s][info   ][gc,stats    ]      Memory: Page Cache Flush                                  0 / 0                 0 / 0                 0 / 0                 0 / 0           MB/s
[2070.570s][info   ][gc,stats    ]      Memory: Page Cache Hit L1                                 0 / 0                 0 / 7                 0 / 30                0 / 30          ops/s
[2070.570s][info   ][gc,stats    ]      Memory: Page Cache Hit L2                                 0 / 0                 0 / 0                 0 / 0                 0 / 0           ops/s
[2070.570s][info   ][gc,stats    ]      Memory: Page Cache Hit L3                                 0 / 0                 0 / 0                 0 / 26                0 / 26          ops/s
[2070.571s][info   ][gc,stats    ]      Memory: Page Cache Miss                                   0 / 0                 0 / 0                 0 / 1                 0 / 1           ops/s
[2070.571s][info   ][gc,stats    ]      Memory: Uncommit                                          0 / 0                 0 / 0                 0 / 0                 0 / 0           MB/s
[2070.571s][info   ][gc,stats    ]      Memory: Undo Object Allocation Failed                     0 / 0                 0 / 0                 0 / 1                 0 / 1           ops/s
[2070.571s][info   ][gc,stats    ]      Memory: Undo Object Allocation Succeeded                  0 / 0                 0 / 0                 0 / 74                0 / 74          ops/s
[2070.571s][info   ][gc,stats    ]      Memory: Undo Page Allocation                              0 / 0                 0 / 0                 0 / 1                 0 / 1           ops/s
[2070.572s][info   ][gc,stats    ]       Phase: Concurrent Mark                               0.000 / 0.000       198.475 / 214.014     497.512 / 1491.398    497.512 / 1491.398    ms
[2070.572s][info   ][gc,stats    ]       Phase: Concurrent Mark Continue                      0.000 / 0.000         0.000 / 0.000         0.000 / 0.000         0.000 / 0.000       ms
[2070.572s][info   ][gc,stats    ]       Phase: Concurrent Mark Free                          0.000 / 0.000         0.002 / 0.002         0.002 / 0.004         0.002 / 0.004       ms
[2070.572s][info   ][gc,stats    ]       Phase: Concurrent Process Non-Strong References      0.000 / 0.000        42.047 / 68.136      203.317 / 1850.321    203.317 / 1850.321    ms
[2070.572s][info   ][gc,stats    ]       Phase: Concurrent Relocate                           0.000 / 0.000         5.981 / 8.115        14.941 / 33.849       14.941 / 33.849      ms
[2070.572s][info   ][gc,stats    ]       Phase: Concurrent Reset Relocation Set               0.000 / 0.000         0.005 / 0.006         0.016 / 0.040         0.016 / 0.040       ms
[2070.573s][info   ][gc,stats    ]       Phase: Concurrent Select Relocation Set              0.000 / 0.000         5.734 / 6.069         6.728 / 15.302        6.728 / 15.302      ms
[2070.573s][info   ][gc,stats    ]       Phase: Pause Mark End                                0.000 / 0.000         0.044 / 0.052         0.097 / 0.333         0.097 / 0.333       ms
[2070.573s][info   ][gc,stats    ]       Phase: Pause Mark Start                              0.000 / 0.000         0.072 / 0.099         0.040 / 0.099         0.040 / 0.099       ms
[2070.573s][info   ][gc,stats    ]       Phase: Pause Relocate Start                          0.000 / 0.000         0.031 / 0.033         0.031 / 0.079         0.031 / 0.079       ms
[2070.573s][info   ][gc,stats    ]    Subphase: Concurrent Classes Purge                      0.000 / 0.000        14.418 / 28.821        4.135 / 28.821        4.135 / 28.821      ms
[2070.573s][info   ][gc,stats    ]    Subphase: Concurrent Classes Unlink                     0.000 / 0.000        21.405 / 31.967      177.603 / 1768.670    177.603 / 1768.670    ms
[2070.573s][info   ][gc,stats    ]    Subphase: Concurrent Mark                               0.000 / 0.000       185.060 / 207.949     354.470 / 1136.625    354.470 / 1136.625    ms
[2070.573s][info   ][gc,stats    ]    Subphase: Concurrent Mark Try Flush                     0.000 / 0.000         0.180 / 0.428        27.407 / 148.506      27.407 / 148.506     ms
[2070.573s][info   ][gc,stats    ]    Subphase: Concurrent Mark Try Terminate                 0.000 / 0.000         2.917 / 13.707        2.850 / 148.509       2.850 / 148.509     ms
[2070.573s][info   ][gc,stats    ]    Subphase: Concurrent References Enqueue                 0.000 / 0.000         0.009 / 0.009         0.012 / 0.017         0.012 / 0.017       ms
[2070.574s][info   ][gc,stats    ]    Subphase: Concurrent References Process                 0.000 / 0.000         1.427 / 1.710         0.832 / 2.501         0.832 / 2.501       ms
[2070.574s][info   ][gc,stats    ]    Subphase: Concurrent Roots ClassLoaderDataGraph         0.000 / 0.000         1.000 / 2.525         0.656 / 2.525         0.656 / 2.525       ms
[2070.574s][info   ][gc,stats    ]    Subphase: Concurrent Roots CodeCache                    0.000 / 0.000         0.000 / 0.000         0.000 / 0.000         0.000 / 0.000       ms
[2070.574s][info   ][gc,stats    ]    Subphase: Concurrent Roots JavaThreads                  0.000 / 0.000         7.284 / 10.756       62.738 / 475.340      62.738 / 475.340     ms
[2070.574s][info   ][gc,stats    ]    Subphase: Concurrent Roots OopStorageSet                0.000 / 0.000         0.709 / 1.132         0.267 / 1.132         0.267 / 1.132       ms
[2070.574s][info   ][gc,stats    ]    Subphase: Concurrent Weak Roots OopStorageSet           0.000 / 0.000         4.426 / 5.232         4.527 / 9.700         4.527 / 9.700       ms
[2070.574s][info   ][gc,stats    ]    Subphase: Pause Mark Try Complete                       0.000 / 0.000         0.000 / 0.000         0.053 / 0.195         0.053 / 0.195       ms
[2070.574s][info   ][gc,stats    ]      System: Java Threads                                      0 / 0                48 / 48               60 / 137              60 / 137         threads
[2070.574s][info   ][gc,stats    ] =========================================================================================================================================================
[2080.557s][info   ][gc,stats    ] === Garbage Collection Statistics =======================================================================================================================
[2080.557s][info   ][gc,stats    ]                                                              Last 10s              Last 10m              Last 10h                Total
[2080.558s][info   ][gc,stats    ]                                                              Avg / Max             Avg / Max             Avg / Max             Avg / Max
[2080.558s][info   ][gc,stats    ]   Collector: Garbage Collection Cycle                      0.000 / 0.000       255.127 / 298.767     763.632 / 3415.907    763.632 / 3415.907    ms
[2080.558s][info   ][gc,stats    ]  Contention: Mark Segment Reset Contention                     0 / 0                 0 / 0                 0 / 2                 0 / 2           ops/s
[2080.558s][info   ][gc,stats    ]  Contention: Mark SeqNum Reset Contention                      0 / 0                 0 / 1                 0 / 1                 0 / 1           ops/s
[2080.558s][info   ][gc,stats    ]    Critical: Allocation Stall                                  0 / 0                 0 / 0                 0 / 0                 0 / 0           ops/s
[2080.558s][info   ][gc,stats    ]    Critical: Allocation Stall                              0.000 / 0.000         0.000 / 0.000         0.000 / 0.000         0.000 / 0.000       ms
[2080.558s][info   ][gc,stats    ]    Critical: GC Locker Stall                                   0 / 0                 0 / 0                 0 / 0                 0 / 0           ops/s
[2080.558s][info   ][gc,stats    ]    Critical: GC Locker Stall                               0.000 / 0.000         0.000 / 0.000         0.000 / 0.000         0.000 / 0.000       ms
[2080.558s][info   ][gc,stats    ]    Critical: Relocation Stall                                  0 / 0                 0 / 0                 0 / 0                 0 / 0           ops/s
[2080.558s][info   ][gc,stats    ]    Critical: Relocation Stall                              0.000 / 0.000         0.000 / 0.000         0.000 / 0.000         0.000 / 0.000       ms
[2080.558s][info   ][gc,stats    ]      Memory: Allocation Rate                                   0 / 0                 0 / 10                1 / 68                1 / 68          MB/s
[2080.558s][info   ][gc,stats    ]      Memory: Defragment                                        0 / 0                 0 / 0                 0 / 0                 0 / 0           ops/s
[2080.558s][info   ][gc,stats    ]      Memory: Out Of Memory                                     0 / 0                 0 / 0                 0 / 0                 0 / 0           ops/s
[2080.558s][info   ][gc,stats    ]      Memory: Page Cache Flush                                  0 / 0                 0 / 0                 0 / 0                 0 / 0           MB/s
[2080.558s][info   ][gc,stats    ]      Memory: Page Cache Hit L1                                 0 / 0                 0 / 7                 0 / 30                0 / 30          ops/s
[2080.558s][info   ][gc,stats    ]      Memory: Page Cache Hit L2                                 0 / 0                 0 / 0                 0 / 0                 0 / 0           ops/s
[2080.559s][info   ][gc,stats    ]      Memory: Page Cache Hit L3                                 0 / 0                 0 / 0                 0 / 26                0 / 26          ops/s
[2080.559s][info   ][gc,stats    ]      Memory: Page Cache Miss                                   0 / 0                 0 / 0                 0 / 1                 0 / 1           ops/s
[2080.559s][info   ][gc,stats    ]      Memory: Uncommit                                          0 / 0                 0 / 0                 0 / 0                 0 / 0           MB/s
[2080.559s][info   ][gc,stats    ]      Memory: Undo Object Allocation Failed                     0 / 0                 0 / 0                 0 / 1                 0 / 1           ops/s
[2080.559s][info   ][gc,stats    ]      Memory: Undo Object Allocation Succeeded                  0 / 0                 0 / 0                 0 / 74                0 / 74          ops/s
[2080.559s][info   ][gc,stats    ]      Memory: Undo Page Allocation                              0 / 0                 0 / 0                 0 / 1                 0 / 1           ops/s
[2080.559s][info   ][gc,stats    ]       Phase: Concurrent Mark                               0.000 / 0.000       198.475 / 214.014     497.512 / 1491.398    497.512 / 1491.398    ms
[2080.559s][info   ][gc,stats    ]       Phase: Concurrent Mark Continue                      0.000 / 0.000         0.000 / 0.000         0.000 / 0.000         0.000 / 0.000       ms
[2080.559s][info   ][gc,stats    ]       Phase: Concurrent Mark Free                          0.000 / 0.000         0.002 / 0.002         0.002 / 0.004         0.002 / 0.004       ms
[2080.559s][info   ][gc,stats    ]       Phase: Concurrent Process Non-Strong References      0.000 / 0.000        42.047 / 68.136      203.317 / 1850.321    203.317 / 1850.321    ms
[2080.559s][info   ][gc,stats    ]       Phase: Concurrent Relocate                           0.000 / 0.000         5.981 / 8.115        14.941 / 33.849       14.941 / 33.849      ms
[2080.560s][info   ][gc,stats    ]       Phase: Concurrent Reset Relocation Set               0.000 / 0.000         0.005 / 0.006         0.016 / 0.040         0.016 / 0.040       ms
[2080.560s][info   ][gc,stats    ]       Phase: Concurrent Select Relocation Set              0.000 / 0.000         5.734 / 6.069         6.728 / 15.302        6.728 / 15.302      ms
[2080.560s][info   ][gc,stats    ]       Phase: Pause Mark End                                0.000 / 0.000         0.044 / 0.052         0.097 / 0.333         0.097 / 0.333       ms
[2080.560s][info   ][gc,stats    ]       Phase: Pause Mark Start                              0.000 / 0.000         0.072 / 0.099         0.040 / 0.099         0.040 / 0.099       ms
[2080.560s][info   ][gc,stats    ]       Phase: Pause Relocate Start                          0.000 / 0.000         0.031 / 0.033         0.031 / 0.079         0.031 / 0.079       ms
[2080.560s][info   ][gc,stats    ]    Subphase: Concurrent Classes Purge                      0.000 / 0.000        14.418 / 28.821        4.135 / 28.821        4.135 / 28.821      ms
[2080.560s][info   ][gc,stats    ]    Subphase: Concurrent Classes Unlink                     0.000 / 0.000        21.405 / 31.967      177.603 / 1768.670    177.603 / 1768.670    ms
[2080.560s][info   ][gc,stats    ]    Subphase: Concurrent Mark                               0.000 / 0.000       185.060 / 207.949     354.470 / 1136.625    354.470 / 1136.625    ms
[2080.560s][info   ][gc,stats    ]    Subphase: Concurrent Mark Try Flush                     0.000 / 0.000         0.180 / 0.428        27.407 / 148.506      27.407 / 148.506     ms
[2080.560s][info   ][gc,stats    ]    Subphase: Concurrent Mark Try Terminate                 0.000 / 0.000         2.917 / 13.707        2.850 / 148.509       2.850 / 148.509     ms
[2080.560s][info   ][gc,stats    ]    Subphase: Concurrent References Enqueue                 0.000 / 0.000         0.009 / 0.009         0.012 / 0.017         0.012 / 0.017       ms
[2080.561s][info   ][gc,stats    ]    Subphase: Concurrent References Process                 0.000 / 0.000         1.427 / 1.710         0.832 / 2.501         0.832 / 2.501       ms
[2080.561s][info   ][gc,stats    ]    Subphase: Concurrent Roots ClassLoaderDataGraph         0.000 / 0.000         1.000 / 2.525         0.656 / 2.525         0.656 / 2.525       ms
[2080.561s][info   ][gc,stats    ]    Subphase: Concurrent Roots CodeCache                    0.000 / 0.000         0.000 / 0.000         0.000 / 0.000         0.000 / 0.000       ms
[2080.561s][info   ][gc,stats    ]    Subphase: Concurrent Roots JavaThreads                  0.000 / 0.000         7.284 / 10.756       62.738 / 475.340      62.738 / 475.340     ms
[2080.561s][info   ][gc,stats    ]    Subphase: Concurrent Roots OopStorageSet                0.000 / 0.000         0.709 / 1.132         0.267 / 1.132         0.267 / 1.132       ms
[2080.561s][info   ][gc,stats    ]    Subphase: Concurrent Weak Roots OopStorageSet           0.000 / 0.000         4.426 / 5.232         4.527 / 9.700         4.527 / 9.700       ms
[2080.561s][info   ][gc,stats    ]    Subphase: Pause Mark Try Complete                       0.000 / 0.000         0.000 / 0.000         0.053 / 0.195         0.053 / 0.195       ms
[2080.561s][info   ][gc,stats    ]      System: Java Threads                                      0 / 0                48 / 48               60 / 137              60 / 137         threads
[2080.561s][info   ][gc,stats    ] =========================================================================================================================================================
[2090.559s][info   ][gc,stats    ] === Garbage Collection Statistics =======================================================================================================================
[2090.560s][info   ][gc,stats    ]                                                              Last 10s              Last 10m              Last 10h                Total
[2090.560s][info   ][gc,stats    ]                                                              Avg / Max             Avg / Max             Avg / Max             Avg / Max
[2090.560s][info   ][gc,stats    ]   Collector: Garbage Collection Cycle                      0.000 / 0.000       255.127 / 298.767     763.632 / 3415.907    763.632 / 3415.907    ms
[2090.560s][info   ][gc,stats    ]  Contention: Mark Segment Reset Contention                     0 / 0                 0 / 0                 0 / 2                 0 / 2           ops/s
[2090.560s][info   ][gc,stats    ]  Contention: Mark SeqNum Reset Contention                      0 / 0                 0 / 1                 0 / 1                 0 / 1           ops/s
[2090.561s][info   ][gc,stats    ]    Critical: Allocation Stall                                  0 / 0                 0 / 0                 0 / 0                 0 / 0           ops/s
[2090.561s][info   ][gc,stats    ]    Critical: Allocation Stall                              0.000 / 0.000         0.000 / 0.000         0.000 / 0.000         0.000 / 0.000       ms
[2090.561s][info   ][gc,stats    ]    Critical: GC Locker Stall                                   0 / 0                 0 / 0                 0 / 0                 0 / 0           ops/s
[2090.562s][info   ][gc,stats    ]    Critical: GC Locker Stall                               0.000 / 0.000         0.000 / 0.000         0.000 / 0.000         0.000 / 0.000       ms
[2090.562s][info   ][gc,stats    ]    Critical: Relocation Stall                                  0 / 0                 0 / 0                 0 / 0                 0 / 0           ops/s
[2090.562s][info   ][gc,stats    ]    Critical: Relocation Stall                              0.000 / 0.000         0.000 / 0.000         0.000 / 0.000         0.000 / 0.000       ms
[2090.562s][info   ][gc,stats    ]      Memory: Allocation Rate                                   0 / 0                 0 / 10                1 / 68                1 / 68          MB/s
[2090.562s][info   ][gc,stats    ]      Memory: Defragment                                        0 / 0                 0 / 0                 0 / 0                 0 / 0           ops/s
[2090.562s][info   ][gc,stats    ]      Memory: Out Of Memory                                     0 / 0                 0 / 0                 0 / 0                 0 / 0           ops/s
[2090.562s][info   ][gc,stats    ]      Memory: Page Cache Flush                                  0 / 0                 0 / 0                 0 / 0                 0 / 0           MB/s
[2090.563s][info   ][gc,stats    ]      Memory: Page Cache Hit L1                                 0 / 0                 0 / 7                 0 / 30                0 / 30          ops/s
[2090.563s][info   ][gc,stats    ]      Memory: Page Cache Hit L2                                 0 / 0                 0 / 0                 0 / 0                 0 / 0           ops/s
[2090.563s][info   ][gc,stats    ]      Memory: Page Cache Hit L3                                 0 / 0                 0 / 0                 0 / 26                0 / 26          ops/s
[2090.563s][info   ][gc,stats    ]      Memory: Page Cache Miss                                   0 / 0                 0 / 0                 0 / 1                 0 / 1           ops/s
[2090.563s][info   ][gc,stats    ]      Memory: Uncommit                                          0 / 0                 0 / 0                 0 / 0                 0 / 0           MB/s
[2090.563s][info   ][gc,stats    ]      Memory: Undo Object Allocation Failed                     0 / 0                 0 / 0                 0 / 1                 0 / 1           ops/s
[2090.564s][info   ][gc,stats    ]      Memory: Undo Object Allocation Succeeded                  0 / 0                 0 / 0                 0 / 74                0 / 74          ops/s
[2090.564s][info   ][gc,stats    ]      Memory: Undo Page Allocation                              0 / 0                 0 / 0                 0 / 1                 0 / 1           ops/s
[2090.564s][info   ][gc,stats    ]       Phase: Concurrent Mark                               0.000 / 0.000       198.475 / 214.014     497.512 / 1491.398    497.512 / 1491.398    ms
[2090.564s][info   ][gc,stats    ]       Phase: Concurrent Mark Continue                      0.000 / 0.000         0.000 / 0.000         0.000 / 0.000         0.000 / 0.000       ms
[2090.564s][info   ][gc,stats    ]       Phase: Concurrent Mark Free                          0.000 / 0.000         0.002 / 0.002         0.002 / 0.004         0.002 / 0.004       ms
[2090.565s][info   ][gc,stats    ]       Phase: Concurrent Process Non-Strong References      0.000 / 0.000        42.047 / 68.136      203.317 / 1850.321    203.317 / 1850.321    ms
[2090.565s][info   ][gc,stats    ]       Phase: Concurrent Relocate                           0.000 / 0.000         5.981 / 8.115        14.941 / 33.849       14.941 / 33.849      ms
[2090.565s][info   ][gc,stats    ]       Phase: Concurrent Reset Relocation Set               0.000 / 0.000         0.005 / 0.006         0.016 / 0.040         0.016 / 0.040       ms
[2090.565s][info   ][gc,stats    ]       Phase: Concurrent Select Relocation Set              0.000 / 0.000         5.734 / 6.069         6.728 / 15.302        6.728 / 15.302      ms
[2090.565s][info   ][gc,stats    ]       Phase: Pause Mark End                                0.000 / 0.000         0.044 / 0.052         0.097 / 0.333         0.097 / 0.333       ms
[2090.566s][info   ][gc,stats    ]       Phase: Pause Mark Start                              0.000 / 0.000         0.072 / 0.099         0.040 / 0.099         0.040 / 0.099       ms
[2090.566s][info   ][gc,stats    ]       Phase: Pause Relocate Start                          0.000 / 0.000         0.031 / 0.033         0.031 / 0.079         0.031 / 0.079       ms
[2090.566s][info   ][gc,stats    ]    Subphase: Concurrent Classes Purge                      0.000 / 0.000        14.418 / 28.821        4.135 / 28.821        4.135 / 28.821      ms
[2090.566s][info   ][gc,stats    ]    Subphase: Concurrent Classes Unlink                     0.000 / 0.000        21.405 / 31.967      177.603 / 1768.670    177.603 / 1768.670    ms
[2090.566s][info   ][gc,stats    ]    Subphase: Concurrent Mark                               0.000 / 0.000       185.060 / 207.949     354.470 / 1136.625    354.470 / 1136.625    ms
[2090.567s][info   ][gc,stats    ]    Subphase: Concurrent Mark Try Flush                     0.000 / 0.000         0.180 / 0.428        27.407 / 148.506      27.407 / 148.506     ms
[2090.567s][info   ][gc,stats    ]    Subphase: Concurrent Mark Try Terminate                 0.000 / 0.000         2.917 / 13.707        2.850 / 148.509       2.850 / 148.509     ms
[2090.567s][info   ][gc,stats    ]    Subphase: Concurrent References Enqueue                 0.000 / 0.000         0.009 / 0.009         0.012 / 0.017         0.012 / 0.017       ms
[2090.567s][info   ][gc,stats    ]    Subphase: Concurrent References Process                 0.000 / 0.000         1.427 / 1.710         0.832 / 2.501         0.832 / 2.501       ms
[2090.567s][info   ][gc,stats    ]    Subphase: Concurrent Roots ClassLoaderDataGraph         0.000 / 0.000         1.000 / 2.525         0.656 / 2.525         0.656 / 2.525       ms
[2090.568s][info   ][gc,stats    ]    Subphase: Concurrent Roots CodeCache                    0.000 / 0.000         0.000 / 0.000         0.000 / 0.000         0.000 / 0.000       ms
[2090.568s][info   ][gc,stats    ]    Subphase: Concurrent Roots JavaThreads                  0.000 / 0.000         7.284 / 10.756       62.738 / 475.340      62.738 / 475.340     ms
[2090.568s][info   ][gc,stats    ]    Subphase: Concurrent Roots OopStorageSet                0.000 / 0.000         0.709 / 1.132         0.267 / 1.132         0.267 / 1.132       ms
[2090.568s][info   ][gc,stats    ]    Subphase: Concurrent Weak Roots OopStorageSet           0.000 / 0.000         4.426 / 5.232         4.527 / 9.700         4.527 / 9.700       ms
[2090.568s][info   ][gc,stats    ]    Subphase: Pause Mark Try Complete                       0.000 / 0.000         0.000 / 0.000         0.053 / 0.195         0.053 / 0.195       ms
[2090.568s][info   ][gc,stats    ]      System: Java Threads                                      0 / 0                48 / 48               60 / 137              60 / 137         threads
[2090.569s][info   ][gc,stats    ] =========================================================================================================================================================
[2100.570s][info   ][gc,stats    ] === Garbage Collection Statistics =======================================================================================================================
[2100.570s][info   ][gc,stats    ]                                                              Last 10s              Last 10m              Last 10h                Total
[2100.570s][info   ][gc,stats    ]                                                              Avg / Max             Avg / Max             Avg / Max             Avg / Max
[2100.570s][info   ][gc,stats    ]   Collector: Garbage Collection Cycle                      0.000 / 0.000       255.127 / 298.767     763.632 / 3415.907    763.632 / 3415.907    ms
[2100.571s][info   ][gc,stats    ]  Contention: Mark Segment Reset Contention                     0 / 0                 0 / 0                 0 / 2                 0 / 2           ops/s
[2100.571s][info   ][gc,stats    ]  Contention: Mark SeqNum Reset Contention                      0 / 0                 0 / 1                 0 / 1                 0 / 1           ops/s
[2100.571s][info   ][gc,stats    ]    Critical: Allocation Stall                                  0 / 0                 0 / 0                 0 / 0                 0 / 0           ops/s
[2100.571s][info   ][gc,stats    ]    Critical: Allocation Stall                              0.000 / 0.000         0.000 / 0.000         0.000 / 0.000         0.000 / 0.000       ms
[2100.571s][info   ][gc,stats    ]    Critical: GC Locker Stall                                   0 / 0                 0 / 0                 0 / 0                 0 / 0           ops/s
[2100.572s][info   ][gc,stats    ]    Critical: GC Locker Stall                               0.000 / 0.000         0.000 / 0.000         0.000 / 0.000         0.000 / 0.000       ms
[2100.572s][info   ][gc,stats    ]    Critical: Relocation Stall                                  0 / 0                 0 / 0                 0 / 0                 0 / 0           ops/s
[2100.572s][info   ][gc,stats    ]    Critical: Relocation Stall                              0.000 / 0.000         0.000 / 0.000         0.000 / 0.000         0.000 / 0.000       ms
[2100.572s][info   ][gc,stats    ]      Memory: Allocation Rate                                   0 / 2                 0 / 10                1 / 68                1 / 68          MB/s
[2100.572s][info   ][gc,stats    ]      Memory: Defragment                                        0 / 0                 0 / 0                 0 / 0                 0 / 0           ops/s
[2100.572s][info   ][gc,stats    ]      Memory: Out Of Memory                                     0 / 0                 0 / 0                 0 / 0                 0 / 0           ops/s
[2100.572s][info   ][gc,stats    ]      Memory: Page Cache Flush                                  0 / 0                 0 / 0                 0 / 0                 0 / 0           MB/s
[2100.573s][info   ][gc,stats    ]      Memory: Page Cache Hit L1                                 0 / 1                 0 / 7                 0 / 30                0 / 30          ops/s
[2100.573s][info   ][gc,stats    ]      Memory: Page Cache Hit L2                                 0 / 0                 0 / 0                 0 / 0                 0 / 0           ops/s
[2100.573s][info   ][gc,stats    ]      Memory: Page Cache Hit L3                                 0 / 0                 0 / 0                 0 / 26                0 / 26          ops/s
[2100.573s][info   ][gc,stats    ]      Memory: Page Cache Miss                                   0 / 0                 0 / 0                 0 / 1                 0 / 1           ops/s
[2100.573s][info   ][gc,stats    ]      Memory: Uncommit                                          0 / 0                 0 / 0                 0 / 0                 0 / 0           MB/s
[2100.573s][info   ][gc,stats    ]      Memory: Undo Object Allocation Failed                     0 / 0                 0 / 0                 0 / 1                 0 / 1           ops/s
[2100.573s][info   ][gc,stats    ]      Memory: Undo Object Allocation Succeeded                  0 / 0                 0 / 0                 0 / 74                0 / 74          ops/s
[2100.574s][info   ][gc,stats    ]      Memory: Undo Page Allocation                              0 / 0                 0 / 0                 0 / 1                 0 / 1           ops/s
[2100.574s][info   ][gc,stats    ]       Phase: Concurrent Mark                               0.000 / 0.000       198.475 / 214.014     497.512 / 1491.398    497.512 / 1491.398    ms
[2100.574s][info   ][gc,stats    ]       Phase: Concurrent Mark Continue                      0.000 / 0.000         0.000 / 0.000         0.000 / 0.000         0.000 / 0.000       ms
[2100.574s][info   ][gc,stats    ]       Phase: Concurrent Mark Free                          0.000 / 0.000         0.002 / 0.002         0.002 / 0.004         0.002 / 0.004       ms
[2100.574s][info   ][gc,stats    ]       Phase: Concurrent Process Non-Strong References      0.000 / 0.000        42.047 / 68.136      203.317 / 1850.321    203.317 / 1850.321    ms
[2100.574s][info   ][gc,stats    ]       Phase: Concurrent Relocate                           0.000 / 0.000         5.981 / 8.115        14.941 / 33.849       14.941 / 33.849      ms
[2100.574s][info   ][gc,stats    ]       Phase: Concurrent Reset Relocation Set               0.000 / 0.000         0.005 / 0.006         0.016 / 0.040         0.016 / 0.040       ms
[2100.574s][info   ][gc,stats    ]       Phase: Concurrent Select Relocation Set              0.000 / 0.000         5.734 / 6.069         6.728 / 15.302        6.728 / 15.302      ms
[2100.575s][info   ][gc,stats    ]       Phase: Pause Mark End                                0.000 / 0.000         0.044 / 0.052         0.097 / 0.333         0.097 / 0.333       ms
[2100.575s][info   ][gc,stats    ]       Phase: Pause Mark Start                              0.000 / 0.000         0.072 / 0.099         0.040 / 0.099         0.040 / 0.099       ms
[2100.575s][info   ][gc,stats    ]       Phase: Pause Relocate Start                          0.000 / 0.000         0.031 / 0.033         0.031 / 0.079         0.031 / 0.079       ms
[2100.575s][info   ][gc,stats    ]    Subphase: Concurrent Classes Purge                      0.000 / 0.000        14.418 / 28.821        4.135 / 28.821        4.135 / 28.821      ms
[2100.575s][info   ][gc,stats    ]    Subphase: Concurrent Classes Unlink                     0.000 / 0.000        21.405 / 31.967      177.603 / 1768.670    177.603 / 1768.670    ms
[2100.575s][info   ][gc,stats    ]    Subphase: Concurrent Mark                               0.000 / 0.000       185.060 / 207.949     354.470 / 1136.625    354.470 / 1136.625    ms
[2100.575s][info   ][gc,stats    ]    Subphase: Concurrent Mark Try Flush                     0.000 / 0.000         0.180 / 0.428        27.407 / 148.506      27.407 / 148.506     ms
[2100.575s][info   ][gc,stats    ]    Subphase: Concurrent Mark Try Terminate                 0.000 / 0.000         2.917 / 13.707        2.850 / 148.509       2.850 / 148.509     ms
[2100.575s][info   ][gc,stats    ]    Subphase: Concurrent References Enqueue                 0.000 / 0.000         0.009 / 0.009         0.012 / 0.017         0.012 / 0.017       ms
[2100.575s][info   ][gc,stats    ]    Subphase: Concurrent References Process                 0.000 / 0.000         1.427 / 1.710         0.832 / 2.501         0.832 / 2.501       ms
[2100.576s][info   ][gc,stats    ]    Subphase: Concurrent Roots ClassLoaderDataGraph         0.000 / 0.000         1.000 / 2.525         0.656 / 2.525         0.656 / 2.525       ms
[2100.576s][info   ][gc,stats    ]    Subphase: Concurrent Roots CodeCache                    0.000 / 0.000         0.000 / 0.000         0.000 / 0.000         0.000 / 0.000       ms
[2100.576s][info   ][gc,stats    ]    Subphase: Concurrent Roots JavaThreads                  0.000 / 0.000         7.284 / 10.756       62.738 / 475.340      62.738 / 475.340     ms
[2100.576s][info   ][gc,stats    ]    Subphase: Concurrent Roots OopStorageSet                0.000 / 0.000         0.709 / 1.132         0.267 / 1.132         0.267 / 1.132       ms
[2100.576s][info   ][gc,stats    ]    Subphase: Concurrent Weak Roots OopStorageSet           0.000 / 0.000         4.426 / 5.232         4.527 / 9.700         4.527 / 9.700       ms
[2100.576s][info   ][gc,stats    ]    Subphase: Pause Mark Try Complete                       0.000 / 0.000         0.000 / 0.000         0.053 / 0.195         0.053 / 0.195       ms
[2100.577s][info   ][gc,stats    ]      System: Java Threads                                      0 / 0                48 / 48               60 / 137              60 / 137         threads
[2100.577s][info   ][gc,stats    ] =========================================================================================================================================================
[2110.558s][info   ][gc,stats    ] === Garbage Collection Statistics =======================================================================================================================
[2110.558s][info   ][gc,stats    ]                                                              Last 10s              Last 10m              Last 10h                Total
[2110.558s][info   ][gc,stats    ]                                                              Avg / Max             Avg / Max             Avg / Max             Avg / Max
[2110.559s][info   ][gc,stats    ]   Collector: Garbage Collection Cycle                      0.000 / 0.000       255.127 / 298.767     763.632 / 3415.907    763.632 / 3415.907    ms
[2110.559s][info   ][gc,stats    ]  Contention: Mark Segment Reset Contention                     0 / 0                 0 / 0                 0 / 2                 0 / 2           ops/s
[2110.559s][info   ][gc,stats    ]  Contention: Mark SeqNum Reset Contention                      0 / 0                 0 / 1                 0 / 1                 0 / 1           ops/s
[2110.559s][info   ][gc,stats    ]    Critical: Allocation Stall                                  0 / 0                 0 / 0                 0 / 0                 0 / 0           ops/s
[2110.559s][info   ][gc,stats    ]    Critical: Allocation Stall                              0.000 / 0.000         0.000 / 0.000         0.000 / 0.000         0.000 / 0.000       ms
[2110.559s][info   ][gc,stats    ]    Critical: GC Locker Stall                                   0 / 0                 0 / 0                 0 / 0                 0 / 0           ops/s
[2110.559s][info   ][gc,stats    ]    Critical: GC Locker Stall                               0.000 / 0.000         0.000 / 0.000         0.000 / 0.000         0.000 / 0.000       ms
[2110.560s][info   ][gc,stats    ]    Critical: Relocation Stall                                  0 / 0                 0 / 0                 0 / 0                 0 / 0           ops/s
[2110.560s][info   ][gc,stats    ]    Critical: Relocation Stall                              0.000 / 0.000         0.000 / 0.000         0.000 / 0.000         0.000 / 0.000       ms
[2110.560s][info   ][gc,stats    ]      Memory: Allocation Rate                                   0 / 0                 0 / 10                1 / 68                1 / 68          MB/s
[2110.560s][info   ][gc,stats    ]      Memory: Defragment                                        0 / 0                 0 / 0                 0 / 0                 0 / 0           ops/s
[2110.560s][info   ][gc,stats    ]      Memory: Out Of Memory                                     0 / 0                 0 / 0                 0 / 0                 0 / 0           ops/s
[2110.560s][info   ][gc,stats    ]      Memory: Page Cache Flush                                  0 / 0                 0 / 0                 0 / 0                 0 / 0           MB/s
[2110.561s][info   ][gc,stats    ]      Memory: Page Cache Hit L1                                 0 / 0                 0 / 7                 0 / 30                0 / 30          ops/s
[2110.561s][info   ][gc,stats    ]      Memory: Page Cache Hit L2                                 0 / 0                 0 / 0                 0 / 0                 0 / 0           ops/s
[2110.561s][info   ][gc,stats    ]      Memory: Page Cache Hit L3                                 0 / 0                 0 / 0                 0 / 26                0 / 26          ops/s
[2110.561s][info   ][gc,stats    ]      Memory: Page Cache Miss                                   0 / 0                 0 / 0                 0 / 1                 0 / 1           ops/s
[2110.561s][info   ][gc,stats    ]      Memory: Uncommit                                          0 / 0                 0 / 0                 0 / 0                 0 / 0           MB/s
[2110.561s][info   ][gc,stats    ]      Memory: Undo Object Allocation Failed                     0 / 0                 0 / 0                 0 / 1                 0 / 1           ops/s
[2110.562s][info   ][gc,stats    ]      Memory: Undo Object Allocation Succeeded                  0 / 0                 0 / 0                 0 / 74                0 / 74          ops/s
[2110.562s][info   ][gc,stats    ]      Memory: Undo Page Allocation                              0 / 0                 0 / 0                 0 / 1                 0 / 1           ops/s
[2110.562s][info   ][gc,stats    ]       Phase: Concurrent Mark                               0.000 / 0.000       198.475 / 214.014     497.512 / 1491.398    497.512 / 1491.398    ms
[2110.562s][info   ][gc,stats    ]       Phase: Concurrent Mark Continue                      0.000 / 0.000         0.000 / 0.000         0.000 / 0.000         0.000 / 0.000       ms
[2110.562s][info   ][gc,stats    ]       Phase: Concurrent Mark Free                          0.000 / 0.000         0.002 / 0.002         0.002 / 0.004         0.002 / 0.004       ms
[2110.563s][info   ][gc,stats    ]       Phase: Concurrent Process Non-Strong References      0.000 / 0.000        42.047 / 68.136      203.317 / 1850.321    203.317 / 1850.321    ms
[2110.563s][info   ][gc,stats    ]       Phase: Concurrent Relocate                           0.000 / 0.000         5.981 / 8.115        14.941 / 33.849       14.941 / 33.849      ms
[2110.563s][info   ][gc,stats    ]       Phase: Concurrent Reset Relocation Set               0.000 / 0.000         0.005 / 0.006         0.016 / 0.040         0.016 / 0.040       ms
[2110.563s][info   ][gc,stats    ]       Phase: Concurrent Select Relocation Set              0.000 / 0.000         5.734 / 6.069         6.728 / 15.302        6.728 / 15.302      ms
[2110.563s][info   ][gc,stats    ]       Phase: Pause Mark End                                0.000 / 0.000         0.044 / 0.052         0.097 / 0.333         0.097 / 0.333       ms
[2110.563s][info   ][gc,stats    ]       Phase: Pause Mark Start                              0.000 / 0.000         0.072 / 0.099         0.040 / 0.099         0.040 / 0.099       ms
[2110.564s][info   ][gc,stats    ]       Phase: Pause Relocate Start                          0.000 / 0.000         0.031 / 0.033         0.031 / 0.079         0.031 / 0.079       ms
[2110.564s][info   ][gc,stats    ]    Subphase: Concurrent Classes Purge                      0.000 / 0.000        14.418 / 28.821        4.135 / 28.821        4.135 / 28.821      ms
[2110.564s][info   ][gc,stats    ]    Subphase: Concurrent Classes Unlink                     0.000 / 0.000        21.405 / 31.967      177.603 / 1768.670    177.603 / 1768.670    ms
[2110.564s][info   ][gc,stats    ]    Subphase: Concurrent Mark                               0.000 / 0.000       185.060 / 207.949     354.470 / 1136.625    354.470 / 1136.625    ms
[2110.564s][info   ][gc,stats    ]    Subphase: Concurrent Mark Try Flush                     0.000 / 0.000         0.180 / 0.428        27.407 / 148.506      27.407 / 148.506     ms
[2110.565s][info   ][gc,stats    ]    Subphase: Concurrent Mark Try Terminate                 0.000 / 0.000         2.917 / 13.707        2.850 / 148.509       2.850 / 148.509     ms
[2110.565s][info   ][gc,stats    ]    Subphase: Concurrent References Enqueue                 0.000 / 0.000         0.009 / 0.009         0.012 / 0.017         0.012 / 0.017       ms
[2110.565s][info   ][gc,stats    ]    Subphase: Concurrent References Process                 0.000 / 0.000         1.427 / 1.710         0.832 / 2.501         0.832 / 2.501       ms
[2110.565s][info   ][gc,stats    ]    Subphase: Concurrent Roots ClassLoaderDataGraph         0.000 / 0.000         1.000 / 2.525         0.656 / 2.525         0.656 / 2.525       ms
[2110.565s][info   ][gc,stats    ]    Subphase: Concurrent Roots CodeCache                    0.000 / 0.000         0.000 / 0.000         0.000 / 0.000         0.000 / 0.000       ms
[2110.565s][info   ][gc,stats    ]    Subphase: Concurrent Roots JavaThreads                  0.000 / 0.000         7.284 / 10.756       62.738 / 475.340      62.738 / 475.340     ms
[2110.566s][info   ][gc,stats    ]    Subphase: Concurrent Roots OopStorageSet                0.000 / 0.000         0.709 / 1.132         0.267 / 1.132         0.267 / 1.132       ms
[2110.566s][info   ][gc,stats    ]    Subphase: Concurrent Weak Roots OopStorageSet           0.000 / 0.000         4.426 / 5.232         4.527 / 9.700         4.527 / 9.700       ms
[2110.566s][info   ][gc,stats    ]    Subphase: Pause Mark Try Complete                       0.000 / 0.000         0.000 / 0.000         0.053 / 0.195         0.053 / 0.195       ms
[2110.566s][info   ][gc,stats    ]      System: Java Threads                                      0 / 0                48 / 48               60 / 137              60 / 137         threads
[2110.566s][info   ][gc,stats    ] =========================================================================================================================================================
[2120.558s][info   ][gc,stats    ] === Garbage Collection Statistics =======================================================================================================================
[2120.559s][info   ][gc,stats    ]                                                              Last 10s              Last 10m              Last 10h                Total
[2120.559s][info   ][gc,stats    ]                                                              Avg / Max             Avg / Max             Avg / Max             Avg / Max
[2120.559s][info   ][gc,stats    ]   Collector: Garbage Collection Cycle                      0.000 / 0.000       255.127 / 298.767     763.632 / 3415.907    763.632 / 3415.907    ms
[2120.559s][info   ][gc,stats    ]  Contention: Mark Segment Reset Contention                     0 / 0                 0 / 0                 0 / 2                 0 / 2           ops/s
[2120.559s][info   ][gc,stats    ]  Contention: Mark SeqNum Reset Contention                      0 / 0                 0 / 1                 0 / 1                 0 / 1           ops/s
[2120.559s][info   ][gc,stats    ]    Critical: Allocation Stall                                  0 / 0                 0 / 0                 0 / 0                 0 / 0           ops/s
[2120.559s][info   ][gc,stats    ]    Critical: Allocation Stall                              0.000 / 0.000         0.000 / 0.000         0.000 / 0.000         0.000 / 0.000       ms
[2120.559s][info   ][gc,stats    ]    Critical: GC Locker Stall                                   0 / 0                 0 / 0                 0 / 0                 0 / 0           ops/s
[2120.559s][info   ][gc,stats    ]    Critical: GC Locker Stall                               0.000 / 0.000         0.000 / 0.000         0.000 / 0.000         0.000 / 0.000       ms
[2120.559s][info   ][gc,stats    ]    Critical: Relocation Stall                                  0 / 0                 0 / 0                 0 / 0                 0 / 0           ops/s
[2120.559s][info   ][gc,stats    ]    Critical: Relocation Stall                              0.000 / 0.000         0.000 / 0.000         0.000 / 0.000         0.000 / 0.000       ms
[2120.560s][info   ][gc,stats    ]      Memory: Allocation Rate                                   0 / 2                 0 / 10                1 / 68                1 / 68          MB/s
[2120.560s][info   ][gc,stats    ]      Memory: Defragment                                        0 / 0                 0 / 0                 0 / 0                 0 / 0           ops/s
[2120.560s][info   ][gc,stats    ]      Memory: Out Of Memory                                     0 / 0                 0 / 0                 0 / 0                 0 / 0           ops/s
[2120.560s][info   ][gc,stats    ]      Memory: Page Cache Flush                                  0 / 0                 0 / 0                 0 / 0                 0 / 0           MB/s
[2120.560s][info   ][gc,stats    ]      Memory: Page Cache Hit L1                                 0 / 1                 0 / 7                 0 / 30                0 / 30          ops/s
[2120.560s][info   ][gc,stats    ]      Memory: Page Cache Hit L2                                 0 / 0                 0 / 0                 0 / 0                 0 / 0           ops/s
[2120.560s][info   ][gc,stats    ]      Memory: Page Cache Hit L3                                 0 / 0                 0 / 0                 0 / 26                0 / 26          ops/s
[2120.560s][info   ][gc,stats    ]      Memory: Page Cache Miss                                   0 / 0                 0 / 0                 0 / 1                 0 / 1           ops/s
[2120.560s][info   ][gc,stats    ]      Memory: Uncommit                                          0 / 0                 0 / 0                 0 / 0                 0 / 0           MB/s
[2120.560s][info   ][gc,stats    ]      Memory: Undo Object Allocation Failed                     0 / 0                 0 / 0                 0 / 1                 0 / 1           ops/s
[2120.560s][info   ][gc,stats    ]      Memory: Undo Object Allocation Succeeded                  0 / 0                 0 / 0                 0 / 74                0 / 74          ops/s
[2120.560s][info   ][gc,stats    ]      Memory: Undo Page Allocation                              0 / 0                 0 / 0                 0 / 1                 0 / 1           ops/s
[2120.560s][info   ][gc,stats    ]       Phase: Concurrent Mark                               0.000 / 0.000       198.475 / 214.014     497.512 / 1491.398    497.512 / 1491.398    ms
[2120.561s][info   ][gc,stats    ]       Phase: Concurrent Mark Continue                      0.000 / 0.000         0.000 / 0.000         0.000 / 0.000         0.000 / 0.000       ms
[2120.561s][info   ][gc,stats    ]       Phase: Concurrent Mark Free                          0.000 / 0.000         0.002 / 0.002         0.002 / 0.004         0.002 / 0.004       ms
[2120.561s][info   ][gc,stats    ]       Phase: Concurrent Process Non-Strong References      0.000 / 0.000        42.047 / 68.136      203.317 / 1850.321    203.317 / 1850.321    ms
[2120.561s][info   ][gc,stats    ]       Phase: Concurrent Relocate                           0.000 / 0.000         5.981 / 8.115        14.941 / 33.849       14.941 / 33.849      ms
[2120.561s][info   ][gc,stats    ]       Phase: Concurrent Reset Relocation Set               0.000 / 0.000         0.005 / 0.006         0.016 / 0.040         0.016 / 0.040       ms
[2120.561s][info   ][gc,stats    ]       Phase: Concurrent Select Relocation Set              0.000 / 0.000         5.734 / 6.069         6.728 / 15.302        6.728 / 15.302      ms
[2120.561s][info   ][gc,stats    ]       Phase: Pause Mark End                                0.000 / 0.000         0.044 / 0.052         0.097 / 0.333         0.097 / 0.333       ms
[2120.561s][info   ][gc,stats    ]       Phase: Pause Mark Start                              0.000 / 0.000         0.072 / 0.099         0.040 / 0.099         0.040 / 0.099       ms
[2120.561s][info   ][gc,stats    ]       Phase: Pause Relocate Start                          0.000 / 0.000         0.031 / 0.033         0.031 / 0.079         0.031 / 0.079       ms
[2120.561s][info   ][gc,stats    ]    Subphase: Concurrent Classes Purge                      0.000 / 0.000        14.418 / 28.821        4.135 / 28.821        4.135 / 28.821      ms
[2120.561s][info   ][gc,stats    ]    Subphase: Concurrent Classes Unlink                     0.000 / 0.000        21.405 / 31.967      177.603 / 1768.670    177.603 / 1768.670    ms
[2120.561s][info   ][gc,stats    ]    Subphase: Concurrent Mark                               0.000 / 0.000       185.060 / 207.949     354.470 / 1136.625    354.470 / 1136.625    ms
[2120.562s][info   ][gc,stats    ]    Subphase: Concurrent Mark Try Flush                     0.000 / 0.000         0.180 / 0.428        27.407 / 148.506      27.407 / 148.506     ms
[2120.562s][info   ][gc,stats    ]    Subphase: Concurrent Mark Try Terminate                 0.000 / 0.000         2.917 / 13.707        2.850 / 148.509       2.850 / 148.509     ms
[2120.562s][info   ][gc,stats    ]    Subphase: Concurrent References Enqueue                 0.000 / 0.000         0.009 / 0.009         0.012 / 0.017         0.012 / 0.017       ms
[2120.562s][info   ][gc,stats    ]    Subphase: Concurrent References Process                 0.000 / 0.000         1.427 / 1.710         0.832 / 2.501         0.832 / 2.501       ms
[2120.562s][info   ][gc,stats    ]    Subphase: Concurrent Roots ClassLoaderDataGraph         0.000 / 0.000         1.000 / 2.525         0.656 / 2.525         0.656 / 2.525       ms
[2120.562s][info   ][gc,stats    ]    Subphase: Concurrent Roots CodeCache                    0.000 / 0.000         0.000 / 0.000         0.000 / 0.000         0.000 / 0.000       ms
[2120.562s][info   ][gc,stats    ]    Subphase: Concurrent Roots JavaThreads                  0.000 / 0.000         7.284 / 10.756       62.738 / 475.340      62.738 / 475.340     ms
[2120.562s][info   ][gc,stats    ]    Subphase: Concurrent Roots OopStorageSet                0.000 / 0.000         0.709 / 1.132         0.267 / 1.132         0.267 / 1.132       ms
[2120.562s][info   ][gc,stats    ]    Subphase: Concurrent Weak Roots OopStorageSet           0.000 / 0.000         4.426 / 5.232         4.527 / 9.700         4.527 / 9.700       ms
[2120.562s][info   ][gc,stats    ]    Subphase: Pause Mark Try Complete                       0.000 / 0.000         0.000 / 0.000         0.053 / 0.195         0.053 / 0.195       ms
[2120.562s][info   ][gc,stats    ]      System: Java Threads                                      0 / 0                48 / 48               60 / 137              60 / 137         threads
[2120.562s][info   ][gc,stats    ] =========================================================================================================================================================
[2130.557s][info   ][gc,stats    ] === Garbage Collection Statistics =======================================================================================================================
[2130.557s][info   ][gc,stats    ]                                                              Last 10s              Last 10m              Last 10h                Total
[2130.558s][info   ][gc,stats    ]                                                              Avg / Max             Avg / Max             Avg / Max             Avg / Max
[2130.558s][info   ][gc,stats    ]   Collector: Garbage Collection Cycle                      0.000 / 0.000       255.127 / 298.767     763.632 / 3415.907    763.632 / 3415.907    ms
[2130.558s][info   ][gc,stats    ]  Contention: Mark Segment Reset Contention                     0 / 0                 0 / 0                 0 / 2                 0 / 2           ops/s
[2130.558s][info   ][gc,stats    ]  Contention: Mark SeqNum Reset Contention                      0 / 0                 0 / 1                 0 / 1                 0 / 1           ops/s
[2130.558s][info   ][gc,stats    ]    Critical: Allocation Stall                                  0 / 0                 0 / 0                 0 / 0                 0 / 0           ops/s
[2130.558s][info   ][gc,stats    ]    Critical: Allocation Stall                              0.000 / 0.000         0.000 / 0.000         0.000 / 0.000         0.000 / 0.000       ms
[2130.558s][info   ][gc,stats    ]    Critical: GC Locker Stall                                   0 / 0                 0 / 0                 0 / 0                 0 / 0           ops/s
[2130.558s][info   ][gc,stats    ]    Critical: GC Locker Stall                               0.000 / 0.000         0.000 / 0.000         0.000 / 0.000         0.000 / 0.000       ms
[2130.558s][info   ][gc,stats    ]    Critical: Relocation Stall                                  0 / 0                 0 / 0                 0 / 0                 0 / 0           ops/s
[2130.559s][info   ][gc,stats    ]    Critical: Relocation Stall                              0.000 / 0.000         0.000 / 0.000         0.000 / 0.000         0.000 / 0.000       ms
[2130.559s][info   ][gc,stats    ]      Memory: Allocation Rate                                   0 / 2                 0 / 10                1 / 68                1 / 68          MB/s
[2130.559s][info   ][gc,stats    ]      Memory: Defragment                                        0 / 0                 0 / 0                 0 / 0                 0 / 0           ops/s
[2130.559s][info   ][gc,stats    ]      Memory: Out Of Memory                                     0 / 0                 0 / 0                 0 / 0                 0 / 0           ops/s
[2130.559s][info   ][gc,stats    ]      Memory: Page Cache Flush                                  0 / 0                 0 / 0                 0 / 0                 0 / 0           MB/s
[2130.559s][info   ][gc,stats    ]      Memory: Page Cache Hit L1                                 0 / 1                 0 / 7                 0 / 30                0 / 30          ops/s
[2130.559s][info   ][gc,stats    ]      Memory: Page Cache Hit L2                                 0 / 0                 0 / 0                 0 / 0                 0 / 0           ops/s
[2130.559s][info   ][gc,stats    ]      Memory: Page Cache Hit L3                                 0 / 0                 0 / 0                 0 / 26                0 / 26          ops/s
[2130.559s][info   ][gc,stats    ]      Memory: Page Cache Miss                                   0 / 0                 0 / 0                 0 / 1                 0 / 1           ops/s
[2130.559s][info   ][gc,stats    ]      Memory: Uncommit                                          0 / 0                 0 / 0                 0 / 0                 0 / 0           MB/s
[2130.559s][info   ][gc,stats    ]      Memory: Undo Object Allocation Failed                     0 / 0                 0 / 0                 0 / 1                 0 / 1           ops/s
[2130.559s][info   ][gc,stats    ]      Memory: Undo Object Allocation Succeeded                  0 / 0                 0 / 0                 0 / 74                0 / 74          ops/s
[2130.560s][info   ][gc,stats    ]      Memory: Undo Page Allocation                              0 / 0                 0 / 0                 0 / 1                 0 / 1           ops/s
[2130.560s][info   ][gc,stats    ]       Phase: Concurrent Mark                               0.000 / 0.000       198.475 / 214.014     497.512 / 1491.398    497.512 / 1491.398    ms
[2130.560s][info   ][gc,stats    ]       Phase: Concurrent Mark Continue                      0.000 / 0.000         0.000 / 0.000         0.000 / 0.000         0.000 / 0.000       ms
[2130.560s][info   ][gc,stats    ]       Phase: Concurrent Mark Free                          0.000 / 0.000         0.002 / 0.002         0.002 / 0.004         0.002 / 0.004       ms
[2130.560s][info   ][gc,stats    ]       Phase: Concurrent Process Non-Strong References      0.000 / 0.000        42.047 / 68.136      203.317 / 1850.321    203.317 / 1850.321    ms
[2130.560s][info   ][gc,stats    ]       Phase: Concurrent Relocate                           0.000 / 0.000         5.981 / 8.115        14.941 / 33.849       14.941 / 33.849      ms
[2130.560s][info   ][gc,stats    ]       Phase: Concurrent Reset Relocation Set               0.000 / 0.000         0.005 / 0.006         0.016 / 0.040         0.016 / 0.040       ms
[2130.560s][info   ][gc,stats    ]       Phase: Concurrent Select Relocation Set              0.000 / 0.000         5.734 / 6.069         6.728 / 15.302        6.728 / 15.302      ms
[2130.560s][info   ][gc,stats    ]       Phase: Pause Mark End                                0.000 / 0.000         0.044 / 0.052         0.097 / 0.333         0.097 / 0.333       ms
[2130.560s][info   ][gc,stats    ]       Phase: Pause Mark Start                              0.000 / 0.000         0.072 / 0.099         0.040 / 0.099         0.040 / 0.099       ms
[2130.560s][info   ][gc,stats    ]       Phase: Pause Relocate Start                          0.000 / 0.000         0.031 / 0.033         0.031 / 0.079         0.031 / 0.079       ms
[2130.561s][info   ][gc,stats    ]    Subphase: Concurrent Classes Purge                      0.000 / 0.000        14.418 / 28.821        4.135 / 28.821        4.135 / 28.821      ms
[2130.561s][info   ][gc,stats    ]    Subphase: Concurrent Classes Unlink                     0.000 / 0.000        21.405 / 31.967      177.603 / 1768.670    177.603 / 1768.670    ms
[2130.561s][info   ][gc,stats    ]    Subphase: Concurrent Mark                               0.000 / 0.000       185.060 / 207.949     354.470 / 1136.625    354.470 / 1136.625    ms
[2130.561s][info   ][gc,stats    ]    Subphase: Concurrent Mark Try Flush                     0.000 / 0.000         0.180 / 0.428        27.407 / 148.506      27.407 / 148.506     ms
[2130.561s][info   ][gc,stats    ]    Subphase: Concurrent Mark Try Terminate                 0.000 / 0.000         2.917 / 13.707        2.850 / 148.509       2.850 / 148.509     ms
[2130.561s][info   ][gc,stats    ]    Subphase: Concurrent References Enqueue                 0.000 / 0.000         0.009 / 0.009         0.012 / 0.017         0.012 / 0.017       ms
[2130.561s][info   ][gc,stats    ]    Subphase: Concurrent References Process                 0.000 / 0.000         1.427 / 1.710         0.832 / 2.501         0.832 / 2.501       ms
[2130.561s][info   ][gc,stats    ]    Subphase: Concurrent Roots ClassLoaderDataGraph         0.000 / 0.000         1.000 / 2.525         0.656 / 2.525         0.656 / 2.525       ms
[2130.561s][info   ][gc,stats    ]    Subphase: Concurrent Roots CodeCache                    0.000 / 0.000         0.000 / 0.000         0.000 / 0.000         0.000 / 0.000       ms
[2130.562s][info   ][gc,stats    ]    Subphase: Concurrent Roots JavaThreads                  0.000 / 0.000         7.284 / 10.756       62.738 / 475.340      62.738 / 475.340     ms
[2130.562s][info   ][gc,stats    ]    Subphase: Concurrent Roots OopStorageSet                0.000 / 0.000         0.709 / 1.132         0.267 / 1.132         0.267 / 1.132       ms
[2130.562s][info   ][gc,stats    ]    Subphase: Concurrent Weak Roots OopStorageSet           0.000 / 0.000         4.426 / 5.232         4.527 / 9.700         4.527 / 9.700       ms
[2130.562s][info   ][gc,stats    ]    Subphase: Pause Mark Try Complete                       0.000 / 0.000         0.000 / 0.000         0.053 / 0.195         0.053 / 0.195       ms
[2130.562s][info   ][gc,stats    ]      System: Java Threads                                      0 / 0                48 / 48               60 / 137              60 / 137         threads
